LP Base has 14400 rows; 10800 cols; 35590 nonzeros
Coefficient ranges:
  Matrix  [2e-03, 1e+09]
  Cost    [3e-03, 3e+03]
  Bound   [1e+00, 1e+10]
  RHS     [5e+00, 6e+09]
WARNING: Problem has some excessively large column bounds
WARNING: Problem has some excessively large row bounds
WARNING:    Consider scaling the    bounds by 1e-5, or setting the user_bound_scale option to -14
Presolving model
13672 rows, 10432 cols, 34478 nonzeros 0s
Dependent equations search running on 1792 equations with time limit of 3.00s
Dependent equations search removed 0 rows and 0 nonzeros in 0.00s (limit = 3.00s)
12936 rows, 9712 cols, 33006 nonzeros 0s
Presolve reductions: rows 12936(-1464); columns 9712(-1088); nonzeros 33006(-2584) 
Solving the presolved LP
Using dual simplex solver
  Iteration        Objective     Infeasibilities num(sum)
          0     0.0000000000e+00 Ph1: 0(0) 0.1s
      11708    -3.1915461630e+08 Pr: 0(0) 5.0s
      11708    -3.1915461630e+08 Pr: 0(0) 5.0s

Performed postsolve
Solving the original LP from the solution after postsolve

Model name          : Base
Model status        : Optimal
Simplex   iterations: 11708
Objective value     : -3.1915461630e+08
P-D objective error :  3.7351579227e-16
HiGHS run time      :          5.03
