[32m[success] SystemController creado[0m
> Archivo LP guardado en: /home/mathiasr/Escritorio/generator-aware-row-scaling/results-revision/research-audit/identifiability-confirmatory/R2_S6_coupling/lp/coupling_S6_seed20260909_Base.lp
[PREPROC PHASES] metadata_s=8.638e-06 diagnostico_s=8.742e-06 aplicacion_s=1.3054e-05
Archivo LP guardado en: /home/mathiasr/Escritorio/generator-aware-row-scaling/results-revision/research-audit/identifiability-confirmatory/R2_S6_coupling/lp/coupling_S6_seed20260909_SAMat.lp
[PREPROC] modo plano: 43 filas tratadas como un unico bloque sin roles (kernel geomean por fila)
[PREPROC PHASES] metadata_s=9.78e-07 diagnostico_s=4.075e-06 aplicacion_s=6.699e-06
Archivo LP guardado en: /home/mathiasr/Escritorio/generator-aware-row-scaling/results-revision/research-audit/identifiability-confirmatory/R2_S6_coupling/lp/coupling_S6_seed20260909_FlatGM.lp
[PREPROC] modo plano: 43 filas tratadas como un unico bloque sin roles (kernel geomean por fila)
[PREPROC PHASES] metadata_s=4.61e-07 diagnostico_s=4.201e-06 aplicacion_s=6.372e-06
Archivo LP guardado en: /home/mathiasr/Escritorio/generator-aware-row-scaling/results-revision/research-audit/identifiability-confirmatory/R2_S6_coupling/lp/coupling_S6_seed20260909_FlatL2.lp
[PREPROC PHASES] metadata_s=8.427e-06 diagnostico_s=7.244e-06 aplicacion_s=8.049e-06
Archivo LP guardado en: /home/mathiasr/Escritorio/generator-aware-row-scaling/results-revision/research-audit/identifiability-confirmatory/R2_S6_coupling/lp/coupling_S6_seed20260909_RoleHybrid.lp
[PREPROC PHASES] metadata_s=8.437e-06 diagnostico_s=6.738e-06 aplicacion_s=1.4353e-05
Archivo LP guardado en: /home/mathiasr/Escritorio/generator-aware-row-scaling/results-revision/research-audit/identifiability-confirmatory/R2_S6_coupling/lp/coupling_S6_seed20260909_SAMatpermB.lp
Archivo LP guardado en: /home/mathiasr/Escritorio/generator-aware-row-scaling/results-revision/research-audit/identifiability-confirmatory/R2_S6_coupling/lp/coupling_S6_seed20260910_Base.lp
[PREPROC PHASES] metadata_s=8.29e-06 diagnostico_s=7.213e-06 aplicacion_s=7.914e-06
Archivo LP guardado en: /home/mathiasr/Escritorio/generator-aware-row-scaling/results-revision/research-audit/identifiability-confirmatory/R2_S6_coupling/lp/coupling_S6_seed20260910_SAMat.lp
[PREPROC] modo plano: 43 filas tratadas como un unico bloque sin roles (kernel geomean por fila)
[PREPROC PHASES] metadata_s=5.27e-07 diagnostico_s=3.702e-06 aplicacion_s=6.231e-06
Archivo LP guardado en: /home/mathiasr/Escritorio/generator-aware-row-scaling/results-revision/research-audit/identifiability-confirmatory/R2_S6_coupling/lp/coupling_S6_seed20260910_FlatGM.lp
[PREPROC] modo plano: 43 filas tratadas como un unico bloque sin roles (kernel geomean por fila)
[PREPROC PHASES] metadata_s=4.19e-07 diagnostico_s=3.882e-06 aplicacion_s=5.929e-06
Archivo LP guardado en: /home/mathiasr/Escritorio/generator-aware-row-scaling/results-revision/research-audit/identifiability-confirmatory/R2_S6_coupling/lp/coupling_S6_seed20260910_FlatL2.lp
[PREPROC PHASES] metadata_s=8.157e-06 diagnostico_s=6.468e-06 aplicacion_s=7.03e-06
Archivo LP guardado en: /home/mathiasr/Escritorio/generator-aware-row-scaling/results-revision/research-audit/identifiability-confirmatory/R2_S6_coupling/lp/coupling_S6_seed20260910_RoleHybrid.lp
[PREPROC PHASES] metadata_s=8.033e-06 diagnostico_s=6.188e-06 aplicacion_s=1.2577e-05
Archivo LP guardado en: /home/mathiasr/Escritorio/generator-aware-row-scaling/results-revision/research-audit/identifiability-confirmatory/R2_S6_coupling/lp/coupling_S6_seed20260910_SAMatpermB.lp
Archivo LP guardado en: /home/mathiasr/Escritorio/generator-aware-row-scaling/results-revision/research-audit/identifiability-confirmatory/R2_S6_coupling/lp/coupling_S6_seed20260911_Base.lp
[PREPROC PHASES] metadata_s=7.911e-06 diagnostico_s=6.175e-06 aplicacion_s=6.703e-06
Archivo LP guardado en: /home/mathiasr/Escritorio/generator-aware-row-scaling/results-revision/research-audit/identifiability-confirmatory/R2_S6_coupling/lp/coupling_S6_seed20260911_SAMat.lp
[PREPROC] modo plano: 43 filas tratadas como un unico bloque sin roles (kernel geomean por fila)
[PREPROC PHASES] metadata_s=4.16e-07 diagnostico_s=3.811e-06 aplicacion_s=5.357e-06
Archivo LP guardado en: /home/mathiasr/Escritorio/generator-aware-row-scaling/results-revision/research-audit/identifiability-confirmatory/R2_S6_coupling/lp/coupling_S6_seed20260911_FlatGM.lp
[PREPROC] modo plano: 43 filas tratadas como un unico bloque sin roles (kernel geomean por fila)
[PREPROC PHASES] metadata_s=3.44e-07 diagnostico_s=3.638e-06 aplicacion_s=5.646e-06
Archivo LP guardado en: /home/mathiasr/Escritorio/generator-aware-row-scaling/results-revision/research-audit/identifiability-confirmatory/R2_S6_coupling/lp/coupling_S6_seed20260911_FlatL2.lp
[PREPROC PHASES] metadata_s=7.994e-06 diagnostico_s=6.795e-06 aplicacion_s=6.5e-06
Archivo LP guardado en: /home/mathiasr/Escritorio/generator-aware-row-scaling/results-revision/research-audit/identifiability-confirmatory/R2_S6_coupling/lp/coupling_S6_seed20260911_RoleHybrid.lp
[PREPROC PHASES] metadata_s=7.819e-06 diagnostico_s=6.344e-06 aplicacion_s=1.2088e-05
Archivo LP guardado en: /home/mathiasr/Escritorio/generator-aware-row-scaling/results-revision/research-audit/identifiability-confirmatory/R2_S6_coupling/lp/coupling_S6_seed20260911_SAMatpermB.lp
Archivo LP guardado en: /home/mathiasr/Escritorio/generator-aware-row-scaling/results-revision/research-audit/identifiability-confirmatory/R2_S6_coupling/lp/coupling_S6_seed20260912_Base.lp
[PREPROC PHASES] metadata_s=7.597e-06 diagnostico_s=6.573e-06 aplicacion_s=6.947e-06
Archivo LP guardado en: /home/mathiasr/Escritorio/generator-aware-row-scaling/results-revision/research-audit/identifiability-confirmatory/R2_S6_coupling/lp/coupling_S6_seed20260912_SAMat.lp
[PREPROC] modo plano: 43 filas tratadas como un unico bloque sin roles (kernel geomean por fila)
[PREPROC PHASES] metadata_s=7.06e-07 diagnostico_s=3.775e-06 aplicacion_s=5.686e-06
Archivo LP guardado en: /home/mathiasr/Escritorio/generator-aware-row-scaling/results-revision/research-audit/identifiability-confirmatory/R2_S6_coupling/lp/coupling_S6_seed20260912_FlatGM.lp
[PREPROC] modo plano: 43 filas tratadas como un unico bloque sin roles (kernel geomean por fila)
[PREPROC PHASES] metadata_s=3.37e-07 diagnostico_s=3.333e-06 aplicacion_s=5.713e-06
Archivo LP guardado en: /home/mathiasr/Escritorio/generator-aware-row-scaling/results-revision/research-audit/identifiability-confirmatory/R2_S6_coupling/lp/coupling_S6_seed20260912_FlatL2.lp
[PREPROC PHASES] metadata_s=7.686e-06 diagnostico_s=5.993e-06 aplicacion_s=6.322e-06
Archivo LP guardado en: /home/mathiasr/Escritorio/generator-aware-row-scaling/results-revision/research-audit/identifiability-confirmatory/R2_S6_coupling/lp/coupling_S6_seed20260912_RoleHybrid.lp
[PREPROC PHASES] metadata_s=7.709e-06 diagnostico_s=5.777e-06 aplicacion_s=1.1585e-05
Archivo LP guardado en: /home/mathiasr/Escritorio/generator-aware-row-scaling/results-revision/research-audit/identifiability-confirmatory/R2_S6_coupling/lp/coupling_S6_seed20260912_SAMatpermB.lp
Archivo LP guardado en: /home/mathiasr/Escritorio/generator-aware-row-scaling/results-revision/research-audit/identifiability-confirmatory/R2_S6_coupling/lp/coupling_S6_seed20260913_Base.lp
[PREPROC PHASES] metadata_s=8.083e-06 diagnostico_s=5.62e-06 aplicacion_s=6.346e-06
Archivo LP guardado en: /home/mathiasr/Escritorio/generator-aware-row-scaling/results-revision/research-audit/identifiability-confirmatory/R2_S6_coupling/lp/coupling_S6_seed20260913_SAMat.lp
[PREPROC] modo plano: 43 filas tratadas como un unico bloque sin roles (kernel geomean por fila)
[PREPROC PHASES] metadata_s=3.59e-07 diagnostico_s=3.167e-06 aplicacion_s=5.181e-06
Archivo LP guardado en: /home/mathiasr/Escritorio/generator-aware-row-scaling/results-revision/research-audit/identifiability-confirmatory/R2_S6_coupling/lp/coupling_S6_seed20260913_FlatGM.lp
[PREPROC] modo plano: 43 filas tratadas como un unico bloque sin roles (kernel geomean por fila)
[PREPROC PHASES] metadata_s=3.69e-07 diagnostico_s=3.444e-06 aplicacion_s=5.197e-06
Archivo LP guardado en: /home/mathiasr/Escritorio/generator-aware-row-scaling/results-revision/research-audit/identifiability-confirmatory/R2_S6_coupling/lp/coupling_S6_seed20260913_FlatL2.lp
[PREPROC PHASES] metadata_s=7.544e-06 diagnostico_s=5.479e-06 aplicacion_s=5.858e-06
Archivo LP guardado en: /home/mathiasr/Escritorio/generator-aware-row-scaling/results-revision/research-audit/identifiability-confirmatory/R2_S6_coupling/lp/coupling_S6_seed20260913_RoleHybrid.lp
[PREPROC PHASES] metadata_s=7.299e-06 diagnostico_s=5.429e-06 aplicacion_s=1.1281e-05
Archivo LP guardado en: /home/mathiasr/Escritorio/generator-aware-row-scaling/results-revision/research-audit/identifiability-confirmatory/R2_S6_coupling/lp/coupling_S6_seed20260913_SAMatpermB.lp
Archivo LP guardado en: /home/mathiasr/Escritorio/generator-aware-row-scaling/results-revision/research-audit/identifiability-confirmatory/R2_S6_coupling/lp/coupling_S6_seed20260914_Base.lp
[PREPROC PHASES] metadata_s=7.652e-06 diagnostico_s=6.236e-06 aplicacion_s=6.815e-06
Archivo LP guardado en: /home/mathiasr/Escritorio/generator-aware-row-scaling/results-revision/research-audit/identifiability-confirmatory/R2_S6_coupling/lp/coupling_S6_seed20260914_SAMat.lp
[PREPROC] modo plano: 43 filas tratadas como un unico bloque sin roles (kernel geomean por fila)
[PREPROC PHASES] metadata_s=4.3e-07 diagnostico_s=3.718e-06 aplicacion_s=5.474e-06
Archivo LP guardado en: /home/mathiasr/Escritorio/generator-aware-row-scaling/results-revision/research-audit/identifiability-confirmatory/R2_S6_coupling/lp/coupling_S6_seed20260914_FlatGM.lp
[PREPROC] modo plano: 43 filas tratadas como un unico bloque sin roles (kernel geomean por fila)
[PREPROC PHASES] metadata_s=4.25e-07 diagnostico_s=3.366e-06 aplicacion_s=5.598e-06
Archivo LP guardado en: /home/mathiasr/Escritorio/generator-aware-row-scaling/results-revision/research-audit/identifiability-confirmatory/R2_S6_coupling/lp/coupling_S6_seed20260914_FlatL2.lp
[PREPROC PHASES] metadata_s=7.437e-06 diagnostico_s=6.669e-06 aplicacion_s=8.448e-06
Archivo LP guardado en: /home/mathiasr/Escritorio/generator-aware-row-scaling/results-revision/research-audit/identifiability-confirmatory/R2_S6_coupling/lp/coupling_S6_seed20260914_RoleHybrid.lp
[PREPROC PHASES] metadata_s=7.506e-06 diagnostico_s=6.239e-06 aplicacion_s=1.2576e-05
Archivo LP guardado en: /home/mathiasr/Escritorio/generator-aware-row-scaling/results-revision/research-audit/identifiability-confirmatory/R2_S6_coupling/lp/coupling_S6_seed20260914_SAMatpermB.lp
Archivo LP guardado en: /home/mathiasr/Escritorio/generator-aware-row-scaling/results-revision/research-audit/identifiability-confirmatory/R2_S6_coupling/lp/coupling_S6_seed20260915_Base.lp
[PREPROC PHASES] metadata_s=7.416e-06 diagnostico_s=5.887e-06 aplicacion_s=6.715e-06
Archivo LP guardado en: /home/mathiasr/Escritorio/generator-aware-row-scaling/results-revision/research-audit/identifiability-confirmatory/R2_S6_coupling/lp/coupling_S6_seed20260915_SAMat.lp
[PREPROC] modo plano: 43 filas tratadas como un unico bloque sin roles (kernel geomean por fila)
[PREPROC PHASES] metadata_s=8.27e-07 diagnostico_s=4.122e-06 aplicacion_s=5.48e-06
Archivo LP guardado en: /home/mathiasr/Escritorio/generator-aware-row-scaling/results-revision/research-audit/identifiability-confirmatory/R2_S6_coupling/lp/coupling_S6_seed20260915_FlatGM.lp
[PREPROC] modo plano: 43 filas tratadas como un unico bloque sin roles (kernel geomean por fila)
[PREPROC PHASES] metadata_s=3.66e-07 diagnostico_s=3.423e-06 aplicacion_s=5.442e-06
Archivo LP guardado en: /home/mathiasr/Escritorio/generator-aware-row-scaling/results-revision/research-audit/identifiability-confirmatory/R2_S6_coupling/lp/coupling_S6_seed20260915_FlatL2.lp
[PREPROC PHASES] metadata_s=7.145e-06 diagnostico_s=6.113e-06 aplicacion_s=6.215e-06
Archivo LP guardado en: /home/mathiasr/Escritorio/generator-aware-row-scaling/results-revision/research-audit/identifiability-confirmatory/R2_S6_coupling/lp/coupling_S6_seed20260915_RoleHybrid.lp
[PREPROC PHASES] metadata_s=7.453e-06 diagnostico_s=5.711e-06 aplicacion_s=1.1122e-05
Archivo LP guardado en: /home/mathiasr/Escritorio/generator-aware-row-scaling/results-revision/research-audit/identifiability-confirmatory/R2_S6_coupling/lp/coupling_S6_seed20260915_SAMatpermB.lp
Archivo LP guardado en: /home/mathiasr/Escritorio/generator-aware-row-scaling/results-revision/research-audit/identifiability-confirmatory/R2_S6_coupling/lp/coupling_S6_seed20260916_Base.lp
[PREPROC PHASES] metadata_s=7.085e-06 diagnostico_s=5.858e-06 aplicacion_s=6.811e-06
Archivo LP guardado en: /home/mathiasr/Escritorio/generator-aware-row-scaling/results-revision/research-audit/identifiability-confirmatory/R2_S6_coupling/lp/coupling_S6_seed20260916_SAMat.lp
[PREPROC] modo plano: 43 filas tratadas como un unico bloque sin roles (kernel geomean por fila)
[PREPROC PHASES] metadata_s=3.84e-07 diagnostico_s=3.056e-06 aplicacion_s=5.353e-06
Archivo LP guardado en: /home/mathiasr/Escritorio/generator-aware-row-scaling/results-revision/research-audit/identifiability-confirmatory/R2_S6_coupling/lp/coupling_S6_seed20260916_FlatGM.lp
[PREPROC] modo plano: 43 filas tratadas como un unico bloque sin roles (kernel geomean por fila)
[PREPROC PHASES] metadata_s=4.02e-07 diagnostico_s=3.377e-06 aplicacion_s=5.453e-06
Archivo LP guardado en: /home/mathiasr/Escritorio/generator-aware-row-scaling/results-revision/research-audit/identifiability-confirmatory/R2_S6_coupling/lp/coupling_S6_seed20260916_FlatL2.lp
[PREPROC PHASES] metadata_s=7.098e-06 diagnostico_s=6.073e-06 aplicacion_s=6.163e-06
Archivo LP guardado en: /home/mathiasr/Escritorio/generator-aware-row-scaling/results-revision/research-audit/identifiability-confirmatory/R2_S6_coupling/lp/coupling_S6_seed20260916_RoleHybrid.lp
[PREPROC PHASES] metadata_s=7.037e-06 diagnostico_s=5.58e-06 aplicacion_s=1.1729e-05
Archivo LP guardado en: /home/mathiasr/Escritorio/generator-aware-row-scaling/results-revision/research-audit/identifiability-confirmatory/R2_S6_coupling/lp/coupling_S6_seed20260916_SAMatpermB.lp
Archivo LP guardado en: /home/mathiasr/Escritorio/generator-aware-row-scaling/results-revision/research-audit/identifiability-confirmatory/R2_S6_coupling/lp/coupling_S6_seed20260917_Base.lp
[PREPROC PHASES] metadata_s=7.55e-06 diagnostico_s=6.191e-06 aplicacion_s=6.356e-06
Archivo LP guardado en: /home/mathiasr/Escritorio/generator-aware-row-scaling/results-revision/research-audit/identifiability-confirmatory/R2_S6_coupling/lp/coupling_S6_seed20260917_SAMat.lp
[PREPROC] modo plano: 43 filas tratadas como un unico bloque sin roles (kernel geomean por fila)
[PREPROC PHASES] metadata_s=3.7e-07 diagnostico_s=2.991e-06 aplicacion_s=4.938e-06
Archivo LP guardado en: /home/mathiasr/Escritorio/generator-aware-row-scaling/results-revision/research-audit/identifiability-confirmatory/R2_S6_coupling/lp/coupling_S6_seed20260917_FlatGM.lp
[PREPROC] modo plano: 43 filas tratadas como un unico bloque sin roles (kernel geomean por fila)
[PREPROC PHASES] metadata_s=3.61e-07 diagnostico_s=3.432e-06 aplicacion_s=5.148e-06
Archivo LP guardado en: /home/mathiasr/Escritorio/generator-aware-row-scaling/results-revision/research-audit/identifiability-confirmatory/R2_S6_coupling/lp/coupling_S6_seed20260917_FlatL2.lp
[PREPROC PHASES] metadata_s=7.222e-06 diagnostico_s=5.782e-06 aplicacion_s=5.799e-06
Archivo LP guardado en: /home/mathiasr/Escritorio/generator-aware-row-scaling/results-revision/research-audit/identifiability-confirmatory/R2_S6_coupling/lp/coupling_S6_seed20260917_RoleHybrid.lp
[PREPROC PHASES] metadata_s=7.402e-06 diagnostico_s=5.829e-06 aplicacion_s=1.1011e-05
Archivo LP guardado en: /home/mathiasr/Escritorio/generator-aware-row-scaling/results-revision/research-audit/identifiability-confirmatory/R2_S6_coupling/lp/coupling_S6_seed20260917_SAMatpermB.lp
Archivo LP guardado en: /home/mathiasr/Escritorio/generator-aware-row-scaling/results-revision/research-audit/identifiability-confirmatory/R2_S6_coupling/lp/coupling_S6_seed20260918_Base.lp
[PREPROC PHASES] metadata_s=7.132e-06 diagnostico_s=5.98e-06 aplicacion_s=6.593e-06
Archivo LP guardado en: /home/mathiasr/Escritorio/generator-aware-row-scaling/results-revision/research-audit/identifiability-confirmatory/R2_S6_coupling/lp/coupling_S6_seed20260918_SAMat.lp
[PREPROC] modo plano: 43 filas tratadas como un unico bloque sin roles (kernel geomean por fila)
[PREPROC PHASES] metadata_s=4.8e-07 diagnostico_s=3.077e-06 aplicacion_s=5.529e-06
Archivo LP guardado en: /home/mathiasr/Escritorio/generator-aware-row-scaling/results-revision/research-audit/identifiability-confirmatory/R2_S6_coupling/lp/coupling_S6_seed20260918_FlatGM.lp
[PREPROC] modo plano: 43 filas tratadas como un unico bloque sin roles (kernel geomean por fila)
[PREPROC PHASES] metadata_s=3.55e-07 diagnostico_s=3.397e-06 aplicacion_s=5.229e-06
Archivo LP guardado en: /home/mathiasr/Escritorio/generator-aware-row-scaling/results-revision/research-audit/identifiability-confirmatory/R2_S6_coupling/lp/coupling_S6_seed20260918_FlatL2.lp
[PREPROC PHASES] metadata_s=7.168e-06 diagnostico_s=5.567e-06 aplicacion_s=6.023e-06
Archivo LP guardado en: /home/mathiasr/Escritorio/generator-aware-row-scaling/results-revision/research-audit/identifiability-confirmatory/R2_S6_coupling/lp/coupling_S6_seed20260918_RoleHybrid.lp
[PREPROC PHASES] metadata_s=7.233e-06 diagnostico_s=5.543e-06 aplicacion_s=1.1191e-05
Archivo LP guardado en: /home/mathiasr/Escritorio/generator-aware-row-scaling/results-revision/research-audit/identifiability-confirmatory/R2_S6_coupling/lp/coupling_S6_seed20260918_SAMatpermB.lp
[32m[success] Benchmark sintético: 60 corridas (instancia × variante). CSV: /home/mathiasr/Escritorio/generator-aware-row-scaling/results-revision/research-audit/identifiability-confirmatory/R2_S6_coupling/metrics.csv[0m
> [32m[success] Saliendo del programa...[0m
[32m[success] SystemController destruido[0m
