LP Base has 14400 rows; 10800 cols; 35590 nonzeros
Coefficient ranges:
  Matrix  [3e-03, 1e+09]
  Cost    [5e-03, 3e+03]
  Bound   [1e+00, 1e+10]
  RHS     [5e+00, 7e+09]
WARNING: Problem has some excessively large column bounds
WARNING: Problem has some excessively large row bounds
WARNING:    Consider scaling the    bounds by 1e-5, or setting the user_bound_scale option to -14
Presolving model
13672 rows, 10432 cols, 34478 nonzeros 0s
Dependent equations search running on 1792 equations with time limit of 3.00s
Dependent equations search removed 0 rows and 0 nonzeros in 0.00s (limit = 3.00s)
12949 rows, 9712 cols, 33032 nonzeros 0s
Presolve reductions: rows 12949(-1451); columns 9712(-1088); nonzeros 33032(-2558) 
Solving the presolved LP
Using dual simplex solver
  Iteration        Objective     Infeasibilities num(sum)
          0     0.0000000000e+00 Ph1: 0(0) 0.1s
      10957    -3.8391903293e+08 Pr: 764(4.46319e+07) 5.2s
      11611    -3.8391437245e+08 Pr: 0(0) 6.0s
      11611    -3.8391437245e+08 Pr: 0(0) 6.0s

Performed postsolve
Solving the original LP from the solution after postsolve

Model name          : Base
Model status        : Optimal
Simplex   iterations: 11611
Objective value     : -3.8391437245e+08
P-D objective error :  7.7627524489e-17
HiGHS run time      :          6.04
