[32m[success] SystemController creado[0m
> Archivo LP guardado en: /home/mathiasr/Escritorio/generator-aware-row-scaling/results-revision/research-audit/identifiability-confirmatory/R3_S3_mixed/lp/mixed_S3_seed20260909_Base.lp
[PREPROC PHASES] metadata_s=1.2433e-05 diagnostico_s=1.3291e-05 aplicacion_s=1.7461e-05
Archivo LP guardado en: /home/mathiasr/Escritorio/generator-aware-row-scaling/results-revision/research-audit/identifiability-confirmatory/R3_S3_mixed/lp/mixed_S3_seed20260909_SAMat.lp
[PREPROC] modo plano: 43 filas tratadas como un unico bloque sin roles (kernel geomean por fila)
[PREPROC PHASES] metadata_s=1.016e-06 diagnostico_s=7.331e-06 aplicacion_s=9.402e-06
Archivo LP guardado en: /home/mathiasr/Escritorio/generator-aware-row-scaling/results-revision/research-audit/identifiability-confirmatory/R3_S3_mixed/lp/mixed_S3_seed20260909_FlatGM.lp
[PREPROC] modo plano: 43 filas tratadas como un unico bloque sin roles (kernel geomean por fila)
[PREPROC PHASES] metadata_s=7.96e-07 diagnostico_s=6.759e-06 aplicacion_s=9.659e-06
Archivo LP guardado en: /home/mathiasr/Escritorio/generator-aware-row-scaling/results-revision/research-audit/identifiability-confirmatory/R3_S3_mixed/lp/mixed_S3_seed20260909_FlatL2.lp
[PREPROC PHASES] metadata_s=1.2057e-05 diagnostico_s=1.1831e-05 aplicacion_s=1.1216e-05
Archivo LP guardado en: /home/mathiasr/Escritorio/generator-aware-row-scaling/results-revision/research-audit/identifiability-confirmatory/R3_S3_mixed/lp/mixed_S3_seed20260909_RoleHybrid.lp
[PREPROC PHASES] metadata_s=1.1927e-05 diagnostico_s=1.1711e-05 aplicacion_s=1.9257e-05
Archivo LP guardado en: /home/mathiasr/Escritorio/generator-aware-row-scaling/results-revision/research-audit/identifiability-confirmatory/R3_S3_mixed/lp/mixed_S3_seed20260909_SAMatpermB.lp
Archivo LP guardado en: /home/mathiasr/Escritorio/generator-aware-row-scaling/results-revision/research-audit/identifiability-confirmatory/R3_S3_mixed/lp/mixed_S3_seed20260910_Base.lp
[PREPROC PHASES] metadata_s=1.1886e-05 diagnostico_s=1.1708e-05 aplicacion_s=1.2161e-05
Archivo LP guardado en: /home/mathiasr/Escritorio/generator-aware-row-scaling/results-revision/research-audit/identifiability-confirmatory/R3_S3_mixed/lp/mixed_S3_seed20260910_SAMat.lp
[PREPROC] modo plano: 43 filas tratadas como un unico bloque sin roles (kernel geomean por fila)
[PREPROC PHASES] metadata_s=7.18e-07 diagnostico_s=6.865e-06 aplicacion_s=9.384e-06
Archivo LP guardado en: /home/mathiasr/Escritorio/generator-aware-row-scaling/results-revision/research-audit/identifiability-confirmatory/R3_S3_mixed/lp/mixed_S3_seed20260910_FlatGM.lp
[PREPROC] modo plano: 43 filas tratadas como un unico bloque sin roles (kernel geomean por fila)
[PREPROC PHASES] metadata_s=7.59e-07 diagnostico_s=6.672e-06 aplicacion_s=9.153e-06
Archivo LP guardado en: /home/mathiasr/Escritorio/generator-aware-row-scaling/results-revision/research-audit/identifiability-confirmatory/R3_S3_mixed/lp/mixed_S3_seed20260910_FlatL2.lp
[PREPROC PHASES] metadata_s=1.1847e-05 diagnostico_s=1.1371e-05 aplicacion_s=1.1157e-05
Archivo LP guardado en: /home/mathiasr/Escritorio/generator-aware-row-scaling/results-revision/research-audit/identifiability-confirmatory/R3_S3_mixed/lp/mixed_S3_seed20260910_RoleHybrid.lp
[PREPROC PHASES] metadata_s=1.1697e-05 diagnostico_s=1.1602e-05 aplicacion_s=1.8703e-05
Archivo LP guardado en: /home/mathiasr/Escritorio/generator-aware-row-scaling/results-revision/research-audit/identifiability-confirmatory/R3_S3_mixed/lp/mixed_S3_seed20260910_SAMatpermB.lp
Archivo LP guardado en: /home/mathiasr/Escritorio/generator-aware-row-scaling/results-revision/research-audit/identifiability-confirmatory/R3_S3_mixed/lp/mixed_S3_seed20260911_Base.lp
[PREPROC PHASES] metadata_s=1.1572e-05 diagnostico_s=1.1293e-05 aplicacion_s=1.1709e-05
Archivo LP guardado en: /home/mathiasr/Escritorio/generator-aware-row-scaling/results-revision/research-audit/identifiability-confirmatory/R3_S3_mixed/lp/mixed_S3_seed20260911_SAMat.lp
[PREPROC] modo plano: 43 filas tratadas como un unico bloque sin roles (kernel geomean por fila)
[PREPROC PHASES] metadata_s=7.27e-07 diagnostico_s=6.737e-06 aplicacion_s=9.447e-06
Archivo LP guardado en: /home/mathiasr/Escritorio/generator-aware-row-scaling/results-revision/research-audit/identifiability-confirmatory/R3_S3_mixed/lp/mixed_S3_seed20260911_FlatGM.lp
[PREPROC] modo plano: 43 filas tratadas como un unico bloque sin roles (kernel geomean por fila)
[PREPROC PHASES] metadata_s=7.04e-07 diagnostico_s=6.648e-06 aplicacion_s=8.996e-06
Archivo LP guardado en: /home/mathiasr/Escritorio/generator-aware-row-scaling/results-revision/research-audit/identifiability-confirmatory/R3_S3_mixed/lp/mixed_S3_seed20260911_FlatL2.lp
[PREPROC PHASES] metadata_s=1.1774e-05 diagnostico_s=1.1598e-05 aplicacion_s=1.0651e-05
Archivo LP guardado en: /home/mathiasr/Escritorio/generator-aware-row-scaling/results-revision/research-audit/identifiability-confirmatory/R3_S3_mixed/lp/mixed_S3_seed20260911_RoleHybrid.lp
[PREPROC PHASES] metadata_s=1.1706e-05 diagnostico_s=1.1239e-05 aplicacion_s=1.8122e-05
Archivo LP guardado en: /home/mathiasr/Escritorio/generator-aware-row-scaling/results-revision/research-audit/identifiability-confirmatory/R3_S3_mixed/lp/mixed_S3_seed20260911_SAMatpermB.lp
Archivo LP guardado en: /home/mathiasr/Escritorio/generator-aware-row-scaling/results-revision/research-audit/identifiability-confirmatory/R3_S3_mixed/lp/mixed_S3_seed20260912_Base.lp
[PREPROC PHASES] metadata_s=1.2168e-05 diagnostico_s=1.1203e-05 aplicacion_s=1.1157e-05
Archivo LP guardado en: /home/mathiasr/Escritorio/generator-aware-row-scaling/results-revision/research-audit/identifiability-confirmatory/R3_S3_mixed/lp/mixed_S3_seed20260912_SAMat.lp
[PREPROC] modo plano: 43 filas tratadas como un unico bloque sin roles (kernel geomean por fila)
[PREPROC PHASES] metadata_s=7.13e-07 diagnostico_s=6.737e-06 aplicacion_s=9.735e-06
Archivo LP guardado en: /home/mathiasr/Escritorio/generator-aware-row-scaling/results-revision/research-audit/identifiability-confirmatory/R3_S3_mixed/lp/mixed_S3_seed20260912_FlatGM.lp
[PREPROC] modo plano: 43 filas tratadas como un unico bloque sin roles (kernel geomean por fila)
[PREPROC PHASES] metadata_s=7.39e-07 diagnostico_s=6.669e-06 aplicacion_s=9.293e-06
Archivo LP guardado en: /home/mathiasr/Escritorio/generator-aware-row-scaling/results-revision/research-audit/identifiability-confirmatory/R3_S3_mixed/lp/mixed_S3_seed20260912_FlatL2.lp
[PREPROC PHASES] metadata_s=1.1659e-05 diagnostico_s=1.1328e-05 aplicacion_s=1.0643e-05
Archivo LP guardado en: /home/mathiasr/Escritorio/generator-aware-row-scaling/results-revision/research-audit/identifiability-confirmatory/R3_S3_mixed/lp/mixed_S3_seed20260912_RoleHybrid.lp
[PREPROC PHASES] metadata_s=1.1586e-05 diagnostico_s=1.0852e-05 aplicacion_s=1.8264e-05
Archivo LP guardado en: /home/mathiasr/Escritorio/generator-aware-row-scaling/results-revision/research-audit/identifiability-confirmatory/R3_S3_mixed/lp/mixed_S3_seed20260912_SAMatpermB.lp
Archivo LP guardado en: /home/mathiasr/Escritorio/generator-aware-row-scaling/results-revision/research-audit/identifiability-confirmatory/R3_S3_mixed/lp/mixed_S3_seed20260913_Base.lp
[PREPROC PHASES] metadata_s=1.1473e-05 diagnostico_s=1.1299e-05 aplicacion_s=1.0873e-05
Archivo LP guardado en: /home/mathiasr/Escritorio/generator-aware-row-scaling/results-revision/research-audit/identifiability-confirmatory/R3_S3_mixed/lp/mixed_S3_seed20260913_SAMat.lp
[PREPROC] modo plano: 43 filas tratadas como un unico bloque sin roles (kernel geomean por fila)
[PREPROC PHASES] metadata_s=6.85e-07 diagnostico_s=6.442e-06 aplicacion_s=8.871e-06
Archivo LP guardado en: /home/mathiasr/Escritorio/generator-aware-row-scaling/results-revision/research-audit/identifiability-confirmatory/R3_S3_mixed/lp/mixed_S3_seed20260913_FlatGM.lp
[PREPROC] modo plano: 43 filas tratadas como un unico bloque sin roles (kernel geomean por fila)
[PREPROC PHASES] metadata_s=6.71e-07 diagnostico_s=6.344e-06 aplicacion_s=8.045e-06
Archivo LP guardado en: /home/mathiasr/Escritorio/generator-aware-row-scaling/results-revision/research-audit/identifiability-confirmatory/R3_S3_mixed/lp/mixed_S3_seed20260913_FlatL2.lp
[PREPROC PHASES] metadata_s=1.1149e-05 diagnostico_s=1.0938e-05 aplicacion_s=9.927e-06
Archivo LP guardado en: /home/mathiasr/Escritorio/generator-aware-row-scaling/results-revision/research-audit/identifiability-confirmatory/R3_S3_mixed/lp/mixed_S3_seed20260913_RoleHybrid.lp
[PREPROC PHASES] metadata_s=1.1197e-05 diagnostico_s=1.6556e-05 aplicacion_s=1.7794e-05
Archivo LP guardado en: /home/mathiasr/Escritorio/generator-aware-row-scaling/results-revision/research-audit/identifiability-confirmatory/R3_S3_mixed/lp/mixed_S3_seed20260913_SAMatpermB.lp
Archivo LP guardado en: /home/mathiasr/Escritorio/generator-aware-row-scaling/results-revision/research-audit/identifiability-confirmatory/R3_S3_mixed/lp/mixed_S3_seed20260914_Base.lp
[PREPROC PHASES] metadata_s=1.1143e-05 diagnostico_s=1.0816e-05 aplicacion_s=1.0363e-05
Archivo LP guardado en: /home/mathiasr/Escritorio/generator-aware-row-scaling/results-revision/research-audit/identifiability-confirmatory/R3_S3_mixed/lp/mixed_S3_seed20260914_SAMat.lp
[PREPROC] modo plano: 43 filas tratadas como un unico bloque sin roles (kernel geomean por fila)
[PREPROC PHASES] metadata_s=6.62e-07 diagnostico_s=6.315e-06 aplicacion_s=8.211e-06
Archivo LP guardado en: /home/mathiasr/Escritorio/generator-aware-row-scaling/results-revision/research-audit/identifiability-confirmatory/R3_S3_mixed/lp/mixed_S3_seed20260914_FlatGM.lp
[PREPROC] modo plano: 43 filas tratadas como un unico bloque sin roles (kernel geomean por fila)
[PREPROC PHASES] metadata_s=9.58e-07 diagnostico_s=4.011e-06 aplicacion_s=6.564e-06
Archivo LP guardado en: /home/mathiasr/Escritorio/generator-aware-row-scaling/results-revision/research-audit/identifiability-confirmatory/R3_S3_mixed/lp/mixed_S3_seed20260914_FlatL2.lp
[PREPROC PHASES] metadata_s=7.367e-06 diagnostico_s=6.804e-06 aplicacion_s=1.0287e-05
Archivo LP guardado en: /home/mathiasr/Escritorio/generator-aware-row-scaling/results-revision/research-audit/identifiability-confirmatory/R3_S3_mixed/lp/mixed_S3_seed20260914_RoleHybrid.lp
[PREPROC PHASES] metadata_s=7.236e-06 diagnostico_s=6.327e-06 aplicacion_s=1.2288e-05
Archivo LP guardado en: /home/mathiasr/Escritorio/generator-aware-row-scaling/results-revision/research-audit/identifiability-confirmatory/R3_S3_mixed/lp/mixed_S3_seed20260914_SAMatpermB.lp
Archivo LP guardado en: /home/mathiasr/Escritorio/generator-aware-row-scaling/results-revision/research-audit/identifiability-confirmatory/R3_S3_mixed/lp/mixed_S3_seed20260915_Base.lp
[PREPROC PHASES] metadata_s=7.217e-06 diagnostico_s=6.49e-06 aplicacion_s=7.215e-06
Archivo LP guardado en: /home/mathiasr/Escritorio/generator-aware-row-scaling/results-revision/research-audit/identifiability-confirmatory/R3_S3_mixed/lp/mixed_S3_seed20260915_SAMat.lp
[PREPROC] modo plano: 43 filas tratadas como un unico bloque sin roles (kernel geomean por fila)
[PREPROC PHASES] metadata_s=5.1e-07 diagnostico_s=3.67e-06 aplicacion_s=5.401e-06
Archivo LP guardado en: /home/mathiasr/Escritorio/generator-aware-row-scaling/results-revision/research-audit/identifiability-confirmatory/R3_S3_mixed/lp/mixed_S3_seed20260915_FlatGM.lp
[PREPROC] modo plano: 43 filas tratadas como un unico bloque sin roles (kernel geomean por fila)
[PREPROC PHASES] metadata_s=4.14e-07 diagnostico_s=3.408e-06 aplicacion_s=5.099e-06
Archivo LP guardado en: /home/mathiasr/Escritorio/generator-aware-row-scaling/results-revision/research-audit/identifiability-confirmatory/R3_S3_mixed/lp/mixed_S3_seed20260915_FlatL2.lp
[PREPROC PHASES] metadata_s=7.225e-06 diagnostico_s=6.318e-06 aplicacion_s=6.44e-06
Archivo LP guardado en: /home/mathiasr/Escritorio/generator-aware-row-scaling/results-revision/research-audit/identifiability-confirmatory/R3_S3_mixed/lp/mixed_S3_seed20260915_RoleHybrid.lp
[PREPROC PHASES] metadata_s=7.315e-06 diagnostico_s=6.133e-06 aplicacion_s=1.1321e-05
Archivo LP guardado en: /home/mathiasr/Escritorio/generator-aware-row-scaling/results-revision/research-audit/identifiability-confirmatory/R3_S3_mixed/lp/mixed_S3_seed20260915_SAMatpermB.lp
Archivo LP guardado en: /home/mathiasr/Escritorio/generator-aware-row-scaling/results-revision/research-audit/identifiability-confirmatory/R3_S3_mixed/lp/mixed_S3_seed20260916_Base.lp
[PREPROC PHASES] metadata_s=7.272e-06 diagnostico_s=6.301e-06 aplicacion_s=6.591e-06
Archivo LP guardado en: /home/mathiasr/Escritorio/generator-aware-row-scaling/results-revision/research-audit/identifiability-confirmatory/R3_S3_mixed/lp/mixed_S3_seed20260916_SAMat.lp
[PREPROC] modo plano: 43 filas tratadas como un unico bloque sin roles (kernel geomean por fila)
[PREPROC PHASES] metadata_s=4.13e-07 diagnostico_s=3.681e-06 aplicacion_s=4.898e-06
Archivo LP guardado en: /home/mathiasr/Escritorio/generator-aware-row-scaling/results-revision/research-audit/identifiability-confirmatory/R3_S3_mixed/lp/mixed_S3_seed20260916_FlatGM.lp
[PREPROC] modo plano: 43 filas tratadas como un unico bloque sin roles (kernel geomean por fila)
[PREPROC PHASES] metadata_s=3.42e-07 diagnostico_s=3.226e-06 aplicacion_s=4.978e-06
Archivo LP guardado en: /home/mathiasr/Escritorio/generator-aware-row-scaling/results-revision/research-audit/identifiability-confirmatory/R3_S3_mixed/lp/mixed_S3_seed20260916_FlatL2.lp
[PREPROC PHASES] metadata_s=7.253e-06 diagnostico_s=6.008e-06 aplicacion_s=6.053e-06
Archivo LP guardado en: /home/mathiasr/Escritorio/generator-aware-row-scaling/results-revision/research-audit/identifiability-confirmatory/R3_S3_mixed/lp/mixed_S3_seed20260916_RoleHybrid.lp
[PREPROC PHASES] metadata_s=7.143e-06 diagnostico_s=1.175e-05 aplicacion_s=2.6227e-05
Archivo LP guardado en: /home/mathiasr/Escritorio/generator-aware-row-scaling/results-revision/research-audit/identifiability-confirmatory/R3_S3_mixed/lp/mixed_S3_seed20260916_SAMatpermB.lp
Archivo LP guardado en: /home/mathiasr/Escritorio/generator-aware-row-scaling/results-revision/research-audit/identifiability-confirmatory/R3_S3_mixed/lp/mixed_S3_seed20260917_Base.lp
[PREPROC PHASES] metadata_s=7.206e-06 diagnostico_s=7.002e-06 aplicacion_s=8.501e-06
Archivo LP guardado en: /home/mathiasr/Escritorio/generator-aware-row-scaling/results-revision/research-audit/identifiability-confirmatory/R3_S3_mixed/lp/mixed_S3_seed20260917_SAMat.lp
[PREPROC] modo plano: 43 filas tratadas como un unico bloque sin roles (kernel geomean por fila)
[PREPROC PHASES] metadata_s=6.49e-07 diagnostico_s=3.878e-06 aplicacion_s=5.52e-06
Archivo LP guardado en: /home/mathiasr/Escritorio/generator-aware-row-scaling/results-revision/research-audit/identifiability-confirmatory/R3_S3_mixed/lp/mixed_S3_seed20260917_FlatGM.lp
[PREPROC] modo plano: 43 filas tratadas como un unico bloque sin roles (kernel geomean por fila)
[PREPROC PHASES] metadata_s=3.68e-07 diagnostico_s=3.354e-06 aplicacion_s=5.644e-06
Archivo LP guardado en: /home/mathiasr/Escritorio/generator-aware-row-scaling/results-revision/research-audit/identifiability-confirmatory/R3_S3_mixed/lp/mixed_S3_seed20260917_FlatL2.lp
[PREPROC PHASES] metadata_s=7.123e-06 diagnostico_s=1.0583e-05 aplicacion_s=6.532e-06
Archivo LP guardado en: /home/mathiasr/Escritorio/generator-aware-row-scaling/results-revision/research-audit/identifiability-confirmatory/R3_S3_mixed/lp/mixed_S3_seed20260917_RoleHybrid.lp
[PREPROC PHASES] metadata_s=7.001e-06 diagnostico_s=6.062e-06 aplicacion_s=1.1435e-05
Archivo LP guardado en: /home/mathiasr/Escritorio/generator-aware-row-scaling/results-revision/research-audit/identifiability-confirmatory/R3_S3_mixed/lp/mixed_S3_seed20260917_SAMatpermB.lp
Archivo LP guardado en: /home/mathiasr/Escritorio/generator-aware-row-scaling/results-revision/research-audit/identifiability-confirmatory/R3_S3_mixed/lp/mixed_S3_seed20260918_Base.lp
[PREPROC PHASES] metadata_s=7.086e-06 diagnostico_s=6.155e-06 aplicacion_s=6.85e-06
Archivo LP guardado en: /home/mathiasr/Escritorio/generator-aware-row-scaling/results-revision/research-audit/identifiability-confirmatory/R3_S3_mixed/lp/mixed_S3_seed20260918_SAMat.lp
[PREPROC] modo plano: 43 filas tratadas como un unico bloque sin roles (kernel geomean por fila)
[PREPROC PHASES] metadata_s=3.85e-07 diagnostico_s=3.36e-06 aplicacion_s=5.193e-06
Archivo LP guardado en: /home/mathiasr/Escritorio/generator-aware-row-scaling/results-revision/research-audit/identifiability-confirmatory/R3_S3_mixed/lp/mixed_S3_seed20260918_FlatGM.lp
[PREPROC] modo plano: 43 filas tratadas como un unico bloque sin roles (kernel geomean por fila)
[PREPROC PHASES] metadata_s=3.79e-07 diagnostico_s=3.224e-06 aplicacion_s=5.468e-06
Archivo LP guardado en: /home/mathiasr/Escritorio/generator-aware-row-scaling/results-revision/research-audit/identifiability-confirmatory/R3_S3_mixed/lp/mixed_S3_seed20260918_FlatL2.lp
[PREPROC PHASES] metadata_s=6.994e-06 diagnostico_s=6.229e-06 aplicacion_s=6.416e-06
Archivo LP guardado en: /home/mathiasr/Escritorio/generator-aware-row-scaling/results-revision/research-audit/identifiability-confirmatory/R3_S3_mixed/lp/mixed_S3_seed20260918_RoleHybrid.lp
[PREPROC PHASES] metadata_s=6.888e-06 diagnostico_s=6.117e-06 aplicacion_s=1.1237e-05
Archivo LP guardado en: /home/mathiasr/Escritorio/generator-aware-row-scaling/results-revision/research-audit/identifiability-confirmatory/R3_S3_mixed/lp/mixed_S3_seed20260918_SAMatpermB.lp
[32m[success] Benchmark sintético: 60 corridas (instancia × variante). CSV: /home/mathiasr/Escritorio/generator-aware-row-scaling/results-revision/research-audit/identifiability-confirmatory/R3_S3_mixed/metrics.csv[0m
> [32m[success] Saliendo del programa...[0m
[32m[success] SystemController destruido[0m
