[32m[success] SystemController creado[0m
> [32m[success] El programa se ha iniciado correctamente[0m
> > 
========== DEBUG CONSTRUCTOR RioNegroBoneteNoLineal ==========
volumenesBonete.size()         = 118
valoresBellman.size()          = 118
derivadasValoresBellman.size() = 118
volumenesBonete.front() = 1487
volumenesBonete.back()  = 10239.8139534883
==============================================================

[info] RioNegroNoLineal: activación de tramos de altura horaria
[32m[success] Se ha creado el agente 'Río Negro Bonete No Lineal' exitosamente[0m
> > [34m[info] Agregando agente Salto Grande[0m
[34m[info] Ingrese costo de agua de Salto Grande:[0m
[34m[info] Ingrese volumen inicial de Salto Grande:[0m
[34m[info] Ingrese aportes de Salto Grande en una sola línea (360 valores):[0m
[info] SaltoGrande: activación de tramos de altura horaria
[32m[success] Se ha creado el agente 'Salto Grande' exitosamente[0m
> > [34m[info] Agregando agente Unidad Térmica Simple[0m
[34m[info] Ingrese potencia máxima de la unidad térmica simple:[0m
[34m[info] Ingrese costo variable de la unidad térmica simple:[0m
[32m[success] Se ha creado el agente 'Unidad Térmica Simple' exitosamente[0m
> > [34m[info] Agregando agente Demanda Fija[0m
[34m[info] Ingrese demandas en una sola línea (360 valores):[0m
[32m[success] Se ha creado el agente 'Demanda Fija' exitosamente[0m
> > [34m[info] Creando despacho de mercado[0m
[34m[info] Modo: despacho de mercado con demanda total explícita[0m
[34m[info] Ingrese cantidad de tramos del despacho de mercado:[0m
[34m[info] Ingrese porcentajes acumulados de los tramos en una sola línea (4 valores):[0m
[34m[info] Ingrese costos marginales de los tramos en una sola línea (4 valores):[0m
[34m[info] Ingrese demanda total en una sola línea (360 valores):[0m
[32m[success] Se ha creado el despacho de mercado exitosamente[0m
> > [32m[success] Solver 'DummyLp' configurado | timeout=1800s | mipgap=0.0001[0m
> 
========== DEBUG RANGO BONETE ==========
volumenInicialBonete [m3] = 6391688000
v0 [hm3]                  = 6391.688
vRef1 [hm3]               = 5432.9348
vRef2 [hm3]               = 6391.688
vRef3 [hm3]               = 7350.4412
min volumen Bellman [hm3] = 1487
max volumen Bellman [hm3] = 10239.8139534883
========================================


========== DEBUG Bonete Bellman ==========
volumenesBonete.size()          = 118
valoresBellman.size()           = 118
derivadasValoresBellman.size()  = 118
v0 [hm3]       = 6391.688
i0             = 66
vCorte0 [hm3]  = 6424.48479427549
B0 = B(vCorte0)= 69241672.7495031
Corte 1:
  vRef1 [hm3]       = 5432.9348
  i1                = 53
  vCorte1 [hm3]     = 5451.94991055456
  B1                = 67860706.5577002
  q1 [costo/hm3]    = 1842.60169830303
  coef1 [costo/m3]  = 0.00184260169830303
  rhs1              = 11426738.3560538
Corte 2:
  vRef2 [hm3]       = 6391.688
  i2                = 66
  vCorte2 [hm3]     = 6424.48479427549
  B2                = 69241672.7495031
  q2 [costo/hm3]    = 997.32973226818
  coef2 [costo/m3]  = 0.00099732973226818
  rhs2              = 6407329.69983577
Corte 3:
  vRef3 [hm3]       = 7350.4412
  i3                = 78
  vCorte3 [hm3]     = 7322.20930232558
  B3                = 69815961.8287953
  q3 [costo/hm3]    = 396.53090033229
  coef3 [costo/m3]  = 0.00039653090033229
  rhs3              = 2329193.16778044
Variable final usada: a1_v1h(360)
Variable delta usada: a1_delta1h
Restriccion 1 esperada: a1_delta1h + (0.00184260169830303) * a1_v1h(360) >= 11426738.3560538
Restriccion 2 esperada: a1_delta1h + (0.00099732973226818) * a1_v1h(360) >= 6407329.69983577
Restriccion 3 esperada: a1_delta1h + (0.00039653090033229) * a1_v1h(360) >= 2329193.16778044
==========================================

[DEBUG Despacho] j=0 idGen=1 coefParticipacionDespacho=1
[DEBUG Despacho] j=1 idGen=2 coefParticipacionDespacho=0.5
[DEBUG Despacho] j=2 idGen=3 coefParticipacionDespacho=1

[DEBUG Despacho] Cantidad de generadores = 3
[DEBUG Despacho] j=0 puntero=0x584b82ae11b0 idGen=1 coefParticipacionDespacho=1
[DEBUG Despacho] j=1 puntero=0x584b82adba80 idGen=2 coefParticipacionDespacho=0.5
[DEBUG Despacho] j=2 puntero=0x584b82adfc80 idGen=3 coefParticipacionDespacho=1
[PREPROC] modo plano: 23763 filas tratadas como un unico bloque sin roles (kernel geomean por fila)
[PREPROC PHASES] metadata_s=0.001177848 diagnostico_s=0.031975411 aplicacion_s=0.035214035

------------------------------------------------------------
  PREPROCESAMIENTO MIP - Diagnostico Numerico
------------------------------------------------------------
Rango de coeficientes (toda la matriz):
  max |coef| = 1.416e+10
  min |coef| = 1.046e-09
  proxy rango= 1.354e+19

Diagnostico por bloque:
Bloque              max|coef|      min|coef|      kappa_aprox   vars    alpha     beta      cols      disc_omit aux_omit  escalado
------------------------------------------------------------------------------------------------------------------------------
plano               1.416e+10      1.046e-09      1.35e+19      0       2.67e-03  1.00e+00  0         0         0         SI  (filas=9720, alpha_min=7.07e-08, alpha_max=5.00e-01)

Restriccion(es) global(es): 0 fila(s)
  acoplamiento balance = 0 fila(s)
  global no acoplante  = 0 fila(s)
  rho aprox (solo acoplamiento) = 0.000e+00
  gamma acoplamiento   = 1.000000
  gamma candidato      = 1.000000
  filas acop. escaladas= no
  filas normaliz. fisica= 0
  motivo gamma=1       = rho bajo; no se escala la fila de acoplamiento

ADVERTENCIAS:
  [!] Rango de coeficientes elevado (-9223372036854775808). Riesgo de sensibilidad numerica.
  [!] Bloque 'plano' internamente mal escalado (kappa~-9223372036854775808). Conviene comparar equilibrado interno por filas/columnas.
------------------------------------------------------------

------------------------------------------------------------
  COMPARACION NUMERICA ANTES / DESPUES
------------------------------------------------------------
Indicador                   antes           despues         despues/antes
----------------------------------------------------------------------------
rango global                3.571e+13       1.354e+19       3.792e+05
rho acoplamiento            0.000e+00       0.000e+00       0.000e+00
gamma aplicado              1.000000        1.000000        1.000000

Bloques locales:
Bloque              kappa antes     kappa despues   alpha       beta        filas       cols        disc_omit   aux_omit    escalado
------------------------------------------------------------------------------------------------------------------------------------
plano               3.571e+13       1.354e+19       2.667e-03   1.000e+00   9720        0           0           0           SI

Interpretacion: valores despues/antes menores que 1 indican mejora del proxy.
rho se calcula solo con filas de acoplamiento; las cotas de demanda sobre g quedan fuera.
El escalamiento local activo fue solo por fila: alpha_r = 1/sqrt(M_r*m_r).
------------------------------------------------------------

[PREPROC TIME] variante=matricial_plano_l2 tiempo_s=0.068531147 u=2 K=4 epsMin=1e-09 epsMax=1000000000
[32m[success] Preprocesamiento aplicado.[0m
> [pipeline] Preprocesamiento seleccionado: Ninguno
[pipeline] Modelo interno sin modificaciones de preprocesamiento.
Archivo LP guardado en: /home/mathiasr/Escritorio/generator-aware-row-scaling/results-revision/research-audit/fixed-basis-final-20260914/fresh/full/instance048/Flat-L2.lp
[32m[success] Se ha guardado el modelo exitosamente[0m
> [32m[success] Saliendo del programa...[0m
[32m[success] SystemController destruido[0m
