LP Base has 23763 rows; 16561 cols; 57555 nonzeros
Coefficient ranges:
  Matrix  [4e-04, 1e+10]
  Cost    [4e-04, 1e+02]
  Bound   [1e+00, 1e+10]
  RHS     [5e+00, 1e+10]
WARNING: Problem has some excessively large column bounds
WARNING: Problem has some excessively large row bounds
WARNING:    Consider scaling the    bounds by 1e-5, or setting the user_bound_scale option to -14
Presolving model
23395 rows, 16551 cols, 57161 nonzeros 0s
Dependent equations search running on 2512 equations with time limit of 3.00s
Dependent equations search removed 0 rows and 0 nonzeros in 0.00s (limit = 3.00s)
22244 rows, 15471 cols, 54859 nonzeros 0s
Presolve reductions: rows 22244(-1519); columns 15471(-1090); nonzeros 54859(-2696) 
Solving the presolved LP
Using dual simplex solver
  Iteration        Objective     Infeasibilities num(sum)
          0    -2.0000000000e+03 Ph1: 3(2500); Du: 1(2) 0.1s
      12787    -1.1954027079e+06 Pr: 3204(3.56843e+08); Du: 0(2.2179e-07) 5.1s
      19294    -1.0370693000e+06 Pr: 548(3.4054e+08) 10.4s
      20267    -1.0395962196e+06 Pr: 0(0) 11.9s
      20267    -1.0395962196e+06 Pr: 0(0) 11.9s

Performed postsolve
Solving the original LP from the solution after postsolve

Model name          : Base
Model status        : Optimal
Simplex   iterations: 20267
Objective value     : -1.0395962196e+06
P-D objective error :  7.4467519521e-15
HiGHS run time      :         11.98
