LP Base has 14400 rows; 10800 cols; 35590 nonzeros
Coefficient ranges:
  Matrix  [2e-03, 2e+09]
  Cost    [5e-03, 3e+03]
  Bound   [1e+00, 1e+10]
  RHS     [5e+00, 3e+09]
WARNING: Problem has some excessively large column bounds
WARNING: Problem has some excessively large row bounds
WARNING:    Consider scaling the    bounds by 1e-5, or setting the user_bound_scale option to -14
Presolving model
13672 rows, 10432 cols, 34478 nonzeros 0s
Dependent equations search running on 1784 equations with time limit of 3.00s
Dependent equations search removed 0 rows and 0 nonzeros in 0.00s (limit = 3.00s)
12921 rows, 9704 cols, 32976 nonzeros 0s
Presolve reductions: rows 12921(-1479); columns 9704(-1096); nonzeros 32976(-2614) 
Solving the presolved LP
Using dual simplex solver
  Iteration        Objective     Infeasibilities num(sum)
          0     0.0000000000e+00 Ph1: 0(0) 0.1s
      10686    -3.4955419220e+08 Pr: 2585(1.34949e+11); Du: 0(1.39877e-08) 5.2s
      11695    -3.4952375181e+08 Pr: 0(0) 6.3s
      11695    -3.4952375181e+08 Pr: 0(0) 6.3s

Performed postsolve
Solving the original LP from the solution after postsolve

Model name          : Base
Model status        : Optimal
Simplex   iterations: 11695
Objective value     : -3.4952375181e+08
P-D objective error :  8.5265513976e-17
HiGHS run time      :          6.30
