LP Base has 23763 rows; 16561 cols; 57555 nonzeros
Coefficient ranges:
  Matrix  [6e-04, 1e+10]
  Cost    [7e-04, 1e+02]
  Bound   [1e+00, 1e+10]
  RHS     [5e+00, 1e+10]
WARNING: Problem has some excessively large column bounds
WARNING: Problem has some excessively large row bounds
WARNING:    Consider scaling the    bounds by 1e-5, or setting the user_bound_scale option to -14
Presolving model
23395 rows, 16552 cols, 57162 nonzeros 0s
Dependent equations search running on 2504 equations with time limit of 3.00s
Dependent equations search removed 0 rows and 0 nonzeros in 0.00s (limit = 3.00s)
22299 rows, 15464 cols, 54970 nonzeros 0s
Presolve reductions: rows 22299(-1464); columns 15464(-1097); nonzeros 54970(-2585) 
Solving the presolved LP
Using dual simplex solver
  Iteration        Objective     Infeasibilities num(sum)
          0    -2.0000000000e+03 Ph1: 3(1500); Du: 1(2) 0.1s
      10629    -4.1104383511e+06 Pr: 2982(8.85992e+08); Du: 0(8.33051e-08) 5.2s
      16888    -2.8090860375e+06 Pr: 2724(7.29519e+08) 10.7s
      19691    -2.5084411824e+06 Pr: 0(0) 13.7s
      19691    -2.5084411824e+06 Pr: 0(0) 13.7s

Performed postsolve
Solving the original LP from the solution after postsolve

Model name          : Base
Model status        : Optimal
Simplex   iterations: 19691
Objective value     : -2.5084411824e+06
P-D objective error :  2.6546187840e-14
HiGHS run time      :         13.76
