[32m[success] SystemController creado[0m
> [32m[success] El programa se ha iniciado correctamente[0m
> > 
========== DEBUG CONSTRUCTOR RioNegroBoneteNoLineal ==========
volumenesBonete.size()         = 118
valoresBellman.size()          = 118
derivadasValoresBellman.size() = 118
volumenesBonete.front() = 1487
volumenesBonete.back()  = 10239.8139534883
==============================================================

[info] RioNegroNoLineal: activación de tramos de altura horaria
[32m[success] Se ha creado el agente 'Río Negro Bonete No Lineal' exitosamente[0m
> > [34m[info] Agregando agente Salto Grande[0m
[34m[info] Ingrese costo de agua de Salto Grande:[0m
[34m[info] Ingrese volumen inicial de Salto Grande:[0m
[34m[info] Ingrese aportes de Salto Grande en una sola línea (360 valores):[0m
[info] SaltoGrande: activación de tramos de altura horaria
[32m[success] Se ha creado el agente 'Salto Grande' exitosamente[0m
> > [34m[info] Agregando agente Unidad Térmica Simple[0m
[34m[info] Ingrese potencia máxima de la unidad térmica simple:[0m
[34m[info] Ingrese costo variable de la unidad térmica simple:[0m
[32m[success] Se ha creado el agente 'Unidad Térmica Simple' exitosamente[0m
> > [34m[info] Agregando agente Demanda Fija[0m
[34m[info] Ingrese demandas en una sola línea (360 valores):[0m
[32m[success] Se ha creado el agente 'Demanda Fija' exitosamente[0m
> > [34m[info] Creando despacho de mercado[0m
[34m[info] Modo: despacho de mercado con demanda total explícita[0m
[34m[info] Ingrese cantidad de tramos del despacho de mercado:[0m
[34m[info] Ingrese porcentajes acumulados de los tramos en una sola línea (4 valores):[0m
[34m[info] Ingrese costos marginales de los tramos en una sola línea (4 valores):[0m
[34m[info] Ingrese demanda total en una sola línea (360 valores):[0m
[32m[success] Se ha creado el despacho de mercado exitosamente[0m
> > [32m[success] Solver 'DummyLp' configurado | timeout=1800s | mipgap=0.0001[0m
> 
========== DEBUG RANGO BONETE ==========
volumenInicialBonete [m3] = 4452103000
v0 [hm3]                  = 4452.103
vRef1 [hm3]               = 3784.28755
vRef2 [hm3]               = 4452.103
vRef3 [hm3]               = 5119.91845
min volumen Bellman [hm3] = 1487
max volumen Bellman [hm3] = 10239.8139534883
========================================


========== DEBUG Bonete Bellman ==========
volumenesBonete.size()          = 118
valoresBellman.size()           = 118
derivadasValoresBellman.size()  = 118
v0 [hm3]       = 4452.103
i0             = 40
vCorte0 [hm3]  = 4479.41502683363
B0 = B(vCorte0)= 65654869.5547443
Corte 1:
  vRef1 [hm3]       = 3784.28755
  i1                = 31
  vCorte1 [hm3]     = 3806.12164579606
  B1                = 63439858.7621584
  q1 [costo/hm3]    = 3829.99727443511
  coef1 [costo/m3]  = 0.00382999727443511
  rhs1              = 16792446.3221533
Corte 2:
  vRef2 [hm3]       = 4452.103
  i2                = 40
  vCorte2 [hm3]     = 4479.41502683363
  B2                = 65654869.5547443
  q2 [costo/hm3]    = 2749.63310652174
  coef2 [costo/m3]  = 0.00274963310652174
  rhs2              = 12316747.8556327
Corte 3:
  vRef3 [hm3]       = 5119.91845
  i3                = 49
  vCorte3 [hm3]     = 5152.7084078712
  B3                = 67270409.7407619
  q3 [costo/hm3]    = 2102.68538015991
  coef3 [costo/m3]  = 0.00210268538015991
  rhs3              = 9218984.45144022
Variable final usada: a1_v1h(360)
Variable delta usada: a1_delta1h
Restriccion 1 esperada: a1_delta1h + (0.00382999727443511) * a1_v1h(360) >= 16792446.3221533
Restriccion 2 esperada: a1_delta1h + (0.00274963310652174) * a1_v1h(360) >= 12316747.8556327
Restriccion 3 esperada: a1_delta1h + (0.00210268538015991) * a1_v1h(360) >= 9218984.45144022
==========================================

[DEBUG Despacho] j=0 idGen=1 coefParticipacionDespacho=1
[DEBUG Despacho] j=1 idGen=2 coefParticipacionDespacho=0.5
[DEBUG Despacho] j=2 idGen=3 coefParticipacionDespacho=1

[DEBUG Despacho] Cantidad de generadores = 3
[DEBUG Despacho] j=0 puntero=0x5c2bb7b49fd0 idGen=1 coefParticipacionDespacho=1
[DEBUG Despacho] j=1 puntero=0x5c2bb7b44a80 idGen=2 coefParticipacionDespacho=0.5
[DEBUG Despacho] j=2 puntero=0x5c2bb7b45780 idGen=3 coefParticipacionDespacho=1
[PREPROC PHASES] metadata_s=0.193891789 diagnostico_s=0.036652971 aplicacion_s=0.062566295

------------------------------------------------------------
  PREPROCESAMIENTO MIP - Diagnostico Numerico
------------------------------------------------------------
Rango de coeficientes (toda la matriz):
  max |coef| = 2.713e+08
  min |coef| = 8.797e-06
  proxy rango= 3.084e+13

Diagnostico por bloque:
Bloque              max|coef|      min|coef|      kappa_aprox   vars    alpha     beta      cols      disc_omit aux_omit  escalado
------------------------------------------------------------------------------------------------------------------------------
a1_                 2.713e+08      2.433e-05      1.12e+13      9361    1.25e-02  1.00e+00  0         0         0         SI  (filas=10083, alpha_min=2.43e-05, alpha_max=2.21e+01)
a2_                 3.768e+07      8.797e-06      4.28e+12      5040    1.23e-01  1.00e+00  0         0         0         SI  (filas=6480, alpha_min=8.80e-06, alpha_max=4.00e+01)
a3_                 sin filas      sin filas      N/A           360     1.00e+00  1.00e+00  0         0         0         no  (sin filas locales; aporta g3 al despacho)
sin_agente          1.000e+00      1.000e+00      1.00e+00      0       1.00e+00  1.00e+00  0         0         0         no

Restriccion(es) global(es): 2160 fila(s)
  acoplamiento balance = 360 fila(s)
  global no acoplante  = 1800 fila(s)
  rho aprox (solo acoplamiento) = 1.000e+00
  gamma acoplamiento   = 1.000000
  gamma candidato      = 1.000000
  filas acop. escaladas= no
  filas normaliz. fisica= 0
  motivo gamma=1       = rho bajo; no se escala la fila de acoplamiento

ADVERTENCIAS:
  [!] Rango de coeficientes elevado (30844796346440). Riesgo de sensibilidad numerica.
  [!] Bloque 'a1_' internamente mal escalado (kappa~11151668619574). Conviene comparar equilibrado interno por filas/columnas.
  [!] Bloque 'a2_' internamente mal escalado (kappa~4283170390588). Conviene comparar equilibrado interno por filas/columnas.
------------------------------------------------------------

------------------------------------------------------------
  COMPARACION NUMERICA ANTES / DESPUES
------------------------------------------------------------
Indicador                   antes           despues         despues/antes
----------------------------------------------------------------------------
rango global                2.070e+13       3.084e+13       1.490e+00
rho acoplamiento            1.000e+00       1.000e+00       1.000e+00
gamma aplicado              1.000000        1.000000        1.000000

Bloques locales:
Bloque              kappa antes     kappa despues   alpha       beta        filas       cols        disc_omit   aux_omit    escalado
------------------------------------------------------------------------------------------------------------------------------------
a1_                 2.182e+12       1.115e+13       1.249e-02   1.000e+00   10083       0           0           0           SI
a2_                 2.070e+13       4.283e+12       1.227e-01   1.000e+00   6480        0           0           0           SI
a3_                 N/A             N/A             1.000e+00   1.000e+00   0           0           0           0           no
sin_agente          1.000e+00       1.000e+00       1.000e+00   1.000e+00   0           0           0           0           no

Interpretacion: valores despues/antes menores que 1 indican mejora del proxy.
rho se calcula solo con filas de acoplamiento; las cotas de demanda sobre g quedan fuera.
El escalamiento local activo fue estructurado: alpha_r interno y beta_i entre bloques.
------------------------------------------------------------

[PREPROC TIME] variante=role_hybrid tiempo_s=0.293335107 u=2 K=4 epsMin=1e-09 epsMax=1000000000
[32m[success] Preprocesamiento aplicado.[0m
> [pipeline] Preprocesamiento seleccionado: Ninguno
[pipeline] Modelo interno sin modificaciones de preprocesamiento.
Archivo LP guardado en: /home/mathiasr/Escritorio/generator-aware-row-scaling/results-revision/research-audit/fixed-basis-final-20260914/fresh/full/instance035/Role-Hybrid.lp
[32m[success] Se ha guardado el modelo exitosamente[0m
> [32m[success] Saliendo del programa...[0m
[32m[success] SystemController destruido[0m
