[32m[success] SystemController creado[0m
> Archivo LP guardado en: /home/mathiasr/Escritorio/generator-aware-row-scaling/results-revision/research-audit/identifiability-confirmatory/R3_S6_mixed/lp/mixed_S6_seed20260909_Base.lp
[PREPROC PHASES] metadata_s=7.265e-06 diagnostico_s=7.826e-06 aplicacion_s=1.0592e-05
Archivo LP guardado en: /home/mathiasr/Escritorio/generator-aware-row-scaling/results-revision/research-audit/identifiability-confirmatory/R3_S6_mixed/lp/mixed_S6_seed20260909_SAMat.lp
[PREPROC] modo plano: 43 filas tratadas como un unico bloque sin roles (kernel geomean por fila)
[PREPROC PHASES] metadata_s=9.28e-07 diagnostico_s=3.942e-06 aplicacion_s=5.719e-06
Archivo LP guardado en: /home/mathiasr/Escritorio/generator-aware-row-scaling/results-revision/research-audit/identifiability-confirmatory/R3_S6_mixed/lp/mixed_S6_seed20260909_FlatGM.lp
[PREPROC] modo plano: 43 filas tratadas como un unico bloque sin roles (kernel geomean por fila)
[PREPROC PHASES] metadata_s=3.81e-07 diagnostico_s=3.464e-06 aplicacion_s=5.629e-06
Archivo LP guardado en: /home/mathiasr/Escritorio/generator-aware-row-scaling/results-revision/research-audit/identifiability-confirmatory/R3_S6_mixed/lp/mixed_S6_seed20260909_FlatL2.lp
[PREPROC PHASES] metadata_s=7.147e-06 diagnostico_s=6.934e-06 aplicacion_s=7.112e-06
Archivo LP guardado en: /home/mathiasr/Escritorio/generator-aware-row-scaling/results-revision/research-audit/identifiability-confirmatory/R3_S6_mixed/lp/mixed_S6_seed20260909_RoleHybrid.lp
[PREPROC PHASES] metadata_s=7.073e-06 diagnostico_s=6.571e-06 aplicacion_s=1.2428e-05
Archivo LP guardado en: /home/mathiasr/Escritorio/generator-aware-row-scaling/results-revision/research-audit/identifiability-confirmatory/R3_S6_mixed/lp/mixed_S6_seed20260909_SAMatpermB.lp
Archivo LP guardado en: /home/mathiasr/Escritorio/generator-aware-row-scaling/results-revision/research-audit/identifiability-confirmatory/R3_S6_mixed/lp/mixed_S6_seed20260910_Base.lp
[PREPROC PHASES] metadata_s=7.951e-06 diagnostico_s=6.672e-06 aplicacion_s=6.557e-06
Archivo LP guardado en: /home/mathiasr/Escritorio/generator-aware-row-scaling/results-revision/research-audit/identifiability-confirmatory/R3_S6_mixed/lp/mixed_S6_seed20260910_SAMat.lp
[PREPROC] modo plano: 43 filas tratadas como un unico bloque sin roles (kernel geomean por fila)
[PREPROC PHASES] metadata_s=4.92e-07 diagnostico_s=3.466e-06 aplicacion_s=5.528e-06
Archivo LP guardado en: /home/mathiasr/Escritorio/generator-aware-row-scaling/results-revision/research-audit/identifiability-confirmatory/R3_S6_mixed/lp/mixed_S6_seed20260910_FlatGM.lp
[PREPROC] modo plano: 43 filas tratadas como un unico bloque sin roles (kernel geomean por fila)
[PREPROC PHASES] metadata_s=3.62e-07 diagnostico_s=3.609e-06 aplicacion_s=5.252e-06
Archivo LP guardado en: /home/mathiasr/Escritorio/generator-aware-row-scaling/results-revision/research-audit/identifiability-confirmatory/R3_S6_mixed/lp/mixed_S6_seed20260910_FlatL2.lp
[PREPROC PHASES] metadata_s=7.248e-06 diagnostico_s=6.532e-06 aplicacion_s=7.48e-06
Archivo LP guardado en: /home/mathiasr/Escritorio/generator-aware-row-scaling/results-revision/research-audit/identifiability-confirmatory/R3_S6_mixed/lp/mixed_S6_seed20260910_RoleHybrid.lp
[PREPROC PHASES] metadata_s=7.725e-06 diagnostico_s=6.326e-06 aplicacion_s=1.1715e-05
Archivo LP guardado en: /home/mathiasr/Escritorio/generator-aware-row-scaling/results-revision/research-audit/identifiability-confirmatory/R3_S6_mixed/lp/mixed_S6_seed20260910_SAMatpermB.lp
Archivo LP guardado en: /home/mathiasr/Escritorio/generator-aware-row-scaling/results-revision/research-audit/identifiability-confirmatory/R3_S6_mixed/lp/mixed_S6_seed20260911_Base.lp
[PREPROC PHASES] metadata_s=7.209e-06 diagnostico_s=6.495e-06 aplicacion_s=6.73e-06
Archivo LP guardado en: /home/mathiasr/Escritorio/generator-aware-row-scaling/results-revision/research-audit/identifiability-confirmatory/R3_S6_mixed/lp/mixed_S6_seed20260911_SAMat.lp
[PREPROC] modo plano: 43 filas tratadas como un unico bloque sin roles (kernel geomean por fila)
[PREPROC PHASES] metadata_s=5.73e-07 diagnostico_s=3.611e-06 aplicacion_s=5.052e-06
Archivo LP guardado en: /home/mathiasr/Escritorio/generator-aware-row-scaling/results-revision/research-audit/identifiability-confirmatory/R3_S6_mixed/lp/mixed_S6_seed20260911_FlatGM.lp
[PREPROC] modo plano: 43 filas tratadas como un unico bloque sin roles (kernel geomean por fila)
[PREPROC PHASES] metadata_s=3.33e-07 diagnostico_s=3.31e-06 aplicacion_s=5.447e-06
Archivo LP guardado en: /home/mathiasr/Escritorio/generator-aware-row-scaling/results-revision/research-audit/identifiability-confirmatory/R3_S6_mixed/lp/mixed_S6_seed20260911_FlatL2.lp
[PREPROC PHASES] metadata_s=7.191e-06 diagnostico_s=6.385e-06 aplicacion_s=6.261e-06
Archivo LP guardado en: /home/mathiasr/Escritorio/generator-aware-row-scaling/results-revision/research-audit/identifiability-confirmatory/R3_S6_mixed/lp/mixed_S6_seed20260911_RoleHybrid.lp
[PREPROC PHASES] metadata_s=7.179e-06 diagnostico_s=6.241e-06 aplicacion_s=1.1798e-05
Archivo LP guardado en: /home/mathiasr/Escritorio/generator-aware-row-scaling/results-revision/research-audit/identifiability-confirmatory/R3_S6_mixed/lp/mixed_S6_seed20260911_SAMatpermB.lp
Archivo LP guardado en: /home/mathiasr/Escritorio/generator-aware-row-scaling/results-revision/research-audit/identifiability-confirmatory/R3_S6_mixed/lp/mixed_S6_seed20260912_Base.lp
[PREPROC PHASES] metadata_s=7.134e-06 diagnostico_s=6.411e-06 aplicacion_s=6.918e-06
Archivo LP guardado en: /home/mathiasr/Escritorio/generator-aware-row-scaling/results-revision/research-audit/identifiability-confirmatory/R3_S6_mixed/lp/mixed_S6_seed20260912_SAMat.lp
[PREPROC] modo plano: 43 filas tratadas como un unico bloque sin roles (kernel geomean por fila)
[PREPROC PHASES] metadata_s=3.65e-07 diagnostico_s=3.401e-06 aplicacion_s=5.403e-06
Archivo LP guardado en: /home/mathiasr/Escritorio/generator-aware-row-scaling/results-revision/research-audit/identifiability-confirmatory/R3_S6_mixed/lp/mixed_S6_seed20260912_FlatGM.lp
[PREPROC] modo plano: 43 filas tratadas como un unico bloque sin roles (kernel geomean por fila)
[PREPROC PHASES] metadata_s=3.22e-07 diagnostico_s=3.371e-06 aplicacion_s=5.358e-06
Archivo LP guardado en: /home/mathiasr/Escritorio/generator-aware-row-scaling/results-revision/research-audit/identifiability-confirmatory/R3_S6_mixed/lp/mixed_S6_seed20260912_FlatL2.lp
[PREPROC PHASES] metadata_s=7.941e-06 diagnostico_s=6.421e-06 aplicacion_s=6.242e-06
Archivo LP guardado en: /home/mathiasr/Escritorio/generator-aware-row-scaling/results-revision/research-audit/identifiability-confirmatory/R3_S6_mixed/lp/mixed_S6_seed20260912_RoleHybrid.lp
[PREPROC PHASES] metadata_s=7.12e-06 diagnostico_s=6.043e-06 aplicacion_s=1.1352e-05
Archivo LP guardado en: /home/mathiasr/Escritorio/generator-aware-row-scaling/results-revision/research-audit/identifiability-confirmatory/R3_S6_mixed/lp/mixed_S6_seed20260912_SAMatpermB.lp
Archivo LP guardado en: /home/mathiasr/Escritorio/generator-aware-row-scaling/results-revision/research-audit/identifiability-confirmatory/R3_S6_mixed/lp/mixed_S6_seed20260913_Base.lp
[PREPROC PHASES] metadata_s=7.305e-06 diagnostico_s=6.531e-06 aplicacion_s=6.778e-06
Archivo LP guardado en: /home/mathiasr/Escritorio/generator-aware-row-scaling/results-revision/research-audit/identifiability-confirmatory/R3_S6_mixed/lp/mixed_S6_seed20260913_SAMat.lp
[PREPROC] modo plano: 43 filas tratadas como un unico bloque sin roles (kernel geomean por fila)
[PREPROC PHASES] metadata_s=4.01e-07 diagnostico_s=3.958e-06 aplicacion_s=5.356e-06
Archivo LP guardado en: /home/mathiasr/Escritorio/generator-aware-row-scaling/results-revision/research-audit/identifiability-confirmatory/R3_S6_mixed/lp/mixed_S6_seed20260913_FlatGM.lp
[PREPROC] modo plano: 43 filas tratadas como un unico bloque sin roles (kernel geomean por fila)
[PREPROC PHASES] metadata_s=3.98e-07 diagnostico_s=3.373e-06 aplicacion_s=5.658e-06
Archivo LP guardado en: /home/mathiasr/Escritorio/generator-aware-row-scaling/results-revision/research-audit/identifiability-confirmatory/R3_S6_mixed/lp/mixed_S6_seed20260913_FlatL2.lp
[PREPROC PHASES] metadata_s=7.019e-06 diagnostico_s=6.321e-06 aplicacion_s=6.224e-06
Archivo LP guardado en: /home/mathiasr/Escritorio/generator-aware-row-scaling/results-revision/research-audit/identifiability-confirmatory/R3_S6_mixed/lp/mixed_S6_seed20260913_RoleHybrid.lp
[PREPROC PHASES] metadata_s=6.93e-06 diagnostico_s=6.122e-06 aplicacion_s=1.1301e-05
Archivo LP guardado en: /home/mathiasr/Escritorio/generator-aware-row-scaling/results-revision/research-audit/identifiability-confirmatory/R3_S6_mixed/lp/mixed_S6_seed20260913_SAMatpermB.lp
Archivo LP guardado en: /home/mathiasr/Escritorio/generator-aware-row-scaling/results-revision/research-audit/identifiability-confirmatory/R3_S6_mixed/lp/mixed_S6_seed20260914_Base.lp
[PREPROC PHASES] metadata_s=7.249e-06 diagnostico_s=6.019e-06 aplicacion_s=6.675e-06
Archivo LP guardado en: /home/mathiasr/Escritorio/generator-aware-row-scaling/results-revision/research-audit/identifiability-confirmatory/R3_S6_mixed/lp/mixed_S6_seed20260914_SAMat.lp
[PREPROC] modo plano: 43 filas tratadas como un unico bloque sin roles (kernel geomean por fila)
[PREPROC PHASES] metadata_s=3.71e-07 diagnostico_s=3.52e-06 aplicacion_s=5.316e-06
Archivo LP guardado en: /home/mathiasr/Escritorio/generator-aware-row-scaling/results-revision/research-audit/identifiability-confirmatory/R3_S6_mixed/lp/mixed_S6_seed20260914_FlatGM.lp
[PREPROC] modo plano: 43 filas tratadas como un unico bloque sin roles (kernel geomean por fila)
[PREPROC PHASES] metadata_s=3.31e-07 diagnostico_s=3.316e-06 aplicacion_s=5.447e-06
Archivo LP guardado en: /home/mathiasr/Escritorio/generator-aware-row-scaling/results-revision/research-audit/identifiability-confirmatory/R3_S6_mixed/lp/mixed_S6_seed20260914_FlatL2.lp
[PREPROC PHASES] metadata_s=8.85e-06 diagnostico_s=6.212e-06 aplicacion_s=6.269e-06
Archivo LP guardado en: /home/mathiasr/Escritorio/generator-aware-row-scaling/results-revision/research-audit/identifiability-confirmatory/R3_S6_mixed/lp/mixed_S6_seed20260914_RoleHybrid.lp
[PREPROC PHASES] metadata_s=7.117e-06 diagnostico_s=6.203e-06 aplicacion_s=1.0946e-05
Archivo LP guardado en: /home/mathiasr/Escritorio/generator-aware-row-scaling/results-revision/research-audit/identifiability-confirmatory/R3_S6_mixed/lp/mixed_S6_seed20260914_SAMatpermB.lp
Archivo LP guardado en: /home/mathiasr/Escritorio/generator-aware-row-scaling/results-revision/research-audit/identifiability-confirmatory/R3_S6_mixed/lp/mixed_S6_seed20260915_Base.lp
[PREPROC PHASES] metadata_s=7.054e-06 diagnostico_s=6.472e-06 aplicacion_s=6.727e-06
Archivo LP guardado en: /home/mathiasr/Escritorio/generator-aware-row-scaling/results-revision/research-audit/identifiability-confirmatory/R3_S6_mixed/lp/mixed_S6_seed20260915_SAMat.lp
[PREPROC] modo plano: 43 filas tratadas como un unico bloque sin roles (kernel geomean por fila)
[PREPROC PHASES] metadata_s=3.58e-07 diagnostico_s=3.688e-06 aplicacion_s=5.024e-06
Archivo LP guardado en: /home/mathiasr/Escritorio/generator-aware-row-scaling/results-revision/research-audit/identifiability-confirmatory/R3_S6_mixed/lp/mixed_S6_seed20260915_FlatGM.lp
[PREPROC] modo plano: 43 filas tratadas como un unico bloque sin roles (kernel geomean por fila)
[PREPROC PHASES] metadata_s=3.44e-07 diagnostico_s=3.472e-06 aplicacion_s=5.727e-06
Archivo LP guardado en: /home/mathiasr/Escritorio/generator-aware-row-scaling/results-revision/research-audit/identifiability-confirmatory/R3_S6_mixed/lp/mixed_S6_seed20260915_FlatL2.lp
[PREPROC PHASES] metadata_s=7.291e-06 diagnostico_s=6.392e-06 aplicacion_s=6.261e-06
Archivo LP guardado en: /home/mathiasr/Escritorio/generator-aware-row-scaling/results-revision/research-audit/identifiability-confirmatory/R3_S6_mixed/lp/mixed_S6_seed20260915_RoleHybrid.lp
[PREPROC PHASES] metadata_s=7.188e-06 diagnostico_s=6.275e-06 aplicacion_s=1.05e-05
Archivo LP guardado en: /home/mathiasr/Escritorio/generator-aware-row-scaling/results-revision/research-audit/identifiability-confirmatory/R3_S6_mixed/lp/mixed_S6_seed20260915_SAMatpermB.lp
Archivo LP guardado en: /home/mathiasr/Escritorio/generator-aware-row-scaling/results-revision/research-audit/identifiability-confirmatory/R3_S6_mixed/lp/mixed_S6_seed20260916_Base.lp
[PREPROC PHASES] metadata_s=6.997e-06 diagnostico_s=6.388e-06 aplicacion_s=6.643e-06
Archivo LP guardado en: /home/mathiasr/Escritorio/generator-aware-row-scaling/results-revision/research-audit/identifiability-confirmatory/R3_S6_mixed/lp/mixed_S6_seed20260916_SAMat.lp
[PREPROC] modo plano: 43 filas tratadas como un unico bloque sin roles (kernel geomean por fila)
[PREPROC PHASES] metadata_s=3.62e-07 diagnostico_s=3.477e-06 aplicacion_s=5.168e-06
Archivo LP guardado en: /home/mathiasr/Escritorio/generator-aware-row-scaling/results-revision/research-audit/identifiability-confirmatory/R3_S6_mixed/lp/mixed_S6_seed20260916_FlatGM.lp
[PREPROC] modo plano: 43 filas tratadas como un unico bloque sin roles (kernel geomean por fila)
[PREPROC PHASES] metadata_s=3.21e-07 diagnostico_s=3.36e-06 aplicacion_s=5.744e-06
Archivo LP guardado en: /home/mathiasr/Escritorio/generator-aware-row-scaling/results-revision/research-audit/identifiability-confirmatory/R3_S6_mixed/lp/mixed_S6_seed20260916_FlatL2.lp
[PREPROC PHASES] metadata_s=7.059e-06 diagnostico_s=6.313e-06 aplicacion_s=5.943e-06
Archivo LP guardado en: /home/mathiasr/Escritorio/generator-aware-row-scaling/results-revision/research-audit/identifiability-confirmatory/R3_S6_mixed/lp/mixed_S6_seed20260916_RoleHybrid.lp
[PREPROC PHASES] metadata_s=7.103e-06 diagnostico_s=6.007e-06 aplicacion_s=1.055e-05
Archivo LP guardado en: /home/mathiasr/Escritorio/generator-aware-row-scaling/results-revision/research-audit/identifiability-confirmatory/R3_S6_mixed/lp/mixed_S6_seed20260916_SAMatpermB.lp
Archivo LP guardado en: /home/mathiasr/Escritorio/generator-aware-row-scaling/results-revision/research-audit/identifiability-confirmatory/R3_S6_mixed/lp/mixed_S6_seed20260917_Base.lp
[PREPROC PHASES] metadata_s=7.215e-06 diagnostico_s=6.496e-06 aplicacion_s=7.128e-06
Archivo LP guardado en: /home/mathiasr/Escritorio/generator-aware-row-scaling/results-revision/research-audit/identifiability-confirmatory/R3_S6_mixed/lp/mixed_S6_seed20260917_SAMat.lp
[PREPROC] modo plano: 43 filas tratadas como un unico bloque sin roles (kernel geomean por fila)
[PREPROC PHASES] metadata_s=3.5e-07 diagnostico_s=3.643e-06 aplicacion_s=5.375e-06
Archivo LP guardado en: /home/mathiasr/Escritorio/generator-aware-row-scaling/results-revision/research-audit/identifiability-confirmatory/R3_S6_mixed/lp/mixed_S6_seed20260917_FlatGM.lp
[PREPROC] modo plano: 43 filas tratadas como un unico bloque sin roles (kernel geomean por fila)
[PREPROC PHASES] metadata_s=3.53e-07 diagnostico_s=3.338e-06 aplicacion_s=5.486e-06
Archivo LP guardado en: /home/mathiasr/Escritorio/generator-aware-row-scaling/results-revision/research-audit/identifiability-confirmatory/R3_S6_mixed/lp/mixed_S6_seed20260917_FlatL2.lp
[PREPROC PHASES] metadata_s=7.074e-06 diagnostico_s=6.143e-06 aplicacion_s=6.078e-06
Archivo LP guardado en: /home/mathiasr/Escritorio/generator-aware-row-scaling/results-revision/research-audit/identifiability-confirmatory/R3_S6_mixed/lp/mixed_S6_seed20260917_RoleHybrid.lp
[PREPROC PHASES] metadata_s=7.176e-06 diagnostico_s=5.904e-06 aplicacion_s=1.0755e-05
Archivo LP guardado en: /home/mathiasr/Escritorio/generator-aware-row-scaling/results-revision/research-audit/identifiability-confirmatory/R3_S6_mixed/lp/mixed_S6_seed20260917_SAMatpermB.lp
Archivo LP guardado en: /home/mathiasr/Escritorio/generator-aware-row-scaling/results-revision/research-audit/identifiability-confirmatory/R3_S6_mixed/lp/mixed_S6_seed20260918_Base.lp
[PREPROC PHASES] metadata_s=7.026e-06 diagnostico_s=6.27e-06 aplicacion_s=6.7e-06
Archivo LP guardado en: /home/mathiasr/Escritorio/generator-aware-row-scaling/results-revision/research-audit/identifiability-confirmatory/R3_S6_mixed/lp/mixed_S6_seed20260918_SAMat.lp
[PREPROC] modo plano: 43 filas tratadas como un unico bloque sin roles (kernel geomean por fila)
[PREPROC PHASES] metadata_s=3.27e-07 diagnostico_s=3.425e-06 aplicacion_s=5.244e-06
Archivo LP guardado en: /home/mathiasr/Escritorio/generator-aware-row-scaling/results-revision/research-audit/identifiability-confirmatory/R3_S6_mixed/lp/mixed_S6_seed20260918_FlatGM.lp
[PREPROC] modo plano: 43 filas tratadas como un unico bloque sin roles (kernel geomean por fila)
[PREPROC PHASES] metadata_s=3.37e-07 diagnostico_s=3.361e-06 aplicacion_s=5.695e-06
Archivo LP guardado en: /home/mathiasr/Escritorio/generator-aware-row-scaling/results-revision/research-audit/identifiability-confirmatory/R3_S6_mixed/lp/mixed_S6_seed20260918_FlatL2.lp
[PREPROC PHASES] metadata_s=1.1063e-05 diagnostico_s=7.681e-06 aplicacion_s=8.202e-06
Archivo LP guardado en: /home/mathiasr/Escritorio/generator-aware-row-scaling/results-revision/research-audit/identifiability-confirmatory/R3_S6_mixed/lp/mixed_S6_seed20260918_RoleHybrid.lp
[PREPROC PHASES] metadata_s=8.076e-06 diagnostico_s=6.248e-06 aplicacion_s=1.1458e-05
Archivo LP guardado en: /home/mathiasr/Escritorio/generator-aware-row-scaling/results-revision/research-audit/identifiability-confirmatory/R3_S6_mixed/lp/mixed_S6_seed20260918_SAMatpermB.lp
[32m[success] Benchmark sintético: 60 corridas (instancia × variante). CSV: /home/mathiasr/Escritorio/generator-aware-row-scaling/results-revision/research-audit/identifiability-confirmatory/R3_S6_mixed/metrics.csv[0m
> [32m[success] Saliendo del programa...[0m
[32m[success] SystemController destruido[0m
