[32m[success] SystemController creado[0m
> Archivo LP guardado en: /home/mathiasr/Escritorio/generator-aware-row-scaling/results-revision/research-audit/identifiability-final/R2_S3_coupling/lp/coupling_S3_seed20260909_Base.lp
[PREPROC PHASES] metadata_s=4.9313e-05 diagnostico_s=4.7065e-05 aplicacion_s=4.8743e-05
Archivo LP guardado en: /home/mathiasr/Escritorio/generator-aware-row-scaling/results-revision/research-audit/identifiability-final/R2_S3_coupling/lp/coupling_S3_seed20260909_SAMat.lp
[PREPROC] modo plano: 43 filas tratadas como un unico bloque sin roles (kernel geomean por fila)
[PREPROC PHASES] metadata_s=1.595e-06 diagnostico_s=2.893e-05 aplicacion_s=3.8051e-05
Archivo LP guardado en: /home/mathiasr/Escritorio/generator-aware-row-scaling/results-revision/research-audit/identifiability-final/R2_S3_coupling/lp/coupling_S3_seed20260909_FlatGM.lp
[PREPROC] modo plano: 43 filas tratadas como un unico bloque sin roles (kernel geomean por fila)
[PREPROC PHASES] metadata_s=1.346e-06 diagnostico_s=3.0536e-05 aplicacion_s=3.0576e-05
Archivo LP guardado en: /home/mathiasr/Escritorio/generator-aware-row-scaling/results-revision/research-audit/identifiability-final/R2_S3_coupling/lp/coupling_S3_seed20260909_FlatL2.lp
[PREPROC PHASES] metadata_s=4.9037e-05 diagnostico_s=4.6693e-05 aplicacion_s=4.2644e-05
Archivo LP guardado en: /home/mathiasr/Escritorio/generator-aware-row-scaling/results-revision/research-audit/identifiability-final/R2_S3_coupling/lp/coupling_S3_seed20260909_RoleHybrid.lp
[PREPROC PHASES] metadata_s=5.3345e-05 diagnostico_s=4.606e-05 aplicacion_s=5.5204e-05
Archivo LP guardado en: /home/mathiasr/Escritorio/generator-aware-row-scaling/results-revision/research-audit/identifiability-final/R2_S3_coupling/lp/coupling_S3_seed20260909_SAMatpermB.lp
Archivo LP guardado en: /home/mathiasr/Escritorio/generator-aware-row-scaling/results-revision/research-audit/identifiability-final/R2_S3_coupling/lp/coupling_S3_seed20260910_Base.lp
[PREPROC PHASES] metadata_s=4.9066e-05 diagnostico_s=4.5756e-05 aplicacion_s=4.5259e-05
Archivo LP guardado en: /home/mathiasr/Escritorio/generator-aware-row-scaling/results-revision/research-audit/identifiability-final/R2_S3_coupling/lp/coupling_S3_seed20260910_SAMat.lp
[PREPROC] modo plano: 43 filas tratadas como un unico bloque sin roles (kernel geomean por fila)
[PREPROC PHASES] metadata_s=1.302e-06 diagnostico_s=2.8507e-05 aplicacion_s=3.1217e-05
Archivo LP guardado en: /home/mathiasr/Escritorio/generator-aware-row-scaling/results-revision/research-audit/identifiability-final/R2_S3_coupling/lp/coupling_S3_seed20260910_FlatGM.lp
[PREPROC] modo plano: 43 filas tratadas como un unico bloque sin roles (kernel geomean por fila)
[PREPROC PHASES] metadata_s=1.143e-06 diagnostico_s=2.9343e-05 aplicacion_s=3.2346e-05
Archivo LP guardado en: /home/mathiasr/Escritorio/generator-aware-row-scaling/results-revision/research-audit/identifiability-final/R2_S3_coupling/lp/coupling_S3_seed20260910_FlatL2.lp
[PREPROC PHASES] metadata_s=4.8583e-05 diagnostico_s=4.6073e-05 aplicacion_s=4.3836e-05
Archivo LP guardado en: /home/mathiasr/Escritorio/generator-aware-row-scaling/results-revision/research-audit/identifiability-final/R2_S3_coupling/lp/coupling_S3_seed20260910_RoleHybrid.lp
[PREPROC PHASES] metadata_s=4.8771e-05 diagnostico_s=4.5648e-05 aplicacion_s=5.4967e-05
Archivo LP guardado en: /home/mathiasr/Escritorio/generator-aware-row-scaling/results-revision/research-audit/identifiability-final/R2_S3_coupling/lp/coupling_S3_seed20260910_SAMatpermB.lp
Archivo LP guardado en: /home/mathiasr/Escritorio/generator-aware-row-scaling/results-revision/research-audit/identifiability-final/R2_S3_coupling/lp/coupling_S3_seed20260911_Base.lp
[PREPROC PHASES] metadata_s=4.876e-05 diagnostico_s=4.6811e-05 aplicacion_s=4.5392e-05
Archivo LP guardado en: /home/mathiasr/Escritorio/generator-aware-row-scaling/results-revision/research-audit/identifiability-final/R2_S3_coupling/lp/coupling_S3_seed20260911_SAMat.lp
[PREPROC] modo plano: 43 filas tratadas como un unico bloque sin roles (kernel geomean por fila)
[PREPROC PHASES] metadata_s=1.445e-06 diagnostico_s=2.9939e-05 aplicacion_s=3.2058e-05
Archivo LP guardado en: /home/mathiasr/Escritorio/generator-aware-row-scaling/results-revision/research-audit/identifiability-final/R2_S3_coupling/lp/coupling_S3_seed20260911_FlatGM.lp
[PREPROC] modo plano: 43 filas tratadas como un unico bloque sin roles (kernel geomean por fila)
[PREPROC PHASES] metadata_s=1.289e-06 diagnostico_s=2.9104e-05 aplicacion_s=3.2185e-05
Archivo LP guardado en: /home/mathiasr/Escritorio/generator-aware-row-scaling/results-revision/research-audit/identifiability-final/R2_S3_coupling/lp/coupling_S3_seed20260911_FlatL2.lp
[PREPROC PHASES] metadata_s=4.8639e-05 diagnostico_s=4.5448e-05 aplicacion_s=4.5016e-05
Archivo LP guardado en: /home/mathiasr/Escritorio/generator-aware-row-scaling/results-revision/research-audit/identifiability-final/R2_S3_coupling/lp/coupling_S3_seed20260911_RoleHybrid.lp
[PREPROC PHASES] metadata_s=4.8034e-05 diagnostico_s=4.5023e-05 aplicacion_s=5.5219e-05
Archivo LP guardado en: /home/mathiasr/Escritorio/generator-aware-row-scaling/results-revision/research-audit/identifiability-final/R2_S3_coupling/lp/coupling_S3_seed20260911_SAMatpermB.lp
Archivo LP guardado en: /home/mathiasr/Escritorio/generator-aware-row-scaling/results-revision/research-audit/identifiability-final/R2_S3_coupling/lp/coupling_S3_seed20260912_Base.lp
[PREPROC PHASES] metadata_s=4.9136e-05 diagnostico_s=5.0828e-05 aplicacion_s=4.4954e-05
Archivo LP guardado en: /home/mathiasr/Escritorio/generator-aware-row-scaling/results-revision/research-audit/identifiability-final/R2_S3_coupling/lp/coupling_S3_seed20260912_SAMat.lp
[PREPROC] modo plano: 43 filas tratadas como un unico bloque sin roles (kernel geomean por fila)
[PREPROC PHASES] metadata_s=1.405e-06 diagnostico_s=2.992e-05 aplicacion_s=3.0722e-05
Archivo LP guardado en: /home/mathiasr/Escritorio/generator-aware-row-scaling/results-revision/research-audit/identifiability-final/R2_S3_coupling/lp/coupling_S3_seed20260912_FlatGM.lp
[PREPROC] modo plano: 43 filas tratadas como un unico bloque sin roles (kernel geomean por fila)
[PREPROC PHASES] metadata_s=1.23e-06 diagnostico_s=2.9624e-05 aplicacion_s=3.1127e-05
Archivo LP guardado en: /home/mathiasr/Escritorio/generator-aware-row-scaling/results-revision/research-audit/identifiability-final/R2_S3_coupling/lp/coupling_S3_seed20260912_FlatL2.lp
[PREPROC PHASES] metadata_s=4.8236e-05 diagnostico_s=4.6247e-05 aplicacion_s=4.2538e-05
Archivo LP guardado en: /home/mathiasr/Escritorio/generator-aware-row-scaling/results-revision/research-audit/identifiability-final/R2_S3_coupling/lp/coupling_S3_seed20260912_RoleHybrid.lp
[PREPROC PHASES] metadata_s=4.881e-05 diagnostico_s=4.5713e-05 aplicacion_s=6.0617e-05
Archivo LP guardado en: /home/mathiasr/Escritorio/generator-aware-row-scaling/results-revision/research-audit/identifiability-final/R2_S3_coupling/lp/coupling_S3_seed20260912_SAMatpermB.lp
Archivo LP guardado en: /home/mathiasr/Escritorio/generator-aware-row-scaling/results-revision/research-audit/identifiability-final/R2_S3_coupling/lp/coupling_S3_seed20260913_Base.lp
[PREPROC PHASES] metadata_s=4.8851e-05 diagnostico_s=4.6045e-05 aplicacion_s=4.977e-05
Archivo LP guardado en: /home/mathiasr/Escritorio/generator-aware-row-scaling/results-revision/research-audit/identifiability-final/R2_S3_coupling/lp/coupling_S3_seed20260913_SAMat.lp
[PREPROC] modo plano: 43 filas tratadas como un unico bloque sin roles (kernel geomean por fila)
[PREPROC PHASES] metadata_s=1.413e-06 diagnostico_s=2.8393e-05 aplicacion_s=3.0698e-05
Archivo LP guardado en: /home/mathiasr/Escritorio/generator-aware-row-scaling/results-revision/research-audit/identifiability-final/R2_S3_coupling/lp/coupling_S3_seed20260913_FlatGM.lp
[PREPROC] modo plano: 43 filas tratadas como un unico bloque sin roles (kernel geomean por fila)
[PREPROC PHASES] metadata_s=1.388e-06 diagnostico_s=2.9231e-05 aplicacion_s=3.1022e-05
Archivo LP guardado en: /home/mathiasr/Escritorio/generator-aware-row-scaling/results-revision/research-audit/identifiability-final/R2_S3_coupling/lp/coupling_S3_seed20260913_FlatL2.lp
[PREPROC PHASES] metadata_s=4.8972e-05 diagnostico_s=4.5031e-05 aplicacion_s=4.322e-05
Archivo LP guardado en: /home/mathiasr/Escritorio/generator-aware-row-scaling/results-revision/research-audit/identifiability-final/R2_S3_coupling/lp/coupling_S3_seed20260913_RoleHybrid.lp
[PREPROC PHASES] metadata_s=4.907e-05 diagnostico_s=4.8806e-05 aplicacion_s=5.5772e-05
Archivo LP guardado en: /home/mathiasr/Escritorio/generator-aware-row-scaling/results-revision/research-audit/identifiability-final/R2_S3_coupling/lp/coupling_S3_seed20260913_SAMatpermB.lp
Archivo LP guardado en: /home/mathiasr/Escritorio/generator-aware-row-scaling/results-revision/research-audit/identifiability-final/R2_S3_coupling/lp/coupling_S3_seed20260914_Base.lp
[PREPROC PHASES] metadata_s=5.2036e-05 diagnostico_s=4.7254e-05 aplicacion_s=4.6235e-05
Archivo LP guardado en: /home/mathiasr/Escritorio/generator-aware-row-scaling/results-revision/research-audit/identifiability-final/R2_S3_coupling/lp/coupling_S3_seed20260914_SAMat.lp
[PREPROC] modo plano: 43 filas tratadas como un unico bloque sin roles (kernel geomean por fila)
[PREPROC PHASES] metadata_s=1.453e-06 diagnostico_s=3.0281e-05 aplicacion_s=3.0422e-05
Archivo LP guardado en: /home/mathiasr/Escritorio/generator-aware-row-scaling/results-revision/research-audit/identifiability-final/R2_S3_coupling/lp/coupling_S3_seed20260914_FlatGM.lp
[PREPROC] modo plano: 43 filas tratadas como un unico bloque sin roles (kernel geomean por fila)
[PREPROC PHASES] metadata_s=1.134e-06 diagnostico_s=2.9295e-05 aplicacion_s=3.6697e-05
Archivo LP guardado en: /home/mathiasr/Escritorio/generator-aware-row-scaling/results-revision/research-audit/identifiability-final/R2_S3_coupling/lp/coupling_S3_seed20260914_FlatL2.lp
[PREPROC PHASES] metadata_s=4.8938e-05 diagnostico_s=4.6336e-05 aplicacion_s=4.2922e-05
Archivo LP guardado en: /home/mathiasr/Escritorio/generator-aware-row-scaling/results-revision/research-audit/identifiability-final/R2_S3_coupling/lp/coupling_S3_seed20260914_RoleHybrid.lp
[PREPROC PHASES] metadata_s=4.9014e-05 diagnostico_s=4.5402e-05 aplicacion_s=5.5762e-05
Archivo LP guardado en: /home/mathiasr/Escritorio/generator-aware-row-scaling/results-revision/research-audit/identifiability-final/R2_S3_coupling/lp/coupling_S3_seed20260914_SAMatpermB.lp
Archivo LP guardado en: /home/mathiasr/Escritorio/generator-aware-row-scaling/results-revision/research-audit/identifiability-final/R2_S3_coupling/lp/coupling_S3_seed20260915_Base.lp
[PREPROC PHASES] metadata_s=4.9198e-05 diagnostico_s=4.6699e-05 aplicacion_s=4.6915e-05
Archivo LP guardado en: /home/mathiasr/Escritorio/generator-aware-row-scaling/results-revision/research-audit/identifiability-final/R2_S3_coupling/lp/coupling_S3_seed20260915_SAMat.lp
[PREPROC] modo plano: 43 filas tratadas como un unico bloque sin roles (kernel geomean por fila)
[PREPROC PHASES] metadata_s=1.356e-06 diagnostico_s=3.014e-05 aplicacion_s=3.0942e-05
Archivo LP guardado en: /home/mathiasr/Escritorio/generator-aware-row-scaling/results-revision/research-audit/identifiability-final/R2_S3_coupling/lp/coupling_S3_seed20260915_FlatGM.lp
[PREPROC] modo plano: 43 filas tratadas como un unico bloque sin roles (kernel geomean por fila)
[PREPROC PHASES] metadata_s=1.116e-06 diagnostico_s=2.9027e-05 aplicacion_s=3.1143e-05
Archivo LP guardado en: /home/mathiasr/Escritorio/generator-aware-row-scaling/results-revision/research-audit/identifiability-final/R2_S3_coupling/lp/coupling_S3_seed20260915_FlatL2.lp
[PREPROC PHASES] metadata_s=4.8635e-05 diagnostico_s=4.5909e-05 aplicacion_s=4.1939e-05
Archivo LP guardado en: /home/mathiasr/Escritorio/generator-aware-row-scaling/results-revision/research-audit/identifiability-final/R2_S3_coupling/lp/coupling_S3_seed20260915_RoleHybrid.lp
[PREPROC PHASES] metadata_s=5.0007e-05 diagnostico_s=4.5056e-05 aplicacion_s=5.6311e-05
Archivo LP guardado en: /home/mathiasr/Escritorio/generator-aware-row-scaling/results-revision/research-audit/identifiability-final/R2_S3_coupling/lp/coupling_S3_seed20260915_SAMatpermB.lp
Archivo LP guardado en: /home/mathiasr/Escritorio/generator-aware-row-scaling/results-revision/research-audit/identifiability-final/R2_S3_coupling/lp/coupling_S3_seed20260916_Base.lp
[PREPROC PHASES] metadata_s=4.8659e-05 diagnostico_s=4.5995e-05 aplicacion_s=4.5609e-05
Archivo LP guardado en: /home/mathiasr/Escritorio/generator-aware-row-scaling/results-revision/research-audit/identifiability-final/R2_S3_coupling/lp/coupling_S3_seed20260916_SAMat.lp
[PREPROC] modo plano: 43 filas tratadas como un unico bloque sin roles (kernel geomean por fila)
[PREPROC PHASES] metadata_s=1.301e-06 diagnostico_s=2.8275e-05 aplicacion_s=3.1438e-05
Archivo LP guardado en: /home/mathiasr/Escritorio/generator-aware-row-scaling/results-revision/research-audit/identifiability-final/R2_S3_coupling/lp/coupling_S3_seed20260916_FlatGM.lp
[PREPROC] modo plano: 43 filas tratadas como un unico bloque sin roles (kernel geomean por fila)
[PREPROC PHASES] metadata_s=1.159e-06 diagnostico_s=2.9238e-05 aplicacion_s=3.062e-05
Archivo LP guardado en: /home/mathiasr/Escritorio/generator-aware-row-scaling/results-revision/research-audit/identifiability-final/R2_S3_coupling/lp/coupling_S3_seed20260916_FlatL2.lp
[PREPROC PHASES] metadata_s=4.9012e-05 diagnostico_s=4.5668e-05 aplicacion_s=4.2716e-05
Archivo LP guardado en: /home/mathiasr/Escritorio/generator-aware-row-scaling/results-revision/research-audit/identifiability-final/R2_S3_coupling/lp/coupling_S3_seed20260916_RoleHybrid.lp
[PREPROC PHASES] metadata_s=4.9253e-05 diagnostico_s=4.571e-05 aplicacion_s=5.7235e-05
Archivo LP guardado en: /home/mathiasr/Escritorio/generator-aware-row-scaling/results-revision/research-audit/identifiability-final/R2_S3_coupling/lp/coupling_S3_seed20260916_SAMatpermB.lp
Archivo LP guardado en: /home/mathiasr/Escritorio/generator-aware-row-scaling/results-revision/research-audit/identifiability-final/R2_S3_coupling/lp/coupling_S3_seed20260917_Base.lp
[PREPROC PHASES] metadata_s=4.8714e-05 diagnostico_s=4.6457e-05 aplicacion_s=4.5595e-05
Archivo LP guardado en: /home/mathiasr/Escritorio/generator-aware-row-scaling/results-revision/research-audit/identifiability-final/R2_S3_coupling/lp/coupling_S3_seed20260917_SAMat.lp
[PREPROC] modo plano: 43 filas tratadas como un unico bloque sin roles (kernel geomean por fila)
[PREPROC PHASES] metadata_s=1.619e-06 diagnostico_s=2.81e-05 aplicacion_s=3.1347e-05
Archivo LP guardado en: /home/mathiasr/Escritorio/generator-aware-row-scaling/results-revision/research-audit/identifiability-final/R2_S3_coupling/lp/coupling_S3_seed20260917_FlatGM.lp
[PREPROC] modo plano: 43 filas tratadas como un unico bloque sin roles (kernel geomean por fila)
[PREPROC PHASES] metadata_s=1.269e-06 diagnostico_s=2.9202e-05 aplicacion_s=3.1452e-05
Archivo LP guardado en: /home/mathiasr/Escritorio/generator-aware-row-scaling/results-revision/research-audit/identifiability-final/R2_S3_coupling/lp/coupling_S3_seed20260917_FlatL2.lp
[PREPROC PHASES] metadata_s=4.9169e-05 diagnostico_s=4.6156e-05 aplicacion_s=4.3287e-05
Archivo LP guardado en: /home/mathiasr/Escritorio/generator-aware-row-scaling/results-revision/research-audit/identifiability-final/R2_S3_coupling/lp/coupling_S3_seed20260917_RoleHybrid.lp
[PREPROC PHASES] metadata_s=4.8644e-05 diagnostico_s=4.6071e-05 aplicacion_s=5.7303e-05
Archivo LP guardado en: /home/mathiasr/Escritorio/generator-aware-row-scaling/results-revision/research-audit/identifiability-final/R2_S3_coupling/lp/coupling_S3_seed20260917_SAMatpermB.lp
Archivo LP guardado en: /home/mathiasr/Escritorio/generator-aware-row-scaling/results-revision/research-audit/identifiability-final/R2_S3_coupling/lp/coupling_S3_seed20260918_Base.lp
[PREPROC PHASES] metadata_s=4.855e-05 diagnostico_s=4.6649e-05 aplicacion_s=4.6265e-05
Archivo LP guardado en: /home/mathiasr/Escritorio/generator-aware-row-scaling/results-revision/research-audit/identifiability-final/R2_S3_coupling/lp/coupling_S3_seed20260918_SAMat.lp
[PREPROC] modo plano: 43 filas tratadas como un unico bloque sin roles (kernel geomean por fila)
[PREPROC PHASES] metadata_s=1.331e-06 diagnostico_s=2.8719e-05 aplicacion_s=3.1537e-05
Archivo LP guardado en: /home/mathiasr/Escritorio/generator-aware-row-scaling/results-revision/research-audit/identifiability-final/R2_S3_coupling/lp/coupling_S3_seed20260918_FlatGM.lp
[PREPROC] modo plano: 43 filas tratadas como un unico bloque sin roles (kernel geomean por fila)
[PREPROC PHASES] metadata_s=1.153e-06 diagnostico_s=2.9464e-05 aplicacion_s=3.1412e-05
Archivo LP guardado en: /home/mathiasr/Escritorio/generator-aware-row-scaling/results-revision/research-audit/identifiability-final/R2_S3_coupling/lp/coupling_S3_seed20260918_FlatL2.lp
[PREPROC PHASES] metadata_s=4.8815e-05 diagnostico_s=4.6173e-05 aplicacion_s=4.2179e-05
Archivo LP guardado en: /home/mathiasr/Escritorio/generator-aware-row-scaling/results-revision/research-audit/identifiability-final/R2_S3_coupling/lp/coupling_S3_seed20260918_RoleHybrid.lp
[PREPROC PHASES] metadata_s=4.8697e-05 diagnostico_s=4.557e-05 aplicacion_s=5.5474e-05
Archivo LP guardado en: /home/mathiasr/Escritorio/generator-aware-row-scaling/results-revision/research-audit/identifiability-final/R2_S3_coupling/lp/coupling_S3_seed20260918_SAMatpermB.lp
[32m[success] Benchmark sintético: 60 corridas (instancia × variante). CSV: /home/mathiasr/Escritorio/generator-aware-row-scaling/results-revision/research-audit/identifiability-final/R2_S3_coupling/metrics.csv[0m
> [32m[success] Saliendo del programa...[0m
[32m[success] SystemController destruido[0m
