[32m[success] SystemController creado[0m
> Archivo LP guardado en: /home/mathiasr/Escritorio/generator-aware-row-scaling/results-revision/research-audit/identifiability-confirmatory/R2_S6_mixed/lp/mixed_S6_seed20260909_Base.lp
[PREPROC PHASES] metadata_s=7.26e-06 diagnostico_s=7.717e-06 aplicacion_s=1.2509e-05
Archivo LP guardado en: /home/mathiasr/Escritorio/generator-aware-row-scaling/results-revision/research-audit/identifiability-confirmatory/R2_S6_mixed/lp/mixed_S6_seed20260909_SAMat.lp
[PREPROC] modo plano: 43 filas tratadas como un unico bloque sin roles (kernel geomean por fila)
[PREPROC PHASES] metadata_s=1.172e-06 diagnostico_s=4.338e-06 aplicacion_s=5.829e-06
Archivo LP guardado en: /home/mathiasr/Escritorio/generator-aware-row-scaling/results-revision/research-audit/identifiability-confirmatory/R2_S6_mixed/lp/mixed_S6_seed20260909_FlatGM.lp
[PREPROC] modo plano: 43 filas tratadas como un unico bloque sin roles (kernel geomean por fila)
[PREPROC PHASES] metadata_s=4.35e-07 diagnostico_s=3.53e-06 aplicacion_s=5.741e-06
Archivo LP guardado en: /home/mathiasr/Escritorio/generator-aware-row-scaling/results-revision/research-audit/identifiability-confirmatory/R2_S6_mixed/lp/mixed_S6_seed20260909_FlatL2.lp
[PREPROC PHASES] metadata_s=7.129e-06 diagnostico_s=6.773e-06 aplicacion_s=7.002e-06
Archivo LP guardado en: /home/mathiasr/Escritorio/generator-aware-row-scaling/results-revision/research-audit/identifiability-confirmatory/R2_S6_mixed/lp/mixed_S6_seed20260909_RoleHybrid.lp
[PREPROC PHASES] metadata_s=8.03e-06 diagnostico_s=6.342e-06 aplicacion_s=1.2577e-05
Archivo LP guardado en: /home/mathiasr/Escritorio/generator-aware-row-scaling/results-revision/research-audit/identifiability-confirmatory/R2_S6_mixed/lp/mixed_S6_seed20260909_SAMatpermB.lp
Archivo LP guardado en: /home/mathiasr/Escritorio/generator-aware-row-scaling/results-revision/research-audit/identifiability-confirmatory/R2_S6_mixed/lp/mixed_S6_seed20260910_Base.lp
[PREPROC PHASES] metadata_s=7.06e-06 diagnostico_s=6.415e-06 aplicacion_s=8.023e-06
Archivo LP guardado en: /home/mathiasr/Escritorio/generator-aware-row-scaling/results-revision/research-audit/identifiability-confirmatory/R2_S6_mixed/lp/mixed_S6_seed20260910_SAMat.lp
[PREPROC] modo plano: 43 filas tratadas como un unico bloque sin roles (kernel geomean por fila)
[PREPROC PHASES] metadata_s=4.72e-07 diagnostico_s=3.667e-06 aplicacion_s=5.652e-06
Archivo LP guardado en: /home/mathiasr/Escritorio/generator-aware-row-scaling/results-revision/research-audit/identifiability-confirmatory/R2_S6_mixed/lp/mixed_S6_seed20260910_FlatGM.lp
[PREPROC] modo plano: 43 filas tratadas como un unico bloque sin roles (kernel geomean por fila)
[PREPROC PHASES] metadata_s=4.27e-07 diagnostico_s=3.448e-06 aplicacion_s=5.16e-06
Archivo LP guardado en: /home/mathiasr/Escritorio/generator-aware-row-scaling/results-revision/research-audit/identifiability-confirmatory/R2_S6_mixed/lp/mixed_S6_seed20260910_FlatL2.lp
[PREPROC PHASES] metadata_s=7.367e-06 diagnostico_s=6.123e-06 aplicacion_s=6.11e-06
Archivo LP guardado en: /home/mathiasr/Escritorio/generator-aware-row-scaling/results-revision/research-audit/identifiability-confirmatory/R2_S6_mixed/lp/mixed_S6_seed20260910_RoleHybrid.lp
[PREPROC PHASES] metadata_s=8.042e-06 diagnostico_s=6.705e-06 aplicacion_s=1.1202e-05
Archivo LP guardado en: /home/mathiasr/Escritorio/generator-aware-row-scaling/results-revision/research-audit/identifiability-confirmatory/R2_S6_mixed/lp/mixed_S6_seed20260910_SAMatpermB.lp
Archivo LP guardado en: /home/mathiasr/Escritorio/generator-aware-row-scaling/results-revision/research-audit/identifiability-confirmatory/R2_S6_mixed/lp/mixed_S6_seed20260911_Base.lp
[PREPROC PHASES] metadata_s=7.113e-06 diagnostico_s=6.576e-06 aplicacion_s=7.419e-06
Archivo LP guardado en: /home/mathiasr/Escritorio/generator-aware-row-scaling/results-revision/research-audit/identifiability-confirmatory/R2_S6_mixed/lp/mixed_S6_seed20260911_SAMat.lp
[PREPROC] modo plano: 43 filas tratadas como un unico bloque sin roles (kernel geomean por fila)
[PREPROC PHASES] metadata_s=4.55e-07 diagnostico_s=3.104e-06 aplicacion_s=5.767e-06
Archivo LP guardado en: /home/mathiasr/Escritorio/generator-aware-row-scaling/results-revision/research-audit/identifiability-confirmatory/R2_S6_mixed/lp/mixed_S6_seed20260911_FlatGM.lp
[PREPROC] modo plano: 43 filas tratadas como un unico bloque sin roles (kernel geomean por fila)
[PREPROC PHASES] metadata_s=3.86e-07 diagnostico_s=2.89e-06 aplicacion_s=5.53e-06
Archivo LP guardado en: /home/mathiasr/Escritorio/generator-aware-row-scaling/results-revision/research-audit/identifiability-confirmatory/R2_S6_mixed/lp/mixed_S6_seed20260911_FlatL2.lp
[PREPROC PHASES] metadata_s=7.197e-06 diagnostico_s=6.236e-06 aplicacion_s=6.154e-06
Archivo LP guardado en: /home/mathiasr/Escritorio/generator-aware-row-scaling/results-revision/research-audit/identifiability-confirmatory/R2_S6_mixed/lp/mixed_S6_seed20260911_RoleHybrid.lp
[PREPROC PHASES] metadata_s=6.923e-06 diagnostico_s=5.863e-06 aplicacion_s=1.1651e-05
Archivo LP guardado en: /home/mathiasr/Escritorio/generator-aware-row-scaling/results-revision/research-audit/identifiability-confirmatory/R2_S6_mixed/lp/mixed_S6_seed20260911_SAMatpermB.lp
Archivo LP guardado en: /home/mathiasr/Escritorio/generator-aware-row-scaling/results-revision/research-audit/identifiability-confirmatory/R2_S6_mixed/lp/mixed_S6_seed20260912_Base.lp
[PREPROC PHASES] metadata_s=7.101e-06 diagnostico_s=6.141e-06 aplicacion_s=7.166e-06
Archivo LP guardado en: /home/mathiasr/Escritorio/generator-aware-row-scaling/results-revision/research-audit/identifiability-confirmatory/R2_S6_mixed/lp/mixed_S6_seed20260912_SAMat.lp
[PREPROC] modo plano: 43 filas tratadas como un unico bloque sin roles (kernel geomean por fila)
[PREPROC PHASES] metadata_s=4.31e-07 diagnostico_s=3.64e-06 aplicacion_s=5.199e-06
Archivo LP guardado en: /home/mathiasr/Escritorio/generator-aware-row-scaling/results-revision/research-audit/identifiability-confirmatory/R2_S6_mixed/lp/mixed_S6_seed20260912_FlatGM.lp
[PREPROC] modo plano: 43 filas tratadas como un unico bloque sin roles (kernel geomean por fila)
[PREPROC PHASES] metadata_s=3.27e-07 diagnostico_s=3.41e-06 aplicacion_s=5.465e-06
Archivo LP guardado en: /home/mathiasr/Escritorio/generator-aware-row-scaling/results-revision/research-audit/identifiability-confirmatory/R2_S6_mixed/lp/mixed_S6_seed20260912_FlatL2.lp
[PREPROC PHASES] metadata_s=7.023e-06 diagnostico_s=6.059e-06 aplicacion_s=6.173e-06
Archivo LP guardado en: /home/mathiasr/Escritorio/generator-aware-row-scaling/results-revision/research-audit/identifiability-confirmatory/R2_S6_mixed/lp/mixed_S6_seed20260912_RoleHybrid.lp
[PREPROC PHASES] metadata_s=7.052e-06 diagnostico_s=5.915e-06 aplicacion_s=1.1225e-05
Archivo LP guardado en: /home/mathiasr/Escritorio/generator-aware-row-scaling/results-revision/research-audit/identifiability-confirmatory/R2_S6_mixed/lp/mixed_S6_seed20260912_SAMatpermB.lp
Archivo LP guardado en: /home/mathiasr/Escritorio/generator-aware-row-scaling/results-revision/research-audit/identifiability-confirmatory/R2_S6_mixed/lp/mixed_S6_seed20260913_Base.lp
[PREPROC PHASES] metadata_s=7.122e-06 diagnostico_s=6.297e-06 aplicacion_s=6.938e-06
Archivo LP guardado en: /home/mathiasr/Escritorio/generator-aware-row-scaling/results-revision/research-audit/identifiability-confirmatory/R2_S6_mixed/lp/mixed_S6_seed20260913_SAMat.lp
[PREPROC] modo plano: 43 filas tratadas como un unico bloque sin roles (kernel geomean por fila)
[PREPROC PHASES] metadata_s=4.14e-07 diagnostico_s=3.158e-06 aplicacion_s=5.599e-06
Archivo LP guardado en: /home/mathiasr/Escritorio/generator-aware-row-scaling/results-revision/research-audit/identifiability-confirmatory/R2_S6_mixed/lp/mixed_S6_seed20260913_FlatGM.lp
[PREPROC] modo plano: 43 filas tratadas como un unico bloque sin roles (kernel geomean por fila)
[PREPROC PHASES] metadata_s=4.79e-07 diagnostico_s=3.484e-06 aplicacion_s=5.453e-06
Archivo LP guardado en: /home/mathiasr/Escritorio/generator-aware-row-scaling/results-revision/research-audit/identifiability-confirmatory/R2_S6_mixed/lp/mixed_S6_seed20260913_FlatL2.lp
[PREPROC PHASES] metadata_s=7.082e-06 diagnostico_s=6.356e-06 aplicacion_s=6.57e-06
Archivo LP guardado en: /home/mathiasr/Escritorio/generator-aware-row-scaling/results-revision/research-audit/identifiability-confirmatory/R2_S6_mixed/lp/mixed_S6_seed20260913_RoleHybrid.lp
[PREPROC PHASES] metadata_s=7e-06 diagnostico_s=6.295e-06 aplicacion_s=1.1099e-05
Archivo LP guardado en: /home/mathiasr/Escritorio/generator-aware-row-scaling/results-revision/research-audit/identifiability-confirmatory/R2_S6_mixed/lp/mixed_S6_seed20260913_SAMatpermB.lp
Archivo LP guardado en: /home/mathiasr/Escritorio/generator-aware-row-scaling/results-revision/research-audit/identifiability-confirmatory/R2_S6_mixed/lp/mixed_S6_seed20260914_Base.lp
[PREPROC PHASES] metadata_s=7.122e-06 diagnostico_s=6.066e-06 aplicacion_s=6.834e-06
Archivo LP guardado en: /home/mathiasr/Escritorio/generator-aware-row-scaling/results-revision/research-audit/identifiability-confirmatory/R2_S6_mixed/lp/mixed_S6_seed20260914_SAMat.lp
[PREPROC] modo plano: 43 filas tratadas como un unico bloque sin roles (kernel geomean por fila)
[PREPROC PHASES] metadata_s=4.8e-07 diagnostico_s=2.922e-06 aplicacion_s=5.267e-06
Archivo LP guardado en: /home/mathiasr/Escritorio/generator-aware-row-scaling/results-revision/research-audit/identifiability-confirmatory/R2_S6_mixed/lp/mixed_S6_seed20260914_FlatGM.lp
[PREPROC] modo plano: 43 filas tratadas como un unico bloque sin roles (kernel geomean por fila)
[PREPROC PHASES] metadata_s=3.24e-07 diagnostico_s=3.349e-06 aplicacion_s=5.603e-06
Archivo LP guardado en: /home/mathiasr/Escritorio/generator-aware-row-scaling/results-revision/research-audit/identifiability-confirmatory/R2_S6_mixed/lp/mixed_S6_seed20260914_FlatL2.lp
[PREPROC PHASES] metadata_s=7.12e-06 diagnostico_s=5.991e-06 aplicacion_s=6.326e-06
Archivo LP guardado en: /home/mathiasr/Escritorio/generator-aware-row-scaling/results-revision/research-audit/identifiability-confirmatory/R2_S6_mixed/lp/mixed_S6_seed20260914_RoleHybrid.lp
[PREPROC PHASES] metadata_s=7.237e-06 diagnostico_s=5.905e-06 aplicacion_s=1.0841e-05
Archivo LP guardado en: /home/mathiasr/Escritorio/generator-aware-row-scaling/results-revision/research-audit/identifiability-confirmatory/R2_S6_mixed/lp/mixed_S6_seed20260914_SAMatpermB.lp
Archivo LP guardado en: /home/mathiasr/Escritorio/generator-aware-row-scaling/results-revision/research-audit/identifiability-confirmatory/R2_S6_mixed/lp/mixed_S6_seed20260915_Base.lp
[PREPROC PHASES] metadata_s=7.099e-06 diagnostico_s=6.633e-06 aplicacion_s=6.535e-06
Archivo LP guardado en: /home/mathiasr/Escritorio/generator-aware-row-scaling/results-revision/research-audit/identifiability-confirmatory/R2_S6_mixed/lp/mixed_S6_seed20260915_SAMat.lp
[PREPROC] modo plano: 43 filas tratadas como un unico bloque sin roles (kernel geomean por fila)
[PREPROC PHASES] metadata_s=4.36e-07 diagnostico_s=3.015e-06 aplicacion_s=5.207e-06
Archivo LP guardado en: /home/mathiasr/Escritorio/generator-aware-row-scaling/results-revision/research-audit/identifiability-confirmatory/R2_S6_mixed/lp/mixed_S6_seed20260915_FlatGM.lp
[PREPROC] modo plano: 43 filas tratadas como un unico bloque sin roles (kernel geomean por fila)
[PREPROC PHASES] metadata_s=3.65e-07 diagnostico_s=3.404e-06 aplicacion_s=5.621e-06
Archivo LP guardado en: /home/mathiasr/Escritorio/generator-aware-row-scaling/results-revision/research-audit/identifiability-confirmatory/R2_S6_mixed/lp/mixed_S6_seed20260915_FlatL2.lp
[PREPROC PHASES] metadata_s=7.093e-06 diagnostico_s=6.498e-06 aplicacion_s=6.486e-06
Archivo LP guardado en: /home/mathiasr/Escritorio/generator-aware-row-scaling/results-revision/research-audit/identifiability-confirmatory/R2_S6_mixed/lp/mixed_S6_seed20260915_RoleHybrid.lp
[PREPROC PHASES] metadata_s=7.087e-06 diagnostico_s=6.794e-06 aplicacion_s=1.0897e-05
Archivo LP guardado en: /home/mathiasr/Escritorio/generator-aware-row-scaling/results-revision/research-audit/identifiability-confirmatory/R2_S6_mixed/lp/mixed_S6_seed20260915_SAMatpermB.lp
Archivo LP guardado en: /home/mathiasr/Escritorio/generator-aware-row-scaling/results-revision/research-audit/identifiability-confirmatory/R2_S6_mixed/lp/mixed_S6_seed20260916_Base.lp
[PREPROC PHASES] metadata_s=6.957e-06 diagnostico_s=6.337e-06 aplicacion_s=6.891e-06
Archivo LP guardado en: /home/mathiasr/Escritorio/generator-aware-row-scaling/results-revision/research-audit/identifiability-confirmatory/R2_S6_mixed/lp/mixed_S6_seed20260916_SAMat.lp
[PREPROC] modo plano: 43 filas tratadas como un unico bloque sin roles (kernel geomean por fila)
[PREPROC PHASES] metadata_s=4.46e-07 diagnostico_s=2.909e-06 aplicacion_s=5.283e-06
Archivo LP guardado en: /home/mathiasr/Escritorio/generator-aware-row-scaling/results-revision/research-audit/identifiability-confirmatory/R2_S6_mixed/lp/mixed_S6_seed20260916_FlatGM.lp
[PREPROC] modo plano: 43 filas tratadas como un unico bloque sin roles (kernel geomean por fila)
[PREPROC PHASES] metadata_s=3.48e-07 diagnostico_s=3.54e-06 aplicacion_s=5.503e-06
Archivo LP guardado en: /home/mathiasr/Escritorio/generator-aware-row-scaling/results-revision/research-audit/identifiability-confirmatory/R2_S6_mixed/lp/mixed_S6_seed20260916_FlatL2.lp
[PREPROC PHASES] metadata_s=7.156e-06 diagnostico_s=6.152e-06 aplicacion_s=6.118e-06
Archivo LP guardado en: /home/mathiasr/Escritorio/generator-aware-row-scaling/results-revision/research-audit/identifiability-confirmatory/R2_S6_mixed/lp/mixed_S6_seed20260916_RoleHybrid.lp
[PREPROC PHASES] metadata_s=7.032e-06 diagnostico_s=6.053e-06 aplicacion_s=1.0857e-05
Archivo LP guardado en: /home/mathiasr/Escritorio/generator-aware-row-scaling/results-revision/research-audit/identifiability-confirmatory/R2_S6_mixed/lp/mixed_S6_seed20260916_SAMatpermB.lp
Archivo LP guardado en: /home/mathiasr/Escritorio/generator-aware-row-scaling/results-revision/research-audit/identifiability-confirmatory/R2_S6_mixed/lp/mixed_S6_seed20260917_Base.lp
[PREPROC PHASES] metadata_s=7.16e-06 diagnostico_s=6.273e-06 aplicacion_s=7.058e-06
Archivo LP guardado en: /home/mathiasr/Escritorio/generator-aware-row-scaling/results-revision/research-audit/identifiability-confirmatory/R2_S6_mixed/lp/mixed_S6_seed20260917_SAMat.lp
[PREPROC] modo plano: 43 filas tratadas como un unico bloque sin roles (kernel geomean por fila)
[PREPROC PHASES] metadata_s=4.44e-07 diagnostico_s=2.969e-06 aplicacion_s=5.397e-06
Archivo LP guardado en: /home/mathiasr/Escritorio/generator-aware-row-scaling/results-revision/research-audit/identifiability-confirmatory/R2_S6_mixed/lp/mixed_S6_seed20260917_FlatGM.lp
[PREPROC] modo plano: 43 filas tratadas como un unico bloque sin roles (kernel geomean por fila)
[PREPROC PHASES] metadata_s=3.96e-07 diagnostico_s=3.614e-06 aplicacion_s=5.651e-06
Archivo LP guardado en: /home/mathiasr/Escritorio/generator-aware-row-scaling/results-revision/research-audit/identifiability-confirmatory/R2_S6_mixed/lp/mixed_S6_seed20260917_FlatL2.lp
[PREPROC PHASES] metadata_s=7.096e-06 diagnostico_s=6.268e-06 aplicacion_s=6.205e-06
Archivo LP guardado en: /home/mathiasr/Escritorio/generator-aware-row-scaling/results-revision/research-audit/identifiability-confirmatory/R2_S6_mixed/lp/mixed_S6_seed20260917_RoleHybrid.lp
[PREPROC PHASES] metadata_s=7.267e-06 diagnostico_s=5.977e-06 aplicacion_s=1.1686e-05
Archivo LP guardado en: /home/mathiasr/Escritorio/generator-aware-row-scaling/results-revision/research-audit/identifiability-confirmatory/R2_S6_mixed/lp/mixed_S6_seed20260917_SAMatpermB.lp
Archivo LP guardado en: /home/mathiasr/Escritorio/generator-aware-row-scaling/results-revision/research-audit/identifiability-confirmatory/R2_S6_mixed/lp/mixed_S6_seed20260918_Base.lp
[PREPROC PHASES] metadata_s=7.978e-06 diagnostico_s=7.02e-06 aplicacion_s=6.855e-06
Archivo LP guardado en: /home/mathiasr/Escritorio/generator-aware-row-scaling/results-revision/research-audit/identifiability-confirmatory/R2_S6_mixed/lp/mixed_S6_seed20260918_SAMat.lp
[PREPROC] modo plano: 43 filas tratadas como un unico bloque sin roles (kernel geomean por fila)
[PREPROC PHASES] metadata_s=3.84e-07 diagnostico_s=2.89e-06 aplicacion_s=5.674e-06
Archivo LP guardado en: /home/mathiasr/Escritorio/generator-aware-row-scaling/results-revision/research-audit/identifiability-confirmatory/R2_S6_mixed/lp/mixed_S6_seed20260918_FlatGM.lp
[PREPROC] modo plano: 43 filas tratadas como un unico bloque sin roles (kernel geomean por fila)
[PREPROC PHASES] metadata_s=3.15e-07 diagnostico_s=3.4e-06 aplicacion_s=5.582e-06
Archivo LP guardado en: /home/mathiasr/Escritorio/generator-aware-row-scaling/results-revision/research-audit/identifiability-confirmatory/R2_S6_mixed/lp/mixed_S6_seed20260918_FlatL2.lp
[PREPROC PHASES] metadata_s=6.998e-06 diagnostico_s=6.478e-06 aplicacion_s=6.015e-06
Archivo LP guardado en: /home/mathiasr/Escritorio/generator-aware-row-scaling/results-revision/research-audit/identifiability-confirmatory/R2_S6_mixed/lp/mixed_S6_seed20260918_RoleHybrid.lp
[PREPROC PHASES] metadata_s=7.189e-06 diagnostico_s=6.645e-06 aplicacion_s=1.1067e-05
Archivo LP guardado en: /home/mathiasr/Escritorio/generator-aware-row-scaling/results-revision/research-audit/identifiability-confirmatory/R2_S6_mixed/lp/mixed_S6_seed20260918_SAMatpermB.lp
[32m[success] Benchmark sintético: 60 corridas (instancia × variante). CSV: /home/mathiasr/Escritorio/generator-aware-row-scaling/results-revision/research-audit/identifiability-confirmatory/R2_S6_mixed/metrics.csv[0m
> [32m[success] Saliendo del programa...[0m
[32m[success] SystemController destruido[0m
