[32m[success] SystemController creado[0m
> [32m[success] El programa se ha iniciado correctamente[0m
> > [34m[info] Agregando agente Salto Grande[0m
[34m[info] Ingrese costo de agua de Salto Grande:[0m
[34m[info] Ingrese volumen inicial de Salto Grande:[0m
[34m[info] Ingrese aportes de Salto Grande en una sola línea (360 valores):[0m
[info] SaltoGrande: activación de tramos de altura horaria
[32m[success] Se ha creado el agente 'Salto Grande' exitosamente[0m
> > [34m[info] Agregando agente Unidad Térmica Simple[0m
[34m[info] Ingrese potencia máxima de la unidad térmica simple:[0m
[34m[info] Ingrese costo variable de la unidad térmica simple:[0m
[32m[success] Se ha creado el agente 'Unidad Térmica Simple' exitosamente[0m
> > [34m[info] Agregando agente Demanda Fija[0m
[34m[info] Ingrese demandas en una sola línea (360 valores):[0m
[32m[success] Se ha creado el agente 'Demanda Fija' exitosamente[0m
> > [34m[info] Creando despacho de mercado[0m
[34m[info] Modo: despacho de mercado con demanda total explícita[0m
[34m[info] Ingrese cantidad de tramos del despacho de mercado:[0m
[34m[info] Ingrese porcentajes acumulados de los tramos en una sola línea (4 valores):[0m
[34m[info] Ingrese costos marginales de los tramos en una sola línea (4 valores):[0m
[34m[info] Ingrese demanda total en una sola línea (360 valores):[0m
[32m[success] Se ha creado el despacho de mercado exitosamente[0m
> > Set parameter WLSAccessID
Set parameter WLSSecret
Set parameter LicenseID to value 2849920
Academic license 2849920 - for non-commercial use only - registered to ma___@fing.edu.uy
[32m[success] Solver 'Gurobi' configurado | timeout=1800s | mipgap=0.01[0m
> [DEBUG Despacho] j=0 idGen=1 coefParticipacionDespacho=0.5
[DEBUG Despacho] j=1 idGen=2 coefParticipacionDespacho=1

[DEBUG Despacho] Cantidad de generadores = 2
[DEBUG Despacho] j=0 puntero=0xcd2300 idGen=1 coefParticipacionDespacho=0.5
[DEBUG Despacho] j=1 puntero=0xcd2510 idGen=2 coefParticipacionDespacho=1

------------------------------------------------------------
  PREPROCESAMIENTO MIP - Diagnostico Numerico
------------------------------------------------------------
Rango de coeficientes (toda la matriz):
  max |coef| = 1.224e+10
  min |coef| = 4.831e-04
  proxy rango= 2.535e+13

Diagnostico por bloque:
Bloque              max|coef|      min|coef|      kappa_aprox   vars    alpha     beta      cols      disc_omit aux_omit  escalado
------------------------------------------------------------------------------------------------------------------------------
a1_                 1.224e+10      4.831e-04      2.53e+13      5040    1.00e+00  1.00e+00  0         0         0         no
a2_                 sin filas      sin filas      N/A           360     1.00e+00  1.00e+00  0         0         0         no  (sin filas locales; aporta g2 al despacho)

Restriccion(es) global(es): 2160 fila(s)
  acoplamiento balance = 360 fila(s)
  global no acoplante  = 1800 fila(s)
  rho aprox (solo acoplamiento) = 1.000e+00
  gamma acoplamiento   = 1.000000
  gamma candidato      = 1.000000
  filas acop. escaladas= no
  filas normaliz. fisica= 0
  motivo gamma=1       = rho bajo; no se escala la fila de acoplamiento

ADVERTENCIAS:
  [!] Rango de coeficientes elevado (25345489906322). Riesgo de sensibilidad numerica.
  [!] Bloque 'a1_' internamente mal escalado (kappa~25345489906322). Conviene comparar equilibrado interno por filas/columnas.

[Modo diagnostico: no se modifico el modelo]
------------------------------------------------------------

[32m[success] Diagnostico completado (modelo sin modificar).[0m
> [MODELO] rows=10080 cols=6120 nnz=22679
[pipeline] Preprocesamiento seleccionado: Ninguno
[pipeline] Modelo interno sin modificaciones de preprocesamiento.
[pipeline] Estrategia de resolucion seleccionada: Monolitica
[pipeline] Resolviendo monoliticamente.
Set parameter TimeLimit to value 1800
Set parameter MIPGap to value 0.01
Set parameter Seed to value 42
Set parameter Threads to value 16
Gurobi Optimizer version 13.0.1 build v13.0.1rc0 (linux64 - "Debian GNU/Linux 12 (bookworm)")

CPU model: Intel(R) Xeon(R) Gold 6138 CPU @ 2.00GHz, instruction set [SSE2|AVX|AVX2|AVX512]
Thread count: 40 physical cores, 40 logical processors, using up to 16 threads

Non-default parameters:
TimeLimit  1800
MIPGap  0.01
Seed  42
Threads  16

Academic license 2849920 - for non-commercial use only - registered to ma___@fing.edu.uy
Optimize a model with 10080 rows, 6120 columns and 22679 nonzeros (Min)
Model fingerprint: 0x285f0847
Model has 721 linear objective coefficients
Variable types: 4680 continuous, 1440 integer (1440 binary)
Coefficient statistics:
  Matrix range     [5e-04, 1e+10]
  Objective range  [3e-03, 1e+02]
  Bounds range     [1e+00, 4e+09]
  RHS range        [4e+01, 1e+10]
Warning: Model contains large matrix coefficient range
Warning: Model contains large rhs
Warning: Model contains large bounds
         Consider reformulating model or setting NumericFocus parameter
         to avoid numerical issues.

Found heuristic solution: objective 6.002862e+08
Presolve removed 1168 rows and 390 columns
Presolve time: 0.09s
Presolved: 8912 rows, 5730 columns, 21367 nonzeros
Variable types: 4305 continuous, 1425 integer (1425 binary)

Root relaxation: objective 1.699947e+05, 6665 iterations, 0.12 seconds (0.13 work units)

    Nodes    |    Current Node    |     Objective Bounds      |     Work
 Expl Unexpl |  Obj  Depth IntInf | Incumbent    BestBd   Gap | It/Node Time

     0     0 169994.691    0  927 6.0029e+08 169994.691   100%     -    0s
H    0     0                    9301474.8575 169994.691  98.2%     -    0s
H    0     0                    431072.29959 213135.049  50.6%     -    0s
     0     0 213135.049    0 1016 431072.300 213135.049  50.6%     -    0s
     0     0 213836.354    0 1022 431072.300 213836.354  50.4%     -    0s
     0     0 213836.354    0 1022 431072.300 213836.354  50.4%     -    0s
H    0     0                    430113.24610 221863.044  48.4%     -    1s
     0     0 221863.044    0 1028 430113.246 221863.044  48.4%     -    1s
     0     0 222240.241    0 1027 430113.246 222240.241  48.3%     -    1s
     0     0 222240.241    0 1027 430113.246 222240.241  48.3%     -    1s
H    0     0                    426316.47052 222240.241  47.9%     -    1s
     0     0 223948.364    0 1031 426316.471 223948.364  47.5%     -    1s
     0     0 224330.679    0 1027 426316.471 224330.679  47.4%     -    1s
     0     0 231390.569    0 1025 426316.471 231390.569  45.7%     -    1s
H    0     0                    426155.91089 231390.569  45.7%     -    1s
     0     0 232689.302    0 1025 426155.911 232689.302  45.4%     -    1s
     0     0 232689.302    0 1020 426155.911 232689.302  45.4%     -    2s
     0     0 232689.302    0 1020 426155.911 232689.302  45.4%     -    2s
     0     0 232689.302    0 1020 426155.911 232689.302  45.4%     -    2s
     0     2 232689.302    0 1020 426155.911 232689.302  45.4%     -    2s
H    3     2                    425834.79164 232689.302  45.4%   812    3s
H   13     4                    421766.93061 232689.302  44.8%   934    4s
H   25     4                    420322.86340 232689.302  44.6%   855    4s
H   26     4                    419973.37794 232689.302  44.6%   822    4s
    29     4 232689.302   10 1010 419973.378 232689.302  44.6%   844    5s
H   83     6                    418987.10396 232689.302  44.5%   695    6s
H   86     6                    418227.23144 232689.302  44.4%   671    6s
   395    30 345598.639   92  379 418227.231 244088.202  41.6%   453   10s
H  503    23                    418066.67182 244088.202  41.6%   382   10s
H  522    23                    417906.11220 244088.202  41.6%   376   10s
H 1246   214                    417745.55258 255006.952  39.0%   232   12s
H 2420   498                    417584.99295 260348.975  37.7%   148   14s
H 2424   524                    417561.17434 260348.975  37.7%   148   14s
H 2453   524                    417336.18968 260348.975  37.6%   146   14s
H 2477   524                    416847.33489 260348.975  37.5%   145   14s
  2837   820 266693.118  132  879 416847.335 266693.118  36.0%   129   15s
H 3826  1017                    416375.47933 273246.828  34.4%   106   18s
H 3826   664                    411047.90060 273246.828  33.5%   106   19s
  3827   649 391077.661  177 1020 411047.901 273246.828  33.5%   106   21s
  3835   654 385329.394  224 1285 411047.901 273246.828  33.5%   106   25s
  3845   656 273246.828   13 1279 411047.901 273246.828  33.5%   110   30s
  4215   669 396398.009   48  356 411047.901 273246.828  33.5%   121   35s
H 4363   622                    410887.34098 273246.828  33.5%   119   35s
  6022   902 400701.474   97  289 410887.341 273246.828  33.5%   102   40s
H 7648  1405                    410795.62521 273246.828  33.5%  95.6   43s
  8063  1498 340911.028   66  763 410795.625 273246.828  33.5%  95.7   45s
 10152  2249     cutoff  142      410795.625 273246.828  33.5%  99.1   50s
H11362  3259                    410775.55022 277300.578  32.5%  94.7   51s
 12964  4127 286792.226  123  740 410775.550 282569.352  31.2%  87.6   55s
 20144  7806 389381.148  331   98 410775.550 295707.012  28.0%  67.1   60s
 20804  9327 302174.002  169  904 410775.550 295707.012  28.0%  66.3   65s
 29112 12345 390683.879  212  282 410775.550 309125.938  24.7%  55.2   70s
 34758 15014 397756.590  221  262 410775.550 312829.673  23.8%  52.6   75s
H37990 15666                    410767.71433 314159.340  23.5%  50.7   78s
 38001 16384 398872.349  154  319 410767.714 314159.340  23.5%  50.7   80s
 42620 17644 400162.111  327 1020 410767.714 315330.475  23.2%  48.9  106s
 42626 17648 400119.458  195 1270 410767.714 315330.475  23.2%  48.9  110s
 42632 17652 382742.773  201 1213 410767.714 315330.475  23.2%  48.9  115s
 42639 17657 390683.721  293 1218 410767.714 315330.475  23.2%  48.9  120s
 42641 17658 384280.767  160 1218 410767.714 315330.475  23.2%  48.9  125s
 42663 17656 315330.475   32 1221 410767.714 315330.475  23.2%  49.8  130s
 42805 17606 315330.475   54 1186 410767.714 315330.475  23.2%  51.0  135s
 42973 17566     cutoff   73      410767.714 315330.475  23.2%  52.7  140s
 43348 17497 326305.513   89  533 410767.714 315330.475  23.2%  55.7  145s
 43799 17553 333806.616  107  490 410767.714 315330.475  23.2%  56.8  150s
 44761 17847 357674.675  156  357 410767.714 315330.475  23.2%  58.0  155s
 47073 18489 336216.982  186  481 410767.714 315330.475  23.2%  59.2  160s
 49502 18273 406383.815  161  293 410767.714 317399.417  22.7%  61.2  165s
 50470 18178 388717.828  103  408 410767.714 323892.228  21.1%  62.6  170s
 51363 18259 infeasible  102      410767.714 326882.221  20.4%  63.0  175s
 54579 17969 406485.250  144  189 410767.714 337289.490  17.9%  65.2  180s
 57415 17890     cutoff  118      410767.714 346745.506  15.6%  66.1  185s
 62206 17713 397687.902  241  177 410767.714 354369.875  13.7%  65.5  191s
 64738 17695 409833.047  193  180 410767.714 356912.299  13.1%  66.1  195s
 70721 17532 390279.544  250  160 410767.714 362099.599  11.8%  64.2  200s
 75459 17050 401163.797  206  155 410767.714 365803.614  10.9%  63.5  205s
 79002 17013 401859.992  184  213 410767.714 367579.117  10.5%  63.0  210s
 83919 17538 377386.981  152  339 410767.714 370370.728  9.83%  62.0  216s
 90497 16428 375235.433  151  350 410767.714 372911.552  9.22%  60.3  220s
 96111 15824 403585.869  177  172 410767.714 374836.867  8.75%  59.3  226s
 100726 16818 394970.709  247  132 410767.714 376372.853  8.37%  58.4  230s
 105377 18170 393109.644  160  226 410767.714 377658.041  8.06%  57.4  236s
 112048 19141     cutoff  188      410767.714 379622.046  7.58%  56.7  241s
 117076 20179 infeasible   97      410767.714 380812.997  7.29%  55.9  245s
 120874 21407     cutoff  151      410767.714 381452.901  7.14%  55.5  250s
 125475 22667 394983.143  140  384 410767.714 382075.169  6.99%  54.9  255s
 132362 24036 407464.103  218  142 410767.714 383273.044  6.69%  54.1  260s
 137082 25520 391291.895  110  404 410767.714 383954.894  6.53%  53.8  265s
 141215 26436 401025.908  120  256 410767.714 384554.391  6.38%  53.3  270s
 147388 28015 394748.746  172  274 410767.714 385236.035  6.22%  52.8  275s
 150756 28921 405892.831  122  357 410767.714 385668.706  6.11%  52.5  281s
 157342 30159 389719.976  114  296 410767.714 386353.728  5.94%  52.1  285s
 161867 31240 403476.912  174  271 410767.714 386758.960  5.84%  51.7  290s
 169673 32775 395464.415  152  224 410767.714 387492.261  5.67%  51.0  296s
 173851 33873 390409.602  280  103 410767.714 387800.190  5.59%  50.9  301s
 179188 35394 397995.170  132  260 410767.714 388263.442  5.48%  50.5  306s
 183832 36388 infeasible  219      410767.714 388656.799  5.38%  50.2  311s
 188843 37368 401208.583  126  314 410767.714 388960.071  5.31%  49.9  315s
 193910 38660     cutoff  118      410767.714 389436.624  5.19%  49.7  322s
 198799 39441 405940.435  261   93 410767.714 389708.932  5.13%  49.5  325s
 204075 40733 406171.056  169  184 410767.714 390121.461  5.03%  49.3  330s
 209814 41978 405235.937  148  343 410767.714 390498.274  4.93%  49.2  336s
 214714 43751 398886.126  135  362 410767.714 390792.619  4.86%  49.1  343s
 219886 44310     cutoff  171      410767.714 391131.258  4.78%  48.9  346s
 223568 45208 395326.834  151  330 410767.714 391302.752  4.74%  48.8  351s
 228570 46349 402091.951  252  118 410767.714 391546.935  4.68%  48.7  355s
 233748 47480 402984.746  276   80 410767.714 391896.939  4.59%  48.6  360s
 238916 48742 399364.421  154  243 410767.714 392134.568  4.54%  48.5  365s
 243245 49541 394474.260  108  442 410767.714 392366.733  4.48%  48.4  370s
 249760 51084 409866.310  115  380 410767.714 392694.673  4.40%  48.3  376s
 254810 52035 408043.217  148  228 410767.714 392912.607  4.35%  48.2  380s
 259602 52826     cutoff  167      410767.714 393042.736  4.32%  48.2  386s
 263829 53801 410636.885  313   22 410767.714 393281.559  4.26%  48.3  391s
 267968 54793 397237.424  175  256 410767.714 393443.011  4.22%  48.3  396s
 273049 55868 402057.887  118  361 410767.714 393685.838  4.16%  48.4  401s
 277913 56949 407141.920  262  138 410767.714 393831.703  4.12%  48.4  406s
 280304 56965 405863.653  192  205 410767.714 393956.216  4.09%  48.3  410s
 281289 57389 410112.045  135  234 410767.714 393972.227  4.09%  48.4  415s
 287598 58869 409471.657  155  277 410767.714 394243.271  4.02%  48.2  420s
 290881 59478     cutoff  120      410767.714 394352.061  4.00%  48.2  425s
 292567 60407     cutoff  147      410767.714 394385.594  3.99%  48.2  430s
 298111 61583 infeasible  144      410767.714 394558.566  3.95%  48.2  436s
 302629 62211 404560.674  159  278 410767.714 394688.998  3.91%  48.2  440s
 307549 63289     cutoff  103      410767.714 394834.833  3.88%  48.1  445s
 313516 64714     cutoff  168      410767.714 395015.651  3.83%  48.1  451s
 316500 65417 409604.370  144  210 410767.714 395081.940  3.82%  48.1  456s
 321244 66503 409151.935  164  214 410767.714 395188.471  3.79%  48.1  461s
 326079 67477 401093.473  232  102 410767.714 395318.750  3.76%  48.1  465s
 330442 68231 399196.567  130  307 410767.714 395429.579  3.73%  48.0  470s
 336543 69267 408505.557  221   89 410767.714 395591.449  3.69%  48.0  476s
 341126 70174 407913.703  162  296 410767.714 395706.005  3.67%  48.0  481s
 343760 71087 398086.743  139  376 410767.714 395773.883  3.65%  48.1  486s
 350735 72230 403326.342  149  223 410767.714 395943.842  3.61%  48.0  491s
 355464 72832 404381.987  152  231 410767.714 396018.933  3.59%  48.0  495s
 360474 74001 400157.957  131  383 410767.714 396157.869  3.56%  48.0  501s
 363513 74686 409812.193  131  399 410767.714 396228.580  3.54%  48.0  505s
 368885 76061 400340.410  170  247 410767.714 396335.938  3.51%  48.1  512s
 373380 76667 407924.081  140  391 410767.714 396449.880  3.49%  48.1  515s
 378090 77652 397450.841  130  386 410767.714 396570.033  3.46%  48.1  520s
 383084 78737     cutoff  161      410767.714 396670.050  3.43%  48.1  525s
 387919 79721 398419.811  119  336 410767.714 396808.410  3.40%  48.1  530s
 392541 80797 405459.735  295   48 410767.714 396919.649  3.37%  48.0  535s
 397253 81816 406132.383  158  213 410767.714 397055.730  3.34%  48.0  541s
 402246 82750 405868.325  142  279 410767.714 397162.686  3.31%  48.0  545s
 408183 83616 402852.679  177  181 410767.714 397277.220  3.28%  47.9  551s
 411709 84652 399137.297  257   91 410767.714 397369.359  3.26%  48.0  556s
 416706 85612 401049.861  140  344 410767.714 397464.852  3.24%  48.0  561s
 421761 86723 409632.667  161  217 410767.714 397556.603  3.22%  48.0  566s
 426855 87587 400084.457  281   83 410767.714 397625.427  3.20%  48.0  572s
 431420 88408 398909.185  138  351 410767.714 397718.961  3.18%  47.9  576s
 436411 89325 401699.714  128  378 410767.714 397821.477  3.15%  47.9  581s
 440753 90018     cutoff  175      410767.714 397898.227  3.13%  48.0  586s
 444618 90913     cutoff  120      410767.714 397960.897  3.12%  48.0  591s
 447570 91482 403182.987  155  361 410767.714 398022.949  3.10%  48.0  595s
 453820 92587 403635.182  154  382 410767.714 398123.156  3.08%  48.0  600s
 458227 93371 402509.859  158  187 410767.714 398206.627  3.06%  48.0  605s
 463310 94244     cutoff  146      410767.714 398269.133  3.04%  48.1  611s
 468006 95012 405709.143  151  245 410767.714 398384.249  3.01%  48.1  617s
 471087 95497 405004.974  154  365 410767.714 398426.076  3.00%  48.1  620s
 476053 96236     cutoff  130      410767.714 398525.291  2.98%  48.2  625s
 480191 97138 405019.834  198  155 410767.714 398596.539  2.96%  48.2  630s
 485106 98070 400176.421  154  184 410767.714 398680.218  2.94%  48.3  635s
 489963 99005 406643.872  157  216 410767.714 398733.600  2.93%  48.3  643s
 494428 99577 408892.612  158  228 410767.714 398808.022  2.91%  48.4  646s
 497037 99669 408987.805  168  233 410767.714 398845.280  2.90%  48.4  650s
 500509 100383 409252.446  147  224 410767.714 398890.941  2.89%  48.4  655s
 504009 100980 399382.113  143  389 410767.714 398951.394  2.88%  48.4  660s
 507793 101574     cutoff  150      410767.714 399015.527  2.86%  48.5  666s
 510842 102223 408728.947  131  242 410767.714 399056.164  2.85%  48.6  671s
 515524 102698     cutoff  146      410767.714 399129.375  2.83%  48.7  675s
 520388 103291 infeasible  151      410767.714 399210.995  2.81%  48.8  680s
 525054 103585 408781.259  157  324 410767.714 399285.153  2.80%  49.0  685s
 529802 104239 404779.940  163  285 410767.714 399358.135  2.78%  49.2  691s
 532709 104683     cutoff  148      410767.714 399403.976  2.77%  49.3  695s
 537029 105063 406390.308  341   69 410767.714 399472.945  2.75%  49.4  700s
 540723 105571 406511.542  132  272 410767.714 399535.003  2.73%  49.5  705s
 545483 106030 408014.873  304   38 410767.714 399603.623  2.72%  49.7  711s
 548262 106164 405805.735  268   66 410767.714 399648.008  2.71%  49.9  715s
 552737 106781     cutoff  169      410767.714 399724.370  2.69%  50.0  722s
 556627 106942     cutoff  146      410767.714 399778.452  2.68%  50.2  726s
 559733 107154 400328.218  135  350 410767.714 399820.730  2.67%  50.4  730s
 564775 107539 409010.569  149  379 410767.714 399898.476  2.65%  50.6  736s
 568030 107938 409197.142  149  308 410767.714 399941.929  2.64%  50.7  740s
 572462 108299 408052.043  210  241 410767.714 400006.214  2.62%  50.9  747s
 575176 108480 409588.634  156  246 410767.714 400047.297  2.61%  51.1  751s
 578407 108770 409988.692  140  257 410767.714 400100.161  2.60%  51.2  755s
 583449 109132 408627.162  215  275 410767.714 400166.786  2.58%  51.4  761s
 586756 109375     cutoff  191      410767.714 400216.927  2.57%  51.6  765s
 591113 109941     cutoff  166      410767.714 400283.201  2.55%  51.7  771s
 594249 110042 403128.841  129  362 410767.714 400326.083  2.54%  51.8  776s
 597205 110432 409649.370  146  252 410767.714 400364.415  2.53%  52.0  782s
 600097 110523 infeasible  166      410767.714 400403.015  2.52%  52.1  785s
 605321 111051     cutoff  118      410767.714 400481.762  2.50%  52.4  792s
 608744 111299     cutoff  141      410767.714 400527.691  2.49%  52.6  796s
 612378 111502 400712.899  120  378 410767.714 400589.952  2.48%  52.7  801s
 615586 111674     cutoff  146      410767.714 400635.587  2.47%  52.8  805s
 619916 112009 406527.283  124  334 410767.714 400696.904  2.45%  53.0  810s
 623175 112202 401205.344  135  383 410767.714 400743.815  2.44%  53.1  815s
 627767 112453 409853.778  147  244 410767.714 400811.187  2.42%  53.3  821s
 630468 112622 407491.094  168  175 410767.714 400855.766  2.41%  53.4  825s
 635570 112871 409826.744  163  162 410767.714 400930.905  2.39%  53.7  832s
 636505 112996 409205.264  162  171 410767.714 400953.036  2.39%  53.7  835s
 642039 113096 408404.322  170  196 410767.714 401042.386  2.37%  54.0  841s
 642920 113118     cutoff  152      410767.714 401047.093  2.37%  54.0  845s
 646796 113290 408674.472  179  196 410767.714 401112.144  2.35%  54.2  851s
 650656 113361     cutoff  156      410767.714 401176.269  2.34%  54.3  855s
 653601 113580     cutoff  146      410767.714 401226.778  2.32%  54.5  860s
 657313 113681     cutoff  198      410767.714 401276.856  2.31%  54.6  865s
 661952 113839 407580.398  183  180 410767.714 401349.911  2.29%  54.7  870s
 666754 113915 infeasible  147      410767.714 401423.076  2.27%  54.9  876s
 669162 113919 406114.371  208  178 410767.714 401459.616  2.27%  55.0  880s
 673992 113927 409434.624  168  237 410767.714 401538.680  2.25%  55.2  886s
 676486 113906 409376.359  158  253 410767.714 401582.957  2.24%  55.3  891s
 679901 113942 409123.315  128  361 410767.714 401641.022  2.22%  55.5  895s
 683062 114057 401901.285  136  390 410767.714 401685.908  2.21%  55.6  900s
 688165 114031 408937.835  158  363 410767.714 401757.809  2.19%  55.7  906s
 691524 114095     cutoff  164      410767.714 401816.813  2.18%  55.8  910s
 696681 114193     cutoff  249      410767.714 401881.428  2.16%  56.0  916s
 700194 114289 408192.230  155  212 410767.714 401936.020  2.15%  56.0  920s
 702879 114313 infeasible  142      410767.714 401976.232  2.14%  56.1  925s
 708024 114266     cutoff  299      410767.714 402048.689  2.12%  56.3  932s
 711942 114249 407481.831  165  197 410767.714 402112.743  2.11%  56.4  936s
 715096 114134     cutoff  142      410767.714 402159.014  2.10%  56.5  941s
 717670 114114 407720.447  132  261 410767.714 402201.481  2.09%  56.6  945s
 722792 114009 405863.346  123  313 410767.714 402267.390  2.07%  56.8  951s
 726363 113946 409827.105  164  294 410767.714 402327.970  2.05%  56.9  956s
 729783 113870 408729.195  181  170 410767.714 402381.975  2.04%  57.0  961s
 732694 113815     cutoff  136      410767.714 402425.728  2.03%  57.2  966s
 736632 113663     cutoff  149      410767.714 402490.434  2.02%  57.3  970s
 739499 113600 408169.403  145  233 410767.714 402540.014  2.00%  57.4  975s
 744323 113307 407818.458  275   51 410767.714 402625.053  1.98%  57.6  982s
 748258 113281 404001.389  132  381 410767.714 402678.318  1.97%  57.7  986s
 751609 113058 406411.967  152  389 410767.714 402726.015  1.96%  57.8  991s
 754301 112925 408654.019  146  213 410767.714 402777.503  1.95%  58.0  995s
 757778 112749 infeasible  160      410767.714 402826.723  1.93%  58.1 1000s
 762578 112501     cutoff  224      410767.714 402901.609  1.91%  58.2 1006s
 766238 112377 409247.992  158  357 410767.714 402954.158  1.90%  58.4 1011s
 769020 112272     cutoff  158      410767.714 403002.458  1.89%  58.5 1015s
 772023 112024 409670.596  160  305 410767.714 403059.729  1.88%  58.6 1021s
 772575 111938 infeasible  160      410767.714 403059.729  1.88%  58.6 1025s
 776361 111671     cutoff  144      410767.714 403117.208  1.86%  58.8 1031s
 780461 111416     cutoff  128      410767.714 403185.333  1.85%  59.0 1037s
 782149 111363 409713.717  153  243 410767.714 403210.557  1.84%  59.0 1040s
 786621 111143     cutoff  147      410767.714 403282.118  1.82%  59.2 1045s
 789913 110965 408157.011  285   73 410767.714 403325.114  1.81%  59.3 1050s
 793938 110725     cutoff  149      410767.714 403395.708  1.79%  59.4 1055s
 797019 110515 406797.006  172  226 410767.714 403437.512  1.78%  59.5 1060s
 800062 110434 406615.850  269  101 410767.714 403487.984  1.77%  59.7 1065s
 802710 110168 404307.780  158  194 410767.714 403526.062  1.76%  59.8 1070s
 805907 109973     cutoff  125      410767.714 403575.501  1.75%  59.9 1075s
 809865 109666 407328.236  129  401 410767.714 403637.089  1.74%  60.0 1080s
 812993 109406 406157.655  278   91 410767.714 403679.146  1.73%  60.2 1085s
 815989 109162 404181.717  280   68 410767.714 403718.698  1.72%  60.3 1090s
 819807 108882 409741.124  241  121 410767.714 403786.570  1.70%  60.5 1095s
 823180 108658 407905.235  273   84 410767.714 403833.510  1.69%  60.5 1100s
 826753 108378 407143.098  289   41 410767.714 403894.194  1.67%  60.7 1105s
 829888 108171     cutoff  140      410767.714 403935.568  1.66%  60.8 1110s
 834681 107790 410233.264  122  382 410767.714 404001.465  1.65%  60.9 1117s
 838338 107560     cutoff  265      410767.714 404055.338  1.63%  61.0 1122s
 841236 107234     cutoff  154      410767.714 404096.601  1.62%  61.2 1126s
 844343 106980 409423.185  255   73 410767.714 404149.059  1.61%  61.3 1132s
 848214 106628 408875.775  259   77 410767.714 404201.480  1.60%  61.4 1136s
 851182 106296     cutoff  131      410767.714 404244.556  1.59%  61.5 1141s
 854234 106051 infeasible  150      410767.714 404292.976  1.58%  61.6 1146s
 857349 105717     cutoff  152      410767.714 404335.375  1.57%  61.8 1151s
 861190 105334     cutoff  144      410767.714 404391.378  1.55%  61.9 1156s
 864250 104983 407554.420  275   76 410767.714 404439.338  1.54%  62.0 1160s
 867227 104629 405457.640  131  385 410767.714 404473.521  1.53%  62.2 1165s
 870284 104255 409906.290  156  255 410767.714 404522.978  1.52%  62.3 1170s
 873590 103814     cutoff  189      410767.714 404572.161  1.51%  62.4 1175s
 876600 103374 410214.080  162  221 410767.714 404617.041  1.50%  62.6 1180s
 879783 103008     cutoff  142      410767.714 404663.362  1.49%  62.7 1185s
 881898 102717     cutoff  204      410767.714 404687.585  1.48%  62.8 1191s
 884706 102162 407237.528  269   51 410767.714 404735.185  1.47%  63.0 1196s
 888042 101666 410042.814  200  140 410767.714 404785.548  1.46%  63.1 1202s
 889758 101357 407377.496  279   61 410767.714 404818.707  1.45%  63.2 1205s
 893262 100761 409114.965  165  333 410767.714 404872.482  1.44%  63.4 1210s
 896898 100289 406993.305  290   61 410767.714 404920.506  1.42%  63.5 1216s
 900193 99734 407617.254  154  384 410767.714 404971.364  1.41%  63.7 1221s
 903611 99264     cutoff  167      410767.714 405021.775  1.40%  63.9 1227s
 906937 98745     cutoff  302      410767.714 405069.737  1.39%  64.0 1232s
 910194 98210 408491.340  158  179 410767.714 405112.657  1.38%  64.2 1237s
 911940 97924 407351.961  251   83 410767.714 405135.982  1.37%  64.2 1240s
 915352 97359 409290.617  139  282 410767.714 405186.310  1.36%  64.4 1245s
 918707 96827 409336.611  123  387 410767.714 405235.055  1.35%  64.5 1250s
 922000 96264 409434.985  289   63 410767.714 405275.927  1.34%  64.7 1255s
 925355 95700 407342.302  266   52 410767.714 405323.695  1.33%  64.8 1261s
 928521 95129     cutoff  189      410767.714 405372.281  1.31%  65.0 1266s
 931681 94425 408094.558  287   55 410767.714 405415.594  1.30%  65.1 1271s
 935000 93810 408096.899  169  259 410767.714 405463.161  1.29%  65.3 1276s
 938448 93355     cutoff  207      410767.714 405514.819  1.28%  65.4 1282s
 939638 92978 infeasible  151      410767.714 405533.681  1.27%  65.5 1285s
 942897 92280     cutoff  191      410767.714 405581.240  1.26%  65.7 1290s
 946361 91565     cutoff  167      410767.714 405633.789  1.25%  65.8 1296s
 949762 90928     cutoff  207      410767.714 405677.496  1.24%  66.0 1301s
 953237 90264 405757.079  145  355 410767.714 405728.204  1.23%  66.2 1306s
 956558 89568 infeasible  170      410767.714 405776.098  1.22%  66.3 1311s
 959845 88901     cutoff  147      410767.714 405817.323  1.21%  66.5 1317s
 963181 88236 408395.650  292   63 410767.714 405866.438  1.19%  66.6 1322s
 964817 87909     cutoff  153      410767.714 405885.299  1.19%  66.7 1325s
 968242 87258     cutoff  135      410767.714 405934.726  1.18%  66.9 1330s
 971527 86420 408173.430  263   47 410767.714 405971.662  1.17%  67.0 1335s
 974650 85668 407584.775  159  334 410767.714 406024.939  1.15%  67.2 1340s
 977906 85042 409647.012  270   59 410767.714 406071.769  1.14%  67.4 1346s
 978951 84683 407314.441  276   41 410767.714 406089.827  1.14%  67.4 1351s
 982323 83854 infeasible  319      410767.714 406135.107  1.13%  67.6 1357s
 984219 83427 409055.422  229  105 410767.714 406165.185  1.12%  67.7 1360s
 987776 82789 410445.687  160  247 410767.714 406217.009  1.11%  67.8 1366s
 990524 81920 408572.854  296   61 410767.714 406247.904  1.10%  68.0 1371s
 994016 81128     cutoff  150      410767.714 406299.284  1.09%  68.2 1377s
 995806 80706     cutoff  149      410767.714 406321.128  1.08%  68.3 1380s
 999228 79838 409343.197  291   35 410767.714 406367.652  1.07%  68.4 1385s
 1002623 78974     cutoff  286      410767.714 406417.193  1.06%  68.6 1391s
 1006023 78077 408188.377  142  364 410767.714 406468.179  1.05%  68.8 1396s
 1009339 77146     cutoff  147      410767.714 406518.834  1.03%  69.0 1402s
 1012616 76286     cutoff  169      410767.714 406566.888  1.02%  69.2 1407s
 1014243 75875 406796.628  265   92 410767.714 406584.755  1.02%  69.3 1410s
 1017484 74994 408495.432  150  365 410767.714 406636.306  1.01%  69.5 1415s

Cutting planes:
  Gomory: 246
  Implied bound: 521
  Projected implied bound: 32
  MIR: 209
  Mixing: 7
  Flow cover: 1176
  RLT: 219
  Relax-and-lift: 189
  BQP: 1

Explored 1020576 nodes (71111642 simplex iterations) in 1418.59 seconds (1401.94 work units)
Thread count was 16 (of 40 available processors)

Solution count 10: 410768 410768 410776 ... 417746

Optimal solution found (tolerance 1.00e-02)
Best objective 4.107677143378e+05, best bound 4.066733162278e+05, gap 0.9968%

User-callback calls 2267616, time in user-callback 0.21 sec
[NUM-KAPPA] kappa_solver=135103739.599550 kappa_exact=-1.000000 is_mip=1
[NUM-EFIC] work=1401.938034 root_gap=0.453981 root_time=2.432530
[pipeline] Tiempo de resolucion: 1418.652852 s
[SOLVE] tiempo_solver_s=1418.655734865000113 status=OPTIMAL gap=0.996767264592817 obj=410767.714337842306122 best_bound=406673.316227806557436 nodos=1020576.000000000000000 iter=71111642.000000000000000 primal_integral=0.061910745698451
[VERIF ORIGINAL] etapa=solver_desescalado max_le=1.70530256582424e-13 (a1_salto_grande_tangente_2(130)) max_ge=0 () max_eq=1.19209289550781e-07 (a1_balance(9)) max_lb=0 () max_ub=0 () max_int=0 () avg_viol=1.0365635736658e-09 p95_viol=1.13686837721616e-13 p99_viol=3.72529029846191e-08 max_viol_rel=2.55795384873636e-13 max_viol_relact=1.13028513645363e-16 viol_le_count=0 viol_ge_count=0 viol_eq_count=0 viol_lb_count=0 viol_ub_count=0 viol_int_count=0 missing_values=0 obj_original_recalc=410767.714337843
[32m[success] Resultados guardados correctamente en /clusteruy/home/mathiasr/generator-aware-row-scaling/results-revision/final-variants/gurobi_sgtm_1pct/resultados/instance077_base.csv[0m
[32m[success] Archivo CSV generado correctamente[0m

[POST DEBUG] ===== INICIO POSTPROCESAMIENTO GLOBAL =====

[SG POST] ===== Diagnóstico SaltoGrande =====
[SG POST] periodos = 360
[SG POST] periodosPotenciaRealMayorMIP = 262
[SG POST] periodosPotenciaRealMenorMIP = 95
[SG POST] periodosConWhile = 262
[SG POST] cantidadWhile = 1636388
[SG POST] periodosConErrorFinal = 95
[SG POST] sumaGMip = 299556.821810469
[SG POST] sumaGRealInicial = 301767.610623037
[SG POST] sumaGRealFinal = 298231.665316401
[SG POST] sumaDeltaGInicial = 2210.78881256717
[SG POST] sumaDeltaGFinal = -1325.1564940684
[SG POST] maxAbsDeltaGInicial = 46.2026743561928
[SG POST] maxAbsDeltaGFinal = 37.5631700098702
[SG POST] sumaDeltaX = -16363.8800003566
[SG POST] sumaDeltaY = 16363.8799999997
[SG POST] ===================================

[POST DEBUG] --- DESPUÉS DE AGENTES ---
[POST DEBUG] Agentes | g1 antes=299556.821810469 despues=299556.821810469 delta=0
[POST DEBUG] Agentes | g2 antes=24577.0890947653 despues=24577.0890947653 delta=0
[POST DEBUG] Agentes | g antes=174355.5 despues=174355.5 delta=0
[POST DEBUG] Agentes | costoFalla antes=0 despues=0 delta=0
[POST DEBUG] --- DESPUÉS DE DESPACHO ---
[POST DEBUG] Despacho | g1 antes=299556.821810469 despues=299556.821810469 delta=0
[POST DEBUG] Despacho | g2 antes=24577.0890947653 despues=24577.0890947653 delta=0
[POST DEBUG] Despacho | g antes=174355.5 despues=174355.5 delta=0
[POST DEBUG] Despacho | costoFalla antes=0 despues=0 delta=0
[POST DEBUG] --- TOTAL ANTES VS FINAL ---
[POST DEBUG] Final | g1 antes=299556.821810469 despues=299556.821810469 delta=0
[POST DEBUG] Final | g2 antes=24577.0890947653 despues=24577.0890947653 delta=0
[POST DEBUG] Final | g antes=174355.5 despues=174355.5 delta=0
[POST DEBUG] Final | costoFalla antes=0 despues=0 delta=0
[POST DEBUG] valorFOOriginal = 410767.714337842
[POST DEBUG] valorFOPostProcesado = 410767.714337843
[POST DEBUG] deltaFO = 6.40284270048141e-10
[POST DEBUG] ===== FIN POSTPROCESAMIENTO GLOBAL =====

[32m[success] Post-procesamiento completado. Nuevo valor F.O.: 410767.714337842946406[0m
[VERIF ORIGINAL] etapa=postprocesado max_le=27.9109259196093 (a1_salto_grande_tangente_4(67)) max_ge=0 () max_eq=1.8049031496048e-05 (a1_balance(67)) max_lb=0 () max_ub=0 () max_int=0 () avg_viol=0.447598399837747 p95_viol=1.37543452748287 p99_viol=11.2259309553428 max_viol_rel=5.12255589313543 max_viol_relact=0.015134304288675 viol_le_count=1421 viol_ge_count=0 viol_eq_count=250 viol_lb_count=0 viol_ub_count=0 viol_int_count=0 missing_values=0 obj_original_recalc=410767.714337843
[32m[success] Resultados guardados correctamente en /clusteruy/home/mathiasr/generator-aware-row-scaling/results-revision/final-variants/gurobi_sgtm_1pct/resultados/instance077_base_postprocesado.csv[0m
> [32m[success] Saliendo del programa...[0m
[32m[success] SystemController destruido[0m
