[32m[success] SystemController creado[0m
> [32m[success] El programa se ha iniciado correctamente[0m
> > [34m[info] Agregando agente Salto Grande[0m
[34m[info] Ingrese costo de agua de Salto Grande:[0m
[34m[info] Ingrese volumen inicial de Salto Grande:[0m
[34m[info] Ingrese aportes de Salto Grande en una sola línea (360 valores):[0m
[info] SaltoGrande: activación de tramos de altura horaria
[32m[success] Se ha creado el agente 'Salto Grande' exitosamente[0m
> > [34m[info] Agregando agente Unidad Térmica Simple[0m
[34m[info] Ingrese potencia máxima de la unidad térmica simple:[0m
[34m[info] Ingrese costo variable de la unidad térmica simple:[0m
[32m[success] Se ha creado el agente 'Unidad Térmica Simple' exitosamente[0m
> > [34m[info] Agregando agente Demanda Fija[0m
[34m[info] Ingrese demandas en una sola línea (360 valores):[0m
[32m[success] Se ha creado el agente 'Demanda Fija' exitosamente[0m
> > [34m[info] Creando despacho de mercado[0m
[34m[info] Modo: despacho de mercado con demanda total explícita[0m
[34m[info] Ingrese cantidad de tramos del despacho de mercado:[0m
[34m[info] Ingrese porcentajes acumulados de los tramos en una sola línea (4 valores):[0m
[34m[info] Ingrese costos marginales de los tramos en una sola línea (4 valores):[0m
[34m[info] Ingrese demanda total en una sola línea (360 valores):[0m
[32m[success] Se ha creado el despacho de mercado exitosamente[0m
> > Set parameter WLSAccessID
Set parameter WLSSecret
Set parameter LicenseID to value 2849920
Academic license 2849920 - for non-commercial use only - registered to ma___@fing.edu.uy
[32m[success] Solver 'Gurobi' configurado | timeout=1800s | mipgap=0.01[0m
> [DEBUG Despacho] j=0 idGen=1 coefParticipacionDespacho=0.5
[DEBUG Despacho] j=1 idGen=2 coefParticipacionDespacho=1

[DEBUG Despacho] Cantidad de generadores = 2
[DEBUG Despacho] j=0 puntero=0xb0e300 idGen=1 coefParticipacionDespacho=0.5
[DEBUG Despacho] j=1 puntero=0xb0e510 idGen=2 coefParticipacionDespacho=1
[PREPROC] modo plano: 10080 filas tratadas como un unico bloque sin roles (kernel geomean por fila)
[PREPROC PHASES] metadata_s=0.000100127 diagnostico_s=0.001098453 aplicacion_s=0.000947942

------------------------------------------------------------
  PREPROCESAMIENTO MIP - Diagnostico Numerico
------------------------------------------------------------
Rango de coeficientes (toda la matriz):
  max |coef| = 7.684e+09
  min |coef| = 1.964e-04
  proxy rango= 3.912e+13

Diagnostico por bloque:
Bloque              max|coef|      min|coef|      kappa_aprox   vars    alpha     beta      cols      disc_omit aux_omit  escalado
------------------------------------------------------------------------------------------------------------------------------
plano               7.684e+09      1.964e-04      3.91e+13      0       8.12e-03  1.00e+00  0         0         0         SI  (filas=3600, alpha_min=1.96e-04, alpha_max=3.78e-01)

Restriccion(es) global(es): 0 fila(s)
  acoplamiento balance = 0 fila(s)
  global no acoplante  = 0 fila(s)
  rho aprox (solo acoplamiento) = 0.000e+00
  gamma acoplamiento   = 1.000000
  gamma candidato      = 1.000000
  filas acop. escaladas= no
  filas normaliz. fisica= 0
  motivo gamma=1       = rho bajo; no se escala la fila de acoplamiento

ADVERTENCIAS:
  [!] Rango de coeficientes elevado (39122717229416). Riesgo de sensibilidad numerica.
  [!] Bloque 'plano' internamente mal escalado (kappa~39122717229416). Conviene comparar equilibrado interno por filas/columnas.
------------------------------------------------------------

------------------------------------------------------------
  COMPARACION NUMERICA ANTES / DESPUES
------------------------------------------------------------
Indicador                   antes           despues         despues/antes
----------------------------------------------------------------------------
rango global                1.345e+13       3.912e+13       2.909e+00
rho acoplamiento            0.000e+00       0.000e+00       0.000e+00
gamma aplicado              1.000000        1.000000        1.000000

Bloques locales:
Bloque              kappa antes     kappa despues   alpha       beta        filas       cols        disc_omit   aux_omit    escalado
------------------------------------------------------------------------------------------------------------------------------------
plano               1.345e+13       3.912e+13       8.121e-03   1.000e+00   3600        0           0           0           SI

Interpretacion: valores despues/antes menores que 1 indican mejora del proxy.
rho se calcula solo con filas de acoplamiento; las cotas de demanda sobre g quedan fuera.
El escalamiento local activo fue solo por fila: alpha_r = 1/sqrt(M_r*m_r).
------------------------------------------------------------

[PREPROC TIME] variante=matricial_plano_l2 tiempo_s=0.005890612 u=2 K=4 epsMin=1e-09 epsMax=1000000000
[32m[success] Preprocesamiento aplicado.[0m
> [MODELO] rows=10080 cols=6120 nnz=22679
[pipeline] Preprocesamiento seleccionado: Ninguno
[pipeline] Modelo interno sin modificaciones de preprocesamiento.
[pipeline] Estrategia de resolucion seleccionada: Monolitica
[pipeline] Resolviendo monoliticamente.
Set parameter TimeLimit to value 1800
Set parameter MIPGap to value 0.01
Set parameter Seed to value 42
Set parameter Threads to value 16
Gurobi Optimizer version 13.0.1 build v13.0.1rc0 (linux64 - "Debian GNU/Linux 12 (bookworm)")

CPU model: Intel(R) Xeon(R) Gold 6138 CPU @ 2.00GHz, instruction set [SSE2|AVX|AVX2|AVX512]
Thread count: 40 physical cores, 40 logical processors, using up to 16 threads

Non-default parameters:
TimeLimit  1800
MIPGap  0.01
Seed  42
Threads  16

Academic license 2849920 - for non-commercial use only - registered to ma___@fing.edu.uy
Optimize a model with 10080 rows, 6120 columns and 22679 nonzeros (Min)
Model fingerprint: 0x3ca0f46b
Model has 721 linear objective coefficients
Variable types: 4680 continuous, 1440 integer (1440 binary)
Coefficient statistics:
  Matrix range     [2e-04, 8e+09]
  Objective range  [1e-04, 1e+02]
  Bounds range     [1e+00, 4e+09]
  RHS range        [4e+01, 6e+09]
Warning: Model contains large matrix coefficient range
Warning: Model contains large rhs
Warning: Model contains large bounds
         Consider reformulating model or setting NumericFocus parameter
         to avoid numerical issues.

Found heuristic solution: objective 6.429819e+08
Presolve removed 1078 rows and 386 columns
Presolve time: 0.08s
Presolved: 9002 rows, 5734 columns, 21384 nonzeros
Variable types: 4310 continuous, 1424 integer (1424 binary)

Root relaxation: objective -5.101590e+05, 6581 iterations, 0.18 seconds (0.26 work units)

    Nodes    |    Current Node    |     Objective Bounds      |     Work
 Expl Unexpl |  Obj  Depth IntInf | Incumbent    BestBd   Gap | It/Node Time

H    0     0                    -510159.0000 -510159.00  0.00%     -    0s
     0     0 -510159.00    0  389 -510159.00 -510159.00  0.00%     -    0s

Explored 1 nodes (6628 simplex iterations) in 0.28 seconds (0.35 work units)
Thread count was 16 (of 40 available processors)

Solution count 2: -510159 6.42982e+08 
No other solutions better than -510159

Optimal solution found (tolerance 1.00e-02)
Best objective -5.101590000000e+05, best bound -5.101590000000e+05, gap 0.0000%

User-callback calls 597, time in user-callback 0.00 sec
[NUM-KAPPA] kappa_solver=32719 kappa_exact=-1 is_mip=1
[NUM-EFIC] work=0 root_gap=-1 root_time=-1
[pipeline] Tiempo de resolucion: 0.326623 s
[SOLVE] tiempo_solver_s=0.326631261000000 status=OPTIMAL gap=0.000000000000000 obj=-510159.000000000000000 best_bound=-510159.000000000000000 nodos=1.000000000000000 iter=6628.000000000000000 primal_integral=0.673249070352060
[VERIF ORIGINAL] etapa=solver_desescalado max_le=1.13686837721616e-13 (a1_salto_grande_tangente_3(19)) max_ge=0 () max_eq=6.48200511932373e-07 (a1_balance(99)) max_lb=0 () max_ub=0 () max_int=0 () avg_viol=6.59465746999465e-09 p95_viol=1.74082970261225e-13 p99_viol=2.61552631855008e-07 max_viol_rel=5.29354338141275e-13 max_viol_relact=2.91640675125414e-16 viol_le_count=0 viol_ge_count=0 viol_eq_count=0 viol_lb_count=0 viol_ub_count=0 viol_int_count=0 missing_values=0 obj_original_recalc=-510159
[32m[success] Resultados guardados correctamente en /clusteruy/home/mathiasr/generator-aware-row-scaling/results-revision/final-variants/gurobi_sgtm_1pct/resultados/instance042_matricial_plano_l2.csv[0m
[32m[success] Archivo CSV generado correctamente[0m

[POST DEBUG] ===== INICIO POSTPROCESAMIENTO GLOBAL =====

[SG POST] ===== Diagnóstico SaltoGrande =====
[SG POST] periodos = 360
[SG POST] periodosPotenciaRealMayorMIP = 351
[SG POST] periodosPotenciaRealMenorMIP = 9
[SG POST] periodosConWhile = 328
[SG POST] cantidadWhile = 13449976
[SG POST] periodosConErrorFinal = 32
[SG POST] sumaGMip = 367930
[SG POST] sumaGRealInicial = 409583.923501742
[SG POST] sumaGRealFinal = 377817.636526439
[SG POST] sumaDeltaGInicial = 41653.9235017424
[SG POST] sumaDeltaGFinal = 9887.63652643839
[SG POST] maxAbsDeltaGInicial = 702.398319452256
[SG POST] maxAbsDeltaGFinal = 702.398319452256
[SG POST] sumaDeltaX = -134499.760002936
[SG POST] sumaDeltaY = 134499.759999945
[SG POST] ===================================

[POST DEBUG] --- DESPUÉS DE AGENTES ---
[POST DEBUG] Agentes | g1 antes=367930 despues=367930 delta=0
[POST DEBUG] Agentes | g2 antes=0 despues=0 delta=0
[POST DEBUG] Agentes | g antes=183965 despues=183965 delta=0
[POST DEBUG] Agentes | costoFalla antes=0 despues=0 delta=0
[POST DEBUG] --- DESPUÉS DE DESPACHO ---
[POST DEBUG] Despacho | g1 antes=367930 despues=367930 delta=0
[POST DEBUG] Despacho | g2 antes=0 despues=0 delta=0
[POST DEBUG] Despacho | g antes=183965 despues=183965 delta=0
[POST DEBUG] Despacho | costoFalla antes=0 despues=0 delta=0
[POST DEBUG] --- TOTAL ANTES VS FINAL ---
[POST DEBUG] Final | g1 antes=367930 despues=367930 delta=0
[POST DEBUG] Final | g2 antes=0 despues=0 delta=0
[POST DEBUG] Final | g antes=183965 despues=183965 delta=0
[POST DEBUG] Final | costoFalla antes=0 despues=0 delta=0
[POST DEBUG] valorFOOriginal = -510159
[POST DEBUG] valorFOPostProcesado = -510159
[POST DEBUG] deltaFO = 0
[POST DEBUG] ===== FIN POSTPROCESAMIENTO GLOBAL =====

[32m[success] Post-procesamiento completado. Nuevo valor F.O.: -510159.000000000000000[0m
[VERIF ORIGINAL] etapa=postprocesado max_le=109.207921574864 (a1_salto_grande_tangente_3(163)) max_ge=0 () max_eq=0.000167116522789001 (a1_balance(32)) max_lb=0 () max_ub=0 () max_int=0 () avg_viol=4.38541063046883 p95_viol=46.7058763591214 p99_viol=71.925972736469 max_viol_rel=19.6239515961227 max_viol_relact=0.0640850686916669 viol_le_count=1981 viol_ge_count=0 viol_eq_count=328 viol_lb_count=0 viol_ub_count=0 viol_int_count=0 missing_values=0 obj_original_recalc=-510159
[32m[success] Resultados guardados correctamente en /clusteruy/home/mathiasr/generator-aware-row-scaling/results-revision/final-variants/gurobi_sgtm_1pct/resultados/instance042_matricial_plano_l2_postprocesado.csv[0m
> [32m[success] Saliendo del programa...[0m
[32m[success] SystemController destruido[0m
