[32m[success] SystemController creado[0m
> [32m[success] El programa se ha iniciado correctamente[0m
> > [34m[info] Agregando agente Salto Grande[0m
[34m[info] Ingrese costo de agua de Salto Grande:[0m
[34m[info] Ingrese volumen inicial de Salto Grande:[0m
[34m[info] Ingrese aportes de Salto Grande en una sola línea (360 valores):[0m
[info] SaltoGrande: activación de tramos de altura horaria
[32m[success] Se ha creado el agente 'Salto Grande' exitosamente[0m
> > [34m[info] Agregando agente Unidad Térmica Simple[0m
[34m[info] Ingrese potencia máxima de la unidad térmica simple:[0m
[34m[info] Ingrese costo variable de la unidad térmica simple:[0m
[32m[success] Se ha creado el agente 'Unidad Térmica Simple' exitosamente[0m
> > [34m[info] Agregando agente Demanda Fija[0m
[34m[info] Ingrese demandas en una sola línea (360 valores):[0m
[32m[success] Se ha creado el agente 'Demanda Fija' exitosamente[0m
> > [34m[info] Creando despacho de mercado[0m
[34m[info] Modo: despacho de mercado con demanda total explícita[0m
[34m[info] Ingrese cantidad de tramos del despacho de mercado:[0m
[34m[info] Ingrese porcentajes acumulados de los tramos en una sola línea (4 valores):[0m
[34m[info] Ingrese costos marginales de los tramos en una sola línea (4 valores):[0m
[34m[info] Ingrese demanda total en una sola línea (360 valores):[0m
[32m[success] Se ha creado el despacho de mercado exitosamente[0m
> > Set parameter WLSAccessID
Set parameter WLSSecret
Set parameter LicenseID to value 2849920
Academic license 2849920 - for non-commercial use only - registered to ma___@fing.edu.uy
[32m[success] Solver 'Gurobi' configurado | timeout=1800s | mipgap=0.01[0m
> [DEBUG Despacho] j=0 idGen=1 coefParticipacionDespacho=0.5
[DEBUG Despacho] j=1 idGen=2 coefParticipacionDespacho=1

[DEBUG Despacho] Cantidad de generadores = 2
[DEBUG Despacho] j=0 puntero=0x1aced60 idGen=1 coefParticipacionDespacho=0.5
[DEBUG Despacho] j=1 puntero=0x1acd330 idGen=2 coefParticipacionDespacho=1
[PREPROC PHASES] metadata_s=0.005418966 diagnostico_s=0.001221954 aplicacion_s=0.001745156

------------------------------------------------------------
  PREPROCESAMIENTO MIP - Diagnostico Numerico
------------------------------------------------------------
Rango de coeficientes (toda la matriz):
  max |coef| = 3.037e+07
  min |coef| = 1.525e-05
  proxy rango= 1.992e+12

Diagnostico por bloque:
Bloque              max|coef|      min|coef|      kappa_aprox   vars    alpha     beta      cols      disc_omit aux_omit  escalado
------------------------------------------------------------------------------------------------------------------------------
a1_                 3.037e+07      1.525e-05      1.99e+12      5040    1.45e-01  1.00e+00  0         0         0         SI  (filas=6480, alpha_min=1.52e-05, alpha_max=4.41e+01)
a2_                 sin filas      sin filas      N/A           360     1.00e+00  1.00e+00  0         0         0         no  (sin filas locales; aporta g2 al despacho)

Restriccion(es) global(es): 2160 fila(s)
  acoplamiento balance = 360 fila(s)
  global no acoplante  = 1800 fila(s)
  rho aprox (solo acoplamiento) = 1.000e+00
  gamma acoplamiento   = 1.000000
  gamma candidato      = 1.000000
  filas acop. escaladas= no
  filas normaliz. fisica= 0
  motivo gamma=1       = rho bajo; no se escala la fila de acoplamiento

ADVERTENCIAS:
  [!] Rango de coeficientes elevado (1991604340439). Riesgo de sensibilidad numerica.
  [!] Bloque 'a1_' internamente mal escalado (kappa~1991604340439). Conviene comparar equilibrado interno por filas/columnas.
------------------------------------------------------------

------------------------------------------------------------
  COMPARACION NUMERICA ANTES / DESPUES
------------------------------------------------------------
Indicador                   antes           despues         despues/antes
----------------------------------------------------------------------------
rango global                8.348e+12       1.992e+12       2.386e-01
rho acoplamiento            1.000e+00       1.000e+00       1.000e+00
gamma aplicado              1.000000        1.000000        1.000000

Bloques locales:
Bloque              kappa antes     kappa despues   alpha       beta        filas       cols        disc_omit   aux_omit    escalado
------------------------------------------------------------------------------------------------------------------------------------
a1_                 8.348e+12       1.992e+12       1.455e-01   1.000e+00   6480        0           0           0           SI
a2_                 N/A             N/A             1.000e+00   1.000e+00   0           0           0           0           no

Interpretacion: valores despues/antes menores que 1 indican mejora del proxy.
rho se calcula solo con filas de acoplamiento; las cotas de demanda sobre g quedan fuera.
El escalamiento local activo fue estructurado: alpha_r interno y beta_i entre bloques.
------------------------------------------------------------

[PREPROC TIME] variante=role_hybrid tiempo_s=0.011560586 u=2 K=4 epsMin=1e-09 epsMax=1000000000
[32m[success] Preprocesamiento aplicado.[0m
> [MODELO] rows=10080 cols=6120 nnz=22679
[pipeline] Preprocesamiento seleccionado: Ninguno
[pipeline] Modelo interno sin modificaciones de preprocesamiento.
[pipeline] Estrategia de resolucion seleccionada: Monolitica
[pipeline] Resolviendo monoliticamente.
Set parameter TimeLimit to value 1800
Set parameter MIPGap to value 0.01
Set parameter Seed to value 42
Set parameter Threads to value 16
Gurobi Optimizer version 13.0.1 build v13.0.1rc0 (linux64 - "Debian GNU/Linux 12 (bookworm)")

CPU model: Intel(R) Xeon(R) Gold 6138 CPU @ 2.00GHz, instruction set [SSE2|AVX|AVX2|AVX512]
Thread count: 40 physical cores, 40 logical processors, using up to 16 threads

Non-default parameters:
TimeLimit  1800
MIPGap  0.01
Seed  42
Threads  16

Academic license 2849920 - for non-commercial use only - registered to ma___@fing.edu.uy
Optimize a model with 10080 rows, 6120 columns and 22679 nonzeros (Min)
Model fingerprint: 0x8ad43f06
Model has 720 linear objective coefficients
Variable types: 4680 continuous, 1440 integer (1440 binary)
Coefficient statistics:
  Matrix range     [2e-05, 7e+04]
  Objective range  [1e+00, 1e+02]
  Bounds range     [1e+00, 4e+09]
  RHS range        [3e+01, 3e+07]
Warning: Model contains large bounds
         Consider reformulating model or setting NumericFocus parameter
         to avoid numerical issues.

Presolve removed 1283 rows and 461 columns
Presolve time: 0.12s
Presolved: 8797 rows, 5659 columns, 21600 nonzeros
Variable types: 4242 continuous, 1417 integer (1417 binary)
Found heuristic solution: objective 331523.83322
Found heuristic solution: objective 288612.23274

Root relaxation: objective 2.371802e+05, 5429 iterations, 0.08 seconds (0.10 work units)

    Nodes    |    Current Node    |     Objective Bounds      |     Work
 Expl Unexpl |  Obj  Depth IntInf | Incumbent    BestBd   Gap | It/Node Time

     0     0 237180.172    0    6 288612.233 237180.172  17.8%     -    0s
H    0     0                    237787.41131 237180.172  0.26%     -    0s

Cutting planes:
  Implied bound: 5
  Relax-and-lift: 2

Explored 1 nodes (7427 simplex iterations) in 0.40 seconds (0.38 work units)
Thread count was 16 (of 40 available processors)

Solution count 3: 237787 288612 331524 

Optimal solution found (tolerance 1.00e-02)
Best objective 2.377874113114e+05, best bound 2.371801722912e+05, gap 0.2554%

User-callback calls 640, time in user-callback 0.00 sec
[NUM-KAPPA] kappa_solver=1161600 kappa_exact=-1 is_mip=1
[NUM-EFIC] work=0 root_gap=-1 root_time=-1
[pipeline] Tiempo de resolucion: 0.434420 s
[SOLVE] tiempo_solver_s=0.434432190000000 status=OPTIMAL gap=0.255370550006766 obj=237787.411311359668616 best_bound=237180.172291246999521 nodos=1.000000000000000 iter=7427.000000000000000 primal_integral=0.309803607293798
[VERIF ORIGINAL] etapa=solver_desescalado max_le=1.02318153949454e-12 (a1_cota_altura_1(360)) max_ge=0 () max_eq=4.91738319396973e-07 (a1_balance(111)) max_lb=0 () max_ub=4.54747350886464e-10 (a1_x4h(360)) max_int=0 () avg_viol=1.93785556729418e-09 p95_viol=1.4210854715202e-14 p99_viol=7.07805156707764e-08 max_viol_rel=1.02318153949454e-12 max_viol_relact=2.54350239933593e-15 viol_le_count=0 viol_ge_count=0 viol_eq_count=0 viol_lb_count=0 viol_ub_count=0 viol_int_count=0 missing_values=0 obj_original_recalc=237787.41131136
[32m[success] Resultados guardados correctamente en /clusteruy/home/mathiasr/generator-aware-row-scaling/results-revision/final-variants/gurobi_sgtm_1pct/resultados/instance014_role_hybrid.csv[0m
[32m[success] Archivo CSV generado correctamente[0m

[POST DEBUG] ===== INICIO POSTPROCESAMIENTO GLOBAL =====

[SG POST] ===== Diagnóstico SaltoGrande =====
[SG POST] periodos = 360
[SG POST] periodosPotenciaRealMayorMIP = 355
[SG POST] periodosPotenciaRealMenorMIP = 5
[SG POST] periodosConWhile = 214
[SG POST] cantidadWhile = 22821954
[SG POST] periodosConErrorFinal = 203
[SG POST] sumaGMip = 326838.251773773
[SG POST] sumaGRealInicial = 482391.847849378
[SG POST] sumaGRealFinal = 435147.685875818
[SG POST] sumaDeltaGInicial = 155553.596075605
[SG POST] sumaDeltaGFinal = 108309.434102045
[SG POST] maxAbsDeltaGInicial = 1564.63341494447
[SG POST] maxAbsDeltaGFinal = 1564.63341494447
[SG POST] sumaDeltaX = -228219.540004932
[SG POST] sumaDeltaY = 228219.540001183
[SG POST] ===================================

[POST DEBUG] --- DESPUÉS DE AGENTES ---
[POST DEBUG] Agentes | g1 antes=326838.251773773 despues=326838.251773773 delta=0
[POST DEBUG] Agentes | g2 antes=2377.8741131136 despues=2377.8741131136 delta=0
[POST DEBUG] Agentes | g antes=165797 despues=165797 delta=0
[POST DEBUG] Agentes | costoFalla antes=0 despues=0 delta=0
[POST DEBUG] --- DESPUÉS DE DESPACHO ---
[POST DEBUG] Despacho | g1 antes=326838.251773773 despues=326838.251773773 delta=0
[POST DEBUG] Despacho | g2 antes=2377.8741131136 despues=2377.8741131136 delta=0
[POST DEBUG] Despacho | g antes=165797 despues=165797 delta=0
[POST DEBUG] Despacho | costoFalla antes=0 despues=0 delta=0
[POST DEBUG] --- TOTAL ANTES VS FINAL ---
[POST DEBUG] Final | g1 antes=326838.251773773 despues=326838.251773773 delta=0
[POST DEBUG] Final | g2 antes=2377.8741131136 despues=2377.8741131136 delta=0
[POST DEBUG] Final | g antes=165797 despues=165797 delta=0
[POST DEBUG] Final | costoFalla antes=0 despues=0 delta=0
[POST DEBUG] valorFOOriginal = 237787.41131136
[POST DEBUG] valorFOPostProcesado = 237787.41131136
[POST DEBUG] deltaFO = -5.82076609134674e-11
[POST DEBUG] ===== FIN POSTPROCESAMIENTO GLOBAL =====

[32m[success] Post-procesamiento completado. Nuevo valor F.O.: 237787.411311359610409[0m
[VERIF ORIGINAL] etapa=postprocesado max_le=120.328103299025 (a1_salto_grande_tangente_3(326)) max_ge=0 () max_eq=0.000167354941368103 (a1_balance(134)) max_lb=0 () max_ub=4.54747350886464e-10 (a1_x4h(360)) max_int=0 () avg_viol=1.06357871742194 p95_viol=0.809794640218599 p99_viol=41.404960222622 max_viol_rel=72.6996405006571 max_viol_relact=0.747738744460401 viol_le_count=841 viol_ge_count=0 viol_eq_count=186 viol_lb_count=0 viol_ub_count=0 viol_int_count=0 missing_values=0 obj_original_recalc=237787.41131136
[32m[success] Resultados guardados correctamente en /clusteruy/home/mathiasr/generator-aware-row-scaling/results-revision/final-variants/gurobi_sgtm_1pct/resultados/instance014_role_hybrid_postprocesado.csv[0m
> [32m[success] Saliendo del programa...[0m
[32m[success] SystemController destruido[0m
