[32m[success] SystemController creado[0m
> [32m[success] El programa se ha iniciado correctamente[0m
> > [34m[info] Agregando agente Salto Grande[0m
[34m[info] Ingrese costo de agua de Salto Grande:[0m
[34m[info] Ingrese volumen inicial de Salto Grande:[0m
[34m[info] Ingrese aportes de Salto Grande en una sola línea (360 valores):[0m
[info] SaltoGrande: activación de tramos de altura horaria
[32m[success] Se ha creado el agente 'Salto Grande' exitosamente[0m
> > [34m[info] Agregando agente Unidad Térmica Simple[0m
[34m[info] Ingrese potencia máxima de la unidad térmica simple:[0m
[34m[info] Ingrese costo variable de la unidad térmica simple:[0m
[32m[success] Se ha creado el agente 'Unidad Térmica Simple' exitosamente[0m
> > [34m[info] Agregando agente Demanda Fija[0m
[34m[info] Ingrese demandas en una sola línea (360 valores):[0m
[32m[success] Se ha creado el agente 'Demanda Fija' exitosamente[0m
> > [34m[info] Creando despacho de mercado[0m
[34m[info] Modo: despacho de mercado con demanda total explícita[0m
[34m[info] Ingrese cantidad de tramos del despacho de mercado:[0m
[34m[info] Ingrese porcentajes acumulados de los tramos en una sola línea (4 valores):[0m
[34m[info] Ingrese costos marginales de los tramos en una sola línea (4 valores):[0m
[34m[info] Ingrese demanda total en una sola línea (360 valores):[0m
[32m[success] Se ha creado el despacho de mercado exitosamente[0m
> > Set parameter WLSAccessID
Set parameter WLSSecret
Set parameter LicenseID to value 2849920
Academic license 2849920 - for non-commercial use only - registered to ma___@fing.edu.uy
[32m[success] Solver 'Gurobi' configurado | timeout=1800s | mipgap=0.01[0m
> [DEBUG Despacho] j=0 idGen=1 coefParticipacionDespacho=0.5
[DEBUG Despacho] j=1 idGen=2 coefParticipacionDespacho=1

[DEBUG Despacho] Cantidad de generadores = 2
[DEBUG Despacho] j=0 puntero=0x17f0300 idGen=1 coefParticipacionDespacho=0.5
[DEBUG Despacho] j=1 puntero=0x17f0510 idGen=2 coefParticipacionDespacho=1
[PREPROC] modo plano: 10080 filas tratadas como un unico bloque sin roles (kernel geomean por fila)
[PREPROC PHASES] metadata_s=9.7511e-05 diagnostico_s=0.001184361 aplicacion_s=0.001018897

------------------------------------------------------------
  PREPROCESAMIENTO MIP - Diagnostico Numerico
------------------------------------------------------------
Rango de coeficientes (toda la matriz):
  max |coef| = 1.078e+10
  min |coef| = 1.964e-04
  proxy rango= 5.490e+13

Diagnostico por bloque:
Bloque              max|coef|      min|coef|      kappa_aprox   vars    alpha     beta      cols      disc_omit aux_omit  escalado
------------------------------------------------------------------------------------------------------------------------------
plano               1.078e+10      1.964e-04      5.49e+13      0       1.06e-02  1.00e+00  0         0         0         SI  (filas=3600, alpha_min=1.96e-04, alpha_max=3.91e-01)

Restriccion(es) global(es): 0 fila(s)
  acoplamiento balance = 0 fila(s)
  global no acoplante  = 0 fila(s)
  rho aprox (solo acoplamiento) = 0.000e+00
  gamma acoplamiento   = 1.000000
  gamma candidato      = 1.000000
  filas acop. escaladas= no
  filas normaliz. fisica= 0
  motivo gamma=1       = rho bajo; no se escala la fila de acoplamiento

ADVERTENCIAS:
  [!] Rango de coeficientes elevado (54895686592966). Riesgo de sensibilidad numerica.
  [!] Bloque 'plano' internamente mal escalado (kappa~54895686592966). Conviene comparar equilibrado interno por filas/columnas.
------------------------------------------------------------

------------------------------------------------------------
  COMPARACION NUMERICA ANTES / DESPUES
------------------------------------------------------------
Indicador                   antes           despues         despues/antes
----------------------------------------------------------------------------
rango global                3.798e+13       5.490e+13       1.445e+00
rho acoplamiento            0.000e+00       0.000e+00       0.000e+00
gamma aplicado              1.000000        1.000000        1.000000

Bloques locales:
Bloque              kappa antes     kappa despues   alpha       beta        filas       cols        disc_omit   aux_omit    escalado
------------------------------------------------------------------------------------------------------------------------------------
plano               3.798e+13       5.490e+13       1.064e-02   1.000e+00   3600        0           0           0           SI

Interpretacion: valores despues/antes menores que 1 indican mejora del proxy.
rho se calcula solo con filas de acoplamiento; las cotas de demanda sobre g quedan fuera.
El escalamiento local activo fue solo por fila: alpha_r = 1/sqrt(M_r*m_r).
------------------------------------------------------------

[PREPROC TIME] variante=matricial_plano_l2 tiempo_s=0.005960421 u=2 K=4 epsMin=1e-09 epsMax=1000000000
[32m[success] Preprocesamiento aplicado.[0m
> [MODELO] rows=10080 cols=6120 nnz=22679
[pipeline] Preprocesamiento seleccionado: Ninguno
[pipeline] Modelo interno sin modificaciones de preprocesamiento.
[pipeline] Estrategia de resolucion seleccionada: Monolitica
[pipeline] Resolviendo monoliticamente.
Set parameter TimeLimit to value 1800
Set parameter MIPGap to value 0.01
Set parameter Seed to value 42
Set parameter Threads to value 16
Gurobi Optimizer version 13.0.1 build v13.0.1rc0 (linux64 - "Debian GNU/Linux 12 (bookworm)")

CPU model: Intel(R) Xeon(R) Gold 6138 CPU @ 2.00GHz, instruction set [SSE2|AVX|AVX2|AVX512]
Thread count: 40 physical cores, 40 logical processors, using up to 16 threads

Non-default parameters:
TimeLimit  1800
MIPGap  0.01
Seed  42
Threads  16

Academic license 2849920 - for non-commercial use only - registered to ma___@fing.edu.uy
Optimize a model with 10080 rows, 6120 columns and 22679 nonzeros (Min)
Model fingerprint: 0xb3ea7b36
Model has 721 linear objective coefficients
Variable types: 4680 continuous, 1440 integer (1440 binary)
Coefficient statistics:
  Matrix range     [2e-04, 1e+10]
  Objective range  [5e-04, 1e+02]
  Bounds range     [1e+00, 4e+09]
  RHS range        [4e+01, 1e+10]
Warning: Model contains large matrix coefficient range
Warning: Model contains large rhs
Warning: Model contains large bounds
         Consider reformulating model or setting NumericFocus parameter
         to avoid numerical issues.

Found heuristic solution: objective 2.889965e+08
Presolve removed 1455 rows and 437 columns
Presolve time: 0.07s
Presolved: 8625 rows, 5683 columns, 20964 nonzeros
Variable types: 4259 continuous, 1424 integer (1424 binary)

Root relaxation: objective -1.614832e+06, 8235 iterations, 0.40 seconds (0.47 work units)

    Nodes    |    Current Node    |     Objective Bounds      |     Work
 Expl Unexpl |  Obj  Depth IntInf | Incumbent    BestBd   Gap | It/Node Time

     0     0 -1614832.1    0  480 2.8900e+08 -1614832.1   101%     -    0s
     0     0 -1614827.9    0  480 2.8900e+08 -1614827.9   101%     -    0s
H    0     0                    104877.92719 -1614827.9  1640%     -    0s
H    0     0                    -1082102.294 -1613973.9  49.2%     -    0s
     0     0 -1613973.9    0  548 -1082102.3 -1613973.9  49.2%     -    0s
     0     0 -1613532.1    0  549 -1082102.3 -1613532.1  49.1%     -    0s
H    0     0                    -1083040.357 -1612989.2  48.9%     -    0s
     0     0 -1612759.2    0  548 -1083040.4 -1612759.2  48.9%     -    0s
     0     0 -1612505.5    0  549 -1083040.4 -1612505.5  48.9%     -    0s
     0     0 -1612482.5    0  549 -1083040.4 -1612482.5  48.9%     -    0s
     0     0 -1612080.9    0  549 -1083040.4 -1612080.9  48.8%     -    1s
     0     0 -1611674.3    0  549 -1083040.4 -1611674.3  48.8%     -    1s
     0     0 -1611674.3    0  549 -1083040.4 -1611674.3  48.8%     -    1s
     0     2 -1611674.3    0  549 -1083040.4 -1611674.3  48.8%     -    1s
H    6     8                    -1083197.635 -1611674.3  48.8%   286    1s
H  197   184                    -1090780.096 -1611674.3  47.8%  34.1    2s
H  206   184                    -1090935.886 -1611674.3  47.7%  32.8    2s
*  225   232              18    -1093831.495 -1611674.3  47.3%  30.3    2s
H  342   265                    -1094021.023 -1611674.3  47.3%  33.9    2s
H  346   265                    -1094593.346 -1611674.3  47.2%  33.6    2s
H  356   265                    -1094632.633 -1611674.3  47.2%  32.8    2s
H  433   377                    -1134602.774 -1611674.3  42.0%  29.4    2s
*  436   377              35    -1138989.613 -1611674.3  41.5%  29.3    2s
*  629   439              36    -1148077.296 -1611244.7  40.3%  25.5    3s
H  643   446                    -1148202.906 -1611206.7  40.3%  25.2    3s
H  650   446                    -1151998.148 -1611206.7  39.9%  26.2    3s
H  711   525                    -1155727.104 -1610980.9  39.4%  25.6    3s
*  713   525              36    -1170966.854 -1610980.9  37.6%  25.6    3s
H  777   529                    -1172471.641 -1610980.9  37.4%  23.8    3s
H  778   529                    -1174359.107 -1610940.1  37.2%  23.8    3s
*  840   573              42    -1192033.816 -1610787.8  35.1%  23.0    3s
*  856   573              47    -1197759.723 -1610787.8  34.5%  22.6    3s
*  864   573              50    -1198924.610 -1610787.8  34.4%  22.5    3s
*  887   573              49    -1206061.156 -1610787.8  33.6%  22.9    3s
* 1107   698              53    -1234079.759 -1610116.1  30.5%  23.3    4s
* 1155   698              62    -1238176.511 -1610116.1  30.0%  23.2    4s
* 1335   838              67    -1244333.066 -1609534.6  29.3%  24.8    4s
* 1492   869              76    -1250233.779 -1609347.3  28.7%  23.2    4s
* 1706   935              85    -1251829.000 -1608864.3  28.5%  21.9    4s
* 1726   935              81    -1252037.037 -1608864.3  28.5%  21.7    4s
* 1727   935              81    -1252214.728 -1608864.3  28.5%  21.7    4s
* 1823   920              85    -1254360.876 -1608600.2  28.2%  20.8    4s
* 1893   920              87    -1259708.839 -1608600.2  27.7%  20.7    4s
* 1933   920              95    -1265719.336 -1608600.2  27.1%  20.5    4s
* 1936   920              95    -1265814.119 -1608600.2  27.1%  20.4    4s
* 2132   929             101    -1267716.083 -1608053.5  26.8%  20.2    4s
* 2372   930             104    -1268047.942 -1607428.8  26.8%  19.0    4s
* 2390   930             115    -1269901.818 -1607428.8  26.6%  18.9    4s
* 2521   939             102    -1270959.821 -1606869.3  26.4%  18.4    4s
* 2609   939             128    -1296660.294 -1606869.3  23.9%  18.5    4s
* 2645   825             128    -1307769.762 -1606544.6  22.8%  18.5    4s
  2760   771 -1606435.3  141  410 -1307769.8 -1606544.6  22.8%  20.0    5s
* 2779   771             131    -1307801.255 -1606544.6  22.8%  20.1    5s
* 3173   932             149    -1326215.918 -1605932.3  21.1%  20.0    5s
H 3393   978                    -1328713.971 -1605932.3  20.9%  20.3    5s
* 3412   978             144    -1329083.364 -1605932.3  20.8%  20.2    5s
* 3484  1050             145    -1331311.879 -1605932.3  20.6%  20.5    5s
* 3486  1050             146    -1331352.020 -1605932.3  20.6%  20.5    5s
* 3489  1050             146    -1331371.067 -1605932.3  20.6%  20.5    5s
* 3507  1050             162    -1355433.475 -1605932.3  18.5%  20.4    5s
* 3508  1050             162    -1355461.598 -1605932.3  18.5%  20.4    5s
H 3641   429                    -1358081.452 -1605932.3  18.3%  20.2    8s
  3653   437 -1450547.3  154  484 -1358081.5 -1605932.3  18.3%  20.2   10s
* 3743   428              24    -1366670.450 -1605932.3  17.5%  23.9   11s
H 3801   388                    -1366701.943 -1605932.3  17.5%  24.0   11s
H 3911   388                    -1378282.107 -1605932.3  16.5%  24.1   12s
* 3933   399              30    -1384445.457 -1605932.3  16.0%  24.1   12s
* 4154   456              37    -1384670.531 -1605932.3  16.0%  23.8   12s
* 4159   436              51    -1386321.090 -1605932.3  15.8%  23.8   12s
* 4160   420              51    -1386362.116 -1605932.3  15.8%  23.8   12s
* 4171   401              51    -1411740.330 -1605932.3  13.8%  23.9   12s
* 4230   383              53    -1411906.106 -1605932.3  13.7%  23.7   12s
H 4301   382                    -1413606.183 -1605871.8  13.6%  23.8   13s
H 4407   426                    -1437652.223 -1605629.8  11.7%  23.5   13s
* 4817   662              95    -1446927.322 -1605278.3  10.9%  22.7   13s
* 4824   662              95    -1447534.383 -1605278.3  10.9%  22.6   13s
* 4925   693             108    -1471933.149 -1605146.4  9.05%  22.4   13s
* 5378   851              98    -1472424.098 -1604965.7  9.00%  21.5   14s
H 6162   930                    -1482737.540 -1603771.1  8.16%  20.5   14s
* 6257  1084             114    -1485612.897 -1603522.0  7.94%  20.4   14s
  7398  1319 -1603372.3   74  302 -1485612.9 -1603372.3  7.93%  18.9   15s
H 7435  1302                    -1486259.927 -1603363.0  7.88%  18.9   15s
H 7451  1329                    -1487583.598 -1603340.7  7.78%  18.8   15s
H 7458  1329                    -1487604.186 -1603340.7  7.78%  18.8   15s
H 7516  1279                    -1488842.347 -1603340.7  7.69%  18.7   15s
* 7708  1387             144    -1491958.639 -1603295.7  7.46%  18.4   15s
* 7709  1362             144    -1492283.258 -1603295.7  7.44%  18.4   15s
* 7954  1186             235    -1542531.106 -1603240.3  3.94%  18.1   15s
* 8175  1186             249    -1544584.265 -1603240.3  3.80%  17.8   15s
* 8614  1103             226    -1557957.303 -1603008.1  2.89%  17.3   15s
* 9323  1268             229    -1557974.322 -1602767.2  2.88%  16.4   15s
* 9324  1268             229    -1558001.053 -1602767.2  2.87%  16.4   15s
* 9829  1259             227    -1558007.767 -1602565.9  2.86%  15.8   15s
* 9945  1190             213    -1558533.167 -1602505.0  2.82%  15.7   16s
* 9986  1131             213    -1558935.593 -1602505.0  2.79%  15.7   16s
*10116  1498             210    -1559105.944 -1602286.7  2.77%  15.6   16s
*10377  1475             221    -1559367.209 -1602286.7  2.75%  15.3   16s
*10560  1369             214    -1560921.269 -1602286.7  2.65%  15.1   16s
*10820  1229             227    -1565916.554 -1602068.7  2.31%  14.9   16s
*10911  1229             213    -1566914.656 -1602068.7  2.24%  14.8   16s
*11342  1245             240    -1572491.926 -1601782.8  1.86%  14.4   16s
*11347  1245             243    -1573263.461 -1601782.8  1.81%  14.4   16s
*11608  1245             262    -1591003.114 -1601782.8  0.68%  14.2   16s

Cutting planes:
  Gomory: 17
  Implied bound: 3
  MIR: 21
  Flow cover: 163
  RLT: 98
  Relax-and-lift: 4

Explored 11808 nodes (175830 simplex iterations) in 16.37 seconds (15.09 work units)
Thread count was 16 (of 40 available processors)

Solution count 10: -1.591e+06 -1.57326e+06 -1.57249e+06 ... -1.55853e+06

Optimal solution found (tolerance 1.00e-02)
Best objective -1.591003114209e+06, best bound -1.601782842342e+06, gap 0.6775%

User-callback calls 28371, time in user-callback 0.00 sec
[NUM-KAPPA] kappa_solver=3779252 kappa_exact=-1 is_mip=1
[NUM-EFIC] work=15 root_gap=0 root_time=1
[pipeline] Tiempo de resolucion: 16.427674 s
[SOLVE] tiempo_solver_s=16.427686689000002 status=OPTIMAL gap=0.677542868142451 obj=-1591003.114209390478209 best_bound=-1601782.842341640498489 nodos=11808.000000000000000 iter=175830.000000000000000 primal_integral=0.251453219551510
[VERIF ORIGINAL] etapa=solver_desescalado max_le=1.13686837721616e-13 (a1_salto_grande_tangente_3(44)) max_ge=0 () max_eq=7.5995922088623e-07 (a1_balance(353)) max_lb=0 () max_ub=0 () max_int=0 () avg_viol=3.85224064131459e-09 p95_viol=5.6843418860808e-14 p99_viol=1.34110450744629e-07 max_viol_rel=2.48689957516035e-13 max_viol_relact=8.6406303535909e-16 viol_le_count=0 viol_ge_count=0 viol_eq_count=0 viol_lb_count=0 viol_ub_count=0 viol_int_count=0 missing_values=0 obj_original_recalc=-1591003.11420939
[32m[success] Resultados guardados correctamente en /clusteruy/home/mathiasr/generator-aware-row-scaling/results-revision/final-variants/gurobi_sgtm_1pct/resultados/instance027_matricial_plano_l2.csv[0m
[32m[success] Archivo CSV generado correctamente[0m

[POST DEBUG] ===== INICIO POSTPROCESAMIENTO GLOBAL =====

[SG POST] ===== Diagnóstico SaltoGrande =====
[SG POST] periodos = 360
[SG POST] periodosPotenciaRealMayorMIP = 360
[SG POST] periodosPotenciaRealMenorMIP = 0
[SG POST] periodosConWhile = 360
[SG POST] cantidadWhile = 4189193
[SG POST] periodosConErrorFinal = 0
[SG POST] sumaGMip = 196885.096106021
[SG POST] sumaGRealInicial = 206497.541918987
[SG POST] sumaGRealFinal = 196920.706341813
[SG POST] sumaDeltaGInicial = 9612.44581296569
[SG POST] sumaDeltaGFinal = 35.6102357912658
[SG POST] maxAbsDeltaGInicial = 96.851659787339
[SG POST] maxAbsDeltaGFinal = 0.0999954465613087
[SG POST] sumaDeltaX = -41891.9300007176
[SG POST] sumaDeltaY = 41891.9299999914
[SG POST] ===================================

[POST DEBUG] --- DESPUÉS DE AGENTES ---
[POST DEBUG] Agentes | g1 antes=196885.096106021 despues=196885.096106021 delta=0
[POST DEBUG] Agentes | g2 antes=118.451946989277 despues=118.451946989277 delta=0
[POST DEBUG] Agentes | g antes=98561 despues=98561 delta=0
[POST DEBUG] Agentes | costoFalla antes=0 despues=0 delta=0
[POST DEBUG] --- DESPUÉS DE DESPACHO ---
[POST DEBUG] Despacho | g1 antes=196885.096106021 despues=196885.096106021 delta=0
[POST DEBUG] Despacho | g2 antes=118.451946989277 despues=118.451946989277 delta=0
[POST DEBUG] Despacho | g antes=98561 despues=98561 delta=0
[POST DEBUG] Despacho | costoFalla antes=0 despues=0 delta=0
[POST DEBUG] --- TOTAL ANTES VS FINAL ---
[POST DEBUG] Final | g1 antes=196885.096106021 despues=196885.096106021 delta=0
[POST DEBUG] Final | g2 antes=118.451946989277 despues=118.451946989277 delta=0
[POST DEBUG] Final | g antes=98561 despues=98561 delta=0
[POST DEBUG] Final | costoFalla antes=0 despues=0 delta=0
[POST DEBUG] valorFOOriginal = -1591003.11420939
[POST DEBUG] valorFOPostProcesado = -1591003.11420939
[POST DEBUG] deltaFO = 0
[POST DEBUG] ===== FIN POSTPROCESAMIENTO GLOBAL =====

[32m[success] Post-procesamiento completado. Nuevo valor F.O.: -1591003.114209390478209[0m
[VERIF ORIGINAL] etapa=postprocesado max_le=72.4545823118215 (a1_salto_grande_tangente_2(356)) max_ge=1.45519152283669e-11 (falla_tramo(1,1)) max_eq=3.28347086906433e-05 (a1_balance(355)) max_lb=0 () max_ub=0 () max_int=0 () avg_viol=1.1490115476106 p95_viol=5.132110420913 p99_viol=33.1680961888212 max_viol_rel=36.3243173026323 max_viol_relact=0.0700176439514042 viol_le_count=1902 viol_ge_count=0 viol_eq_count=272 viol_lb_count=0 viol_ub_count=0 viol_int_count=0 missing_values=0 obj_original_recalc=-1591003.11420939
[32m[success] Resultados guardados correctamente en /clusteruy/home/mathiasr/generator-aware-row-scaling/results-revision/final-variants/gurobi_sgtm_1pct/resultados/instance027_matricial_plano_l2_postprocesado.csv[0m
> [32m[success] Saliendo del programa...[0m
[32m[success] SystemController destruido[0m
