[32m[success] SystemController creado[0m
> [32m[success] El programa se ha iniciado correctamente[0m
> > [34m[info] Agregando agente Salto Grande[0m
[34m[info] Ingrese costo de agua de Salto Grande:[0m
[34m[info] Ingrese volumen inicial de Salto Grande:[0m
[34m[info] Ingrese aportes de Salto Grande en una sola línea (360 valores):[0m
[info] SaltoGrande: activación de tramos de altura horaria
[32m[success] Se ha creado el agente 'Salto Grande' exitosamente[0m
> > [34m[info] Agregando agente Unidad Térmica Simple[0m
[34m[info] Ingrese potencia máxima de la unidad térmica simple:[0m
[34m[info] Ingrese costo variable de la unidad térmica simple:[0m
[32m[success] Se ha creado el agente 'Unidad Térmica Simple' exitosamente[0m
> > [34m[info] Agregando agente Demanda Fija[0m
[34m[info] Ingrese demandas en una sola línea (360 valores):[0m
[32m[success] Se ha creado el agente 'Demanda Fija' exitosamente[0m
> > [34m[info] Creando despacho de mercado[0m
[34m[info] Modo: despacho de mercado con demanda total explícita[0m
[34m[info] Ingrese cantidad de tramos del despacho de mercado:[0m
[34m[info] Ingrese porcentajes acumulados de los tramos en una sola línea (4 valores):[0m
[34m[info] Ingrese costos marginales de los tramos en una sola línea (4 valores):[0m
[34m[info] Ingrese demanda total en una sola línea (360 valores):[0m
[32m[success] Se ha creado el despacho de mercado exitosamente[0m
> > Set parameter WLSAccessID
Set parameter WLSSecret
Set parameter LicenseID to value 2849920
Academic license 2849920 - for non-commercial use only - registered to ma___@fing.edu.uy
[32m[success] Solver 'Gurobi' configurado | timeout=1800s | mipgap=0.01[0m
> [DEBUG Despacho] j=0 idGen=1 coefParticipacionDespacho=0.5
[DEBUG Despacho] j=1 idGen=2 coefParticipacionDespacho=1

[DEBUG Despacho] Cantidad de generadores = 2
[DEBUG Despacho] j=0 puntero=0x20f5300 idGen=1 coefParticipacionDespacho=0.5
[DEBUG Despacho] j=1 puntero=0x20f5510 idGen=2 coefParticipacionDespacho=1
[PREPROC] modo plano: 10080 filas tratadas como un unico bloque sin roles (kernel geomean por fila)
[PREPROC PHASES] metadata_s=9.2398e-05 diagnostico_s=0.001215983 aplicacion_s=0.002003415

------------------------------------------------------------
  PREPROCESAMIENTO MIP - Diagnostico Numerico
------------------------------------------------------------
Rango de coeficientes (toda la matriz):
  max |coef| = 2.838e+07
  min |coef| = 9.037e-06
  proxy rango= 3.140e+12

Diagnostico por bloque:
Bloque              max|coef|      min|coef|      kappa_aprox   vars    alpha     beta      cols      disc_omit aux_omit  escalado
------------------------------------------------------------------------------------------------------------------------------
plano               2.838e+07      9.037e-06      3.14e+12      0       9.98e-02  1.00e+00  0         0         0         SI  (filas=7920, alpha_min=9.04e-06, alpha_max=4.55e+01)

Restriccion(es) global(es): 0 fila(s)
  acoplamiento balance = 0 fila(s)
  global no acoplante  = 0 fila(s)
  rho aprox (solo acoplamiento) = 0.000e+00
  gamma acoplamiento   = 1.000000
  gamma candidato      = 1.000000
  filas acop. escaladas= no
  filas normaliz. fisica= 0
  motivo gamma=1       = rho bajo; no se escala la fila de acoplamiento

ADVERTENCIAS:
  [!] Rango de coeficientes elevado (3140316249625). Riesgo de sensibilidad numerica.
  [!] Bloque 'plano' internamente mal escalado (kappa~3140316249625). Conviene comparar equilibrado interno por filas/columnas.
------------------------------------------------------------

------------------------------------------------------------
  COMPARACION NUMERICA ANTES / DESPUES
------------------------------------------------------------
Indicador                   antes           despues         despues/antes
----------------------------------------------------------------------------
rango global                2.535e+13       3.140e+12       1.239e-01
rho acoplamiento            0.000e+00       0.000e+00       0.000e+00
gamma aplicado              1.000000        1.000000        1.000000

Bloques locales:
Bloque              kappa antes     kappa despues   alpha       beta        filas       cols        disc_omit   aux_omit    escalado
------------------------------------------------------------------------------------------------------------------------------------
plano               2.535e+13       3.140e+12       9.984e-02   1.000e+00   7920        0           0           0           SI

Interpretacion: valores despues/antes menores que 1 indican mejora del proxy.
rho se calcula solo con filas de acoplamiento; las cotas de demanda sobre g quedan fuera.
El escalamiento local activo fue solo por fila: alpha_r = 1/sqrt(M_r*m_r).
------------------------------------------------------------

[PREPROC TIME] variante=matricial_plano tiempo_s=0.006872318 u=2 K=4 epsMin=1e-09 epsMax=1000000000
[32m[success] Preprocesamiento aplicado.[0m
> [MODELO] rows=10080 cols=6120 nnz=22679
[pipeline] Preprocesamiento seleccionado: Ninguno
[pipeline] Modelo interno sin modificaciones de preprocesamiento.
[pipeline] Estrategia de resolucion seleccionada: Monolitica
[pipeline] Resolviendo monoliticamente.
Set parameter TimeLimit to value 1800
Set parameter MIPGap to value 0.01
Set parameter Seed to value 42
Set parameter Threads to value 16
Gurobi Optimizer version 13.0.1 build v13.0.1rc0 (linux64 - "Debian GNU/Linux 12 (bookworm)")

CPU model: Intel(R) Xeon(R) Gold 6138 CPU @ 2.00GHz, instruction set [SSE2|AVX|AVX2|AVX512]
Thread count: 40 physical cores, 40 logical processors, using up to 16 threads

Non-default parameters:
TimeLimit  1800
MIPGap  0.01
Seed  42
Threads  16

Academic license 2849920 - for non-commercial use only - registered to ma___@fing.edu.uy
Optimize a model with 10080 rows, 6120 columns and 22679 nonzeros (Min)
Model fingerprint: 0x8c135fec
Model has 721 linear objective coefficients
Variable types: 4680 continuous, 1440 integer (1440 binary)
Coefficient statistics:
  Matrix range     [9e-06, 1e+05]
  Objective range  [3e-03, 1e+02]
  Bounds range     [1e+00, 4e+09]
  RHS range        [9e+01, 3e+07]
Warning: Model contains large bounds
         Consider reformulating model or setting NumericFocus parameter
         to avoid numerical issues.

Found heuristic solution: objective 6.002862e+08
Presolve removed 1168 rows and 390 columns
Presolve time: 0.09s
Presolved: 8912 rows, 5730 columns, 21367 nonzeros
Variable types: 4305 continuous, 1425 integer (1425 binary)

Root relaxation: objective 1.699947e+05, 7126 iterations, 0.36 seconds (0.40 work units)

    Nodes    |    Current Node    |     Objective Bounds      |     Work
 Expl Unexpl |  Obj  Depth IntInf | Incumbent    BestBd   Gap | It/Node Time

     0     0 169994.691    0  927 6.0029e+08 169994.691   100%     -    0s
H    0     0                    9301474.8575 169994.691  98.2%     -    0s
H    0     0                    472675.41959 181552.619  61.6%     -    0s
     0     0 214298.392    0 1047 472675.420 214298.392  54.7%     -    1s
     0     0 214692.588    0 1054 472675.420 214692.588  54.6%     -    1s
     0     0 214695.445    0 1054 472675.420 214695.445  54.6%     -    1s
H    0     0                    466338.31252 214695.445  54.0%     -    1s
     0     0 222494.132    0 1197 466338.313 222494.132  52.3%     -    1s
     0     0 222779.051    0 1198 466338.313 222779.051  52.2%     -    1s
     0     0 222779.051    0 1198 466338.313 222779.051  52.2%     -    1s
     0     0 225693.676    0 1252 466338.313 225693.676  51.6%     -    1s
     0     0 225961.555    0 1256 466338.313 225961.555  51.5%     -    2s
     0     0 225961.555    0 1257 466338.313 225961.555  51.5%     -    2s
     0     0 239051.291    0 1261 466338.313 239051.291  48.7%     -    2s
     0     0 244353.005    0 1259 466338.313 244353.005  47.6%     -    2s
     0     0 245399.344    0 1259 466338.313 245399.344  47.4%     -    2s
     0     0 252006.403    0 1258 466338.313 252006.403  46.0%     -    2s
H    0     0                    464458.97482 252006.403  45.7%     -    2s
H    0     0                    460328.35395 252006.403  45.3%     -    2s
H    0     0                    459529.86007 252006.403  45.2%     -    2s
     0     0 252943.590    0 1258 459529.860 252943.590  45.0%     -    2s
     0     0 252943.590    0 1258 459529.860 252943.590  45.0%     -    2s
     0     2 252943.590    0 1258 459529.860 252943.590  45.0%     -    3s
    11     2 252943.590    6 1252 459529.860 252943.590  45.0%  1093    5s
H  360   273                    446672.87174 252943.590  43.4%   110    7s
H  362   273                    444053.81478 252943.590  43.0%   110    7s
   875   604 273405.284   40 1061 444053.815 252943.590  43.0%  83.3   10s
H 1373   939                    443167.56392 252943.590  42.9%  71.1   11s
H 1389   911                    442404.01592 252943.590  42.8%  72.3   11s
H 1404   903                    442038.50692 252943.590  42.8%  72.0   11s
H 1434   904                    436653.96657 252943.590  42.1%  72.6   11s
H 2488  1375                    435380.01960 262512.747  39.7%  66.2   14s
H 2818  1370                    432593.74813 270551.090  37.5%  66.6   15s
H 2818  1308                    431157.31999 270551.090  37.3%  66.6   16s
  2822  1309 417903.969   37 1286 431157.320 270551.090  37.3%  66.5   20s
  2831  1315 288778.002   46 1306 431157.320 270551.090  37.3%  66.3   25s
  3643  1436 infeasible   54      431157.320 270551.090  37.3%  74.1   30s
  5175  1856     cutoff   89      431157.320 279513.374  35.2%  70.4   35s
  6897  2558 293775.936   60  661 431157.320 293775.936  31.9%  70.6   40s
H 7327  1927                    418575.99634 296387.683  29.2%  69.3   40s
H 7645  1795                    417122.03124 296387.683  28.9%  68.2   41s
H 7648  1477                    411858.28408 298593.021  27.5%  68.2   41s
H 7649  1468                    411825.75299 298593.021  27.5%  68.3   41s
H 7671  1449                    411505.88625 298593.021  27.4%  68.8   41s
  8836  2055     cutoff   70      411505.886 305198.365  25.8%  64.4   45s
  8952  2097 360418.279   74  400 411505.886 305198.365  25.8%  65.0   50s
H 9017  2084                    410993.59076 305198.365  25.7%  64.9   52s
H 9197  2190                    410991.86884 305198.365  25.7%  64.4   53s
H 9198  2183                    410895.15488 305198.365  25.7%  64.4   53s
H 9316  2205                    410891.51141 305198.365  25.7%  63.9   54s
  9332  2264     cutoff   81      410891.511 305198.365  25.7%  63.9   55s
 13244  3958 352211.782  128  410 410891.511 321705.281  21.7%  57.7   60s
 16603  4964 407252.463  168  258 410891.511 327969.618  20.2%  58.5   65s
 20721  6659 410864.819  149  296 410891.511 334490.813  18.6%  55.4   70s
 23978  7589 373130.472  156  274 410891.511 340057.786  17.2%  57.0   75s
 26793  9080 390622.769  128  221 410891.511 344347.717  16.2%  55.6   80s
 32040 11374     cutoff  184      410891.511 346338.282  15.7%  54.8   85s
 38199 13367 383824.873  179  218 410891.511 352384.692  14.2%  52.6   90s
 43127 16248 407489.638  283  114 410891.511 356092.658  13.3%  51.1  110s
 49078 18172     cutoff  176      410891.511 359882.278  12.4%  50.6  116s
 53352 19876 376223.905  162  287 410891.511 362178.884  11.9%  52.1  121s
 57948 21668 399746.754  154  335 410891.511 364543.457  11.3%  53.0  126s
 62760 22741     cutoff  224      410891.511 366899.936  10.7%  53.3  131s
 66372 24007 403133.043  128  378 410891.511 367437.999  10.6%  53.3  135s
 71450 26358 401230.615  129  234 410891.511 369296.205  10.1%  53.3  141s
 75725 27763     cutoff  116      410891.511 370250.207  9.89%  53.3  145s
 79838 28943 376911.388  100  401 410891.511 371211.895  9.66%  53.8  150s
 83809 30518 406088.742  104  386 410891.511 372164.285  9.43%  54.3  155s
 88634 32409 399670.488  104  373 410891.511 373135.148  9.19%  54.5  161s
 92774 33329     cutoff  107      410891.511 374004.595  8.98%  54.4  165s
 96072 35366 407977.934  129  286 410891.511 374529.097  8.85%  54.5  171s
 100958 36887 389608.475   78  397 410891.511 375238.526  8.68%  54.4  176s
 105508 38681 403061.569  128  258 410891.511 375734.156  8.56%  54.3  181s
 108683 40605 395077.215  146  353 410891.511 376087.325  8.47%  54.2  187s
 113684 41219 389264.096  106  357 410891.511 376610.478  8.34%  54.1  190s
 118466 42910 406428.837  104  260 410891.511 377131.744  8.22%  54.3  195s
 123636 45413 380825.179   96  390 410891.511 377537.161  8.12%  54.0  201s
 128598 47693 407332.069  212   72 410891.511 377890.529  8.03%  53.7  207s
 131638 48745 381645.428  124  306 410891.511 378127.844  7.97%  53.6  210s
 137985 51277 409427.719   97  357 410891.511 378669.131  7.84%  53.3  216s
 142806 52799     cutoff  193      410891.511 378999.593  7.76%  53.1  220s
 146223 54566 392349.734   98  386 410891.511 379242.121  7.70%  53.2  225s
 150924 57651 406306.093  110  269 410891.511 379438.142  7.65%  53.0  233s
 157861 58620 410502.201  155  261 410891.511 379730.682  7.58%  52.7  236s
 162240 60153 384791.369  101  389 410891.511 379933.676  7.53%  52.7  240s
 167179 62781     cutoff  178      410891.511 380297.068  7.45%  52.3  245s
 172236 64374 395790.927  108  384 410891.511 380525.159  7.39%  52.1  250s
 172959 66529 398528.891   96  358 410891.511 380533.569  7.39%  52.1  255s
 180593 68176 405310.972  145  124 410891.511 380898.709  7.30%  51.8  260s
 187445 71000 405128.136  127  303 410891.511 381122.065  7.25%  51.4  266s
 193304 72759 infeasible  129      410891.511 381352.040  7.19%  51.2  271s
 194019 74398 410121.651   97  376 410891.511 381371.246  7.18%  51.2  275s
H201050 75118                    410771.88477 381621.309  7.10%  51.0  278s
 201071 75255 393114.796   98  330 410771.885 381621.309  7.10%  51.0  280s
 205995 77552 409477.433  132  226 410771.885 381768.942  7.06%  51.0  286s
 210735 79376 409018.445  150  324 410771.885 381913.990  7.03%  51.0  290s
 217558 81312 405148.600  123  335 410771.885 382165.567  6.96%  50.6  295s
 222165 83582 407361.151  124  223 410771.885 382279.881  6.94%  50.7  300s
 228411 85493 405958.729  107  290 410771.885 382493.974  6.88%  50.6  305s
 234873 87888 400205.210  125  266 410771.885 382736.391  6.83%  50.3  311s
 240909 89663 392303.196  126  275 410771.885 382909.473  6.78%  50.1  315s
 245988 91736 404584.494  117  309 410771.885 383036.155  6.75%  50.0  321s
 250768 93561 405552.375  128  245 410771.885 383189.547  6.71%  49.9  325s
 255323 95107 396773.771  132  246 410771.885 383296.184  6.69%  49.9  330s
 261826 97524     cutoff  180      410771.885 383488.903  6.64%  49.8  336s
 265980 98991 395380.335  106  377 410771.885 383617.610  6.61%  49.7  340s
 272237 101233 409743.548  144  319 410771.885 383769.819  6.57%  49.5  345s
 276591 102807 387846.207  113  308 410771.885 383903.274  6.54%  49.3  350s
 280571 103595 408394.092  182  175 410771.885 383984.070  6.52%  49.4  355s
 284141 105429 396076.203  120  349 410771.885 384065.641  6.50%  49.3  360s
 289706 106784 399440.469  108  265 410771.885 384208.065  6.47%  49.2  365s
 294613 108975 410687.717  127  219 410771.885 384356.809  6.43%  49.2  370s
 298744 110358 407633.203  165   92 410771.885 384455.503  6.41%  49.1  375s
 304841 112149     cutoff  123      410771.885 384610.898  6.37%  49.2  380s
 310902 114124 400074.244  139  249 410771.885 384760.170  6.33%  49.2  386s
 316605 115786 393356.998  125  282 410771.885 384910.529  6.30%  49.2  390s
 320998 117918 402999.768  133  353 410771.885 385003.343  6.27%  49.1  395s
 326126 119029 408825.974  133  317 410771.885 385151.172  6.24%  49.1  400s
 329192 120554 387558.626  111  359 410771.885 385220.181  6.22%  49.1  405s
 333827 122034 391773.944  122  337 410771.885 385332.096  6.19%  49.1  410s
 340461 124569 405394.886  135  305 410771.885 385497.706  6.15%  49.1  416s
 343269 126257 392537.289   92  373 410771.885 385560.836  6.14%  49.1  422s
 348845 127317 393410.685  117  352 410771.885 385709.887  6.10%  49.1  425s
 353438 128745 406079.227  165  186 410771.885 385821.427  6.07%  49.2  430s
 358093 130251 401637.319  158  270 410771.885 385926.855  6.05%  49.3  435s
 364491 131966 392522.274  107  376 410771.885 386060.028  6.02%  49.1  441s
 365282 133514 400832.205   90  349 410771.885 386080.053  6.01%  49.2  445s
 372704 135094 396570.279  115  265 410771.885 386246.010  5.97%  49.1  450s
 376844 136323     cutoff  113      410771.885 386321.001  5.95%  49.0  456s
 381704 137854 395151.742  125  256 410771.885 386393.395  5.93%  49.1  461s
 386431 140016 406965.716   96  374 410771.885 386495.148  5.91%  49.1  467s
 389353 140518 391679.788   96  315 410771.885 386535.902  5.90%  49.1  470s
 395890 142390 405520.386  101  383 410771.885 386663.881  5.87%  49.2  476s
 400543 143869 410041.233  165  169 410771.885 386745.809  5.85%  49.2  481s
 404786 144988     cutoff  129      410771.885 386840.567  5.83%  49.3  485s
 407631 146648 397756.063  124  239 410771.885 386888.571  5.81%  49.3  490s
 413613 148317     cutoff  103      410771.885 386998.273  5.79%  49.3  495s
 417865 149742 400225.171  134  215 410771.885 387054.959  5.77%  49.3  500s
 422341 151305 410327.885  184  154 410771.885 387134.430  5.75%  49.3  505s
 426863 152692 409987.050  107  266 410771.885 387222.268  5.73%  49.4  510s
 431424 154477 401985.899  127  266 410771.885 387272.093  5.72%  49.4  515s
 436974 156459 401819.211  111  310 410771.885 387361.393  5.70%  49.4  521s
 441743 157901 407597.150  103  378 410771.885 387418.985  5.69%  49.3  525s
 446574 159261     cutoff  125      410771.885 387492.842  5.67%  49.3  530s
 451215 161657 407692.127  132  181 410771.885 387570.332  5.65%  49.3  537s
 456193 162521 396209.332   81  358 410771.885 387648.034  5.63%  49.2  540s
 460966 164323 394417.963  123  349 410771.885 387714.890  5.61%  49.3  546s
 465633 165836 402235.826  142  308 410771.885 387767.748  5.60%  49.3  551s
 470659 167467 407854.340   99  375 410771.885 387847.966  5.58%  49.3  556s
 473324 169441 401882.325  103  326 410771.885 387893.204  5.57%  49.3  562s
 478847 169521 409995.389  165   93 410771.885 387952.740  5.56%  49.3  565s
 479913 170057 404348.253  131  243 410771.885 387980.256  5.55%  49.3  570s
 485252 171709 410563.927  126  199 410771.885 388057.377  5.53%  49.3  576s
 489313 173736 406856.666  125  166 410771.885 388101.726  5.52%  49.3  581s
 493580 174459 399509.458   65  343 410771.885 388150.330  5.51%  49.3  585s
 498241 175916 403730.446  124  246 410771.885 388197.773  5.50%  49.3  590s
 503274 177526 408926.976  224  100 410771.885 388263.408  5.48%  49.4  596s
 506243 178588 392169.539   84  334 410771.885 388302.605  5.47%  49.4  601s
 509447 179390     cutoff  136      410771.885 388347.936  5.46%  49.4  605s
 512779 181030 406157.514  133  356 410771.885 388391.721  5.45%  49.4  610s
 517609 182865 394461.163  116  337 410771.885 388445.820  5.44%  49.4  616s
 522399 184182 401330.701  130  214 410771.885 388508.029  5.42%  49.4  620s
 526779 185557 404252.684  156  130 410771.885 388566.399  5.41%  49.4  625s
 531618 187064     cutoff  127      410771.885 388625.351  5.39%  49.5  630s
 536235 188517 406680.702  119  222 410771.885 388684.141  5.38%  49.5  636s
 538857 189613 infeasible   59      410771.885 388730.994  5.37%  49.5  640s
 545862 191967     cutoff  117      410771.885 388812.375  5.35%  49.5  646s
 550795 193570     cutoff  113      410771.885 388876.346  5.33%  49.5  651s
 555596 195251 407425.332  153  198 410771.885 388933.276  5.32%  49.5  656s
 558325 196930 396786.255   91  364 410771.885 388963.125  5.31%  49.5  662s
 563336 197932 409739.334   93  368 410771.885 389012.457  5.30%  49.5  665s
 569598 199597 405397.370  151  261 410771.885 389085.714  5.28%  49.4  670s
 574202 201108 406290.591  128  198 410771.885 389136.385  5.27%  49.3  675s
 578773 202782 404346.905  224   91 410771.885 389190.283  5.25%  49.3  680s
 583589 204278 410199.486  144  289 410771.885 389238.842  5.24%  49.3  685s
 588622 205791     cutoff   99      410771.885 389301.035  5.23%  49.4  691s
 593625 207271 409517.353  151  197 410771.885 389359.985  5.21%  49.4  696s
 597004 208793 406702.061   97  301 410771.885 389398.340  5.20%  49.5  701s
 600975 209539 396516.205   91  364 410771.885 389428.297  5.20%  49.5  705s
 605622 210952 393992.483  142  211 410771.885 389479.498  5.18%  49.6  710s
 610640 213171 393996.150  135  274 410771.885 389534.386  5.17%  49.6  715s
 615044 214488 infeasible  118      410771.885 389581.442  5.16%  49.6  720s
 619617 215642 408613.919  142  220 410771.885 389629.836  5.15%  49.6  725s
 623566 218102 409539.149  105  391 410771.885 389678.005  5.14%  49.7  732s
 628719 218870 397103.156  133  246 410771.885 389730.137  5.12%  49.7  735s
 633502 220480     cutoff  158      410771.885 389780.421  5.11%  49.7  740s
 638296 222046 406830.907  156  203 410771.885 389832.667  5.10%  49.7  745s
 642825 223054     cutoff  121      410771.885 389876.979  5.09%  49.7  750s
 645391 224470 409241.421  129  170 410771.885 389905.369  5.08%  49.8  756s
 650448 225259 406200.897  125  215 410771.885 389956.803  5.07%  49.9  760s
 655713 226307 400003.468  132  213 410771.885 390021.955  5.05%  49.9  765s
 660191 227546 393484.217  127  348 410771.885 390072.110  5.04%  50.0  770s
 665184 229067     cutoff  147      410771.885 390116.997  5.03%  50.0  776s
 665936 230486 407091.827  160  202 410771.885 390122.419  5.03%  50.0  780s
 673148 231709     cutoff  134      410771.885 390183.439  5.01%  50.0  785s
 676320 232788 408062.554  110  219 410771.885 390219.995  5.00%  50.1  791s
 678957 233854 403287.129  129  289 410771.885 390241.549  5.00%  50.1  795s
 683942 235514 410187.517  187  294 410771.885 390308.079  4.98%  50.1  800s
 686874 236841 404579.330  206   77 410771.885 390328.843  4.98%  50.2  806s
 691460 237787 403904.418  149  217 410771.885 390383.199  4.96%  50.2  810s
 696625 239599 400324.969  142  193 410771.885 390432.849  4.95%  50.2  815s
 701152 240493     cutoff  105      410771.885 390472.377  4.94%  50.2  820s
 705371 241606 409996.425  118  240 410771.885 390513.402  4.93%  50.3  825s
 708324 243048 395222.816  117  330 410771.885 390534.954  4.93%  50.3  830s
 713962 244961 400549.288  114  350 410771.885 390602.516  4.91%  50.3  836s
 718429 246179 408736.376   91  329 410771.885 390642.514  4.90%  50.3  841s
 723401 247840 403819.220  100  282 410771.885 390698.571  4.89%  50.3  846s
 727404 248540 397623.163  121  217 410771.885 390732.679  4.88%  50.3  850s
 732079 250011 infeasible  168      410771.885 390771.119  4.87%  50.4  855s
 737517 251902 407520.309  148  226 410771.885 390830.431  4.85%  50.3  860s
 740960 253259 396131.267  191  106 410771.885 390856.990  4.85%  50.4  866s
 745783 254866 406088.893  143  322 410771.885 390893.543  4.84%  50.4  871s
 750297 256306 401757.517  139  310 410771.885 390937.450  4.83%  50.5  876s
 753663 257553 402659.324  116  306 410771.885 390978.272  4.82%  50.5  881s
 757118 258741 407089.679  106  259 410771.885 391011.066  4.81%  50.5  885s
 761737 259553 409879.465   96  307 410771.885 391044.286  4.80%  50.5  890s
 764792 260989 402874.610  121  242 410771.885 391079.090  4.79%  50.5  895s
 769792 262478 408047.202  111  290 410771.885 391120.460  4.78%  50.5  901s
 774391 263520     cutoff  113      410771.885 391158.268  4.77%  50.5  905s
 778743 264636 402676.437  134  229 410771.885 391193.915  4.77%  50.6  910s
 782095 266058 403944.236  132  327 410771.885 391222.537  4.76%  50.6  915s
 787089 267638 404774.476  148  194 410771.885 391268.257  4.75%  50.7  921s
 791852 268842 406275.654  167  128 410771.885 391317.421  4.74%  50.7  926s
 796497 270354     cutoff  157      410771.885 391354.951  4.73%  50.7  932s
 799235 271150 399698.173  115  358 410771.885 391382.392  4.72%  50.7  935s
 803855 272622 405654.080  116  332 410771.885 391416.284  4.71%  50.7  940s
 808379 273877 399219.869  186   93 410771.885 391470.863  4.70%  50.8  946s
 813226 275485 409028.960  131  349 410771.885 391515.977  4.69%  50.8  951s
 818040 277188 408984.626  118  321 410771.885 391558.990  4.68%  50.8  957s
 820850 278166 408236.085   79  380 410771.885 391587.087  4.67%  50.8  960s
 825459 279274     cutoff  127      410771.885 391621.274  4.66%  50.7  965s
 830062 280520 402832.584  114  257 410771.885 391660.969  4.65%  50.8  970s
 834581 281849 407152.067  125  222 410771.885 391695.006  4.64%  50.8  975s
 839183 283110 404617.852  131  193 410771.885 391740.905  4.63%  50.8  981s
 841598 284339 399588.147  141  206 410771.885 391754.653  4.63%  50.8  985s
 847286 285859 403498.063  134  219 410771.885 391803.661  4.62%  50.8  991s
 850500 286671 409686.354  133  164 410771.885 391830.146  4.61%  50.8  996s
 853207 287646     cutoff  133      410771.885 391856.794  4.60%  50.8 1000s
 858101 289075 410377.025  103  279 410771.885 391889.351  4.60%  50.8 1006s
 861157 290397     cutoff  131      410771.885 391928.427  4.59%  50.8 1012s
 865948 291386 403577.050  133  331 410771.885 391952.966  4.58%  50.9 1015s
 870762 292966 401130.389   87  325 410771.885 392005.458  4.57%  50.9 1021s
 875548 294305 407240.061  149  204 410771.885 392039.517  4.56%  50.9 1026s
 880353 295855 406433.511  133  217 410771.885 392072.304  4.55%  50.9 1032s
 884278 296493 infeasible  101      410771.885 392097.619  4.55%  50.9 1035s
 887921 297885 403711.604  134  231 410771.885 392128.617  4.54%  51.0 1042s
 890950 298807 407532.938  147  220 410771.885 392163.564  4.53%  51.0 1045s
 896289 300298 399859.499  109  334 410771.885 392204.061  4.52%  51.0 1051s
 900086 300950 infeasible  109      410771.885 392232.725  4.51%  51.0 1055s
 903313 303182     cutoff  132      410771.885 392254.931  4.51%  51.0 1067s
 908695 303364 402882.850  145  226 410771.885 392294.540  4.50%  51.1 1072s
 909404 304397 408604.978  120  232 410771.885 392298.706  4.50%  51.1 1076s
 915665 305859 404698.493  102  225 410771.885 392354.467  4.48%  51.1 1081s
 919084 306951     cutoff  103      410771.885 392384.205  4.48%  51.1 1086s
 924002 307758 404510.702  119  265 410771.885 392419.266  4.47%  51.1 1090s
 924797 309011 402876.342  124  333 410771.885 392421.381  4.47%  51.2 1095s
 930893 310263 406734.289  114  178 410771.885 392466.609  4.46%  51.2 1102s
 934119 311227 401977.735  101  318 410771.885 392498.374  4.45%  51.2 1105s
 939029 312445     cutoff  104      410771.885 392535.380  4.44%  51.2 1111s
 943025 313244 408638.297  134  194 410771.885 392556.218  4.43%  51.2 1115s
 947795 314539     cutoff  112      410771.885 392598.257  4.42%  51.3 1120s
 950883 315656 398467.506  105  285 410771.885 392621.253  4.42%  51.3 1125s
 955291 317176 408020.934  148  303 410771.885 392641.773  4.41%  51.3 1130s
 959919 318449 399507.035  126  329 410771.885 392683.528  4.40%  51.3 1136s
 964852 319689 407761.599  134  337 410771.885 392720.605  4.39%  51.4 1141s
 967797 320473 infeasible  166      410771.885 392735.153  4.39%  51.4 1145s
 973018 321835 409480.639  105  357 410771.885 392775.909  4.38%  51.4 1151s
 976589 323349     cutoff  138      410771.885 392807.951  4.37%  51.4 1156s
 980791 324530 401611.200  121  252 410771.885 392837.452  4.37%  51.4 1160s
 985182 326031     cutoff  159      410771.885 392869.552  4.36%  51.4 1166s
 989038 326830 398226.696   77  397 410771.885 392899.129  4.35%  51.4 1170s
 993732 328220 410097.970  111  306 410771.885 392924.446  4.34%  51.5 1176s
 996841 329442 408494.352  140  192 410771.885 392945.863  4.34%  51.5 1180s
 1001592 330405 405415.555  186  170 410771.885 392976.624  4.33%  51.5 1185s
 1006184 331607 407347.587  164  123 410771.885 393008.721  4.32%  51.5 1191s
 1009242 332659     cutoff  136      410771.885 393034.990  4.32%  51.6 1195s
 1011707 333819 404492.842  116  255 410771.885 393059.982  4.31%  51.6 1201s
 1016201 333980 408683.326  142  196 410771.885 393086.371  4.31%  51.6 1205s
 1016661 334301 405967.212  128  238 410771.885 393088.571  4.30%  51.7 1211s
 1020347 335485     cutoff  213      410771.885 393114.384  4.30%  51.7 1216s
 1023113 336581 394972.683  192  114 410771.885 393134.735  4.29%  51.7 1221s
 1027901 337679 398650.166  117  280 410771.885 393168.024  4.29%  51.7 1225s
 1033513 339143 405920.171  130  301 410771.885 393204.240  4.28%  51.8 1232s
 1036214 339672 401780.284  136  231 410771.885 393222.536  4.27%  51.8 1235s
 1041264 340736 409318.006  111  366 410771.885 393259.161  4.26%  51.8 1240s
 1044575 342129 406688.823  111  264 410771.885 393282.671  4.26%  51.9 1246s
 1049099 343097 408747.244  146  191 410771.885 393309.193  4.25%  51.9 1250s
 1054318 344710 infeasible   94      410771.885 393345.963  4.24%  51.9 1256s
 1055170 345733 408022.971  127  327 410771.885 393346.246  4.24%  51.9 1260s
 1062131 347430     cutoff  133      410771.885 393398.729  4.23%  51.9 1266s
 1065075 347987 405171.488  194   94 410771.885 393413.317  4.23%  51.9 1270s
 1069475 349287 407978.304  117  251 410771.885 393443.511  4.22%  52.0 1275s
 1074441 350522     cutoff  122      410771.885 393476.836  4.21%  52.0 1281s
 1077198 351592 404180.277  162  246 410771.885 393493.205  4.21%  52.0 1286s
 1081303 352555 405691.050  133  207 410771.885 393522.445  4.20%  52.1 1290s
 1085789 353631 408212.073   96  373 410771.885 393548.815  4.19%  52.1 1295s
 1091091 354936 406503.126  132  231 410771.885 393582.555  4.18%  52.1 1301s
 1094036 355844 405948.621  127  208 410771.885 393590.332  4.18%  52.1 1305s
 1098755 357668 406800.675  131  367 410771.885 393631.225  4.17%  52.2 1312s
 1103167 358503 397624.199   57  422 410771.885 393648.892  4.17%  52.2 1316s
 1107481 359245     cutoff  132      410771.885 393688.791  4.16%  52.2 1320s
 1112582 360697 405104.996  127  320 410771.885 393712.070  4.15%  52.2 1326s
 1115517 361797 407112.933  146  326 410771.885 393734.866  4.15%  52.2 1330s
 1120196 363163 404660.478  136  186 410771.885 393766.384  4.14%  52.3 1336s
 1124883 364130 407180.809  208   67 410771.885 393793.034  4.13%  52.3 1341s
 1127064 365067 403156.563  107  276 410771.885 393806.591  4.13%  52.3 1345s
 1132198 366239     cutoff  111      410771.885 393837.995  4.12%  52.4 1350s
 1136377 367650 410149.320  140  205 410771.885 393865.286  4.12%  52.4 1356s
 1139554 368437 406941.927  134  347 410771.885 393887.125  4.11%  52.4 1360s
 1144376 369801 401818.483  126  229 410771.885 393915.657  4.10%  52.4 1365s
 1148775 370868     cutoff  148      410771.885 393942.515  4.10%  52.4 1370s
 1153005 372106 401434.580  112  268 410771.885 393969.199  4.09%  52.5 1376s
 1157887 373243 405819.981   91  331 410771.885 393993.077  4.08%  52.5 1381s
 1160599 374003 407188.897  139  332 410771.885 394007.209  4.08%  52.5 1385s
 1165208 375382 406143.023  151  226 410771.885 394035.529  4.07%  52.6 1391s
 1169908 376870 406313.051  120  379 410771.885 394055.438  4.07%  52.6 1396s
 1173818 377538 400624.328  177  120 410771.885 394079.095  4.06%  52.6 1400s
 1178219 378560 409487.942  118  299 410771.885 394106.850  4.06%  52.7 1405s
 1181012 379321 406138.053  150  220 410771.885 394119.987  4.05%  52.7 1411s
 1184195 380138 402520.638   95  399 410771.885 394137.373  4.05%  52.7 1415s
 1186664 381061     cutoff  119      410771.885 394150.721  4.05%  52.8 1420s
 1191839 382217 408459.318  115  331 410771.885 394180.244  4.04%  52.8 1425s
 1196951 383235 398292.351  150  152 410771.885 394211.162  4.03%  52.8 1431s
 1200037 384417 403470.714  106  279 410771.885 394229.285  4.03%  52.9 1435s
 1204775 385659 405340.215  169  133 410771.885 394251.716  4.02%  52.9 1441s
 1209406 386709 407616.298  155  128 410771.885 394277.525  4.02%  52.9 1446s
 1213935 387629     cutoff  129      410771.885 394300.442  4.01%  52.9 1451s
 1217182 388361 410288.009  123  203 410771.885 394316.492  4.01%  53.0 1455s
 1220703 389860 402498.963   84  347 410771.885 394336.136  4.00%  53.0 1460s
 1225980 391259 400617.865   81  389 410771.885 394367.784  3.99%  53.0 1466s
 1228675 392059 406705.347  143  195 410771.885 394384.493  3.99%  53.0 1470s
 1233340 393225 403583.015  128  262 410771.885 394408.971  3.98%  53.1 1475s
 1237632 394231 398868.373  117  291 410771.885 394438.705  3.98%  53.1 1481s
 1241823 394967 399041.942  136  261 410771.885 394460.702  3.97%  53.1 1485s
 1245841 396316 404608.456  118  342 410771.885 394483.528  3.97%  53.2 1490s
 1248637 397586 409782.149  107  228 410771.885 394495.724  3.96%  53.2 1496s
 1253411 398431 402879.343  140  227 410771.885 394527.446  3.95%  53.2 1500s
 1258328 399807     cutoff   77      410771.885 394553.441  3.95%  53.2 1505s
 1263487 401283 407259.539  134  210 410771.885 394577.484  3.94%  53.2 1511s
 1266429 402042 398847.367  103  331 410771.885 394597.592  3.94%  53.3 1515s
 1271162 403203 409899.723  217   35 410771.885 394621.094  3.93%  53.3 1521s
 1276037 404216     cutoff   96      410771.885 394647.242  3.93%  53.3 1526s
 1279359 405088 405595.703  127  332 410771.885 394667.144  3.92%  53.3 1530s
 1284299 406269 410150.859  116  234 410771.885 394693.560  3.91%  53.3 1536s
 1287275 407070 404980.859  111  251 410771.885 394707.692  3.91%  53.4 1541s
 1290099 407828 409490.606  144  194 410771.885 394719.272  3.91%  53.4 1546s
 1294031 408687     cutoff  142      410771.885 394742.546  3.90%  53.4 1550s
 1297820 410163 405179.424  153  210 410771.885 394759.391  3.90%  53.4 1556s
 1302442 411326 395519.289  102  370 410771.885 394788.791  3.89%  53.4 1561s
 1306465 412026 407547.874  100  325 410771.885 394805.044  3.89%  53.5 1565s
 1311093 413033 403433.035  131  245 410771.885 394832.623  3.88%  53.5 1571s
 1311911 413968 402371.228  117  225 410771.885 394837.241  3.88%  53.5 1575s
 1319062 415541 403032.273  156  164 410771.885 394874.834  3.87%  53.5 1581s
 1321868 416430 407840.974  125  276 410771.885 394887.615  3.87%  53.6 1585s
 1326860 417715 406663.266  144  206 410771.885 394913.271  3.86%  53.6 1591s
 1331397 418904 409274.788  107  242 410771.885 394931.817  3.86%  53.6 1596s
 1335563 419740 406386.460  139  316 410771.885 394949.544  3.85%  53.6 1600s
 1339109 420977 408092.777  141  176 410771.885 394968.370  3.85%  53.6 1605s
 1343604 422165 401548.712   91  330 410771.885 394989.817  3.84%  53.7 1611s
 1348531 423006 409557.806  142  207 410771.885 395013.369  3.84%  53.7 1616s
 1351328 424068 404812.853   85  356 410771.885 395033.041  3.83%  53.7 1620s
 1356325 425135 infeasible   97      410771.885 395055.759  3.83%  53.7 1626s
 1360442 426435 404764.899  121  185 410771.885 395076.130  3.82%  53.7 1631s
 1363265 426953 401558.151  109  356 410771.885 395086.654  3.82%  53.8 1635s
 1367760 428095 399025.774  112  361 410771.885 395101.765  3.81%  53.8 1640s
 1372410 429427 407477.071  137  316 410771.885 395128.917  3.81%  53.8 1645s
 1375237 430165 406267.917  122  239 410771.885 395142.519  3.80%  53.8 1651s
 1379778 431294 402234.152  114  334 410771.885 395160.405  3.80%  53.8 1656s
 1384238 432472 399237.427  119  294 410771.885 395179.858  3.80%  53.8 1661s
 1388630 433657 404569.945  146  244 410771.885 395198.067  3.79%  53.9 1666s
 1391336 434341 407343.323  107  296 410771.885 395211.448  3.79%  53.9 1670s
 1395738 435519 402170.929  131  343 410771.885 395233.759  3.78%  53.9 1675s
 1400126 436778 403370.885  122  265 410771.885 395251.499  3.78%  53.9 1680s
 1404562 437940 409355.565  195  138 410771.885 395272.329  3.77%  53.9 1685s
 1409334 438648 406836.913  106  266 410771.885 395289.750  3.77%  54.0 1691s
 1411826 439695 410151.540  143  225 410771.885 395302.871  3.77%  54.0 1695s
 1416806 440615 397649.639  100  302 410771.885 395323.328  3.76%  54.0 1700s
 1419435 441891 408316.313  126  337 410771.885 395335.935  3.76%  54.0 1706s
 1423516 442735 397227.099   84  373 410771.885 395353.799  3.75%  54.1 1710s
 1429001 444082 403500.255  100  270 410771.885 395374.046  3.75%  54.1 1716s
 1433113 444668 infeasible  130      410771.885 395396.348  3.74%  54.1 1720s
 1435872 445397 401298.608  139  331 410771.885 395403.164  3.74%  54.1 1725s
 1439062 446538 410001.043   99  292 410771.885 395427.147  3.74%  54.1 1730s
 1444062 447989 404218.431  117  218 410771.885 395448.050  3.73%  54.2 1736s
 1448943 449217 407893.817  148  275 410771.885 395466.845  3.73%  54.2 1741s
 1451333 449870 399374.471  116  351 410771.885 395478.838  3.72%  54.2 1745s
 1455773 451055 infeasible  137      410771.885 395499.612  3.72%  54.2 1750s
 1460500 452041 407943.940  139  191 410771.885 395518.109  3.71%  54.2 1758s
 1462089 452421 409989.508  119  333 410771.885 395527.389  3.71%  54.2 1760s
 1467090 453914 infeasible  135      410771.885 395549.538  3.71%  54.3 1767s
 1472088 454753 409971.518  120  248 410771.885 395569.524  3.70%  54.3 1771s
 1475508 455638     cutoff  136      410771.885 395589.463  3.70%  54.3 1775s
 1478885 456719     cutoff  139      410771.885 395601.539  3.69%  54.3 1780s
 1481833 458017 407748.918  136  242 410771.885 395615.715  3.69%  54.4 1786s
 1489020 458804 405624.467  105  374 410771.885 395644.398  3.68%  54.4 1791s
 1491938 459814 infeasible  132      410771.885 395659.131  3.68%  54.4 1795s
 1496472 460825     cutoff  114      410771.885 395678.836  3.67%  54.4 1800s

Cutting planes:
  Gomory: 98
  Implied bound: 884
  Projected implied bound: 170
  MIR: 528
  Mixing: 49
  Flow cover: 1855
  RLT: 75
  Relax-and-lift: 146

Explored 1497455 nodes (81452813 simplex iterations) in 1800.02 seconds (1696.08 work units)
Thread count was 16 (of 40 available processors)

Solution count 10: 410772 410892 411506 ... 436654

Time limit reached
Best objective 4.107718847670e+05, best bound 3.956823419092e+05, gap 3.6735%

User-callback calls 3276859, time in user-callback 0.31 sec
[NUM-KAPPA] kappa_solver=11769856 kappa_exact=-1 is_mip=1
[NUM-EFIC] work=1696 root_gap=0 root_time=3
[pipeline] Tiempo de resolucion: 1800.083832 s
[SOLVE] tiempo_solver_s=1800.083851790999915 status=TIME_LIMIT gap=3.673460481917746 obj=410771.884766950737685 best_bound=395682.341909208102152 nodos=1497455.000000000000000 iter=81452813.000000000000000 primal_integral=0.064614681956828
[VERIF ORIGINAL] etapa=solver_desescalado max_le=5.7220458984375e-06 (a1_activacion_4(150)) max_ge=0 () max_eq=3.57627868652344e-07 (a1_balance(67)) max_lb=0 () max_ub=0 () max_int=0 () avg_viol=3.75295382859255e-09 p95_viol=1.9422685682002e-12 p99_viol=7.67596065998061e-08 max_viol_rel=1.67865721323324e-11 max_viol_relact=1.74751695604419e-13 viol_le_count=4 viol_ge_count=0 viol_eq_count=0 viol_lb_count=0 viol_ub_count=0 viol_int_count=0 missing_values=0 obj_original_recalc=410771.88476695
[32m[success] Resultados guardados correctamente en /clusteruy/home/mathiasr/generator-aware-row-scaling/results-revision/final-variants/gurobi_sgtm_1pct/resultados/instance077_matricial_plano.csv[0m
[32m[success] Archivo CSV generado correctamente[0m

[POST DEBUG] ===== INICIO POSTPROCESAMIENTO GLOBAL =====

[SG POST] ===== Diagnóstico SaltoGrande =====
[SG POST] periodos = 360
[SG POST] periodosPotenciaRealMayorMIP = 262
[SG POST] periodosPotenciaRealMenorMIP = 95
[SG POST] periodosConWhile = 262
[SG POST] cantidadWhile = 1629852
[SG POST] periodosConErrorFinal = 95
[SG POST] sumaGMip = 299556.738401887
[SG POST] sumaGRealInicial = 301752.741409534
[SG POST] sumaGRealFinal = 298231.564618785
[SG POST] sumaDeltaGInicial = 2196.00300764759
[SG POST] sumaDeltaGFinal = -1325.17378310226
[SG POST] maxAbsDeltaGInicial = 46.2777113052073
[SG POST] maxAbsDeltaGFinal = 37.5631700098761
[SG POST] sumaDeltaX = -16298.5200003558
[SG POST] sumaDeltaY = 16298.5199999997
[SG POST] ===================================

[POST DEBUG] --- DESPUÉS DE AGENTES ---
[POST DEBUG] Agentes | g1 antes=299556.738401887 despues=299556.738401887 delta=0
[POST DEBUG] Agentes | g2 antes=24577.1307990566 despues=24577.1307990566 delta=0
[POST DEBUG] Agentes | g antes=174355.5 despues=174355.5 delta=0
[POST DEBUG] Agentes | costoFalla antes=0 despues=0 delta=0
[POST DEBUG] --- DESPUÉS DE DESPACHO ---
[POST DEBUG] Despacho | g1 antes=299556.738401887 despues=299556.738401887 delta=0
[POST DEBUG] Despacho | g2 antes=24577.1307990566 despues=24577.1307990566 delta=0
[POST DEBUG] Despacho | g antes=174355.5 despues=174355.5 delta=0
[POST DEBUG] Despacho | costoFalla antes=0 despues=0 delta=0
[POST DEBUG] --- TOTAL ANTES VS FINAL ---
[POST DEBUG] Final | g1 antes=299556.738401887 despues=299556.738401887 delta=0
[POST DEBUG] Final | g2 antes=24577.1307990566 despues=24577.1307990566 delta=0
[POST DEBUG] Final | g antes=174355.5 despues=174355.5 delta=0
[POST DEBUG] Final | costoFalla antes=0 despues=0 delta=0
[POST DEBUG] valorFOOriginal = 410771.884766951
[POST DEBUG] valorFOPostProcesado = 410771.88476695
[POST DEBUG] deltaFO = -4.65661287307739e-10
[POST DEBUG] ===== FIN POSTPROCESAMIENTO GLOBAL =====

[32m[success] Post-procesamiento completado. Nuevo valor F.O.: 410771.884766950272024[0m
[VERIF ORIGINAL] etapa=postprocesado max_le=27.9552876561703 (a1_salto_grande_tangente_4(67)) max_ge=0 () max_eq=1.76876783370972e-05 (a1_balance(67)) max_lb=0 () max_ub=0 () max_int=0 () avg_viol=0.444406861904257 p95_viol=1.35892474469263 p99_viol=11.1491111235367 max_viol_rel=5.13069770382648 max_viol_relact=0.0151574223067654 viol_le_count=1422 viol_ge_count=0 viol_eq_count=252 viol_lb_count=0 viol_ub_count=0 viol_int_count=0 missing_values=0 obj_original_recalc=410771.88476695
[32m[success] Resultados guardados correctamente en /clusteruy/home/mathiasr/generator-aware-row-scaling/results-revision/final-variants/gurobi_sgtm_1pct/resultados/instance077_matricial_plano_postprocesado.csv[0m
> [32m[success] Saliendo del programa...[0m
[32m[success] SystemController destruido[0m
