[32m[success] SystemController creado[0m
> [32m[success] El programa se ha iniciado correctamente[0m
> > [34m[info] Agregando agente Salto Grande[0m
[34m[info] Ingrese costo de agua de Salto Grande:[0m
[34m[info] Ingrese volumen inicial de Salto Grande:[0m
[34m[info] Ingrese aportes de Salto Grande en una sola línea (360 valores):[0m
[info] SaltoGrande: activación de tramos de altura horaria
[32m[success] Se ha creado el agente 'Salto Grande' exitosamente[0m
> > [34m[info] Agregando agente Unidad Térmica Simple[0m
[34m[info] Ingrese potencia máxima de la unidad térmica simple:[0m
[34m[info] Ingrese costo variable de la unidad térmica simple:[0m
[32m[success] Se ha creado el agente 'Unidad Térmica Simple' exitosamente[0m
> > [34m[info] Agregando agente Demanda Fija[0m
[34m[info] Ingrese demandas en una sola línea (360 valores):[0m
[32m[success] Se ha creado el agente 'Demanda Fija' exitosamente[0m
> > [34m[info] Creando despacho de mercado[0m
[34m[info] Modo: despacho de mercado con demanda total explícita[0m
[34m[info] Ingrese cantidad de tramos del despacho de mercado:[0m
[34m[info] Ingrese porcentajes acumulados de los tramos en una sola línea (4 valores):[0m
[34m[info] Ingrese costos marginales de los tramos en una sola línea (4 valores):[0m
[34m[info] Ingrese demanda total en una sola línea (360 valores):[0m
[32m[success] Se ha creado el despacho de mercado exitosamente[0m
> > Set parameter WLSAccessID
Set parameter WLSSecret
Set parameter LicenseID to value 2849920
Academic license 2849920 - for non-commercial use only - registered to ma___@fing.edu.uy
[32m[success] Solver 'Gurobi' configurado | timeout=1800s | mipgap=0.01[0m
> [DEBUG Despacho] j=0 idGen=1 coefParticipacionDespacho=0.5
[DEBUG Despacho] j=1 idGen=2 coefParticipacionDespacho=1

[DEBUG Despacho] Cantidad de generadores = 2
[DEBUG Despacho] j=0 puntero=0x1054d60 idGen=1 coefParticipacionDespacho=0.5
[DEBUG Despacho] j=1 puntero=0x1053330 idGen=2 coefParticipacionDespacho=1

------------------------------------------------------------
  PREPROCESAMIENTO MIP - Diagnostico Numerico
------------------------------------------------------------
Rango de coeficientes (toda la matriz):
  max |coef| = 4.302e+09
  min |coef| = 5.153e-04
  proxy rango= 8.348e+12

Diagnostico por bloque:
Bloque              max|coef|      min|coef|      kappa_aprox   vars    alpha     beta      cols      disc_omit aux_omit  escalado
------------------------------------------------------------------------------------------------------------------------------
a1_                 4.302e+09      5.153e-04      8.35e+12      5040    1.00e+00  1.00e+00  0         0         0         no
a2_                 sin filas      sin filas      N/A           360     1.00e+00  1.00e+00  0         0         0         no  (sin filas locales; aporta g2 al despacho)

Restriccion(es) global(es): 2160 fila(s)
  acoplamiento balance = 360 fila(s)
  global no acoplante  = 1800 fila(s)
  rho aprox (solo acoplamiento) = 1.000e+00
  gamma acoplamiento   = 1.000000
  gamma candidato      = 1.000000
  filas acop. escaladas= no
  filas normaliz. fisica= 0
  motivo gamma=1       = rho bajo; no se escala la fila de acoplamiento

ADVERTENCIAS:
  [!] Rango de coeficientes elevado (8348111105746). Riesgo de sensibilidad numerica.
  [!] Bloque 'a1_' internamente mal escalado (kappa~8348111105746). Conviene comparar equilibrado interno por filas/columnas.

[Modo diagnostico: no se modifico el modelo]
------------------------------------------------------------

[32m[success] Diagnostico completado (modelo sin modificar).[0m
> [MODELO] rows=10080 cols=6120 nnz=22679
[pipeline] Preprocesamiento seleccionado: Ninguno
[pipeline] Modelo interno sin modificaciones de preprocesamiento.
[pipeline] Estrategia de resolucion seleccionada: Monolitica
[pipeline] Resolviendo monoliticamente.
Set parameter TimeLimit to value 1800
Set parameter MIPGap to value 0.01
Set parameter Seed to value 42
Set parameter Threads to value 16
Gurobi Optimizer version 13.0.1 build v13.0.1rc0 (linux64 - "Debian GNU/Linux 12 (bookworm)")

CPU model: Intel(R) Xeon(R) Gold 6138 CPU @ 2.00GHz, instruction set [SSE2|AVX|AVX2|AVX512]
Thread count: 40 physical cores, 40 logical processors, using up to 16 threads

Non-default parameters:
TimeLimit  1800
MIPGap  0.01
Seed  42
Threads  16

Academic license 2849920 - for non-commercial use only - registered to ma___@fing.edu.uy
Optimize a model with 10080 rows, 6120 columns and 22679 nonzeros (Min)
Model fingerprint: 0xd68bf92e
Model has 720 linear objective coefficients
Variable types: 4680 continuous, 1440 integer (1440 binary)
Coefficient statistics:
  Matrix range     [5e-04, 4e+09]
  Objective range  [1e+00, 1e+02]
  Bounds range     [1e+00, 4e+09]
  RHS range        [3e+01, 3e+09]
Warning: Model contains large matrix coefficient range
Warning: Model contains large rhs
Warning: Model contains large bounds
         Consider reformulating model or setting NumericFocus parameter
         to avoid numerical issues.

Presolve removed 1283 rows and 461 columns
Presolve time: 0.11s
Presolved: 8797 rows, 5659 columns, 21600 nonzeros
Variable types: 4242 continuous, 1417 integer (1417 binary)
Found heuristic solution: objective 331523.83322
Found heuristic solution: objective 288612.23274

Root relaxation: objective 2.371802e+05, 6094 iterations, 0.12 seconds (0.13 work units)

    Nodes    |    Current Node    |     Objective Bounds      |     Work
 Expl Unexpl |  Obj  Depth IntInf | Incumbent    BestBd   Gap | It/Node Time

     0     0 237180.172    0    7 288612.233 237180.172  17.8%     -    0s
     0     0 237180.172    0    3 288612.233 237180.172  17.8%     -    0s
H    0     0                    237180.17229 237180.172  0.00%     -    0s
     0     0 237180.172    0    3 237180.172 237180.172  0.00%     -    0s

Cutting planes:
  Lift-and-project: 4
  Implied bound: 1
  Flow cover: 1

Explored 1 nodes (8278 simplex iterations) in 0.47 seconds (0.46 work units)
Thread count was 16 (of 40 available processors)

Solution count 3: 237180 288612 331524 

Optimal solution found (tolerance 1.00e-02)
Best objective 2.371801722912e+05, best bound 2.371801722912e+05, gap 0.0000%

User-callback calls 667, time in user-callback 0.00 sec
[NUM-KAPPA] kappa_solver=34501754.404301 kappa_exact=-1.000000 is_mip=1
[NUM-EFIC] work=0.462686 root_gap=0.178205 root_time=0.435961
[pipeline] Tiempo de resolucion: 0.491478 s
[SOLVE] tiempo_solver_s=0.491494554000000 status=OPTIMAL gap=0.000000000000000 obj=237180.172291247377871 best_bound=237180.172291247377871 nodos=1.000000000000000 iter=8278.000000000000000 primal_integral=0.334708770774347
[VERIF ORIGINAL] etapa=solver_desescalado max_le=5.6843418860808e-14 (a1_salto_grande_tangente_2(2)) max_ge=0 () max_eq=1.15483999252319e-07 (a1_balance(10)) max_lb=0 () max_ub=4.21205186285079e-08 (a1_x4h(323)) max_int=2.22044604925031e-16 (a1_varphi43(158)) avg_viol=6.22546108733578e-10 p95_viol=0 p99_viol=1.73194791841524e-13 max_viol_rel=1.73194791841524e-13 max_viol_relact=8.26212483441977e-17 viol_le_count=0 viol_ge_count=0 viol_eq_count=0 viol_lb_count=0 viol_ub_count=0 viol_int_count=0 missing_values=0 obj_original_recalc=237180.172291247
[32m[success] Resultados guardados correctamente en /clusteruy/home/mathiasr/generator-aware-row-scaling/results-revision/final-variants/gurobi_sgtm_1pct/resultados/instance014_base.csv[0m
[32m[success] Archivo CSV generado correctamente[0m

[POST DEBUG] ===== INICIO POSTPROCESAMIENTO GLOBAL =====

[SG POST] ===== Diagnóstico SaltoGrande =====
[SG POST] periodos = 360
[SG POST] periodosPotenciaRealMayorMIP = 337
[SG POST] periodosPotenciaRealMenorMIP = 22
[SG POST] periodosConWhile = 224
[SG POST] cantidadWhile = 37955714
[SG POST] periodosConErrorFinal = 220
[SG POST] sumaGMip = 326850.396554175
[SG POST] sumaGRealInicial = 492108.713987943
[SG POST] sumaGRealFinal = 415949.956194031
[SG POST] sumaDeltaGInicial = 165258.317433768
[SG POST] sumaDeltaGFinal = 89099.5596398562
[SG POST] maxAbsDeltaGInicial = 1565.77948103584
[SG POST] maxAbsDeltaGFinal = 1565.77948103584
[SG POST] sumaDeltaX = -379557.140008278
[SG POST] sumaDeltaY = 379557.140001925
[SG POST] ===================================

[POST DEBUG] --- DESPUÉS DE AGENTES ---
[POST DEBUG] Agentes | g1 antes=326850.396554175 despues=326850.396554175 delta=0
[POST DEBUG] Agentes | g2 antes=2371.80172291247 despues=2371.80172291247 delta=0
[POST DEBUG] Agentes | g antes=165797 despues=165797 delta=0
[POST DEBUG] Agentes | costoFalla antes=0 despues=0 delta=0
[POST DEBUG] --- DESPUÉS DE DESPACHO ---
[POST DEBUG] Despacho | g1 antes=326850.396554175 despues=326850.396554175 delta=0
[POST DEBUG] Despacho | g2 antes=2371.80172291247 despues=2371.80172291247 delta=0
[POST DEBUG] Despacho | g antes=165797 despues=165797 delta=0
[POST DEBUG] Despacho | costoFalla antes=0 despues=0 delta=0
[POST DEBUG] --- TOTAL ANTES VS FINAL ---
[POST DEBUG] Final | g1 antes=326850.396554175 despues=326850.396554175 delta=0
[POST DEBUG] Final | g2 antes=2371.80172291247 despues=2371.80172291247 delta=0
[POST DEBUG] Final | g antes=165797 despues=165797 delta=0
[POST DEBUG] Final | costoFalla antes=0 despues=0 delta=0
[POST DEBUG] valorFOOriginal = 237180.172291247
[POST DEBUG] valorFOPostProcesado = 237180.172291247
[POST DEBUG] deltaFO = -5.82076609134674e-11
[POST DEBUG] ===== FIN POSTPROCESAMIENTO GLOBAL =====

[32m[success] Post-procesamiento completado. Nuevo valor F.O.: 237180.172291247319663[0m
[VERIF ORIGINAL] etapa=postprocesado max_le=161.564212284587 (a1_salto_grande_tangente_4(184)) max_ge=0 () max_eq=0.000167118385434151 (a1_balance(68)) max_lb=0 () max_ub=4.21205186285079e-08 (a1_x4h(323)) max_int=2.22044604925031e-16 (a1_varphi43(158)) avg_viol=1.36811663495093 p95_viol=0.000167116522789001 p99_viol=72.6996405006571 max_viol_rel=72.6996405006571 max_viol_relact=0.337686436008497 viol_le_count=461 viol_ge_count=0 viol_eq_count=191 viol_lb_count=0 viol_ub_count=0 viol_int_count=0 missing_values=0 obj_original_recalc=237180.172291247
[32m[success] Resultados guardados correctamente en /clusteruy/home/mathiasr/generator-aware-row-scaling/results-revision/final-variants/gurobi_sgtm_1pct/resultados/instance014_base_postprocesado.csv[0m
> [32m[success] Saliendo del programa...[0m
[32m[success] SystemController destruido[0m
