[32m[success] SystemController creado[0m
> [32m[success] El programa se ha iniciado correctamente[0m
> > [34m[info] Agregando agente Salto Grande[0m
[34m[info] Ingrese costo de agua de Salto Grande:[0m
[34m[info] Ingrese volumen inicial de Salto Grande:[0m
[34m[info] Ingrese aportes de Salto Grande en una sola línea (360 valores):[0m
[info] SaltoGrande: activación de tramos de altura horaria
[32m[success] Se ha creado el agente 'Salto Grande' exitosamente[0m
> > [34m[info] Agregando agente Unidad Térmica Simple[0m
[34m[info] Ingrese potencia máxima de la unidad térmica simple:[0m
[34m[info] Ingrese costo variable de la unidad térmica simple:[0m
[32m[success] Se ha creado el agente 'Unidad Térmica Simple' exitosamente[0m
> > [34m[info] Agregando agente Demanda Fija[0m
[34m[info] Ingrese demandas en una sola línea (360 valores):[0m
[32m[success] Se ha creado el agente 'Demanda Fija' exitosamente[0m
> > [34m[info] Creando despacho de mercado[0m
[34m[info] Modo: despacho de mercado con demanda total explícita[0m
[34m[info] Ingrese cantidad de tramos del despacho de mercado:[0m
[34m[info] Ingrese porcentajes acumulados de los tramos en una sola línea (4 valores):[0m
[34m[info] Ingrese costos marginales de los tramos en una sola línea (4 valores):[0m
[34m[info] Ingrese demanda total en una sola línea (360 valores):[0m
[32m[success] Se ha creado el despacho de mercado exitosamente[0m
> > Set parameter WLSAccessID
Set parameter WLSSecret
Set parameter LicenseID to value 2849920
Academic license 2849920 - for non-commercial use only - registered to ma___@fing.edu.uy
[32m[success] Solver 'Gurobi' configurado | timeout=1800s | mipgap=0.01[0m
> [DEBUG Despacho] j=0 idGen=1 coefParticipacionDespacho=0.5
[DEBUG Despacho] j=1 idGen=2 coefParticipacionDespacho=1

[DEBUG Despacho] Cantidad de generadores = 2
[DEBUG Despacho] j=0 puntero=0xb92300 idGen=1 coefParticipacionDespacho=0.5
[DEBUG Despacho] j=1 puntero=0xb92510 idGen=2 coefParticipacionDespacho=1
[PREPROC] modo plano: 10080 filas tratadas como un unico bloque sin roles (kernel geomean por fila)
[PREPROC PHASES] metadata_s=0.000100259 diagnostico_s=0.001150617 aplicacion_s=0.001773475

------------------------------------------------------------
  PREPROCESAMIENTO MIP - Diagnostico Numerico
------------------------------------------------------------
Rango de coeficientes (toda la matriz):
  max |coef| = 1.592e+07
  min |coef| = 9.630e-06
  proxy rango= 1.653e+12

Diagnostico por bloque:
Bloque              max|coef|      min|coef|      kappa_aprox   vars    alpha     beta      cols      disc_omit aux_omit  escalado
------------------------------------------------------------------------------------------------------------------------------
plano               1.592e+07      9.630e-06      1.65e+12      0       9.56e-02  1.00e+00  0         0         0         SI  (filas=7200, alpha_min=9.63e-06, alpha_max=5.93e+01)

Restriccion(es) global(es): 0 fila(s)
  acoplamiento balance = 0 fila(s)
  global no acoplante  = 0 fila(s)
  rho aprox (solo acoplamiento) = 0.000e+00
  gamma acoplamiento   = 1.000000
  gamma candidato      = 1.000000
  filas acop. escaladas= no
  filas normaliz. fisica= 0
  motivo gamma=1       = rho bajo; no se escala la fila de acoplamiento

ADVERTENCIAS:
  [!] Rango de coeficientes elevado (1652972805142). Riesgo de sensibilidad numerica.
  [!] Bloque 'plano' internamente mal escalado (kappa~1652972805142). Conviene comparar equilibrado interno por filas/columnas.
------------------------------------------------------------

------------------------------------------------------------
  COMPARACION NUMERICA ANTES / DESPUES
------------------------------------------------------------
Indicador                   antes           despues         despues/antes
----------------------------------------------------------------------------
rango global                3.798e+13       1.653e+12       4.352e-02
rho acoplamiento            0.000e+00       0.000e+00       0.000e+00
gamma aplicado              1.000000        1.000000        1.000000

Bloques locales:
Bloque              kappa antes     kappa despues   alpha       beta        filas       cols        disc_omit   aux_omit    escalado
------------------------------------------------------------------------------------------------------------------------------------
plano               3.798e+13       1.653e+12       9.564e-02   1.000e+00   7200        0           0           0           SI

Interpretacion: valores despues/antes menores que 1 indican mejora del proxy.
rho se calcula solo con filas de acoplamiento; las cotas de demanda sobre g quedan fuera.
El escalamiento local activo fue solo por fila: alpha_r = 1/sqrt(M_r*m_r).
------------------------------------------------------------

[PREPROC TIME] variante=matricial_plano tiempo_s=0.006804736 u=2 K=4 epsMin=1e-09 epsMax=1000000000
[32m[success] Preprocesamiento aplicado.[0m
> [MODELO] rows=10080 cols=6120 nnz=22679
[pipeline] Preprocesamiento seleccionado: Ninguno
[pipeline] Modelo interno sin modificaciones de preprocesamiento.
[pipeline] Estrategia de resolucion seleccionada: Monolitica
[pipeline] Resolviendo monoliticamente.
Set parameter TimeLimit to value 1800
Set parameter MIPGap to value 0.01
Set parameter Seed to value 42
Set parameter Threads to value 16
Gurobi Optimizer version 13.0.1 build v13.0.1rc0 (linux64 - "Debian GNU/Linux 12 (bookworm)")

CPU model: Intel(R) Xeon(R) Gold 6138 CPU @ 2.00GHz, instruction set [SSE2|AVX|AVX2|AVX512]
Thread count: 40 physical cores, 40 logical processors, using up to 16 threads

Non-default parameters:
TimeLimit  1800
MIPGap  0.01
Seed  42
Threads  16

Academic license 2849920 - for non-commercial use only - registered to ma___@fing.edu.uy
Optimize a model with 10080 rows, 6120 columns and 22679 nonzeros (Min)
Model fingerprint: 0x04f66df5
Model has 721 linear objective coefficients
Variable types: 4680 continuous, 1440 integer (1440 binary)
Coefficient statistics:
  Matrix range     [1e-05, 1e+05]
  Objective range  [5e-04, 1e+02]
  Bounds range     [1e+00, 4e+09]
  RHS range        [9e+01, 2e+07]
Warning: Model contains large bounds
         Consider reformulating model or setting NumericFocus parameter
         to avoid numerical issues.

Found heuristic solution: objective 2.889965e+08
Presolve removed 1455 rows and 437 columns
Presolve time: 0.07s
Presolved: 8625 rows, 5683 columns, 20964 nonzeros
Variable types: 4259 continuous, 1424 integer (1424 binary)

Root relaxation: objective -1.614832e+06, 7192 iterations, 0.20 seconds (0.22 work units)

    Nodes    |    Current Node    |     Objective Bounds      |     Work
 Expl Unexpl |  Obj  Depth IntInf | Incumbent    BestBd   Gap | It/Node Time

     0     0 -1614832.1    0  480 2.8900e+08 -1614832.1   101%     -    0s
     0     0 -1614827.9    0  480 2.8900e+08 -1614827.9   101%     -    0s
H    0     0                    -1557763.234 -1614827.9  3.66%     -    0s
     0     0 -1613339.2    0  576 -1557763.2 -1613339.2  3.57%     -    0s
     0     0 -1612950.8    0  568 -1557763.2 -1612950.8  3.54%     -    0s
     0     0 -1612486.1    0  568 -1557763.2 -1612486.1  3.51%     -    0s
     0     0 -1612374.6    0  568 -1557763.2 -1612374.6  3.51%     -    0s
     0     0 -1607271.2    0  455 -1557763.2 -1607271.2  3.18%     -    0s
     0     0 -1607136.5    0  454 -1557763.2 -1607136.5  3.17%     -    0s
H    0     0                    -1580452.917 -1607136.5  1.69%     -    0s
     0     0 -1607128.1    0  454 -1580452.9 -1607128.1  1.69%     -    0s
     0     0 -1607127.6    0  454 -1580452.9 -1607127.6  1.69%     -    0s
     0     0 -1607050.0    0  473 -1580452.9 -1607050.0  1.68%     -    1s
     0     0 -1606983.2    0  474 -1580452.9 -1606983.2  1.68%     -    1s
     0     0 -1606983.2    0  474 -1580452.9 -1606983.2  1.68%     -    1s
     0     0 -1606983.2    0  474 -1580452.9 -1606983.2  1.68%     -    1s
     0     0 -1606974.9    0  475 -1580452.9 -1606974.9  1.68%     -    1s
     0     0 -1606974.9    0  475 -1580452.9 -1606974.9  1.68%     -    1s
     0     0 -1606974.9    0  475 -1580452.9 -1606974.9  1.68%     -    1s
     0     0 -1606974.9    0  475 -1580452.9 -1606974.9  1.68%     -    1s
     0     0 -1606974.9    0  475 -1580452.9 -1606974.9  1.68%     -    1s
     0     2 -1606974.9    0  474 -1580452.9 -1606974.9  1.68%     -    1s
H  459   223                    -1580686.940 -1603234.2  1.43%   6.9    2s
  1680  1076 -1601426.2  143  188 -1580686.9 -1603164.5  1.42%   5.0    5s
H 1775   907                    -1591025.466 -1603164.5  0.76%   5.0    6s

Cutting planes:
  Gomory: 34
  Implied bound: 314
  MIR: 41
  Flow cover: 237
  RLT: 106
  Relax-and-lift: 46

Explored 1806 nodes (19599 simplex iterations) in 6.18 seconds (5.22 work units)
Thread count was 16 (of 40 available processors)

Solution count 5: -1.59103e+06 -1.58069e+06 -1.58045e+06 ... 2.88997e+08

Optimal solution found (tolerance 1.00e-02)
Best objective -1.591025465630e+06, best bound -1.603164473515e+06, gap 0.7630%

User-callback calls 5435, time in user-callback 0.00 sec
[NUM-KAPPA] kappa_solver=16735715 kappa_exact=-1 is_mip=1
[NUM-EFIC] work=5 root_gap=0 root_time=2
[pipeline] Tiempo de resolucion: 6.238728 s
[SOLVE] tiempo_solver_s=6.238739790000000 status=OPTIMAL gap=0.762967541815498 obj=-1591025.465629995102063 best_bound=-1603164.473514770856127 nodos=1806.000000000000000 iter=19599.000000000000000 primal_integral=0.067312486414505
[VERIF ORIGINAL] etapa=solver_desescalado max_le=4.9591064453125e-05 (a1_activacion_1(73)) max_ge=0 () max_eq=6.33299350738525e-07 (a1_balance(289)) max_lb=0 () max_ub=0 () max_int=0 () avg_viol=8.7294888617739e-09 p95_viol=6.75015598972095e-14 p99_viol=1.26659870147705e-07 max_viol_rel=3.19744231092045e-13 max_viol_relact=4.23508372522593e-15 viol_le_count=1 viol_ge_count=0 viol_eq_count=0 viol_lb_count=0 viol_ub_count=0 viol_int_count=0 missing_values=0 obj_original_recalc=-1591025.46563
[32m[success] Resultados guardados correctamente en /clusteruy/home/mathiasr/generator-aware-row-scaling/results-revision/final-variants/gurobi_sgtm_1pct/resultados/instance027_matricial_plano.csv[0m
[32m[success] Archivo CSV generado correctamente[0m

[POST DEBUG] ===== INICIO POSTPROCESAMIENTO GLOBAL =====

[SG POST] ===== Diagnóstico SaltoGrande =====
[SG POST] periodos = 360
[SG POST] periodosPotenciaRealMayorMIP = 360
[SG POST] periodosPotenciaRealMenorMIP = 0
[SG POST] periodosConWhile = 360
[SG POST] cantidadWhile = 4195636
[SG POST] periodosConErrorFinal = 0
[SG POST] sumaGMip = 196888.538893853
[SG POST] sumaGRealInicial = 206514.259933355
[SG POST] sumaGRealFinal = 196924.161585277
[SG POST] sumaDeltaGInicial = 9625.72103950143
[SG POST] sumaDeltaGFinal = 35.622691423777
[SG POST] maxAbsDeltaGInicial = 96.8395436422245
[SG POST] maxAbsDeltaGFinal = 0.0999997689481233
[SG POST] sumaDeltaX = -41956.3600007195
[SG POST] sumaDeltaY = 41956.3599999914
[SG POST] ===================================

[POST DEBUG] --- DESPUÉS DE AGENTES ---
[POST DEBUG] Agentes | g1 antes=196888.538893853 despues=196888.538893853 delta=0
[POST DEBUG] Agentes | g2 antes=116.730553073279 despues=116.730553073279 delta=0
[POST DEBUG] Agentes | g antes=98561 despues=98561 delta=0
[POST DEBUG] Agentes | costoFalla antes=0 despues=0 delta=0
[POST DEBUG] --- DESPUÉS DE DESPACHO ---
[POST DEBUG] Despacho | g1 antes=196888.538893853 despues=196888.538893853 delta=0
[POST DEBUG] Despacho | g2 antes=116.730553073279 despues=116.730553073279 delta=0
[POST DEBUG] Despacho | g antes=98561 despues=98561 delta=0
[POST DEBUG] Despacho | costoFalla antes=0 despues=0 delta=0
[POST DEBUG] --- TOTAL ANTES VS FINAL ---
[POST DEBUG] Final | g1 antes=196888.538893853 despues=196888.538893853 delta=0
[POST DEBUG] Final | g2 antes=116.730553073279 despues=116.730553073279 delta=0
[POST DEBUG] Final | g antes=98561 despues=98561 delta=0
[POST DEBUG] Final | costoFalla antes=0 despues=0 delta=0
[POST DEBUG] valorFOOriginal = -1591025.46563
[POST DEBUG] valorFOPostProcesado = -1591025.46563
[POST DEBUG] deltaFO = 0
[POST DEBUG] ===== FIN POSTPROCESAMIENTO GLOBAL =====

[32m[success] Post-procesamiento completado. Nuevo valor F.O.: -1591025.465629995102063[0m
[VERIF ORIGINAL] etapa=postprocesado max_le=72.4456663610545 (a1_salto_grande_tangente_2(356)) max_ge=2.91038304567337e-11 (falla_tramo(67,1)) max_eq=3.29166650772095e-05 (a1_balance(356)) max_lb=0 () max_ub=0 () max_int=0 () avg_viol=1.15199860048509 p95_viol=5.14634715939355 p99_viol=33.1600929750921 max_viol_rel=36.3160827026321 max_viol_relact=0.070009877649734 viol_le_count=1886 viol_ge_count=0 viol_eq_count=274 viol_lb_count=0 viol_ub_count=0 viol_int_count=0 missing_values=0 obj_original_recalc=-1591025.46563
[32m[success] Resultados guardados correctamente en /clusteruy/home/mathiasr/generator-aware-row-scaling/results-revision/final-variants/gurobi_sgtm_1pct/resultados/instance027_matricial_plano_postprocesado.csv[0m
> [32m[success] Saliendo del programa...[0m
[32m[success] SystemController destruido[0m
