[32m[success] SystemController creado[0m
> [32m[success] El programa se ha iniciado correctamente[0m
> > [34m[info] Agregando agente Salto Grande[0m
[34m[info] Ingrese costo de agua de Salto Grande:[0m
[34m[info] Ingrese volumen inicial de Salto Grande:[0m
[34m[info] Ingrese aportes de Salto Grande en una sola línea (360 valores):[0m
[info] SaltoGrande: activación de tramos de altura horaria
[32m[success] Se ha creado el agente 'Salto Grande' exitosamente[0m
> > [34m[info] Agregando agente Unidad Térmica Simple[0m
[34m[info] Ingrese potencia máxima de la unidad térmica simple:[0m
[34m[info] Ingrese costo variable de la unidad térmica simple:[0m
[32m[success] Se ha creado el agente 'Unidad Térmica Simple' exitosamente[0m
> > [34m[info] Agregando agente Demanda Fija[0m
[34m[info] Ingrese demandas en una sola línea (360 valores):[0m
[32m[success] Se ha creado el agente 'Demanda Fija' exitosamente[0m
> > [34m[info] Creando despacho de mercado[0m
[34m[info] Modo: despacho de mercado con demanda total explícita[0m
[34m[info] Ingrese cantidad de tramos del despacho de mercado:[0m
[34m[info] Ingrese porcentajes acumulados de los tramos en una sola línea (4 valores):[0m
[34m[info] Ingrese costos marginales de los tramos en una sola línea (4 valores):[0m
[34m[info] Ingrese demanda total en una sola línea (360 valores):[0m
[32m[success] Se ha creado el despacho de mercado exitosamente[0m
> > Set parameter WLSAccessID
Set parameter WLSSecret
Set parameter LicenseID to value 2849920
Academic license 2849920 - for non-commercial use only - registered to ma___@fing.edu.uy
[32m[success] Solver 'Gurobi' configurado | timeout=1800s | mipgap=0.01[0m
> [DEBUG Despacho] j=0 idGen=1 coefParticipacionDespacho=0.5
[DEBUG Despacho] j=1 idGen=2 coefParticipacionDespacho=1

[DEBUG Despacho] Cantidad de generadores = 2
[DEBUG Despacho] j=0 puntero=0x9a9300 idGen=1 coefParticipacionDespacho=0.5
[DEBUG Despacho] j=1 puntero=0x9a9510 idGen=2 coefParticipacionDespacho=1

------------------------------------------------------------
  PREPROCESAMIENTO MIP - Diagnostico Numerico
------------------------------------------------------------
Rango de coeficientes (toda la matriz):
  max |coef| = 1.249e+10
  min |coef| = 5.900e-04
  proxy rango= 2.118e+13

Diagnostico por bloque:
Bloque              max|coef|      min|coef|      kappa_aprox   vars    alpha     beta      cols      disc_omit aux_omit  escalado
------------------------------------------------------------------------------------------------------------------------------
a1_                 1.249e+10      5.900e-04      2.12e+13      5040    1.00e+00  1.00e+00  0         0         0         no
a2_                 sin filas      sin filas      N/A           360     1.00e+00  1.00e+00  0         0         0         no  (sin filas locales; aporta g2 al despacho)

Restriccion(es) global(es): 2160 fila(s)
  acoplamiento balance = 360 fila(s)
  global no acoplante  = 1800 fila(s)
  rho aprox (solo acoplamiento) = 1.000e+00
  gamma acoplamiento   = 1.000000
  gamma candidato      = 1.000000
  filas acop. escaladas= no
  filas normaliz. fisica= 0
  motivo gamma=1       = rho bajo; no se escala la fila de acoplamiento

ADVERTENCIAS:
  [!] Rango de coeficientes elevado (21176298558894). Riesgo de sensibilidad numerica.
  [!] Bloque 'a1_' internamente mal escalado (kappa~21176298558894). Conviene comparar equilibrado interno por filas/columnas.

[Modo diagnostico: no se modifico el modelo]
------------------------------------------------------------

[32m[success] Diagnostico completado (modelo sin modificar).[0m
> [MODELO] rows=10080 cols=6120 nnz=22679
[pipeline] Preprocesamiento seleccionado: Ninguno
[pipeline] Modelo interno sin modificaciones de preprocesamiento.
[pipeline] Estrategia de resolucion seleccionada: Monolitica
[pipeline] Resolviendo monoliticamente.
Set parameter TimeLimit to value 1800
Set parameter MIPGap to value 0.01
Set parameter Seed to value 42
Set parameter Threads to value 16
Gurobi Optimizer version 13.0.1 build v13.0.1rc0 (linux64 - "Debian GNU/Linux 12 (bookworm)")

CPU model: Intel(R) Xeon(R) Gold 6138 CPU @ 2.00GHz, instruction set [SSE2|AVX|AVX2|AVX512]
Thread count: 40 physical cores, 40 logical processors, using up to 16 threads

Non-default parameters:
TimeLimit  1800
MIPGap  0.01
Seed  42
Threads  16

Academic license 2849920 - for non-commercial use only - registered to ma___@fing.edu.uy
Optimize a model with 10080 rows, 6120 columns and 22679 nonzeros (Min)
Model fingerprint: 0x93f54832
Model has 721 linear objective coefficients
Variable types: 4680 continuous, 1440 integer (1440 binary)
Coefficient statistics:
  Matrix range     [6e-04, 1e+10]
  Objective range  [1e-04, 1e+02]
  Bounds range     [1e+00, 4e+09]
  RHS range        [1e+01, 1e+10]
Warning: Model contains large matrix coefficient range
Warning: Model contains large rhs
Warning: Model contains large bounds
         Consider reformulating model or setting NumericFocus parameter
         to avoid numerical issues.

Found heuristic solution: objective 3.151370e+08
Presolve removed 1688 rows and 619 columns
Presolve time: 0.13s
Presolved: 8392 rows, 5501 columns, 20203 nonzeros
Found heuristic solution: objective 3.148049e+08
Variable types: 4099 continuous, 1402 integer (1402 binary)

Root relaxation: objective -2.935111e+05, 6931 iterations, 0.14 seconds (0.15 work units)

    Nodes    |    Current Node    |     Objective Bounds      |     Work
 Expl Unexpl |  Obj  Depth IntInf | Incumbent    BestBd   Gap | It/Node Time

     0     0 -293511.05    0  103 3.1480e+08 -293511.05   100%     -    0s
H    0     0                    -292969.0697 -293511.05  0.18%     -    0s

Explored 1 nodes (7009 simplex iterations) in 0.33 seconds (0.31 work units)
Thread count was 16 (of 40 available processors)

Solution count 3: -292969 3.14805e+08 3.15137e+08 

Optimal solution found (tolerance 1.00e-02)
Best objective -2.929690697410e+05, best bound -2.935110508359e+05, gap 0.1850%

User-callback calls 656, time in user-callback 0.00 sec
[NUM-KAPPA] kappa_solver=1934240.068260 kappa_exact=-1.000000 is_mip=1
[NUM-EFIC] work=0.309452 root_gap=-1.000000 root_time=-1.000000
[pipeline] Tiempo de resolucion: 0.377234 s
[SOLVE] tiempo_solver_s=0.377250018000000 status=OPTIMAL gap=0.184996011833727 obj=-292969.069740977021866 best_bound=-293511.050835904199630 nodos=1.000000000000000 iter=7009.000000000000000 primal_integral=0.584372195409788
[VERIF ORIGINAL] etapa=solver_desescalado max_le=1.13686837721616e-13 (a1_salto_grande_tangente_3(249)) max_ge=0 () max_eq=2.36555933952332e-07 (a1_balance(168)) max_lb=0 () max_ub=0 () max_int=0 () avg_viol=4.07158217766157e-09 p95_viol=5.6843418860808e-14 p99_viol=1.58324837684631e-07 max_viol_rel=3.12638803734444e-13 max_viol_relact=1.26064033763889e-16 viol_le_count=0 viol_ge_count=0 viol_eq_count=0 viol_lb_count=0 viol_ub_count=0 viol_int_count=0 missing_values=0 obj_original_recalc=-292969.069740977
[32m[success] Resultados guardados correctamente en /clusteruy/home/mathiasr/generator-aware-row-scaling/results-revision/final-variants/gurobi_sgtm_1pct/resultados/instance022_base.csv[0m
[32m[success] Archivo CSV generado correctamente[0m

[POST DEBUG] ===== INICIO POSTPROCESAMIENTO GLOBAL =====

[SG POST] ===== Diagnóstico SaltoGrande =====
[SG POST] periodos = 360
[SG POST] periodosPotenciaRealMayorMIP = 337
[SG POST] periodosPotenciaRealMenorMIP = 21
[SG POST] periodosConWhile = 337
[SG POST] cantidadWhile = 2616205
[SG POST] periodosConErrorFinal = 21
[SG POST] sumaGMip = 202198
[SG POST] sumaGRealInicial = 208297.490022088
[SG POST] sumaGRealFinal = 202195.049268032
[SG POST] sumaDeltaGInicial = 6099.49002208811
[SG POST] sumaDeltaGFinal = -2.95073196763856
[SG POST] maxAbsDeltaGInicial = 61.5802597171939
[SG POST] maxAbsDeltaGFinal = 3.11752801063568
[SG POST] sumaDeltaX = -26162.0500005046
[SG POST] sumaDeltaY = 26162.0500000002
[SG POST] ===================================

[POST DEBUG] --- DESPUÉS DE AGENTES ---
[POST DEBUG] Agentes | g1 antes=202198 despues=202198 delta=0
[POST DEBUG] Agentes | g2 antes=0 despues=0 delta=0
[POST DEBUG] Agentes | g antes=101099 despues=101099 delta=0
[POST DEBUG] Agentes | costoFalla antes=0 despues=0 delta=0
[POST DEBUG] --- DESPUÉS DE DESPACHO ---
[POST DEBUG] Despacho | g1 antes=202198 despues=202198 delta=0
[POST DEBUG] Despacho | g2 antes=0 despues=0 delta=0
[POST DEBUG] Despacho | g antes=101099 despues=101099 delta=0
[POST DEBUG] Despacho | costoFalla antes=0 despues=0 delta=0
[POST DEBUG] --- TOTAL ANTES VS FINAL ---
[POST DEBUG] Final | g1 antes=202198 despues=202198 delta=0
[POST DEBUG] Final | g2 antes=0 despues=0 delta=0
[POST DEBUG] Final | g antes=101099 despues=101099 delta=0
[POST DEBUG] Final | costoFalla antes=0 despues=0 delta=0
[POST DEBUG] valorFOOriginal = -292969.069740977
[POST DEBUG] valorFOPostProcesado = -292969.069740977
[POST DEBUG] deltaFO = 0
[POST DEBUG] ===== FIN POSTPROCESAMIENTO GLOBAL =====

[32m[success] Post-procesamiento completado. Nuevo valor F.O.: -292969.069740977021866[0m
[VERIF ORIGINAL] etapa=postprocesado max_le=41.4098128735038 (a1_salto_grande_tangente_3(251)) max_ge=0 () max_eq=2.20201909542084e-05 (a1_balance(251)) max_lb=0 () max_ub=0 () max_int=0 () avg_viol=0.666018869759686 p95_viol=2.14336344749805 p99_viol=21.8376059411587 max_viol_rel=7.70466969102546 max_viol_relact=0.0258141821992077 viol_le_count=2051 viol_ge_count=0 viol_eq_count=204 viol_lb_count=0 viol_ub_count=0 viol_int_count=0 missing_values=0 obj_original_recalc=-292969.069740977
[32m[success] Resultados guardados correctamente en /clusteruy/home/mathiasr/generator-aware-row-scaling/results-revision/final-variants/gurobi_sgtm_1pct/resultados/instance022_base_postprocesado.csv[0m
> [32m[success] Saliendo del programa...[0m
[32m[success] SystemController destruido[0m
