[32m[success] SystemController creado[0m
> [32m[success] El programa se ha iniciado correctamente[0m
> > [34m[info] Agregando agente Salto Grande[0m
[34m[info] Ingrese costo de agua de Salto Grande:[0m
[34m[info] Ingrese volumen inicial de Salto Grande:[0m
[34m[info] Ingrese aportes de Salto Grande en una sola línea (360 valores):[0m
[info] SaltoGrande: activación de tramos de altura horaria
[32m[success] Se ha creado el agente 'Salto Grande' exitosamente[0m
> > [34m[info] Agregando agente Unidad Térmica Simple[0m
[34m[info] Ingrese potencia máxima de la unidad térmica simple:[0m
[34m[info] Ingrese costo variable de la unidad térmica simple:[0m
[32m[success] Se ha creado el agente 'Unidad Térmica Simple' exitosamente[0m
> > [34m[info] Agregando agente Demanda Fija[0m
[34m[info] Ingrese demandas en una sola línea (360 valores):[0m
[32m[success] Se ha creado el agente 'Demanda Fija' exitosamente[0m
> > [34m[info] Creando despacho de mercado[0m
[34m[info] Modo: despacho de mercado con demanda total explícita[0m
[34m[info] Ingrese cantidad de tramos del despacho de mercado:[0m
[34m[info] Ingrese porcentajes acumulados de los tramos en una sola línea (4 valores):[0m
[34m[info] Ingrese costos marginales de los tramos en una sola línea (4 valores):[0m
[34m[info] Ingrese demanda total en una sola línea (360 valores):[0m
[32m[success] Se ha creado el despacho de mercado exitosamente[0m
> > Set parameter WLSAccessID
Set parameter WLSSecret
Set parameter LicenseID to value 2849920
Academic license 2849920 - for non-commercial use only - registered to ma___@fing.edu.uy
[32m[success] Solver 'Gurobi' configurado | timeout=1800s | mipgap=0.01[0m
> [DEBUG Despacho] j=0 idGen=1 coefParticipacionDespacho=0.5
[DEBUG Despacho] j=1 idGen=2 coefParticipacionDespacho=1

[DEBUG Despacho] Cantidad de generadores = 2
[DEBUG Despacho] j=0 puntero=0x829300 idGen=1 coefParticipacionDespacho=0.5
[DEBUG Despacho] j=1 puntero=0x829510 idGen=2 coefParticipacionDespacho=1
[PREPROC] modo plano: 10080 filas tratadas como un unico bloque sin roles (kernel geomean por fila)
[PREPROC PHASES] metadata_s=0.000116235 diagnostico_s=0.00122836 aplicacion_s=0.00098487

------------------------------------------------------------
  PREPROCESAMIENTO MIP - Diagnostico Numerico
------------------------------------------------------------
Rango de coeficientes (toda la matriz):
  max |coef| = 1.224e+10
  min |coef| = 1.964e-04
  proxy rango= 6.234e+13

Diagnostico por bloque:
Bloque              max|coef|      min|coef|      kappa_aprox   vars    alpha     beta      cols      disc_omit aux_omit  escalado
------------------------------------------------------------------------------------------------------------------------------
plano               1.224e+10      1.964e-04      6.23e+13      0       8.67e-03  1.00e+00  0         0         0         SI  (filas=3600, alpha_min=1.96e-04, alpha_max=3.78e-01)

Restriccion(es) global(es): 0 fila(s)
  acoplamiento balance = 0 fila(s)
  global no acoplante  = 0 fila(s)
  rho aprox (solo acoplamiento) = 0.000e+00
  gamma acoplamiento   = 1.000000
  gamma candidato      = 1.000000
  filas acop. escaladas= no
  filas normaliz. fisica= 0
  motivo gamma=1       = rho bajo; no se escala la fila de acoplamiento

ADVERTENCIAS:
  [!] Rango de coeficientes elevado (62335555772250). Riesgo de sensibilidad numerica.
  [!] Bloque 'plano' internamente mal escalado (kappa~62335555772250). Conviene comparar equilibrado interno por filas/columnas.
------------------------------------------------------------

------------------------------------------------------------
  COMPARACION NUMERICA ANTES / DESPUES
------------------------------------------------------------
Indicador                   antes           despues         despues/antes
----------------------------------------------------------------------------
rango global                2.535e+13       6.234e+13       2.459e+00
rho acoplamiento            0.000e+00       0.000e+00       0.000e+00
gamma aplicado              1.000000        1.000000        1.000000

Bloques locales:
Bloque              kappa antes     kappa despues   alpha       beta        filas       cols        disc_omit   aux_omit    escalado
------------------------------------------------------------------------------------------------------------------------------------
plano               2.535e+13       6.234e+13       8.674e-03   1.000e+00   3600        0           0           0           SI

Interpretacion: valores despues/antes menores que 1 indican mejora del proxy.
rho se calcula solo con filas de acoplamiento; las cotas de demanda sobre g quedan fuera.
El escalamiento local activo fue solo por fila: alpha_r = 1/sqrt(M_r*m_r).
------------------------------------------------------------

[PREPROC TIME] variante=matricial_plano_l2 tiempo_s=0.005964014 u=2 K=4 epsMin=1e-09 epsMax=1000000000
[32m[success] Preprocesamiento aplicado.[0m
> [MODELO] rows=10080 cols=6120 nnz=22679
[pipeline] Preprocesamiento seleccionado: Ninguno
[pipeline] Modelo interno sin modificaciones de preprocesamiento.
[pipeline] Estrategia de resolucion seleccionada: Monolitica
[pipeline] Resolviendo monoliticamente.
Set parameter TimeLimit to value 1800
Set parameter MIPGap to value 0.01
Set parameter Seed to value 42
Set parameter Threads to value 16
Gurobi Optimizer version 13.0.1 build v13.0.1rc0 (linux64 - "Debian GNU/Linux 12 (bookworm)")

CPU model: Intel(R) Xeon(R) Gold 6138 CPU @ 2.00GHz, instruction set [SSE2|AVX|AVX2|AVX512]
Thread count: 40 physical cores, 40 logical processors, using up to 16 threads

Non-default parameters:
TimeLimit  1800
MIPGap  0.01
Seed  42
Threads  16

Academic license 2849920 - for non-commercial use only - registered to ma___@fing.edu.uy
Optimize a model with 10080 rows, 6120 columns and 22679 nonzeros (Min)
Model fingerprint: 0xe46db86d
Model has 721 linear objective coefficients
Variable types: 4680 continuous, 1440 integer (1440 binary)
Coefficient statistics:
  Matrix range     [2e-04, 1e+10]
  Objective range  [3e-03, 1e+02]
  Bounds range     [1e+00, 4e+09]
  RHS range        [4e+01, 1e+10]
Warning: Model contains large matrix coefficient range
Warning: Model contains large rhs
Warning: Model contains large bounds
         Consider reformulating model or setting NumericFocus parameter
         to avoid numerical issues.

Found heuristic solution: objective 6.002862e+08
Presolve removed 1167 rows and 389 columns
Presolve time: 0.09s
Presolved: 8913 rows, 5731 columns, 21367 nonzeros
Variable types: 4306 continuous, 1425 integer (1425 binary)

Root relaxation: objective 1.699947e+05, 5342 iterations, 0.12 seconds (0.13 work units)

    Nodes    |    Current Node    |     Objective Bounds      |     Work
 Expl Unexpl |  Obj  Depth IntInf | Incumbent    BestBd   Gap | It/Node Time

     0     0 169994.691    0  927 6.0029e+08 169994.691   100%     -    0s
H    0     0                    9301474.8575 169994.691  98.2%     -    0s
H    0     0                    449446.96709 211916.463  52.8%     -    0s
     0     0 212754.904    0 1018 449446.967 212754.904  52.7%     -    0s
     0     0 212754.904    0 1023 449446.967 212754.904  52.7%     -    0s
     0     0 213594.814    0 1023 449446.967 213594.814  52.5%     -    0s
     0     0 221246.389    0 1027 449446.967 221246.389  50.8%     -    1s
     0     0 221658.972    0 1027 449446.967 221658.972  50.7%     -    1s
     0     0 221682.881    0 1027 449446.967 221682.881  50.7%     -    1s
     0     0 221683.125    0 1027 449446.967 221683.125  50.7%     -    1s
     0     0 223110.499    0 1033 449446.967 223110.499  50.4%     -    1s
     0     0 235846.137    0 1033 449446.967 235846.137  47.5%     -    1s
     0     0 235846.137    0 1027 449446.967 235846.137  47.5%     -    1s
H    0     0                    449169.57561 235846.137  47.5%     -    1s
     0     0 235846.137    0 1025 449169.576 235846.137  47.5%     -    1s
     0     0 235846.137    0 1025 449169.576 235846.137  47.5%     -    1s
     0     0 235846.137    0 1020 449169.576 235846.137  47.5%     -    2s
     0     0 235846.137    0 1020 449169.576 235846.137  47.5%     -    2s
     0     0 235846.137    0 1020 449169.576 235846.137  47.5%     -    2s
     0     2 235846.137    0 1020 449169.576 235846.137  47.5%     -    2s
H    3     2                    444406.63614 235846.137  46.9%   878    3s
H   12     4                    441073.65573 235846.137  46.5%  1020    4s
H   13     4                    440179.94658 235846.137  46.4%   941    4s
    25     4 235846.137    9 1011 440179.947 235846.137  46.4%   774    5s
H   64    10                    436852.02122 235846.137  46.0%   667    6s
  1007   225 436609.981   79   62 436852.021 237485.308  45.6%   106   10s
H 1136   261                    436777.86343 237485.308  45.6%  98.8   10s
H 1147   261                    436143.42443 237485.308  45.5%  98.0   10s
H 1166   261                    436139.92919 237725.190  45.5%  96.5   10s
H 2241   795                    436139.92912 241285.370  44.7%  69.9   12s
H 2246   795                    436139.92900 241285.370  44.7%  70.0   12s
H 2268   795                    435600.85613 241285.370  44.6%  70.3   12s
H 2303   795                    435376.84134 241285.370  44.6%  69.5   12s
H 2775   982                    433629.24626 245816.632  43.3%  62.0   13s
H 2890   913                    433205.56797 245816.632  43.3%  60.4   13s
H 2894   880                    430820.50613 246090.089  42.9%  61.0   13s
H 2899   880                    430303.96038 246090.089  42.8%  60.9   13s
H 2906   880                    429510.91987 246090.089  42.7%  61.5   13s
H 3241   857                    428872.98561 250611.592  41.6%  57.0   15s
H 3241   825                    428054.93115 250611.592  41.5%  57.0   15s
H 3246   783                    425616.30087 250611.592  41.1%  56.9   19s
  3249   785 418769.184   75 1283 425616.301 250611.592  41.1%  56.9   20s
  3261   789 250611.592   18 1264 425616.301 250611.592  41.1%  61.8   25s
  3363   754 250611.592   54 1243 425616.301 250611.592  41.1%  85.3   30s
H 3558   722                    422762.59526 257365.862  39.1%   103   33s
  3967   716 374348.285   96  425 422762.595 257575.450  39.1%  96.5   35s
H 4004   673                    422124.66100 257575.450  39.0%  95.7   35s
H 4006   636                    420110.61945 257575.450  38.7%  95.6   35s
H 4562   582                    418670.52249 263694.988  37.0%  94.2   37s
H 4596   539                    417797.02043 263694.988  36.9%  93.8   37s
  5643  1002 386243.958  169  325 417797.020 273273.621  34.6%  85.2   40s
H 5726  1045                    416998.52655 273273.621  34.5%  84.7   41s
H 5833  1170                    415441.76340 273273.621  34.2%  83.6   41s
H 5959  1139                    414758.36548 273273.621  34.1%  82.2   41s
  8476  2637 385571.608  185  298 414758.365 287857.848  30.6%  68.3   45s
* 9010  2616             471    413219.73255 288898.917  30.1%  67.4   45s
H 9603  2822                    413187.49605 295351.719  28.5%  70.9   47s
H 9620  2790                    412683.86593 295351.719  28.4%  70.8   47s
H 9682  2783                    412560.69511 295351.719  28.4%  70.8   47s
 10563  3164     cutoff  175      412560.695 300566.590  27.1%  72.1   50s
H10574  3102                    411979.40149 300566.590  27.0%  72.0   50s
H12752  4121                    411262.61561 302078.044  26.5%  67.6   53s
 13002  4668 409514.420  175  197 411262.616 302078.044  26.5%  67.3   55s
 19636  7659 393995.884  311  115 411262.616 309454.454  24.8%  54.1   60s
 25457  9882 331638.795  150  401 411262.616 313358.726  23.8%  48.1   65s
H26467  9901                    411262.61555 313358.726  23.8%  47.7   67s
H26506  9996                    411234.20299 313358.726  23.8%  47.8   68s
 28446 11355 349421.189  142  385 411234.203 315100.897  23.4%  45.9   70s
 34206 12857 406613.408  320   70 411234.203 317958.989  22.7%  42.1   75s
H34209 12857                    411234.20171 317958.989  22.7%  42.1   75s
*34323 12931             397    411050.99900 317958.989  22.6%  42.3   75s
*34562 12888             382    410887.34098 318301.952  22.5%  42.7   75s
 38024 14769 348495.039  235  343 410887.341 318758.476  22.4%  43.4   81s
 41466 15563 389081.108  295 1020 410887.341 320505.971  22.0%  41.7  102s
 41469 15565 370810.365  188 1312 410887.341 320505.971  22.0%  41.7  105s
 41477 15570 386319.659  240 1244 410887.341 320505.971  22.0%  41.7  110s
 41486 15576 374519.106  216 1237 410887.341 320505.971  22.0%  41.7  115s
 41492 15580 397732.032  205 1237 410887.341 320505.971  22.0%  41.7  120s
 41498 15584 398179.713  279 1237 410887.341 320505.971  22.0%  41.7  125s
 41505 15589 350499.784  165 1237 410887.341 320505.971  22.0%  41.7  130s
 41508 15591 381167.967  261 1237 410887.341 320505.971  22.0%  41.7  135s
 41528 15588 320505.971   38 1240 410887.341 320505.971  22.0%  42.5  140s
 41599 15567 320505.971   54 1228 410887.341 320505.971  22.0%  43.5  145s
 41842 15494     cutoff   70      410887.341 320505.971  22.0%  45.1  150s
 42032 15442 359121.240   80  747 410887.341 320505.971  22.0%  46.8  155s
 42516 15421 404285.113  157  389 410887.341 320505.971  22.0%  47.9  160s
 43548 15487     cutoff  113      410887.341 320505.971  22.0%  48.9  165s
 45160 15578 320505.971  106  775 410887.341 320505.971  22.0%  50.9  170s
H46931 15082                    410775.55022 320505.971  22.0%  51.2  172s
 47963 15131 405653.343  303  167 410775.550 320505.971  22.0%  51.5  175s
 48569 15566 407765.844  203  218 410775.550 320505.971  22.0%  51.6  180s
 52840 15305 373836.523  137  318 410775.550 329097.683  19.9%  50.9  185s
 54209 15566 374700.445  141  312 410775.550 333992.833  18.7%  51.6  190s
 60051 15095 353149.136  138  369 410775.550 341920.321  16.8%  50.0  195s
 62777 15310     cutoff  186      410775.550 343947.049  16.3%  49.9  201s
 67059 14985 399378.610  248  140 410775.550 347634.592  15.4%  49.9  205s
 72318 15278 394356.821  149  223 410775.550 350882.956  14.6%  48.5  210s
 78231 14873 387649.408  140  327 410775.550 353916.702  13.8%  47.2  215s
 82194 14729 373820.180  191  229 410775.550 356675.837  13.2%  47.6  221s
 85274 15153 404289.061  139  321 410775.550 357899.662  12.9%  48.2  227s
 90890 15661 377960.036  182  243 410775.550 360378.073  12.3%  48.1  230s
 94897 17514 387465.647  241  182 410775.550 362781.953  11.7%  48.0  235s
 100727 18876 407301.658  188  215 410775.550 364633.028  11.2%  47.3  240s
 106110 21078 384877.281  234  202 410775.550 366367.073  10.8%  47.0  248s
 112324 21806 393639.481  246  149 410775.550 368010.921  10.4%  46.1  250s
 118164 23611 409487.462  179  152 410775.550 369410.828  10.1%  45.4  256s
 122371 24761 397113.694  169  214 410775.550 370600.196  9.78%  45.2  260s
 128444 25846 395289.475  228  162 410775.550 371692.805  9.51%  44.8  265s
 133539 27393 387152.130  185  278 410775.550 372535.733  9.31%  44.6  271s
 138300 28612 391089.004  201  185 410775.550 373333.428  9.11%  44.2  275s
 144923 29518 399669.203  144  221 410775.550 374092.560  8.93%  43.8  280s
 146998 30894 380042.308  207  224 410775.550 374352.238  8.87%  44.1  285s
 154980 32234 389553.420  127  280 410775.550 375440.948  8.60%  43.5  290s
 162055 33804 390553.933  181  236 410775.550 376257.488  8.40%  43.1  295s
 168287 35570 409936.434  160  249 410775.550 376881.556  8.25%  42.8  302s
 174605 36672 407179.832  269   96 410775.550 377646.126  8.07%  42.5  306s
 179964 37696 407484.798  302   65 410775.550 378282.008  7.91%  42.3  310s
 186059 38846 infeasible  179      410775.550 378794.189  7.79%  42.2  315s
 192354 40152     cutoff  176      410775.550 379444.425  7.63%  42.0  320s
 199260 41224     cutoff  186      410775.550 380053.830  7.48%  42.0  325s
 204936 42519 408793.894  195  205 410775.550 380510.985  7.37%  42.0  330s
 210156 43432 405855.269  235  150 410775.550 380985.361  7.25%  41.8  335s
 216531 44512 407380.045  176  152 410775.550 381541.905  7.12%  41.8  340s
 221089 45330 409281.476  173  323 410775.550 381890.085  7.03%  41.8  345s
H226166 46022                    410775.55011 382229.843  6.95%  41.7  349s
 226249 46155 384144.675  160  356 410775.550 382233.727  6.95%  41.7  350s
 231341 47108     cutoff  202      410775.550 382542.089  6.87%  41.7  355s
 236226 48151     cutoff  199      410775.550 382853.229  6.80%  41.5  360s
 242060 48999     cutoff  181      410775.550 383237.093  6.70%  41.5  365s
 247840 50084     cutoff  198      410775.550 383636.018  6.61%  41.4  371s
 253052 51433 404983.788  179  195 410775.550 383899.740  6.54%  41.4  376s
 259117 52508 399606.977  137  320 410775.550 384272.517  6.45%  41.2  381s
 264797 53362 407756.964  143  235 410775.550 384576.824  6.38%  41.0  385s
 270491 54527 393710.415  218  166 410775.550 384878.056  6.30%  41.1  390s
 275689 55321 400122.549  179  190 410775.550 385133.359  6.24%  41.1  395s
 282216 56438     cutoff  154      410775.550 385469.191  6.16%  40.9  400s
 287961 57485 399622.274  262  144 410775.550 385717.218  6.10%  41.0  405s
 292949 58405 402612.209  198  220 410775.550 385946.629  6.04%  41.0  410s
 298918 59519 394546.855  149  247 410775.550 386234.669  5.97%  40.8  415s
 305568 60497 407261.049  208  203 410775.550 386467.060  5.92%  40.8  420s
 309558 61111 394207.482  227  187 410775.550 386656.354  5.87%  40.9  425s
 315440 62348 389204.273  235  136 410775.550 386958.983  5.80%  40.8  431s
 320623 63484 404860.690  157  312 410775.550 387185.045  5.74%  40.9  435s
 325039 64717 408929.352  175  325 410775.550 387356.271  5.70%  40.9  440s
 332638 66096 392800.482  208  331 410775.550 387672.908  5.62%  40.8  446s
 337088 67286 404105.069  196  149 410775.550 387842.958  5.58%  40.8  450s
 342000 68499 406142.256  138  314 410775.550 388036.666  5.54%  40.9  456s
 348082 69520 400985.841  147  301 410775.550 388262.378  5.48%  40.9  460s
 352475 70847     cutoff  168      410775.550 388401.559  5.45%  41.0  465s
 357790 72138 409027.244  245  172 410775.550 388629.713  5.39%  41.0  470s
 363815 73644 405837.042  187  145 410775.550 388799.297  5.35%  41.0  476s
 369555 74534 409923.793  219  144 410775.550 388989.498  5.30%  41.0  480s
 373468 75596 404887.695  233  137 410775.550 389110.867  5.27%  41.1  485s
 378123 76478 392068.591  202  259 410775.550 389255.977  5.24%  41.1  490s
 383913 77887 404610.944  151  190 410775.550 389464.544  5.19%  41.1  496s
 385784 78142 403362.057  218  124 410775.550 389499.302  5.18%  41.1  500s
 390855 79580 391085.576  129  272 410775.550 389642.475  5.14%  41.0  506s
 396078 80636 409524.313  233  133 410775.550 389806.635  5.10%  41.0  511s
 401110 81842     cutoff  205      410775.550 389933.207  5.07%  41.0  516s
 406103 82652 406639.926  211  165 410775.550 390097.941  5.03%  40.9  520s
 409730 83917     cutoff  144      410775.550 390207.837  5.01%  41.0  525s
 416739 85246 408718.835  230  153 410775.550 390352.728  4.97%  41.0  531s
 419248 85897 401703.286  158  324 410775.550 390443.005  4.95%  41.0  536s
 424307 86738 400417.806  149  267 410775.550 390581.543  4.92%  41.0  540s
 428218 87898 401708.586  140  249 410775.550 390670.792  4.89%  41.1  545s
 433718 89083 395605.737  144  235 410775.550 390828.238  4.86%  41.1  550s
 438469 90257 407466.677  217  114 410775.550 390922.237  4.83%  41.1  555s
 443254 91258 409659.535  206  190 410775.550 391028.077  4.81%  41.1  560s
 449180 92539     cutoff  176      410775.550 391155.817  4.78%  41.1  566s
 454311 93806 401185.334  151  294 410775.550 391258.137  4.75%  41.1  571s
 459208 94854 405466.691  138  268 410775.550 391386.855  4.72%  41.2  576s
 464138 96202 399734.169  157  264 410775.550 391467.080  4.70%  41.2  581s
 466557 96550 409009.269  287   51 410775.550 391509.857  4.69%  41.2  585s
 470749 97881 406880.242  173  168 410775.550 391595.358  4.67%  41.2  591s
 476175 98889 399640.558  146  292 410775.550 391697.329  4.64%  41.3  596s
 480974 99816 404015.817  152  214 410775.550 391784.806  4.62%  41.3  601s
 485580 101287 406702.661  241   94 410775.550 391879.679  4.60%  41.4  607s
 489902 102067 403766.112  156  333 410775.550 391961.047  4.58%  41.4  611s
 495080 103278 406828.451  213  169 410775.550 392060.604  4.56%  41.4  615s
 499839 104434 401928.667  240  137 410775.550 392150.221  4.53%  41.4  620s
 504597 105368 406156.831  166  197 410775.550 392223.617  4.52%  41.4  625s
 509406 106346 409636.451  201  171 410775.550 392281.310  4.50%  41.5  630s
 514693 107332 395929.716  160  216 410775.550 392376.839  4.48%  41.6  635s
 519188 108364     cutoff  166      410775.550 392477.634  4.45%  41.6  640s
 524169 109381 infeasible  168      410775.550 392561.972  4.43%  41.7  645s
 527200 110004 396064.209  204  172 410775.550 392624.461  4.42%  41.8  650s
 532149 111120 399803.962  142  299 410775.550 392692.752  4.40%  41.8  655s
 538379 112272 400277.100  144  249 410775.550 392794.420  4.38%  41.9  661s
 543239 113348 403309.058  195  196 410775.550 392869.779  4.36%  41.9  666s
 548041 114430     cutoff  180      410775.550 392954.524  4.34%  41.9  671s
 552257 115400     cutoff  177      410775.550 393011.828  4.32%  42.0  675s
 556532 116536 400574.398  132  428 410775.550 393089.690  4.31%  42.0  680s
 561472 117733 402964.671  154  296 410775.550 393165.654  4.29%  42.1  686s
 566469 118801 406171.332  145  285 410775.550 393237.992  4.27%  42.1  690s
 571524 120180 403812.588  161  375 410775.550 393307.217  4.25%  42.1  697s
 576748 120887 408235.877  175  177 410775.550 393380.791  4.23%  42.2  700s
 581829 122000     cutoff  150      410775.550 393448.960  4.22%  42.3  705s
 586446 122886 405808.847  191  350 410775.550 393526.735  4.20%  42.3  710s
 589786 123732 406017.921  150  163 410775.550 393573.154  4.19%  42.3  715s
 594547 124797 397392.263  183  265 410775.550 393655.095  4.17%  42.4  720s
 599592 126105 410270.981  169  346 410775.550 393709.680  4.15%  42.4  725s
 604174 127230     cutoff  174      410775.550 393784.392  4.14%  42.4  730s
H606890 127645                    410767.71433 393814.302  4.13%  42.5  733s
 607896 128468 401136.276  174  225 410767.714 393838.100  4.12%  42.5  736s
 612483 129233 401772.998  152  186 410767.714 393901.911  4.11%  42.6  741s
 617081 130250 401044.812  252  152 410767.714 393960.770  4.09%  42.7  746s
 621784 131420 407667.076  205  197 410767.714 394036.399  4.07%  42.7  751s
 626667 132539 401539.168  177  354 410767.714 394096.458  4.06%  42.7  756s
 631320 133635     cutoff  140      410767.714 394163.960  4.04%  42.8  761s
 636434 134852 400447.337  149  284 410767.714 394207.078  4.03%  42.8  767s
 641303 135563     cutoff  173      410767.714 394287.122  4.01%  42.9  770s
 644999 136771 404853.086  123  379 410767.714 394345.453  4.00%  43.0  776s
 650230 137851 403957.305  263  103 410767.714 394413.256  3.98%  43.0  781s
 655401 138873 402792.600  160  213 410767.714 394493.564  3.96%  43.0  786s
 660149 139791 403847.400  148  239 410767.714 394553.368  3.95%  43.2  791s
 663595 140388 403170.013  166  201 410767.714 394603.942  3.94%  43.2  795s
 669056 141406 404947.218  209  192 410767.714 394666.112  3.92%  43.2  800s
 673800 142532 404387.144  167  207 410767.714 394730.132  3.90%  43.2  805s
 676253 143395     cutoff  192      410767.714 394750.225  3.90%  43.3  810s
 682692 144365 400267.669  143  318 410767.714 394834.008  3.88%  43.4  816s
 685765 145369 409017.383  173  214 410767.714 394866.541  3.87%  43.4  820s
 692498 146579     cutoff  163      410767.714 394952.289  3.85%  43.4  826s
 696584 147390 400290.891  173  343 410767.714 395001.880  3.84%  43.5  831s
 701350 148233 400430.781  139  323 410767.714 395058.323  3.82%  43.5  836s
 706076 149049 407908.006  222  128 410767.714 395119.796  3.81%  43.6  841s
 711120 150275 410274.483  145  295 410767.714 395172.967  3.80%  43.6  846s
 715730 151346 407150.425  159  241 410767.714 395224.836  3.78%  43.6  850s
 719717 152445 404903.395  184  352 410767.714 395279.045  3.77%  43.7  855s
 724139 153440     cutoff  209      410767.714 395324.185  3.76%  43.8  861s
 729153 154500 404957.223  249   88 410767.714 395383.884  3.75%  43.8  866s
 733857 155499 396340.720  176  280 410767.714 395436.580  3.73%  43.8  871s
 739078 156663     cutoff  234      410767.714 395496.603  3.72%  43.8  875s
 743966 157601 402641.597  139  326 410767.714 395560.983  3.70%  43.8  881s
 748206 158622 403718.646  147  319 410767.714 395608.775  3.69%  43.9  886s
 753573 159640 408145.471  159  281 410767.714 395673.129  3.67%  43.9  891s
 757713 160138     cutoff  152      410767.714 395713.471  3.66%  44.0  895s
 758150 160262     cutoff  207      410767.714 395721.105  3.66%  44.0  900s
 761713 161274 396215.701  138  315 410767.714 395761.198  3.65%  44.0  906s
 765341 161839 396021.173  147  308 410767.714 395810.881  3.64%  44.1  910s
 771988 162764 401980.359  159  210 410767.714 395894.249  3.62%  44.1  916s
 776884 163813 408563.926  179  155 410767.714 395947.181  3.61%  44.1  921s
 781478 164970 397195.655  140  303 410767.714 396005.143  3.59%  44.2  925s
 785399 165772 408710.301  182  206 410767.714 396048.836  3.58%  44.2  930s
 790057 166786 403959.103  190  167 410767.714 396104.787  3.57%  44.3  936s
 794988 167839 405214.142  214  195 410767.714 396155.591  3.56%  44.3  940s
 800812 168630 403389.368  202  218 410767.714 396199.442  3.55%  44.3  945s
 805094 169342 400969.810  120  365 410767.714 396257.109  3.53%  44.3  950s
 809735 170154 397572.466  126  347 410767.714 396317.100  3.52%  44.4  955s
 814813 171117     cutoff  147      410767.714 396365.675  3.51%  44.5  961s
 817399 171865 399489.864  134  344 410767.714 396410.749  3.50%  44.5  965s
 822183 172801 406164.414  218  178 410767.714 396457.929  3.48%  44.6  970s
 827170 173825 397413.527  141  316 410767.714 396498.954  3.47%  44.6  975s
 831618 175127 407830.594  129  367 410767.714 396555.605  3.46%  44.7  983s
 836804 175676 401777.583  178  257 410767.714 396613.635  3.45%  44.8  986s
 841721 176767 407598.537  123  359 410767.714 396683.227  3.43%  44.8  991s
 846075 177473 407497.932  150  210 410767.714 396739.713  3.42%  44.8  995s
 850717 178099 406514.951  206  186 410767.714 396821.731  3.40%  44.8 1000s
 855178 178660     cutoff  198      410767.714 396879.388  3.38%  44.9 1005s
 859988 179534 409198.916  156  333 410767.714 396965.012  3.36%  44.9 1010s
 864818 180449 407439.344  168  215 410767.714 397021.534  3.35%  45.0 1015s
 869723 181410 408249.378  188  338 410767.714 397085.128  3.33%  45.0 1020s
 874501 182270 410560.856  163  247 410767.714 397141.068  3.32%  45.1 1026s
 879370 183134     cutoff  197      410767.714 397190.393  3.31%  45.1 1030s
 883663 183870 399673.762  130  350 410767.714 397240.175  3.29%  45.1 1035s
 888164 184532 406138.014  141  303 410767.714 397269.192  3.29%  45.2 1040s
 892938 185397 408883.571  139  347 410767.714 397328.323  3.27%  45.3 1045s
 893753 185967 404132.632  166  276 410767.714 397338.341  3.27%  45.3 1050s
 896785 186824 infeasible  170      410767.714 397375.212  3.26%  45.3 1055s
 902190 187783 401093.807  260   95 410767.714 397423.140  3.25%  45.4 1060s
 907084 188862 407589.543  161  366 410767.714 397473.425  3.24%  45.4 1065s
 911532 189739 409025.979  219  158 410767.714 397515.683  3.23%  45.5 1070s
 916275 190792 407188.110  171  178 410767.714 397554.564  3.22%  45.5 1075s
 921658 191581     cutoff  163      410767.714 397610.157  3.20%  45.5 1080s
 925771 192614 400593.199  133  347 410767.714 397646.150  3.19%  45.6 1085s
 931077 194025 407084.792  189  256 410767.714 397692.576  3.18%  45.6 1091s
 935554 195035     cutoff  140      410767.714 397738.221  3.17%  45.7 1096s
 938636 195878     cutoff  160      410767.714 397768.810  3.16%  45.7 1101s
 942271 196273     cutoff  162      410767.714 397796.113  3.16%  45.8 1105s
 947008 197596 405413.222  162  216 410767.714 397836.057  3.15%  45.8 1111s
 951273 198288 407839.552  224   88 410767.714 397887.726  3.14%  45.9 1115s
 957071 199458 407622.103  152  348 410767.714 397938.860  3.12%  45.9 1120s
 960852 200947 400576.746  137  323 410767.714 397977.810  3.11%  46.0 1128s
 964465 201114 409667.662  150  320 410767.714 397998.682  3.11%  46.0 1131s
 967791 202301 405684.465  160  261 410767.714 398030.675  3.10%  46.0 1136s
 973217 203429     cutoff  161      410767.714 398074.729  3.09%  46.1 1141s
 978046 204389 405663.260  149  284 410767.714 398122.249  3.08%  46.1 1146s
 981720 204975 399643.312  181  250 410767.714 398144.286  3.07%  46.2 1150s
 986700 206585 399212.399  140  384 410767.714 398184.090  3.06%  46.3 1156s
 991301 207548 405701.099  172  169 410767.714 398225.877  3.05%  46.3 1161s
 995514 208502     cutoff  163      410767.714 398256.538  3.05%  46.4 1166s
 1000186 209745 398691.094  139  396 410767.714 398290.522  3.04%  46.4 1171s
 1004369 210359 infeasible  188      410767.714 398316.626  3.03%  46.5 1175s
 1008908 211333 409540.710  186  233 410767.714 398340.634  3.03%  46.5 1180s
 1013264 212276     cutoff  146      410767.714 398378.794  3.02%  46.6 1185s
 1018122 213564 infeasible  228      410767.714 398409.394  3.01%  46.6 1190s
 1022529 214796 infeasible  227      410767.714 398445.263  3.00%  46.7 1195s
 1024757 216228 400352.699  144  390 410767.714 398458.719  3.00%  46.7 1202s
 1030931 216719 399583.833  131  347 410767.714 398501.719  2.99%  46.7 1205s
 1035520 217663 409284.756  166  229 410767.714 398536.974  2.98%  46.8 1210s
 1040597 219270 407616.680  132  349 410767.714 398571.611  2.97%  46.9 1216s
 1043436 219830     cutoff  164      410767.714 398588.717  2.96%  46.9 1220s
 1047792 220541 406572.371  179  344 410767.714 398622.504  2.96%  47.0 1225s
 1051530 221919 407709.652  150  284 410767.714 398644.036  2.95%  47.0 1231s
 1056309 222747     cutoff  140      410767.714 398672.772  2.94%  47.0 1235s
 1061086 223890     cutoff  149      410767.714 398703.339  2.94%  47.1 1241s
 1064084 224403 399854.295  255   99 410767.714 398731.053  2.93%  47.2 1245s
 1069043 225617     cutoff  148      410767.714 398760.562  2.92%  47.2 1250s
 1073204 226730     cutoff  245      410767.714 398791.461  2.92%  47.3 1255s
 1078081 227740 404883.774  141  236 410767.714 398822.340  2.91%  47.3 1260s
 1082690 228681 410044.675  137  234 410767.714 398851.626  2.90%  47.3 1265s
 1087355 230345 405379.242  140  266 410767.714 398879.514  2.89%  47.4 1271s
 1089812 231050 infeasible  185      410767.714 398893.671  2.89%  47.4 1275s
 1094786 232205 400926.481  142  403 410767.714 398916.623  2.89%  47.4 1280s
 1100341 233220 405129.056  230  118 410767.714 398949.089  2.88%  47.5 1285s
 1104878 234140     cutoff  145      410767.714 398972.350  2.87%  47.6 1291s
 1107884 234935 402227.259  146  379 410767.714 398996.152  2.87%  47.6 1295s
 1112102 235901 410286.139  163  272 410767.714 399020.182  2.86%  47.7 1300s
 1116871 236790 403847.442  139  318 410767.714 399053.222  2.85%  47.7 1305s
 1121323 237658 407267.459  177  347 410767.714 399081.857  2.84%  47.8 1310s
 1124390 238065 409926.920  138  384 410767.714 399098.494  2.84%  47.9 1315s
 1129103 238856 409677.869  231  200 410767.714 399136.087  2.83%  48.0 1321s
 1131853 239603 403644.093  168  202 410767.714 399148.932  2.83%  48.0 1325s
 1135639 240470 409118.692  149  282 410767.714 399173.184  2.82%  48.1 1330s
 1139889 241163 399882.270  129  336 410767.714 399200.282  2.82%  48.1 1335s
 1143815 241751 407527.144  140  246 410767.714 399223.004  2.81%  48.2 1341s
 1146748 242540 405312.515  152  364 410767.714 399237.383  2.81%  48.3 1346s
 1147633 242769 405317.198  148  244 410767.714 399246.411  2.80%  48.3 1350s
 1150990 243708 406316.137  129  379 410767.714 399267.350  2.80%  48.3 1356s
 1154255 244118 infeasible  155      410767.714 399287.620  2.79%  48.4 1360s
 1158949 244924 405420.846  224  105 410767.714 399315.790  2.79%  48.5 1365s
 1163859 246138 399455.128  170  239 410767.714 399345.615  2.78%  48.5 1371s
 1166281 246714 401541.583  285   92 410767.714 399360.799  2.78%  48.6 1375s
 1170841 247667     cutoff  188      410767.714 399381.790  2.77%  48.6 1380s
 1175607 248652 406883.693  148  347 410767.714 399410.834  2.76%  48.7 1386s
 1180550 249356 400921.061  131  337 410767.714 399441.596  2.76%  48.8 1391s
 1183144 249864 405452.916  165  258 410767.714 399452.744  2.75%  48.8 1395s
 1187984 250681     cutoff  189      410767.714 399488.679  2.75%  48.9 1400s
 1190882 251504 404536.205  144  342 410767.714 399503.939  2.74%  48.9 1406s
 1195107 252066     cutoff  154      410767.714 399525.439  2.74%  49.0 1410s
 1199892 252988     cutoff  127      410767.714 399549.303  2.73%  49.1 1415s
 1204682 253740 400090.767  142  389 410767.714 399581.859  2.72%  49.1 1421s
 1207582 254676 401334.399  118  377 410767.714 399593.785  2.72%  49.2 1425s
 1212108 255554     cutoff  171      410767.714 399620.059  2.71%  49.2 1430s
 1217244 256399 402080.344  130  348 410767.714 399649.769  2.71%  49.3 1436s
 1218048 257143     cutoff  148      410767.714 399653.241  2.71%  49.3 1440s
 1224775 257861     cutoff  142      410767.714 399687.407  2.70%  49.4 1445s
 1229382 258876     cutoff  191      410767.714 399719.629  2.69%  49.5 1451s
 1234174 259799 404858.361  152  401 410767.714 399746.825  2.68%  49.5 1456s
 1238272 260317 408964.742  175  247 410767.714 399768.198  2.68%  49.6 1460s
 1242310 261006 404377.496  144  310 410767.714 399788.742  2.67%  49.6 1465s
 1246025 262087 410006.034  183  351 410767.714 399812.772  2.67%  49.7 1471s
 1250532 262973 402860.299  206  135 410767.714 399835.969  2.66%  49.7 1475s
 1255595 263876 infeasible  144      410767.714 399860.582  2.66%  49.8 1481s
 1258371 264296 404770.219  199  228 410767.714 399876.974  2.65%  49.8 1485s
 1260177 266025 401203.256  134  341 410767.714 399885.578  2.65%  49.9 1507s
 1272149 266375     cutoff  173      410767.714 399940.766  2.64%  50.3 1510s
 1278122 267281 402945.391  160  273 410767.714 399970.677  2.63%  50.3 1516s
 1282357 267887 409578.145  169  368 410767.714 399992.717  2.62%  50.4 1520s
 1287624 268743 409202.846  212  100 410767.714 400028.605  2.61%  50.5 1525s
 1292563 269689 405232.773  155  392 410767.714 400049.754  2.61%  50.5 1531s
 1296913 270425 410387.126  214  155 410767.714 400073.227  2.60%  50.6 1536s
 1301217 271280 402557.334  134  337 410767.714 400096.766  2.60%  50.7 1541s
 1303793 271778 409268.933  166  391 410767.714 400108.988  2.59%  50.7 1545s
 1308410 272662 infeasible  168      410767.714 400135.883  2.59%  50.7 1550s
 1312941 273446 410271.116  140  374 410767.714 400152.822  2.58%  50.8 1555s
 1317276 274142 404159.834  171  295 410767.714 400184.572  2.58%  50.9 1561s
 1321097 274810     cutoff  172      410767.714 400204.966  2.57%  50.9 1565s
 1323734 275583     cutoff  180      410767.714 400220.160  2.57%  51.0 1571s
 1328954 276099 403142.814  136  326 410767.714 400254.756  2.56%  51.1 1577s
 1331792 276616     cutoff  208      410767.714 400271.744  2.56%  51.1 1581s
 1336090 277096     cutoff  164      410767.714 400292.552  2.55%  51.2 1585s
 1341059 278075 410409.056  216  180 410767.714 400316.293  2.54%  51.2 1591s
 1344372 278820 401717.184  157  365 410767.714 400335.804  2.54%  51.3 1595s
 1348691 279479 405857.194  178  258 410767.714 400357.290  2.53%  51.3 1601s
 1353417 280073     cutoff  142      410767.714 400385.088  2.53%  51.4 1606s
 1355877 280424     cutoff  163      410767.714 400394.644  2.53%  51.5 1610s
 1360479 281154 404401.469  148  413 410767.714 400426.123  2.52%  51.6 1616s
 1364328 281518 410024.200  152  224 410767.714 400445.769  2.51%  51.6 1620s
 1368485 282228     cutoff  232      410767.714 400468.113  2.51%  51.7 1625s
 1372955 282892     cutoff  179      410767.714 400491.000  2.50%  51.8 1631s
 1375490 283429 infeasible  199      410767.714 400505.172  2.50%  51.8 1635s
 1380323 284174 406513.136  137  347 410767.714 400532.633  2.49%  51.9 1641s
 1385489 285095 403653.803  122  379 410767.714 400558.419  2.49%  51.9 1646s
 1388179 285630 410487.479  188  297 410767.714 400576.006  2.48%  52.0 1652s
 1392476 285893 406725.849  177  185 410767.714 400598.717  2.48%  52.1 1656s
 1394430 286372     cutoff  166      410767.714 400611.300  2.47%  52.1 1661s
 1399412 286833 infeasible  199      410767.714 400631.047  2.47%  52.2 1666s
 1402461 287484 405371.785  152  222 410767.714 400652.468  2.46%  52.3 1670s
 1405617 287949 405191.893  149  396 410767.714 400668.029  2.46%  52.3 1675s
 1410682 289202 409048.918  189  191 410767.714 400693.087  2.45%  52.4 1683s
 1415125 289360     cutoff  163      410767.714 400706.823  2.45%  52.4 1686s
 1417551 289627 406673.832  190  256 410767.714 400725.012  2.44%  52.5 1690s
 1420872 290136 410000.642  270   93 410767.714 400744.918  2.44%  52.5 1695s
 1426140 290853     cutoff  152      410767.714 400774.994  2.43%  52.6 1701s
 1429254 291371     cutoff  220      410767.714 400792.576  2.43%  52.7 1705s
 1433142 292173 403849.814  148  335 410767.714 400812.946  2.42%  52.7 1711s
 1436033 292605 infeasible  181      410767.714 400825.338  2.42%  52.8 1715s
 1440696 293382     cutoff  146      410767.714 400851.164  2.41%  52.9 1721s
 1444388 293777 408248.305  121  263 410767.714 400869.518  2.41%  52.9 1725s
 1449341 294479     cutoff  130      410767.714 400891.702  2.40%  53.0 1731s
 1452362 295191     cutoff  161      410767.714 400906.837  2.40%  53.0 1735s
 1456658 295473 405887.205  143  324 410767.714 400923.429  2.40%  53.1 1741s
 1457014 295661     cutoff  149      410767.714 400925.038  2.40%  53.1 1745s
 1460058 296318 401700.590  180  347 410767.714 400940.032  2.39%  53.2 1750s
 1465469 297004 405202.559  154  223 410767.714 400967.291  2.39%  53.3 1756s
 1468621 297480 401759.315  119  388 410767.714 400985.829  2.38%  53.3 1761s
 1472862 297980 403279.584  119  379 410767.714 401006.551  2.38%  53.4 1765s
 1477590 298706 402378.222  225  126 410767.714 401026.965  2.37%  53.5 1771s
 1480388 299525     cutoff  157      410767.714 401042.875  2.37%  53.5 1775s
 1485277 300380 405785.832  138  319 410767.714 401064.839  2.36%  53.6 1781s
 1487836 300827 404238.779  235  107 410767.714 401074.728  2.36%  53.6 1785s
 1492617 301492 405110.904  183  268 410767.714 401102.984  2.35%  53.7 1791s
 1497024 302296 403633.290  165  224 410767.714 401120.233  2.35%  53.8 1796s
 1501033 302692 401187.912  130  350 410767.714 401136.724  2.34%  53.8 1800s

Cutting planes:
  Gomory: 234
  Implied bound: 509
  Projected implied bound: 31
  MIR: 267
  Mixing: 10
  Flow cover: 1188
  RLT: 145
  Relax-and-lift: 160

Explored 1501448 nodes (80804597 simplex iterations) in 1800.01 seconds (1729.39 work units)
Thread count was 16 (of 40 available processors)

Solution count 10: 410768 410776 410887 ... 414758

Time limit reached
Best objective 4.107677143378e+05, best bound 4.011379203363e+05, gap 2.3443%

User-callback calls 3283138, time in user-callback 0.32 sec
[NUM-KAPPA] kappa_solver=2181929 kappa_exact=-1 is_mip=1
[NUM-EFIC] work=1729 root_gap=0 root_time=3
[pipeline] Tiempo de resolucion: 1800.075153 s
[SOLVE] tiempo_solver_s=1800.075171112999897 status=TIME_LIMIT gap=2.344340527591664 obj=410767.714337785495445 best_bound=401137.920336302835494 nodos=1501448.000000000000000 iter=80804597.000000000000000 primal_integral=0.066660524424044
[VERIF ORIGINAL] etapa=solver_desescalado max_le=5.81221115680819e-08 (a1_salto_grande_tangente_2(22)) max_ge=0 () max_eq=0.00100316293537617 (a1_balance(147)) max_lb=0 () max_ub=0 () max_int=0 () avg_viol=1.02144287258789e-07 p95_viol=1.4495071809506e-12 p99_viol=8.19563865661621e-08 max_viol_rel=5.81218753126223e-08 max_viol_relact=4.42056381795001e-11 viol_le_count=0 viol_ge_count=0 viol_eq_count=3 viol_lb_count=0 viol_ub_count=0 viol_int_count=0 missing_values=0 obj_original_recalc=410767.714337785
[32m[success] Resultados guardados correctamente en /clusteruy/home/mathiasr/generator-aware-row-scaling/results-revision/final-variants/gurobi_sgtm_1pct/resultados/instance077_matricial_plano_l2.csv[0m
[32m[success] Archivo CSV generado correctamente[0m

[POST DEBUG] ===== INICIO POSTPROCESAMIENTO GLOBAL =====

[SG POST] ===== Diagnóstico SaltoGrande =====
[SG POST] periodos = 360
[SG POST] periodosPotenciaRealMayorMIP = 262
[SG POST] periodosPotenciaRealMenorMIP = 95
[SG POST] periodosConWhile = 262
[SG POST] cantidadWhile = 1626862
[SG POST] periodosConErrorFinal = 95
[SG POST] sumaGMip = 299556.82181047
[SG POST] sumaGRealInicial = 301746.172010783
[SG POST] sumaGRealFinal = 298231.677082327
[SG POST] sumaDeltaGInicial = 2189.35020031314
[SG POST] sumaDeltaGFinal = -1325.14472814281
[SG POST] maxAbsDeltaGInicial = 46.2026743561937
[SG POST] maxAbsDeltaGFinal = 37.5631700098693
[SG POST] sumaDeltaX = -16268.6200003551
[SG POST] sumaDeltaY = 16268.6199999997
[SG POST] ===================================

[POST DEBUG] --- DESPUÉS DE AGENTES ---
[POST DEBUG] Agentes | g1 antes=299556.82181047 despues=299556.82181047 delta=0
[POST DEBUG] Agentes | g2 antes=24577.0890947649 despues=24577.0890947649 delta=0
[POST DEBUG] Agentes | g antes=174355.5 despues=174355.5 delta=0
[POST DEBUG] Agentes | costoFalla antes=0 despues=0 delta=0
[POST DEBUG] --- DESPUÉS DE DESPACHO ---
[POST DEBUG] Despacho | g1 antes=299556.82181047 despues=299556.82181047 delta=0
[POST DEBUG] Despacho | g2 antes=24577.0890947649 despues=24577.0890947649 delta=0
[POST DEBUG] Despacho | g antes=174355.5 despues=174355.5 delta=0
[POST DEBUG] Despacho | costoFalla antes=0 despues=0 delta=0
[POST DEBUG] --- TOTAL ANTES VS FINAL ---
[POST DEBUG] Final | g1 antes=299556.82181047 despues=299556.82181047 delta=0
[POST DEBUG] Final | g2 antes=24577.0890947649 despues=24577.0890947649 delta=0
[POST DEBUG] Final | g antes=174355.5 despues=174355.5 delta=0
[POST DEBUG] Final | costoFalla antes=0 despues=0 delta=0
[POST DEBUG] valorFOOriginal = 410767.714337785
[POST DEBUG] valorFOPostProcesado = 410767.714337785
[POST DEBUG] deltaFO = -6.40284270048141e-10
[POST DEBUG] ===== FIN POSTPROCESAMIENTO GLOBAL =====

[32m[success] Post-procesamiento completado. Nuevo valor F.O.: 410767.714337784855161[0m
[VERIF ORIGINAL] etapa=postprocesado max_le=27.9109259196092 (a1_salto_grande_tangente_4(67)) max_ge=0 () max_eq=0.000999769195914268 (a1_balance(147)) max_lb=0 () max_ub=0 () max_int=0 () avg_viol=0.443601324012549 p95_viol=1.35187981683082 p99_viol=11.1449919542809 max_viol_rel=5.12255589313546 max_viol_relact=0.0151343042886751 viol_le_count=1418 viol_ge_count=0 viol_eq_count=251 viol_lb_count=0 viol_ub_count=0 viol_int_count=0 missing_values=0 obj_original_recalc=410767.714337785
[32m[success] Resultados guardados correctamente en /clusteruy/home/mathiasr/generator-aware-row-scaling/results-revision/final-variants/gurobi_sgtm_1pct/resultados/instance077_matricial_plano_l2_postprocesado.csv[0m
> [32m[success] Saliendo del programa...[0m
[32m[success] SystemController destruido[0m
