[32m[success] SystemController creado[0m
> [32m[success] El programa se ha iniciado correctamente[0m
> > [34m[info] Agregando agente Salto Grande[0m
[34m[info] Ingrese costo de agua de Salto Grande:[0m
[34m[info] Ingrese volumen inicial de Salto Grande:[0m
[34m[info] Ingrese aportes de Salto Grande en una sola línea (360 valores):[0m
[info] SaltoGrande: activación de tramos de altura horaria
[32m[success] Se ha creado el agente 'Salto Grande' exitosamente[0m
> > [34m[info] Agregando agente Unidad Térmica Simple[0m
[34m[info] Ingrese potencia máxima de la unidad térmica simple:[0m
[34m[info] Ingrese costo variable de la unidad térmica simple:[0m
[32m[success] Se ha creado el agente 'Unidad Térmica Simple' exitosamente[0m
> > [34m[info] Agregando agente Demanda Fija[0m
[34m[info] Ingrese demandas en una sola línea (360 valores):[0m
[32m[success] Se ha creado el agente 'Demanda Fija' exitosamente[0m
> > [34m[info] Creando despacho de mercado[0m
[34m[info] Modo: despacho de mercado con demanda total explícita[0m
[34m[info] Ingrese cantidad de tramos del despacho de mercado:[0m
[34m[info] Ingrese porcentajes acumulados de los tramos en una sola línea (4 valores):[0m
[34m[info] Ingrese costos marginales de los tramos en una sola línea (4 valores):[0m
[34m[info] Ingrese demanda total en una sola línea (360 valores):[0m
[32m[success] Se ha creado el despacho de mercado exitosamente[0m
> > Set parameter WLSAccessID
Set parameter WLSSecret
Set parameter LicenseID to value 2849920
Academic license 2849920 - for non-commercial use only - registered to ma___@fing.edu.uy
[32m[success] Solver 'Gurobi' configurado | timeout=1800s | mipgap=0.01[0m
> [DEBUG Despacho] j=0 idGen=1 coefParticipacionDespacho=0.5
[DEBUG Despacho] j=1 idGen=2 coefParticipacionDespacho=1

[DEBUG Despacho] Cantidad de generadores = 2
[DEBUG Despacho] j=0 puntero=0x10c1300 idGen=1 coefParticipacionDespacho=0.5
[DEBUG Despacho] j=1 puntero=0x10c1510 idGen=2 coefParticipacionDespacho=1
[PREPROC] modo plano: 10080 filas tratadas como un unico bloque sin roles (kernel geomean por fila)
[PREPROC PHASES] metadata_s=0.000100731 diagnostico_s=0.001107751 aplicacion_s=0.001892887

------------------------------------------------------------
  PREPROCESAMIENTO MIP - Diagnostico Numerico
------------------------------------------------------------
Rango de coeficientes (toda la matriz):
  max |coef| = 3.375e+07
  min |coef| = 1.123e-05
  proxy rango= 3.005e+12

Diagnostico por bloque:
Bloque              max|coef|      min|coef|      kappa_aprox   vars    alpha     beta      cols      disc_omit aux_omit  escalado
------------------------------------------------------------------------------------------------------------------------------
plano               3.375e+07      1.123e-05      3.01e+12      0       1.01e-01  1.00e+00  0         0         0         SI  (filas=7920, alpha_min=1.12e-05, alpha_max=4.21e+01)

Restriccion(es) global(es): 0 fila(s)
  acoplamiento balance = 0 fila(s)
  global no acoplante  = 0 fila(s)
  rho aprox (solo acoplamiento) = 0.000e+00
  gamma acoplamiento   = 1.000000
  gamma candidato      = 1.000000
  filas acop. escaladas= no
  filas normaliz. fisica= 0
  motivo gamma=1       = rho bajo; no se escala la fila de acoplamiento

ADVERTENCIAS:
  [!] Rango de coeficientes elevado (3005012082467). Riesgo de sensibilidad numerica.
  [!] Bloque 'plano' internamente mal escalado (kappa~3005012082467). Conviene comparar equilibrado interno por filas/columnas.
------------------------------------------------------------

------------------------------------------------------------
  COMPARACION NUMERICA ANTES / DESPUES
------------------------------------------------------------
Indicador                   antes           despues         despues/antes
----------------------------------------------------------------------------
rango global                1.406e+13       3.005e+12       2.137e-01
rho acoplamiento            0.000e+00       0.000e+00       0.000e+00
gamma aplicado              1.000000        1.000000        1.000000

Bloques locales:
Bloque              kappa antes     kappa despues   alpha       beta        filas       cols        disc_omit   aux_omit    escalado
------------------------------------------------------------------------------------------------------------------------------------
plano               1.406e+13       3.005e+12       1.006e-01   1.000e+00   7920        0           0           0           SI

Interpretacion: valores despues/antes menores que 1 indican mejora del proxy.
rho se calcula solo con filas de acoplamiento; las cotas de demanda sobre g quedan fuera.
El escalamiento local activo fue solo por fila: alpha_r = 1/sqrt(M_r*m_r).
------------------------------------------------------------

[PREPROC TIME] variante=matricial_plano tiempo_s=0.006372407 u=2 K=4 epsMin=1e-09 epsMax=1000000000
[32m[success] Preprocesamiento aplicado.[0m
> [MODELO] rows=10080 cols=6120 nnz=22679
[pipeline] Preprocesamiento seleccionado: Ninguno
[pipeline] Modelo interno sin modificaciones de preprocesamiento.
[pipeline] Estrategia de resolucion seleccionada: Monolitica
[pipeline] Resolviendo monoliticamente.
Set parameter TimeLimit to value 1800
Set parameter MIPGap to value 0.01
Set parameter Seed to value 42
Set parameter Threads to value 16
Gurobi Optimizer version 13.0.1 build v13.0.1rc0 (linux64 - "Debian GNU/Linux 12 (bookworm)")

CPU model: Intel(R) Xeon(R) Gold 6138 CPU @ 2.00GHz, instruction set [SSE2|AVX|AVX2|AVX512]
Thread count: 40 physical cores, 40 logical processors, using up to 16 threads

Non-default parameters:
TimeLimit  1800
MIPGap  0.01
Seed  42
Threads  16

Academic license 2849920 - for non-commercial use only - registered to ma___@fing.edu.uy
Optimize a model with 10080 rows, 6120 columns and 22679 nonzeros (Min)
Model fingerprint: 0xbd9c8513
Model has 721 linear objective coefficients
Variable types: 4680 continuous, 1440 integer (1440 binary)
Coefficient statistics:
  Matrix range     [1e-05, 9e+04]
  Objective range  [1e-04, 1e+02]
  Bounds range     [1e+00, 4e+09]
  RHS range        [9e+01, 3e+07]
Warning: Model contains large bounds
         Consider reformulating model or setting NumericFocus parameter
         to avoid numerical issues.

Found heuristic solution: objective 7.141855e+08
Presolve removed 1061 rows and 406 columns
Presolve time: 0.10s
Presolved: 9019 rows, 5714 columns, 21459 nonzeros
Variable types: 4291 continuous, 1423 integer (1423 binary)

Root relaxation: objective -1.810234e+05, 7517 iterations, 0.14 seconds (0.13 work units)

    Nodes    |    Current Node    |     Objective Bounds      |     Work
 Expl Unexpl |  Obj  Depth IntInf | Incumbent    BestBd   Gap | It/Node Time

     0     0 -181023.36    0  199 7.1419e+08 -181023.36   100%     -    0s
H    0     0                    -84927.23605 -181023.36   113%     -    0s
     0     0 -151962.48    0  212 -84927.236 -151962.48  78.9%     -    0s
     0     0 -151805.23    0  213 -84927.236 -151805.23  78.7%     -    0s
     0     0 -150272.02    0  194 -84927.236 -150272.02  76.9%     -    0s
     0     0 -149194.04    0  203 -84927.236 -149194.04  75.7%     -    0s
     0     0 -149010.04    0  208 -84927.236 -149010.04  75.5%     -    0s
     0     0 -147365.89    0  221 -84927.236 -147365.89  73.5%     -    0s
H    0     0                    -123464.9311 -147365.89  19.4%     -    0s
     0     0 -146742.52    0  222 -123464.93 -146742.52  18.9%     -    0s
     0     0 -145315.67    0  236 -123464.93 -145315.67  17.7%     -    0s
     0     0 -144941.09    0  236 -123464.93 -144941.09  17.4%     -    1s
     0     0 -141808.19    0  236 -123464.93 -141808.19  14.9%     -    1s
     0     0 -141808.19    0  236 -123464.93 -141808.19  14.9%     -    1s
     0     2 -141808.19    0  236 -123464.93 -141808.19  14.9%     -    1s
H   86    14                    -123477.7630 -141808.19  14.8%  29.1    1s
* 1009   341              81    -124479.9592 -136324.82  9.52%  22.2    2s
* 1041   342              77    -129215.2258 -136324.82  5.50%  21.8    2s
* 1272   341              94    -133080.6719 -133469.18  0.29%  23.4    2s

Cutting planes:
  Gomory: 45
  Implied bound: 229
  MIR: 95
  Flow cover: 68
  RLT: 41
  Relax-and-lift: 22
  BQP: 1

Explored 1315 nodes (39027 simplex iterations) in 2.86 seconds (2.10 work units)
Thread count was 16 (of 40 available processors)

Solution count 7: -133081 -129215 -124480 ... 7.14185e+08

Optimal solution found (tolerance 1.00e-02)
Best objective -1.330806719463e+05, best bound -1.334691783509e+05, gap 0.2919%

User-callback calls 3846, time in user-callback 0.00 sec
[NUM-KAPPA] kappa_solver=260578 kappa_exact=-1 is_mip=1
[NUM-EFIC] work=2 root_gap=0 root_time=2
[pipeline] Tiempo de resolucion: 2.920939 s
[SOLVE] tiempo_solver_s=2.920952761000000 status=OPTIMAL gap=0.291933004930800 obj=-133080.671946317102993 best_bound=-133469.178350912086898 nodos=1315.000000000000000 iter=39027.000000000000000 primal_integral=0.319287344791486
[VERIF ORIGINAL] etapa=solver_desescalado max_le=2.27373675443232e-13 (a1_salto_grande_tangente_3(311)) max_ge=0 () max_eq=5.62518835067749e-07 (a1_balance(327)) max_lb=0 () max_ub=0 () max_int=0 () avg_viol=5.73540035254134e-09 p95_viol=1.13686837721616e-13 p99_viol=2.45869159698486e-07 max_viol_rel=5.53335155473178e-13 max_viol_relact=7.76539470207177e-15 viol_le_count=0 viol_ge_count=0 viol_eq_count=0 viol_lb_count=0 viol_ub_count=0 viol_int_count=0 missing_values=0 obj_original_recalc=-133080.671946317
[32m[success] Resultados guardados correctamente en /clusteruy/home/mathiasr/generator-aware-row-scaling/results-revision/final-variants/gurobi_sgtm_1pct/resultados/instance068_matricial_plano.csv[0m
[32m[success] Archivo CSV generado correctamente[0m

[POST DEBUG] ===== INICIO POSTPROCESAMIENTO GLOBAL =====

[SG POST] ===== Diagnóstico SaltoGrande =====
[SG POST] periodos = 360
[SG POST] periodosPotenciaRealMayorMIP = 360
[SG POST] periodosPotenciaRealMenorMIP = 0
[SG POST] periodosConWhile = 360
[SG POST] cantidadWhile = 10841458
[SG POST] periodosConErrorFinal = 0
[SG POST] sumaGMip = 394919.7785468
[SG POST] sumaGRealInicial = 419746.123598374
[SG POST] sumaGRealFinal = 394955.335277193
[SG POST] sumaDeltaGInicial = 24826.3450515741
[SG POST] sumaDeltaGFinal = 35.5567303925095
[SG POST] maxAbsDeltaGInicial = 212.197178953937
[SG POST] maxAbsDeltaGFinal = 0.0999874116405408
[SG POST] sumaDeltaX = -108414.580002329
[SG POST] sumaDeltaY = 108414.579999949
[SG POST] ===================================

[POST DEBUG] --- DESPUÉS DE AGENTES ---
[POST DEBUG] Agentes | g1 antes=394919.7785468 despues=394919.7785468 delta=0
[POST DEBUG] Agentes | g2 antes=3318.11072659994 despues=3318.11072659994 delta=0
[POST DEBUG] Agentes | g antes=200778 despues=200778 delta=0
[POST DEBUG] Agentes | costoFalla antes=0 despues=0 delta=0
[POST DEBUG] --- DESPUÉS DE DESPACHO ---
[POST DEBUG] Despacho | g1 antes=394919.7785468 despues=394919.7785468 delta=0
[POST DEBUG] Despacho | g2 antes=3318.11072659994 despues=3318.11072659994 delta=0
[POST DEBUG] Despacho | g antes=200778 despues=200778 delta=0
[POST DEBUG] Despacho | costoFalla antes=0 despues=0 delta=0
[POST DEBUG] --- TOTAL ANTES VS FINAL ---
[POST DEBUG] Final | g1 antes=394919.7785468 despues=394919.7785468 delta=0
[POST DEBUG] Final | g2 antes=3318.11072659994 despues=3318.11072659994 delta=0
[POST DEBUG] Final | g antes=200778 despues=200778 delta=0
[POST DEBUG] Final | costoFalla antes=0 despues=0 delta=0
[POST DEBUG] valorFOOriginal = -133080.671946317
[POST DEBUG] valorFOPostProcesado = -133080.671946317
[POST DEBUG] deltaFO = -2.03726813197136e-10
[POST DEBUG] ===== FIN POSTPROCESAMIENTO GLOBAL =====

[32m[success] Post-procesamiento completado. Nuevo valor F.O.: -133080.671946317306720[0m
[VERIF ORIGINAL] etapa=postprocesado max_le=116.252395198938 (a1_salto_grande_tangente_4(299)) max_ge=5.82076609134674e-11 (falla_tramo(86,1)) max_eq=7.67000019550323e-05 (a1_balance(299)) max_lb=0 () max_ub=0 () max_int=0 () avg_viol=3.20353495398555 p95_viol=19.8214589572808 p99_viol=71.6196773232358 max_viol_rel=25.1905785055026 max_viol_relact=0.0602557387952579 viol_le_count=2372 viol_ge_count=0 viol_eq_count=338 viol_lb_count=0 viol_ub_count=0 viol_int_count=0 missing_values=0 obj_original_recalc=-133080.671946317
[32m[success] Resultados guardados correctamente en /clusteruy/home/mathiasr/generator-aware-row-scaling/results-revision/final-variants/gurobi_sgtm_1pct/resultados/instance068_matricial_plano_postprocesado.csv[0m
> [32m[success] Saliendo del programa...[0m
[32m[success] SystemController destruido[0m
