[32m[success] SystemController creado[0m
> [32m[success] El programa se ha iniciado correctamente[0m
> > [34m[info] Agregando agente Salto Grande[0m
[34m[info] Ingrese costo de agua de Salto Grande:[0m
[34m[info] Ingrese volumen inicial de Salto Grande:[0m
[34m[info] Ingrese aportes de Salto Grande en una sola línea (360 valores):[0m
[info] SaltoGrande: activación de tramos de altura horaria
[32m[success] Se ha creado el agente 'Salto Grande' exitosamente[0m
> > [34m[info] Agregando agente Unidad Térmica Simple[0m
[34m[info] Ingrese potencia máxima de la unidad térmica simple:[0m
[34m[info] Ingrese costo variable de la unidad térmica simple:[0m
[32m[success] Se ha creado el agente 'Unidad Térmica Simple' exitosamente[0m
> > [34m[info] Agregando agente Demanda Fija[0m
[34m[info] Ingrese demandas en una sola línea (360 valores):[0m
[32m[success] Se ha creado el agente 'Demanda Fija' exitosamente[0m
> > [34m[info] Creando despacho de mercado[0m
[34m[info] Modo: despacho de mercado con demanda total explícita[0m
[34m[info] Ingrese cantidad de tramos del despacho de mercado:[0m
[34m[info] Ingrese porcentajes acumulados de los tramos en una sola línea (4 valores):[0m
[34m[info] Ingrese costos marginales de los tramos en una sola línea (4 valores):[0m
[34m[info] Ingrese demanda total en una sola línea (360 valores):[0m
[32m[success] Se ha creado el despacho de mercado exitosamente[0m
> > Set parameter WLSAccessID
Set parameter WLSSecret
Set parameter LicenseID to value 2849920
Academic license 2849920 - for non-commercial use only - registered to ma___@fing.edu.uy
[32m[success] Solver 'Gurobi' configurado | timeout=1800s | mipgap=0.01[0m
> [DEBUG Despacho] j=0 idGen=1 coefParticipacionDespacho=0.5
[DEBUG Despacho] j=1 idGen=2 coefParticipacionDespacho=1

[DEBUG Despacho] Cantidad de generadores = 2
[DEBUG Despacho] j=0 puntero=0xc7c300 idGen=1 coefParticipacionDespacho=0.5
[DEBUG Despacho] j=1 puntero=0xc7c510 idGen=2 coefParticipacionDespacho=1
[PREPROC PHASES] metadata_s=0.00601347 diagnostico_s=0.001145275 aplicacion_s=0.001794699

------------------------------------------------------------
  PREPROCESAMIENTO MIP - Diagnostico Numerico
------------------------------------------------------------
Rango de coeficientes (toda la matriz):
  max |coef| = 2.838e+07
  min |coef| = 9.037e-06
  proxy rango= 3.140e+12

Diagnostico por bloque:
Bloque              max|coef|      min|coef|      kappa_aprox   vars    alpha     beta      cols      disc_omit aux_omit  escalado
------------------------------------------------------------------------------------------------------------------------------
a1_                 2.838e+07      9.037e-06      3.14e+12      5040    1.32e-01  1.00e+00  0         0         0         SI  (filas=6480, alpha_min=9.04e-06, alpha_max=4.55e+01)
a2_                 sin filas      sin filas      N/A           360     1.00e+00  1.00e+00  0         0         0         no  (sin filas locales; aporta g2 al despacho)

Restriccion(es) global(es): 2160 fila(s)
  acoplamiento balance = 360 fila(s)
  global no acoplante  = 1800 fila(s)
  rho aprox (solo acoplamiento) = 1.000e+00
  gamma acoplamiento   = 1.000000
  gamma candidato      = 1.000000
  filas acop. escaladas= no
  filas normaliz. fisica= 0
  motivo gamma=1       = rho bajo; no se escala la fila de acoplamiento

ADVERTENCIAS:
  [!] Rango de coeficientes elevado (3140316249625). Riesgo de sensibilidad numerica.
  [!] Bloque 'a1_' internamente mal escalado (kappa~3140316249625). Conviene comparar equilibrado interno por filas/columnas.
------------------------------------------------------------

------------------------------------------------------------
  COMPARACION NUMERICA ANTES / DESPUES
------------------------------------------------------------
Indicador                   antes           despues         despues/antes
----------------------------------------------------------------------------
rango global                2.535e+13       3.140e+12       1.239e-01
rho acoplamiento            1.000e+00       1.000e+00       1.000e+00
gamma aplicado              1.000000        1.000000        1.000000

Bloques locales:
Bloque              kappa antes     kappa despues   alpha       beta        filas       cols        disc_omit   aux_omit    escalado
------------------------------------------------------------------------------------------------------------------------------------
a1_                 2.535e+13       3.140e+12       1.316e-01   1.000e+00   6480        0           0           0           SI
a2_                 N/A             N/A             1.000e+00   1.000e+00   0           0           0           0           no

Interpretacion: valores despues/antes menores que 1 indican mejora del proxy.
rho se calcula solo con filas de acoplamiento; las cotas de demanda sobre g quedan fuera.
El escalamiento local activo fue estructurado: alpha_r interno y beta_i entre bloques.
------------------------------------------------------------

[PREPROC TIME] variante=role_hybrid tiempo_s=0.012380737 u=2 K=4 epsMin=1e-09 epsMax=1000000000
[32m[success] Preprocesamiento aplicado.[0m
> [MODELO] rows=10080 cols=6120 nnz=22679
[pipeline] Preprocesamiento seleccionado: Ninguno
[pipeline] Modelo interno sin modificaciones de preprocesamiento.
[pipeline] Estrategia de resolucion seleccionada: Monolitica
[pipeline] Resolviendo monoliticamente.
Set parameter TimeLimit to value 1800
Set parameter MIPGap to value 0.01
Set parameter Seed to value 42
Set parameter Threads to value 16
Gurobi Optimizer version 13.0.1 build v13.0.1rc0 (linux64 - "Debian GNU/Linux 12 (bookworm)")

CPU model: Intel(R) Xeon(R) Gold 6138 CPU @ 2.00GHz, instruction set [SSE2|AVX|AVX2|AVX512]
Thread count: 40 physical cores, 40 logical processors, using up to 16 threads

Non-default parameters:
TimeLimit  1800
MIPGap  0.01
Seed  42
Threads  16

Academic license 2849920 - for non-commercial use only - registered to ma___@fing.edu.uy
Optimize a model with 10080 rows, 6120 columns and 22679 nonzeros (Min)
Model fingerprint: 0x75ce60e9
Model has 721 linear objective coefficients
Variable types: 4680 continuous, 1440 integer (1440 binary)
Coefficient statistics:
  Matrix range     [9e-06, 1e+05]
  Objective range  [3e-03, 1e+02]
  Bounds range     [1e+00, 4e+09]
  RHS range        [9e+01, 3e+07]
Warning: Model contains large bounds
         Consider reformulating model or setting NumericFocus parameter
         to avoid numerical issues.

Found heuristic solution: objective 6.002862e+08
Presolve removed 1168 rows and 390 columns
Presolve time: 0.09s
Presolved: 8912 rows, 5730 columns, 21367 nonzeros
Variable types: 4305 continuous, 1425 integer (1425 binary)

Root relaxation: objective 1.699947e+05, 6864 iterations, 0.30 seconds (0.36 work units)

    Nodes    |    Current Node    |     Objective Bounds      |     Work
 Expl Unexpl |  Obj  Depth IntInf | Incumbent    BestBd   Gap | It/Node Time

     0     0 169994.691    0  927 6.0029e+08 169994.691   100%     -    0s
H    0     0                    9301474.8575 169994.691  98.2%     -    0s
H    0     0                    456461.03277 216294.448  52.6%     -    0s
     0     0 216294.448    0 1047 456461.033 216294.448  52.6%     -    0s
     0     0 216646.448    0 1054 456461.033 216646.448  52.5%     -    1s
     0     0 216651.854    0 1054 456461.033 216651.854  52.5%     -    1s
H    0     0                    455501.23644 224860.329  50.6%     -    1s
     0     0 224860.329    0 1195 455501.236 224860.329  50.6%     -    1s
     0     0 225145.239    0 1196 455501.236 225145.239  50.6%     -    1s
     0     0 225145.239    0 1196 455501.236 225145.239  50.6%     -    1s
     0     0 227611.669    0 1277 455501.236 227611.669  50.0%     -    1s
     0     0 227722.708    0 1273 455501.236 227722.708  50.0%     -    1s
     0     0 227722.708    0 1275 455501.236 227722.708  50.0%     -    1s
     0     0 231143.605    0 1276 455501.236 231143.605  49.3%     -    2s
     0     0 231253.161    0 1277 455501.236 231253.161  49.2%     -    2s
     0     0 231253.870    0 1277 455501.236 231253.870  49.2%     -    2s
     0     0 231388.687    0 1276 455501.236 231388.687  49.2%     -    2s
     0     0 231789.854    0 1263 455501.236 231789.854  49.1%     -    2s
     0     0 231789.854    0 1263 455501.236 231789.854  49.1%     -    2s
     0     0 231789.854    0 1263 455501.236 231789.854  49.1%     -    2s
     0     2 232148.567    0 1263 455501.236 232148.567  49.0%     -    3s
H    7     2                    452644.12361 232908.675  48.5%  1044    4s
H    9     2                    446220.89063 233214.058  47.7%  1102    4s
H   11     2                    444181.15068 233521.221  47.4%  1111    5s
H   15     6                    436897.88260 234455.982  46.3%  1139    5s
H   79    72                    435340.41526 235503.349  45.9%   367    7s
H   83    72                    434100.46798 235503.349  45.7%   361    7s
H   88    72                    431412.72503 235503.349  45.4%   342    7s
   825   515 285538.159   47  757 431412.725 242492.276  43.8%   101   10s
H 1179   736                    429889.03836 250575.834  41.7%  93.6   11s
H 1199   736                    429061.35907 250575.834  41.6%  92.7   11s
H 1846  1068                    428838.52144 256579.617  40.2%  83.3   13s
H 1850  1029                    428169.95061 256579.617  40.1%  83.4   13s
H 1865   983                    427491.69700 256579.617  40.0%  83.1   13s
  2645  1442 340312.302  119 1263 427491.697 271675.073  36.4%  77.0   18s
  2647  1443 356912.023   49 1012 427491.697 271675.073  36.4%  77.0   20s
  2656  1449 421642.812   74 1302 427491.697 271675.073  36.4%  76.7   25s
  2981  1521 infeasible   26      427491.697 271675.073  36.4%  88.7   30s
H 3032  1442                    426875.22871 271675.073  36.4%  88.7   30s
H 3039  1371                    425307.58930 271675.073  36.1%  88.6   30s
H 3926  1503                    424986.46949 271675.073  36.1%  82.9   33s
H 3934  1438                    424546.33676 271675.073  36.0%  82.9   33s
H 3939  1378                    424325.45622 271675.073  36.0%  82.8   33s
H 3963  1313                    423831.24317 271675.073  35.9%  83.2   33s
H 3968  1258                    422264.63147 271675.073  35.7%  83.2   33s
  4324  1422 413993.906   65  289 422264.631 271675.073  35.7%  80.6   35s
H 4884  1257                    419255.39352 271675.073  35.2%  79.2   37s
  6350  2028 409632.690  110  200 419255.394 271675.073  35.2%  72.5   40s
H 7582  1942                    413966.63914 271675.073  34.4%  69.0   42s
H 7636  1905                    413749.09164 271675.073  34.3%  69.0   42s
H 9118  2455                    413718.41044 271675.073  34.3%  65.4   44s
  9131  2539 infeasible  164      413718.410 272048.359  34.2%  65.4   45s
H 9437  2689                    413712.23769 272048.359  34.2%  64.7   45s
H12493  4527                    413623.90243 286286.397  30.8%  58.9   50s
H12506  4525                    413606.26819 286286.397  30.8%  58.9   50s
H12524  4580                    413346.18098 286286.397  30.7%  58.8   50s
H12671  4587                    413315.25799 286452.006  30.7%  58.8   52s
H12683  4495                    412715.74959 286452.006  30.6%  58.9   52s
 14525  6009 393135.612   80  354 412715.750 291191.858  29.4%  57.1   55s
 18297  7567 403864.673   96  350 412715.750 300741.375  27.1%  58.4   60s
H20904  8549                    412503.50895 308798.975  25.1%  58.1   64s
 21101  9502 391598.342  134  332 412503.509 314067.264  23.9%  58.0   65s
H25355 11079                    411750.54119 323442.320  21.4%  54.4   68s
*25365 11039             296    411583.65750 323442.320  21.4%  54.4   68s
 26427 12167 398953.437  116  374 411583.657 325011.374  21.0%  53.5   70s
H29361 13011                    411551.46348 329454.989  19.9%  51.0   71s
 31904 15229 364329.664  168  286 411551.463 331496.186  19.5%  49.5   75s
 37594 17742     cutoff  137      411551.463 333669.579  18.9%  47.0   80s
 41129 20937 399118.918  162  117 411551.463 335925.650  18.4%  46.5  102s
 44526 21227 376322.667  185  369 411551.463 337194.062  18.1%  45.8  106s
 44560 21252 377399.891  187  363 411551.463 337194.062  18.1%  45.8  110s
H44572 21138                    411199.20855 337194.062  18.0%  45.9  110s
H44579 21512                    411019.16797 337194.062  18.0%  45.9  111s
H44630 21473                    410908.06415 337194.062  17.9%  45.8  111s
H45248 21455                    410861.55249 337194.062  17.9%  45.7  111s
H46370 21977                    410806.36528 337611.577  17.8%  45.7  115s
H46371 21969                    410779.55286 337611.577  17.8%  45.7  115s
 51840 25541 377613.490  164  317 410779.553 339784.941  17.3%  44.0  120s
 58675 28955     cutoff  151      410779.553 343312.001  16.4%  43.9  126s
 63383 32894     cutoff  162      410779.553 345306.039  15.9%  43.9  131s
 69446 35217 379564.452  204  234 410779.553 347126.863  15.5%  42.5  135s
 75301 37804 369161.761  115  332 410779.553 348501.171  15.2%  42.9  141s
 77072 37826     cutoff  160      410779.553 349029.547  15.0%  42.9  145s
 77730 38626 390938.991  214  302 410779.553 349180.685  15.0%  42.9  150s
 82387 40703 366479.093  158  318 410779.553 350456.198  14.7%  42.6  155s
 86505 44107     cutoff  148      410779.553 351276.807  14.5%  42.1  163s
 90103 45810 380666.519  125  330 410779.553 351604.051  14.4%  41.5  166s
 97776 48349 375745.928  180  290 410779.553 353472.754  14.0%  41.6  171s
 104026 51329 376552.399  171  324 410779.553 354696.211  13.7%  41.3  176s
 109151 53098 409568.294  156  108 410779.553 355474.019  13.5%  40.8  180s
 114517 56170 401716.678  145  164 410779.553 356353.660  13.2%  40.7  185s
 120760 58562     cutoff  186      410779.553 357455.052  13.0%  40.7  190s
 127169 61173 391290.363  163  134 410779.553 358135.658  12.8%  40.7  197s
 130522 62796 365986.973  195  404 410779.553 358495.341  12.7%  40.7  200s
 137451 64920 405834.770  185   69 410779.553 359095.488  12.6%  40.3  205s
 143347 67976 404319.081  113  177 410779.553 359579.186  12.5%  40.1  210s
 149397 70760 384501.460  185  196 410779.553 360241.471  12.3%  39.6  216s
 155562 72858 400851.611  194  246 410779.553 360789.505  12.2%  39.2  220s
 162517 76028 382908.457  188  209 410779.553 361183.268  12.1%  38.8  226s
 168386 78073     cutoff  120      410779.553 361714.942  11.9%  38.4  231s
 171323 80552 396478.946  195  107 410779.553 361954.457  11.9%  38.3  236s
 179415 83214 407516.519  238   93 410779.553 362482.445  11.8%  37.9  241s
 184716 85537 379443.437  139  296 410779.553 362889.392  11.7%  37.6  245s
 191650 88588 399402.287  136  187 410779.553 363240.512  11.6%  37.5  252s
 197816 90650 364460.726  164  322 410779.553 363687.337  11.5%  37.3  256s
 202887 92543 388905.825  182  146 410779.553 363925.379  11.4%  37.3  260s
 210239 95509     cutoff  150      410779.553 364361.097  11.3%  37.0  265s
 216210 97733 402742.107  208   83 410779.553 364640.544  11.2%  36.8  271s
 218997 99165 386849.417  184  235 410779.553 364799.385  11.2%  36.8  275s
 226505 101878 403386.053  146  306 410779.553 365188.314  11.1%  36.5  280s
 233575 104537     cutoff  128      410779.553 365482.834  11.0%  36.3  286s
 241125 106734 396695.463  177  131 410779.553 365873.739  10.9%  36.0  290s
 246938 109295 401760.379  157  278 410779.553 366164.944  10.9%  35.9  295s
 255779 112738 410038.085  130  308 410779.553 366573.594  10.8%  35.5  301s
 261056 115124     cutoff  179      410779.553 366759.198  10.7%  35.3  305s
 270289 118653 409038.386  241   35 410779.553 367070.531  10.6%  34.9  310s
 277714 121363 399782.592  126  317 410779.553 367393.389  10.6%  34.7  316s
 284042 124274 394739.552  166  163 410779.553 367617.339  10.5%  34.5  320s
 290838 127036 380610.744  158  170 410779.553 367830.245  10.5%  34.3  325s
 298507 130353 389693.479  204  182 410779.553 368151.914  10.4%  34.1  331s
 305018 131931 392800.147  118  165 410779.553 368383.436  10.3%  33.9  335s
 313019 134683 379920.698  174  249 410779.553 368637.040  10.3%  33.7  340s
 319072 138107 394696.770  111  329 410779.553 368847.238  10.2%  33.5  346s
 324284 139174 389967.078  161  179 410779.553 368963.033  10.2%  33.3  350s
 330049 141854 410358.148  155   81 410779.553 369167.723  10.1%  33.3  356s
 335997 144018 405988.729  225   95 410779.553 369318.254  10.1%  33.2  361s
 342364 145958 infeasible  139      410779.553 369508.343  10.0%  33.1  365s
 348993 148550     cutoff  181      410779.553 369629.393  10.0%  32.9  370s
 356568 151941 373258.941  105  363 410779.553 369848.774  10.0%  32.8  375s
 361772 153779 408744.607  156  251 410779.553 370078.909  9.91%  32.7  380s
 369427 156768 409314.275  173   80 410779.553 370282.977  9.86%  32.5  386s
 376409 159907 398013.042  119  330 410779.553 370441.316  9.82%  32.4  390s
 383217 162184 391172.224  112  177 410779.553 370622.184  9.78%  32.3  396s
 389598 164403 401374.991  151  118 410779.553 370763.054  9.74%  32.1  400s
 395295 167072 390025.560  164  170 410779.553 370924.431  9.70%  32.1  405s
 402219 169466 378899.529  111  344 410779.553 371147.691  9.65%  32.0  410s
 409331 172111 388454.036  133  174 410779.553 371350.124  9.60%  31.9  415s
 415242 174774     cutoff  183      410779.553 371475.500  9.57%  31.7  420s
 421972 176840 410063.505  164   65 410779.553 371617.749  9.53%  31.6  425s
 427538 178795 401163.070  173  113 410779.553 371742.776  9.50%  31.5  430s
 432795 180957 389384.543  180  124 410779.553 371869.190  9.47%  31.4  435s
 440120 183887 400017.895  137  168 410779.553 372057.975  9.43%  31.3  440s
 446906 186769     cutoff  156      410779.553 372195.457  9.39%  31.1  446s
 453130 189205 386619.302  107  204 410779.553 372310.647  9.36%  31.1  450s
 459560 192188 399803.112  153  307 410779.553 372468.452  9.33%  30.9  455s
 466176 194240 392478.749  216  140 410779.553 372603.469  9.29%  30.9  460s
 472181 196285 386124.163  134  369 410779.553 372720.655  9.27%  30.8  466s
 479154 198411 383422.433  167  176 410779.553 372850.185  9.23%  30.8  470s
 483593 200311     cutoff  191      410779.553 372942.171  9.21%  30.7  475s
 489940 202062 388138.152  123  232 410779.553 373041.293  9.19%  30.7  480s
 496712 205003 393609.135  143  121 410779.553 373188.784  9.15%  30.6  485s
 503355 206837 395094.974  141  193 410779.553 373311.462  9.12%  30.5  490s
 508383 208472 397902.345  166  116 410779.553 373403.793  9.10%  30.6  495s
 515194 210543 395164.712  113  191 410779.553 373557.569  9.06%  30.5  500s
 520470 212767 infeasible  146      410779.553 373651.302  9.04%  30.5  505s
 527332 215479 393051.767  131  196 410779.553 373766.387  9.01%  30.4  510s
 531766 217383     cutoff  154      410779.553 373846.398  8.99%  30.4  515s
 540010 219625 381434.424  158  217 410779.553 373984.314  8.96%  30.3  520s
 542932 221266 406141.043  131  121 410779.553 374039.121  8.94%  30.3  525s
 549828 223697 391988.692  114  217 410779.553 374175.764  8.91%  30.2  530s
 556650 226682 408245.208  130  337 410779.553 374283.804  8.88%  30.1  535s
 562867 228676 409142.014  180  102 410779.553 374395.395  8.86%  30.0  540s
 567898 230927 401535.070  161  154 410779.553 374484.939  8.84%  30.0  545s
 574848 233895     cutoff  112      410779.553 374569.152  8.82%  29.9  551s
 581952 235504 409793.094  167  106 410779.553 374679.828  8.79%  29.8  555s
 587280 237585 396137.354  161  108 410779.553 374769.686  8.77%  29.8  560s
 593747 240129 410292.467  135  167 410779.553 374866.403  8.74%  29.7  565s
 600567 242597 406408.580  227  107 410779.553 375020.196  8.71%  29.6  570s
 607992 245048     cutoff  176      410779.553 375114.392  8.68%  29.6  576s
 613901 247224 396227.160  200  158 410779.553 375223.151  8.66%  29.5  581s
 618822 249837 407005.745  157   96 410779.553 375304.388  8.64%  29.4  586s
 625677 251672 379387.736  108  352 410779.553 375396.322  8.61%  29.3  590s
 633024 254488 397268.165  181   91 410779.553 375516.279  8.58%  29.3  596s
 639116 256524 394777.616  121  203 410779.553 375614.886  8.56%  29.2  600s
 646483 259540 396076.166  139  168 410779.553 375710.398  8.54%  29.1  606s
 652009 260774 401411.839  224   58 410779.553 375783.161  8.52%  29.1  610s
 656017 263075     cutoff  183      410779.553 375838.256  8.51%  29.1  616s
 661764 265508 398552.995  146  112 410779.553 375923.410  8.49%  29.0  621s
 667567 267069 395111.533  139  187 410779.553 376012.071  8.46%  28.9  625s
 674361 269530 409250.198  176   86 410779.553 376090.255  8.44%  28.9  630s
 680524 271608 381449.767  135  285 410779.553 376191.344  8.42%  28.9  635s
 687417 274218 392292.708  125  176 410779.553 376281.499  8.40%  28.9  640s
 694471 276323 410313.920  208   55 410779.553 376392.411  8.37%  28.8  645s
 701024 278411 403485.843  147  150 410779.553 376468.204  8.35%  28.7  650s
 704002 280364 400948.065  165  105 410779.553 376522.755  8.34%  28.7  656s
 711095 282286 395801.894  191  105 410779.553 376606.944  8.32%  28.6  660s
 716168 284228 409356.553  182   66 410779.553 376669.892  8.30%  28.6  665s
 724043 287148 392151.271  165  280 410779.553 376769.239  8.28%  28.7  671s
 728995 289185 391869.722  164  116 410779.553 376827.487  8.27%  28.6  675s
 736106 291451 379545.308  152  327 410779.553 376912.772  8.24%  28.6  680s
 742536 294073 377380.001  113  255 410779.553 376986.236  8.23%  28.5  685s
 747411 295637     cutoff  153      410779.553 377043.492  8.21%  28.5  690s
 754415 297948 388495.849  160  315 410779.553 377114.901  8.20%  28.5  695s
 760854 300207 400090.665  153  132 410779.553 377188.340  8.18%  28.5  700s
 767701 302898 398290.514  213   93 410779.553 377277.667  8.16%  28.4  705s
 773969 305433     cutoff  174      410779.553 377357.521  8.14%  28.4  711s
 781231 308280 393477.465  138  176 410779.553 377429.220  8.12%  28.3  716s
 788038 310826 408537.157  113  134 410779.553 377507.662  8.10%  28.2  720s
 792226 312331 395751.874  139  166 410779.553 377548.870  8.09%  28.2  725s
 799045 314584     cutoff  117      410779.553 377623.434  8.07%  28.2  730s
 805480 317067 392971.334  161  161 410779.553 377694.720  8.05%  28.2  735s
 811678 319011 407847.111  169  111 410779.553 377774.726  8.03%  28.1  740s
 818613 321357 384947.345  129  271 410779.553 377836.265  8.02%  28.1  745s
 825075 323608 388868.741  158  316 410779.553 377915.927  8.00%  28.1  750s
 831638 325706 380117.240  106  244 410779.553 377979.006  7.98%  28.1  755s
 836779 327204 391243.315  124  229 410779.553 378036.055  7.97%  28.1  760s
 839557 328951 400093.518  192  103 410779.553 378078.319  7.96%  28.1  765s
 846116 331094 409689.574  161   86 410779.553 378136.210  7.95%  28.0  770s
 853223 333565     cutoff  183      410779.553 378196.147  7.93%  28.1  776s
 857620 335062 401483.673  202   91 410779.553 378250.717  7.92%  28.0  780s
 863894 337316 388730.097  129  203 410779.553 378302.357  7.91%  28.0  785s
 871022 339707 385477.978  181  169 410779.553 378384.483  7.89%  28.0  790s
 877090 342338 388202.931  143  163 410779.553 378439.977  7.87%  28.0  795s
 883681 344874 379567.861  127  363 410779.553 378495.094  7.86%  27.9  800s
 889897 347139 385805.790  181  140 410779.553 378559.348  7.84%  27.9  805s
 896350 349289 406818.850  171  281 410779.553 378622.435  7.83%  27.9  810s
 902218 351306 386167.709   89  297 410779.553 378677.713  7.81%  27.8  815s
 908512 353433 390114.318  154  147 410779.553 378723.718  7.80%  27.8  820s
 915337 355863 384530.106  169  186 410779.553 378781.597  7.79%  27.8  826s
 920289 357561 399878.010  117  206 410779.553 378841.605  7.77%  27.8  830s
 926772 359801 396426.637  161  148 410779.553 378896.210  7.76%  27.7  835s
 935002 362903 408178.444  173  125 410779.553 378966.493  7.74%  27.7  841s
 941148 365369 402063.607  191  119 410779.553 379025.898  7.73%  27.7  846s
 946345 367144 403944.456  206   63 410779.553 379070.976  7.72%  27.7  850s
 953277 369863 381939.785  118  198 410779.553 379133.216  7.70%  27.6  855s
 957213 371387 409471.094  151  108 410779.553 379165.004  7.70%  27.6  861s
 960143 373075 384518.929  119  339 410779.553 379190.624  7.69%  27.6  865s
 965588 374255 395032.055  179  125 410779.553 379241.339  7.68%  27.6  870s
 973348 377244 402071.337  115  171 410779.553 379310.321  7.66%  27.5  876s
 980381 379506 395672.595  204  151 410779.553 379363.016  7.65%  27.5  881s
 985184 381370 404205.969  195   68 410779.553 379399.250  7.64%  27.5  885s
 991713 384243 406043.525  135  305 410779.553 379450.906  7.63%  27.5  890s
 998380 386220 407221.744  170   73 410779.553 379491.698  7.62%  27.5  895s
 1003598 387864     cutoff  144      410779.553 379536.051  7.61%  27.5  900s
 1009049 390528 401230.043  145  166 410779.553 379576.854  7.60%  27.5  905s
 1016308 393315 389058.335  153  153 410779.553 379633.926  7.58%  27.4  911s
 1023245 395885 394424.209  196  119 410779.553 379690.413  7.57%  27.4  916s
 1028091 397225 408429.003  135   93 410779.553 379728.441  7.56%  27.4  920s
 1034749 399312 384927.238  119  252 410779.553 379764.650  7.55%  27.4  925s
 1040251 401976 401482.202  135  201 410779.553 379808.697  7.54%  27.4  930s
 1045630 403800 395536.308  164  170 410779.553 379852.166  7.53%  27.4  935s
 1051641 405876 389332.286  181  122 410779.553 379889.866  7.52%  27.4  940s
 1058461 408135     cutoff  120      410779.553 379942.989  7.51%  27.4  945s
 1065356 410004 394983.490  176  184 410779.553 379992.648  7.49%  27.4  951s
 1070649 412263 402869.325  193   91 410779.553 380038.165  7.48%  27.4  956s
 1076131 414016 381413.717  175  155 410779.553 380090.197  7.47%  27.4  960s
 1082962 416769 406640.416  171  122 410779.553 380141.191  7.46%  27.3  965s
 1087759 418838 393292.690  163  198 410779.553 380175.539  7.45%  27.3  970s
 1095898 421388 406071.404  147   98 410779.553 380230.012  7.44%  27.3  976s
 1100762 423195     cutoff  150      410779.553 380274.101  7.43%  27.3  980s
 1107687 425479     cutoff  128      410779.553 380320.829  7.41%  27.3  985s
 1114394 428524     cutoff  174      410779.553 380366.053  7.40%  27.3  990s
 1120817 430797     cutoff  198      410779.553 380411.785  7.39%  27.2  995s
 1123430 431160 401774.385  114  205 410779.553 380423.291  7.39%  27.2 1000s
 1129323 434467 397064.588  140  121 410779.553 380469.412  7.38%  27.2 1007s
 1135898 436678 388834.602  179  149 410779.553 380503.035  7.37%  27.2 1011s
 1140812 438099 389228.862  130  191 410779.553 380540.879  7.36%  27.2 1015s
 1147701 440449 385948.401  145  168 410779.553 380579.443  7.35%  27.2 1020s
 1154143 442796 404784.292  177  108 410779.553 380617.970  7.34%  27.2 1025s
 1160598 444355     cutoff  130      410779.553 380657.827  7.33%  27.2 1030s
 1166383 446790 410000.198  119  161 410779.553 380697.395  7.32%  27.2 1035s
 1170715 448126 389709.921  136  194 410779.553 380719.014  7.32%  27.2 1040s
 1177077 450192 407053.232  237   50 410779.553 380763.721  7.31%  27.2 1045s
 1183050 452234 399716.020  145  175 410779.553 380795.274  7.30%  27.2 1050s
 1189727 454019     cutoff  125      410779.553 380832.996  7.29%  27.2 1055s
 1194484 455640     cutoff  133      410779.553 380879.306  7.28%  27.3 1060s
 1200815 458389 389289.572  186  134 410779.553 380920.963  7.27%  27.3 1066s
 1206108 460282 387499.757  143  353 410779.553 380944.209  7.26%  27.2 1070s
 1211885 462447 405824.208  202   84 410779.553 380982.215  7.25%  27.2 1075s
 1218523 464946 389171.052  120  230 410779.553 381028.304  7.24%  27.2 1081s
 1225129 466615 407272.468  192   80 410779.553 381066.088  7.23%  27.2 1085s
 1230654 468834     cutoff  147      410779.553 381108.162  7.22%  27.2 1091s
 1235291 470478 390585.587  115  208 410779.553 381138.140  7.22%  27.2 1095s
 1241288 472669 400007.080  199  152 410779.553 381177.719  7.21%  27.2 1100s
 1247716 474785 383787.610  119  240 410779.553 381217.699  7.20%  27.2 1105s
 1253474 476759 388923.986  193  117 410779.553 381254.583  7.19%  27.3 1110s
 1259960 478577 388225.466  136  207 410779.553 381290.683  7.18%  27.3 1115s
 1265283 481190 410101.749  209   87 410779.553 381324.713  7.17%  27.3 1120s
 1272062 483436 383427.281  122  238 410779.553 381367.604  7.16%  27.3 1126s
 1277079 485268 409072.012  155  335 410779.553 381406.047  7.15%  27.3 1130s
 1284452 487978 384925.122  115  255 410779.553 381442.843  7.14%  27.2 1135s
 1290671 490183 409522.410  139  316 410779.553 381479.374  7.13%  27.2 1140s
 1295955 492904 408415.406  154   90 410779.553 381512.295  7.12%  27.2 1145s
 1303175 495372 391786.851  142  309 410779.553 381547.083  7.12%  27.2 1151s
 1307693 496386 407813.580  166   81 410779.553 381577.511  7.11%  27.2 1155s
 1311816 498447 405039.886  148  305 410779.553 381605.213  7.10%  27.2 1160s
 1318724 500175 406132.341  175  104 410779.553 381642.401  7.09%  27.2 1165s
 1324121 502735 402169.306  136  190 410779.553 381673.811  7.09%  27.2 1170s
 1331164 505041 386054.804  121  222 410779.553 381711.719  7.08%  27.2 1176s
 1336414 506659 388410.222  123  213 410779.553 381730.673  7.07%  27.2 1181s
 1341296 508725 408759.122  126  166 410779.553 381767.688  7.06%  27.2 1185s
 1347770 511008 398551.268  113  224 410779.553 381797.586  7.06%  27.2 1190s
 1354016 513397 399131.265  216   94 410779.553 381829.343  7.05%  27.2 1195s
 1360562 515482 408542.627  235  117 410779.553 381866.734  7.04%  27.2 1200s
 1366550 518060 408189.308  147   81 410779.553 381894.095  7.03%  27.1 1206s
 1370956 519682     cutoff  171      410779.553 381915.584  7.03%  27.2 1210s
 1377368 522258 382797.537  125  246 410779.553 381953.269  7.02%  27.1 1215s
 1383857 524337     cutoff  157      410779.553 381994.188  7.01%  27.2 1220s
 1390547 526990     cutoff  184      410779.553 382032.924  7.00%  27.2 1226s
 1396517 528610 389608.248  126  191 410779.553 382056.024  6.99%  27.2 1230s
 1401779 530905 388891.671  117  185 410779.553 382088.366  6.98%  27.2 1235s
 1406520 532302 400190.470  189   94 410779.553 382102.686  6.98%  27.2 1241s
 1411070 534390 403505.431  175  130 410779.553 382134.062  6.97%  27.2 1245s
 1417902 537176 382362.109  122  234 410779.553 382167.782  6.97%  27.1 1250s
 1424904 539897 388515.694  130  203 410779.553 382199.348  6.96%  27.1 1256s
 1429595 541678 407344.562  123  121 410779.553 382215.215  6.95%  27.1 1260s
 1436547 544147 409508.537  168  104 410779.553 382261.047  6.94%  27.1 1265s
 1443168 546702 408266.729  190   46 410779.553 382297.934  6.93%  27.1 1270s
 1447840 548155 407970.916  232   46 410779.553 382321.632  6.93%  27.1 1275s
 1454865 550177 389028.511  123  325 410779.553 382352.543  6.92%  27.1 1280s
 1460915 552199 410340.591  180   80 410779.553 382386.690  6.91%  27.1 1286s
 1466557 554513 392110.795  138  183 410779.553 382410.206  6.91%  27.1 1291s
 1471005 556120 409635.631  269   32 410779.553 382436.770  6.90%  27.2 1295s
 1475881 557708 393748.630  140  166 410779.553 382467.645  6.89%  27.2 1300s
 1482817 560377 393409.090  197  198 410779.553 382500.835  6.88%  27.1 1305s
 1489682 562715     cutoff  187      410779.553 382529.933  6.88%  27.1 1311s
 1494590 564073 390785.360  181  163 410779.553 382555.575  6.87%  27.2 1315s
 1500867 566121 409409.118  158  130 410779.553 382583.826  6.86%  27.2 1321s
 1502557 566676 397941.793  203  110 410779.553 382600.647  6.86%  27.2 1325s
 1508441 568827 408043.790  161  130 410779.553 382627.277  6.85%  27.2 1330s
 1512565 571755 404856.988  163  113 410779.553 382648.545  6.85%  27.1 1336s
 1518514 573173 391141.545  137  226 410779.553 382672.853  6.84%  27.1 1340s
 1524679 575125 395270.118  134  149 410779.553 382698.658  6.84%  27.2 1345s
 1530884 577311 401424.455  130  191 410779.553 382728.969  6.83%  27.2 1350s
 1536647 579271 401742.979  234   62 410779.553 382758.379  6.82%  27.2 1355s
 1543337 582007 403219.822  146  101 410779.553 382788.360  6.81%  27.1 1361s
 1549596 583714 394805.100  129  220 410779.553 382818.890  6.81%  27.2 1366s
 1554238 585403 406667.954  155  123 410779.553 382847.739  6.80%  27.2 1370s
 1560440 587620 410126.786  200   86 410779.553 382876.721  6.79%  27.2 1375s
 1565567 589457 399112.306  146  128 410779.553 382895.707  6.79%  27.2 1380s
 1570167 591560 390943.542   99  275 410779.553 382927.282  6.78%  27.2 1385s
 1575254 593404 403863.379  135  135 410779.553 382940.290  6.78%  27.2 1390s
 1582569 595912 383782.798  126  228 410779.553 382980.552  6.77%  27.2 1396s
 1589250 598354 385650.708  104  246 410779.553 383014.434  6.76%  27.2 1401s
 1595031 600558 393257.078  110  209 410779.553 383041.970  6.75%  27.2 1406s
 1600108 602719 385395.280  119  234 410779.553 383059.983  6.75%  27.1 1410s
 1606552 605134     cutoff   50      410779.553 383082.790  6.74%  27.1 1415s
 1612752 606759     cutoff  184      410779.553 383110.925  6.74%  27.1 1420s
 1617833 608926 387979.766  120  322 410779.553 383132.310  6.73%  27.2 1425s
 1622764 610311 403450.573  178   83 410779.553 383149.111  6.73%  27.2 1431s
 1628009 612230 406189.408  135  162 410779.553 383179.744  6.72%  27.2 1435s
 1634307 614959 388705.993   94  287 410779.553 383202.298  6.71%  27.2 1440s
 1638842 616303 387104.562  119  243 410779.553 383220.920  6.71%  27.2 1445s
 1647179 619378 389579.752  174  162 410779.553 383256.214  6.70%  27.1 1451s
 1653237 621112 398145.338  114  193 410779.553 383280.346  6.69%  27.1 1455s
 1658745 623439     cutoff  134      410779.553 383300.364  6.69%  27.1 1460s
 1661673 625114 387352.294  113  208 410779.553 383319.702  6.68%  27.1 1465s
 1669920 627684 409949.861  225  103 410779.553 383354.569  6.68%  27.1 1470s
 1676690 629652 390730.165  119  212 410779.553 383385.449  6.67%  27.1 1475s
 1681586 631334 392467.785  145  184 410779.553 383401.173  6.66%  27.1 1480s
 1687108 633654 410101.635  129  123 410779.553 383428.892  6.66%  27.2 1485s
 1694520 636413 387863.615  121  198 410779.553 383467.873  6.65%  27.1 1491s
 1701050 638229 405728.094  170   69 410779.553 383491.730  6.64%  27.2 1495s
 1705030 640420 387441.381  113  205 410779.553 383508.665  6.64%  27.2 1501s
 1710942 642213     cutoff  179      410779.553 383531.840  6.63%  27.2 1505s
 1717795 644755 402744.881   92  251 410779.553 383556.866  6.63%  27.2 1511s
 1723199 646513 403296.239  138  194 410779.553 383579.079  6.62%  27.2 1515s
 1728899 647789 397231.477  106  257 410779.553 383604.116  6.62%  27.2 1520s
 1732341 649367 407026.075  161   72 410779.553 383618.201  6.61%  27.2 1525s
 1739576 652132 384038.656  123  234 410779.553 383648.952  6.60%  27.2 1531s
 1744215 653678 409398.612  215   54 410779.553 383659.440  6.60%  27.2 1535s
 1751253 656209 397234.084  135  319 410779.553 383694.651  6.59%  27.2 1541s
 1755846 658205 409308.242  175   95 410779.553 383714.908  6.59%  27.2 1545s
 1762296 660409 406432.874  150   82 410779.553 383737.969  6.58%  27.2 1550s
 1769235 662349 391741.503  152  313 410779.553 383761.593  6.58%  27.2 1555s
 1775009 664506 386056.174  109  327 410779.553 383784.184  6.57%  27.2 1561s
 1779692 666379 385551.145  112  233 410779.553 383800.736  6.57%  27.2 1565s
 1785916 667937 387926.733  121  188 410779.553 383828.226  6.56%  27.2 1570s
 1789980 670040     cutoff  124      410779.553 383848.403  6.56%  27.2 1575s
 1797817 672250 407784.609  141  162 410779.553 383878.467  6.55%  27.2 1580s
 1802327 674084 410769.939  120  106 410779.553 383902.121  6.54%  27.2 1585s
 1809175 676163 399719.336  136  168 410779.553 383928.608  6.54%  27.2 1590s
 1814005 678466 387845.360   91  291 410779.553 383939.809  6.53%  27.2 1596s
 1819940 680639 402738.539  132  205 410779.553 383969.981  6.53%  27.2 1600s
 1826591 682937 390601.918  156  159 410779.553 383993.527  6.52%  27.2 1605s
 1831190 684434 394377.910   83  328 410779.553 384015.967  6.52%  27.2 1611s
 1833670 685364 395625.746  153  156 410779.553 384019.718  6.51%  27.2 1616s
 1840610 687671 390902.483  136  193 410779.553 384045.899  6.51%  27.2 1621s
 1845429 689090     cutoff  135      410779.553 384066.903  6.50%  27.3 1625s
 1851383 691618 409145.969  153   95 410779.553 384089.125  6.50%  27.3 1630s
 1858247 693832 408183.897  176   81 410779.553 384115.641  6.49%  27.2 1635s
 1863994 696236 406847.008  172  115 410779.553 384138.824  6.49%  27.2 1641s
 1868818 698240     cutoff  118      410779.553 384160.501  6.48%  27.3 1645s
 1874467 700113 390574.295  132  210 410779.553 384181.125  6.48%  27.3 1651s
 1879848 701813 385913.947  202  177 410779.553 384201.666  6.47%  27.3 1655s
 1886995 704152 405373.402  169  115 410779.553 384232.122  6.46%  27.3 1661s
 1891556 705742 391948.072  123  232 410779.553 384247.449  6.46%  27.3 1665s
 1898271 707811 391696.086  124  323 410779.553 384267.138  6.45%  27.3 1670s
 1902567 709911 391132.949  134  148 410779.553 384283.372  6.45%  27.3 1675s
 1907702 711820 402346.315  190  102 410779.553 384300.273  6.45%  27.3 1680s
 1914545 714391 388383.537  141  181 410779.553 384325.629  6.44%  27.3 1686s
 1919291 716060 401615.533  165  141 410779.553 384344.609  6.44%  27.3 1690s
 1924464 717858 405451.814  151   81 410779.553 384365.834  6.43%  27.3 1695s
 1931179 720015 394150.556  131  216 410779.553 384393.546  6.42%  27.3 1700s
 1935782 721518     cutoff  135      410779.553 384414.109  6.42%  27.3 1705s
 1942278 723202 404585.582  155  128 410779.553 384435.089  6.41%  27.3 1710s
 1946377 725306     cutoff  157      410779.553 384452.011  6.41%  27.3 1715s
 1952361 727158 399602.375  115  211 410779.553 384472.970  6.40%  27.4 1721s
 1957338 729552 386977.287  134  224 410779.553 384493.553  6.40%  27.4 1727s
 1963569 731288 399923.603  176  127 410779.553 384515.120  6.39%  27.4 1731s
 1970071 733395 408377.873  165  108 410779.553 384535.448  6.39%  27.4 1736s
 1974342 734928 408714.967  143  134 410779.553 384555.365  6.38%  27.4 1740s
 1980713 736394     cutoff  126      410779.553 384574.637  6.38%  27.4 1745s
 1986596 738826 400649.489  113  221 410779.553 384596.871  6.37%  27.4 1751s
 1991432 740683 393759.825  144  197 410779.553 384614.242  6.37%  27.4 1755s
 1998210 742519 410175.097  141  109 410779.553 384637.338  6.36%  27.4 1761s
 2002856 744153 390451.826  145  382 410779.553 384649.750  6.36%  27.4 1765s
 2008864 746501 408509.448  206   54 410779.553 384671.149  6.36%  27.4 1771s
 2013604 748441 389127.041  189  205 410779.553 384687.196  6.35%  27.5 1775s
 2019079 750375 403152.101  237   55 410779.553 384704.820  6.35%  27.4 1780s
 2026075 752759 390697.451  125  187 410779.553 384728.618  6.34%  27.4 1785s
 2031486 754711 396781.684  201  111 410779.553 384744.946  6.34%  27.5 1790s
 2037400 757057 402339.878  163  121 410779.553 384765.213  6.33%  27.5 1796s
 2042505 758639 399782.424  140  128 410779.553 384783.691  6.33%  27.5 1800s

Cutting planes:
  Gomory: 115
  Implied bound: 731
  Projected implied bound: 138
  MIR: 453
  Mixing: 44
  Flow cover: 1651
  RLT: 55
  Relax-and-lift: 125

Explored 2043833 nodes (56121615 simplex iterations) in 1800.02 seconds (1607.13 work units)
Thread count was 16 (of 40 available processors)

Solution count 10: 410780 411019 411199 ... 413967

Time limit reached
Best objective 4.107795528563e+05, best bound 3.847874303383e+05, gap 6.3275%

User-callback calls 4316154, time in user-callback 0.41 sec
[NUM-KAPPA] kappa_solver=9993638 kappa_exact=-1 is_mip=1
[NUM-EFIC] work=1607 root_gap=0 root_time=3
[pipeline] Tiempo de resolucion: 1800.089654 s
[SOLVE] tiempo_solver_s=1800.089674366000054 status=TIME_LIMIT gap=6.327511273938083 obj=410779.552856280235574 best_bound=384787.430338266654871 nodos=2043833.000000000000000 iter=56121615.000000000000000 primal_integral=0.095378571485652
[VERIF ORIGINAL] etapa=solver_desescalado max_le=1.9073486328125e-06 (a1_activacion_4(156)) max_ge=0 () max_eq=2.98023223876953e-07 (a1_balance(101)) max_lb=0 () max_ub=0 () max_int=0 () avg_viol=1.91789893917826e-09 p95_viol=2.8421709430404e-14 p99_viol=7.45058059692383e-08 max_viol_rel=2.23820961764432e-13 max_viol_relact=5.29933833330097e-16 viol_le_count=1 viol_ge_count=0 viol_eq_count=0 viol_lb_count=0 viol_ub_count=0 viol_int_count=0 missing_values=0 obj_original_recalc=410779.55285628
[32m[success] Resultados guardados correctamente en /clusteruy/home/mathiasr/generator-aware-row-scaling/results-revision/final-variants/gurobi_sgtm_1pct/resultados/instance077_role_hybrid.csv[0m
[32m[success] Archivo CSV generado correctamente[0m

[POST DEBUG] ===== INICIO POSTPROCESAMIENTO GLOBAL =====

[SG POST] ===== Diagnóstico SaltoGrande =====
[SG POST] periodos = 360
[SG POST] periodosPotenciaRealMayorMIP = 262
[SG POST] periodosPotenciaRealMenorMIP = 95
[SG POST] periodosConWhile = 262
[SG POST] cantidadWhile = 1627206
[SG POST] periodosConErrorFinal = 95
[SG POST] sumaGMip = 299556.5850401
[SG POST] sumaGRealInicial = 301746.73671559
[SG POST] sumaGRealFinal = 298231.434614681
[SG POST] sumaDeltaGInicial = 2190.1516754898
[SG POST] sumaDeltaGFinal = -1325.15042541983
[SG POST] maxAbsDeltaGInicial = 46.2026743561923
[SG POST] maxAbsDeltaGFinal = 37.5631700098701
[SG POST] sumaDeltaX = -16272.0600003552
[SG POST] sumaDeltaY = 16272.0599999997
[SG POST] ===================================

[POST DEBUG] --- DESPUÉS DE AGENTES ---
[POST DEBUG] Agentes | g1 antes=299556.5850401 despues=299556.5850401 delta=0
[POST DEBUG] Agentes | g2 antes=24577.2074799496 despues=24577.2074799496 delta=0
[POST DEBUG] Agentes | g antes=174355.5 despues=174355.5 delta=0
[POST DEBUG] Agentes | costoFalla antes=0 despues=0 delta=0
[POST DEBUG] --- DESPUÉS DE DESPACHO ---
[POST DEBUG] Despacho | g1 antes=299556.5850401 despues=299556.5850401 delta=0
[POST DEBUG] Despacho | g2 antes=24577.2074799496 despues=24577.2074799496 delta=0
[POST DEBUG] Despacho | g antes=174355.5 despues=174355.5 delta=0
[POST DEBUG] Despacho | costoFalla antes=0 despues=0 delta=0
[POST DEBUG] --- TOTAL ANTES VS FINAL ---
[POST DEBUG] Final | g1 antes=299556.5850401 despues=299556.5850401 delta=0
[POST DEBUG] Final | g2 antes=24577.2074799496 despues=24577.2074799496 delta=0
[POST DEBUG] Final | g antes=174355.5 despues=174355.5 delta=0
[POST DEBUG] Final | costoFalla antes=0 despues=0 delta=0
[POST DEBUG] valorFOOriginal = 410779.55285628
[POST DEBUG] valorFOPostProcesado = 410779.55285628
[POST DEBUG] deltaFO = 0
[POST DEBUG] ===== FIN POSTPROCESAMIENTO GLOBAL =====

[32m[success] Post-procesamiento completado. Nuevo valor F.O.: 410779.552856280235574[0m
[VERIF ORIGINAL] etapa=postprocesado max_le=27.9109259196092 (a1_salto_grande_tangente_4(67)) max_ge=0 () max_eq=1.80527567863464e-05 (a1_balance(67)) max_lb=0 () max_ub=0 () max_int=0 () avg_viol=0.444140460889522 p95_viol=1.35505738461434 p99_viol=11.144991954281 max_viol_rel=5.12255589313546 max_viol_relact=0.015134304288675 viol_le_count=1420 viol_ge_count=0 viol_eq_count=252 viol_lb_count=0 viol_ub_count=0 viol_int_count=0 missing_values=0 obj_original_recalc=410779.55285628
[32m[success] Resultados guardados correctamente en /clusteruy/home/mathiasr/generator-aware-row-scaling/results-revision/final-variants/gurobi_sgtm_1pct/resultados/instance077_role_hybrid_postprocesado.csv[0m
> [32m[success] Saliendo del programa...[0m
[32m[success] SystemController destruido[0m
