[32m[success] SystemController creado[0m
> [32m[success] El programa se ha iniciado correctamente[0m
> > [34m[info] Agregando agente Salto Grande[0m
[34m[info] Ingrese costo de agua de Salto Grande:[0m
[34m[info] Ingrese volumen inicial de Salto Grande:[0m
[34m[info] Ingrese aportes de Salto Grande en una sola línea (360 valores):[0m
[info] SaltoGrande: activación de tramos de altura horaria
[32m[success] Se ha creado el agente 'Salto Grande' exitosamente[0m
> > [34m[info] Agregando agente Unidad Térmica Simple[0m
[34m[info] Ingrese potencia máxima de la unidad térmica simple:[0m
[34m[info] Ingrese costo variable de la unidad térmica simple:[0m
[32m[success] Se ha creado el agente 'Unidad Térmica Simple' exitosamente[0m
> > [34m[info] Agregando agente Demanda Fija[0m
[34m[info] Ingrese demandas en una sola línea (360 valores):[0m
[32m[success] Se ha creado el agente 'Demanda Fija' exitosamente[0m
> > [34m[info] Creando despacho de mercado[0m
[34m[info] Modo: despacho de mercado con demanda total explícita[0m
[34m[info] Ingrese cantidad de tramos del despacho de mercado:[0m
[34m[info] Ingrese porcentajes acumulados de los tramos en una sola línea (4 valores):[0m
[34m[info] Ingrese costos marginales de los tramos en una sola línea (4 valores):[0m
[34m[info] Ingrese demanda total en una sola línea (360 valores):[0m
[32m[success] Se ha creado el despacho de mercado exitosamente[0m
> > Set parameter WLSAccessID
Set parameter WLSSecret
Set parameter LicenseID to value 2849920
Academic license 2849920 - for non-commercial use only - registered to ma___@fing.edu.uy
[32m[success] Solver 'Gurobi' configurado | timeout=1800s | mipgap=0.01[0m
> [DEBUG Despacho] j=0 idGen=1 coefParticipacionDespacho=0.5
[DEBUG Despacho] j=1 idGen=2 coefParticipacionDespacho=1

[DEBUG Despacho] Cantidad de generadores = 2
[DEBUG Despacho] j=0 puntero=0x64e300 idGen=1 coefParticipacionDespacho=0.5
[DEBUG Despacho] j=1 puntero=0x64e510 idGen=2 coefParticipacionDespacho=1
[PREPROC] modo plano: 10080 filas tratadas como un unico bloque sin roles (kernel geomean por fila)
[PREPROC PHASES] metadata_s=0.000127739 diagnostico_s=0.001216725 aplicacion_s=0.001908327

------------------------------------------------------------
  PREPROCESAMIENTO MIP - Diagnostico Numerico
------------------------------------------------------------
Rango de coeficientes (toda la matriz):
  max |coef| = 3.532e+07
  min |coef| = 8.946e-06
  proxy rango= 3.949e+12

Diagnostico por bloque:
Bloque              max|coef|      min|coef|      kappa_aprox   vars    alpha     beta      cols      disc_omit aux_omit  escalado
------------------------------------------------------------------------------------------------------------------------------
plano               3.532e+07      8.946e-06      3.95e+12      0       9.56e-02  1.00e+00  0         0         0         SI  (filas=7920, alpha_min=8.95e-06, alpha_max=4.12e+01)

Restriccion(es) global(es): 0 fila(s)
  acoplamiento balance = 0 fila(s)
  global no acoplante  = 0 fila(s)
  rho aprox (solo acoplamiento) = 0.000e+00
  gamma acoplamiento   = 1.000000
  gamma candidato      = 1.000000
  filas acop. escaladas= no
  filas normaliz. fisica= 0
  motivo gamma=1       = rho bajo; no se escala la fila de acoplamiento

ADVERTENCIAS:
  [!] Rango de coeficientes elevado (3948545519307). Riesgo de sensibilidad numerica.
  [!] Bloque 'plano' internamente mal escalado (kappa~3948545519307). Conviene comparar equilibrado interno por filas/columnas.
------------------------------------------------------------

------------------------------------------------------------
  COMPARACION NUMERICA ANTES / DESPUES
------------------------------------------------------------
Indicador                   antes           despues         despues/antes
----------------------------------------------------------------------------
rango global                2.118e+13       3.949e+12       1.865e-01
rho acoplamiento            0.000e+00       0.000e+00       0.000e+00
gamma aplicado              1.000000        1.000000        1.000000

Bloques locales:
Bloque              kappa antes     kappa despues   alpha       beta        filas       cols        disc_omit   aux_omit    escalado
------------------------------------------------------------------------------------------------------------------------------------
plano               2.118e+13       3.949e+12       9.564e-02   1.000e+00   7920        0           0           0           SI

Interpretacion: valores despues/antes menores que 1 indican mejora del proxy.
rho se calcula solo con filas de acoplamiento; las cotas de demanda sobre g quedan fuera.
El escalamiento local activo fue solo por fila: alpha_r = 1/sqrt(M_r*m_r).
------------------------------------------------------------

[PREPROC TIME] variante=matricial_plano tiempo_s=0.006715967 u=2 K=4 epsMin=1e-09 epsMax=1000000000
[32m[success] Preprocesamiento aplicado.[0m
> [MODELO] rows=10080 cols=6120 nnz=22679
[pipeline] Preprocesamiento seleccionado: Ninguno
[pipeline] Modelo interno sin modificaciones de preprocesamiento.
[pipeline] Estrategia de resolucion seleccionada: Monolitica
[pipeline] Resolviendo monoliticamente.
Set parameter TimeLimit to value 1800
Set parameter MIPGap to value 0.01
Set parameter Seed to value 42
Set parameter Threads to value 16
Gurobi Optimizer version 13.0.1 build v13.0.1rc0 (linux64 - "Debian GNU/Linux 12 (bookworm)")

CPU model: Intel(R) Xeon(R) Gold 6138 CPU @ 2.00GHz, instruction set [SSE2|AVX|AVX2|AVX512]
Thread count: 40 physical cores, 40 logical processors, using up to 16 threads

Non-default parameters:
TimeLimit  1800
MIPGap  0.01
Seed  42
Threads  16

Academic license 2849920 - for non-commercial use only - registered to ma___@fing.edu.uy
Optimize a model with 10080 rows, 6120 columns and 22679 nonzeros (Min)
Model fingerprint: 0xb0eb8480
Model has 721 linear objective coefficients
Variable types: 4680 continuous, 1440 integer (1440 binary)
Coefficient statistics:
  Matrix range     [9e-06, 1e+05]
  Objective range  [3e-04, 1e+02]
  Bounds range     [1e+00, 4e+09]
  RHS range        [9e+01, 4e+07]
Warning: Model contains large bounds
         Consider reformulating model or setting NumericFocus parameter
         to avoid numerical issues.

Found heuristic solution: objective 3.560078e+08
Presolve removed 1485 rows and 535 columns
Presolve time: 0.14s
Presolved: 8595 rows, 5585 columns, 20667 nonzeros
Variable types: 4183 continuous, 1402 integer (1402 binary)

Root relaxation: objective -8.382208e+05, 7526 iterations, 0.29 seconds (0.33 work units)

    Nodes    |    Current Node    |     Objective Bounds      |     Work
 Expl Unexpl |  Obj  Depth IntInf | Incumbent    BestBd   Gap | It/Node Time

     0     0 -838220.81    0  963 3.5601e+08 -838220.81   100%     -    0s
H    0     0                    -572292.6947 -838220.81  46.5%     -    0s
     0     0 -835600.95    0  992 -572292.69 -835600.95  46.0%     -    0s
     0     0 -834888.06    0  993 -572292.69 -834888.06  45.9%     -    1s
     0     0 -834608.19    0  994 -572292.69 -834608.19  45.8%     -    1s
     0     0 -823949.33    0  864 -572292.69 -823949.33  44.0%     -    1s
     0     0 -823837.39    0  864 -572292.69 -823837.39  44.0%     -    1s
     0     0 -823837.39    0  864 -572292.69 -823837.39  44.0%     -    1s
     0     0 -823375.70    0  901 -572292.69 -823375.70  43.9%     -    1s
     0     0 -823281.36    0  901 -572292.69 -823281.36  43.9%     -    1s
     0     0 -823281.36    0  901 -572292.69 -823281.36  43.9%     -    1s
     0     0 -823193.00    0  907 -572292.69 -823193.00  43.8%     -    2s
     0     0 -823100.80    0  907 -572292.69 -823100.80  43.8%     -    2s
     0     0 -823100.80    0  907 -572292.69 -823100.80  43.8%     -    2s
     0     0 -823100.80    0  907 -572292.69 -823100.80  43.8%     -    2s
     0     0 -823100.80    0  907 -572292.69 -823100.80  43.8%     -    2s
     0     0 -823100.80    0  907 -572292.69 -823100.80  43.8%     -    2s
     0     0 -823100.80    0  907 -572292.69 -823100.80  43.8%     -    2s
     0     2 -823100.80    0  907 -572292.69 -823100.80  43.8%     -    2s
H  103    60                    -582389.5251 -820980.41  41.0%  20.0    3s
  1201   642 -817477.53   75  699 -582389.53 -820980.41  41.0%  10.7    5s
H 1373   723                    -586176.2607 -820980.41  40.1%   9.9    8s
H 1394   780                    -586405.7034 -820980.41  40.0%   9.8    8s
H 1919   871                    -596616.4411 -820879.15  37.6%   9.0    9s
H 2589  1009                    -679148.5876 -820765.18  20.9%   9.2    9s
  2941  1073 -777101.82   63  907 -679148.59 -820765.18  20.9%   9.2   14s
  2943  1074 -813960.21  128  789 -679148.59 -820765.18  20.9%   9.2   15s
H 2966  1036                    -709580.7903 -803435.76  13.2%  13.3   18s
H 2967   985                    -798897.5747 -803216.20  0.54%  13.3   19s

Cutting planes:
  Gomory: 58
  Implied bound: 34
  Projected implied bound: 6
  MIR: 22
  Flow cover: 104
  Relax-and-lift: 6

Explored 2967 nodes (58703 simplex iterations) in 19.11 seconds (14.80 work units)
Thread count was 16 (of 40 available processors)

Solution count 10: -798898 -709581 -679149 ... 3.56008e+08

Optimal solution found (tolerance 1.00e-02)
Best objective -7.988975746971e+05, best bound -8.032162045716e+05, gap 0.5406%

User-callback calls 11157, time in user-callback 0.00 sec
[NUM-KAPPA] kappa_solver=19865801 kappa_exact=-1 is_mip=1
[NUM-EFIC] work=15 root_gap=0 root_time=3
[pipeline] Tiempo de resolucion: 19.189894 s
[SOLVE] tiempo_solver_s=19.189906030000000 status=OPTIMAL gap=0.540573661918661 obj=-798897.574697088100947 best_bound=-803216.204571607522666 nodos=2967.000000000000000 iter=58703.000000000000000 primal_integral=0.320209971563865
[VERIF ORIGINAL] etapa=solver_desescalado max_le=2.27373675443232e-13 (a1_salto_grande_tangente_3(92)) max_ge=0 () max_eq=6.50063157081604e-07 (a1_balance(322)) max_lb=0 () max_ub=0 () max_int=0 () avg_viol=4.66142038988488e-09 p95_viol=8.5265128291212e-14 p99_viol=1.564621925354e-07 max_viol_rel=2.70006239588838e-13 max_viol_relact=2.24484655528603e-16 viol_le_count=0 viol_ge_count=0 viol_eq_count=0 viol_lb_count=0 viol_ub_count=0 viol_int_count=0 missing_values=0 obj_original_recalc=-798897.574697088
[32m[success] Resultados guardados correctamente en /clusteruy/home/mathiasr/generator-aware-row-scaling/results-revision/final-variants/gurobi_sgtm_1pct/resultados/instance046_matricial_plano.csv[0m
[32m[success] Archivo CSV generado correctamente[0m

[POST DEBUG] ===== INICIO POSTPROCESAMIENTO GLOBAL =====

[SG POST] ===== Diagnóstico SaltoGrande =====
[SG POST] periodos = 360
[SG POST] periodosPotenciaRealMayorMIP = 296
[SG POST] periodosPotenciaRealMenorMIP = 62
[SG POST] periodosConWhile = 296
[SG POST] cantidadWhile = 1498873
[SG POST] periodosConErrorFinal = 62
[SG POST] sumaGMip = 224899.755540701
[SG POST] sumaGRealInicial = 228087.57952049
[SG POST] sumaGRealFinal = 224743.669169127
[SG POST] sumaDeltaGInicial = 3187.82397978858
[SG POST] sumaDeltaGFinal = -156.08637157398
[SG POST] maxAbsDeltaGInicial = 49.6706798922779
[SG POST] maxAbsDeltaGFinal = 7.10396780325675
[SG POST] sumaDeltaX = -14988.7300003036
[SG POST] sumaDeltaY = 14988.7300000005
[SG POST] ===================================

[POST DEBUG] --- DESPUÉS DE AGENTES ---
[POST DEBUG] Agentes | g1 antes=224899.755540701 despues=224899.755540701 delta=0
[POST DEBUG] Agentes | g2 antes=0.122229649492454 despues=0.122229649492454 delta=0
[POST DEBUG] Agentes | g antes=112450 despues=112450 delta=0
[POST DEBUG] Agentes | costoFalla antes=0 despues=0 delta=0
[POST DEBUG] --- DESPUÉS DE DESPACHO ---
[POST DEBUG] Despacho | g1 antes=224899.755540701 despues=224899.755540701 delta=0
[POST DEBUG] Despacho | g2 antes=0.122229649492454 despues=0.122229649492454 delta=0
[POST DEBUG] Despacho | g antes=112450 despues=112450 delta=0
[POST DEBUG] Despacho | costoFalla antes=0 despues=0 delta=0
[POST DEBUG] --- TOTAL ANTES VS FINAL ---
[POST DEBUG] Final | g1 antes=224899.755540701 despues=224899.755540701 delta=0
[POST DEBUG] Final | g2 antes=0.122229649492454 despues=0.122229649492454 delta=0
[POST DEBUG] Final | g antes=112450 despues=112450 delta=0
[POST DEBUG] Final | costoFalla antes=0 despues=0 delta=0
[POST DEBUG] valorFOOriginal = -798897.574697088
[POST DEBUG] valorFOPostProcesado = -798897.574697088
[POST DEBUG] deltaFO = 0
[POST DEBUG] ===== FIN POSTPROCESAMIENTO GLOBAL =====

[32m[success] Post-procesamiento completado. Nuevo valor F.O.: -798897.574697088100947[0m
[VERIF ORIGINAL] etapa=postprocesado max_le=22.2164060692185 (a1_salto_grande_tangente_3(67)) max_ge=0 () max_eq=1.74827873706818e-05 (a1_balance(27)) max_lb=0 () max_ub=0 () max_int=0 () avg_viol=0.322177798650664 p95_viol=1.00261695646129 p99_viol=11.3469025753475 max_viol_rel=6.12810884399968 max_viol_relact=0.0423777345933476 viol_le_count=916 viol_ge_count=0 viol_eq_count=222 viol_lb_count=0 viol_ub_count=0 viol_int_count=0 missing_values=0 obj_original_recalc=-798897.574697088
[32m[success] Resultados guardados correctamente en /clusteruy/home/mathiasr/generator-aware-row-scaling/results-revision/final-variants/gurobi_sgtm_1pct/resultados/instance046_matricial_plano_postprocesado.csv[0m
> [32m[success] Saliendo del programa...[0m
[32m[success] SystemController destruido[0m
