[32m[success] SystemController creado[0m
> [32m[success] El programa se ha iniciado correctamente[0m
> > [34m[info] Agregando agente Salto Grande[0m
[34m[info] Ingrese costo de agua de Salto Grande:[0m
[34m[info] Ingrese volumen inicial de Salto Grande:[0m
[34m[info] Ingrese aportes de Salto Grande en una sola línea (360 valores):[0m
[info] SaltoGrande: activación de tramos de altura horaria
[32m[success] Se ha creado el agente 'Salto Grande' exitosamente[0m
> > [34m[info] Agregando agente Unidad Térmica Simple[0m
[34m[info] Ingrese potencia máxima de la unidad térmica simple:[0m
[34m[info] Ingrese costo variable de la unidad térmica simple:[0m
[32m[success] Se ha creado el agente 'Unidad Térmica Simple' exitosamente[0m
> > [34m[info] Agregando agente Demanda Fija[0m
[34m[info] Ingrese demandas en una sola línea (360 valores):[0m
[32m[success] Se ha creado el agente 'Demanda Fija' exitosamente[0m
> > [34m[info] Creando despacho de mercado[0m
[34m[info] Modo: despacho de mercado con demanda total explícita[0m
[34m[info] Ingrese cantidad de tramos del despacho de mercado:[0m
[34m[info] Ingrese porcentajes acumulados de los tramos en una sola línea (4 valores):[0m
[34m[info] Ingrese costos marginales de los tramos en una sola línea (4 valores):[0m
[34m[info] Ingrese demanda total en una sola línea (360 valores):[0m
[32m[success] Se ha creado el despacho de mercado exitosamente[0m
> > Set parameter WLSAccessID
Set parameter WLSSecret
Set parameter LicenseID to value 2849920
Academic license 2849920 - for non-commercial use only - registered to ma___@fing.edu.uy
[32m[success] Solver 'Gurobi' configurado | timeout=1800s | mipgap=0.01[0m
> [DEBUG Despacho] j=0 idGen=1 coefParticipacionDespacho=0.5
[DEBUG Despacho] j=1 idGen=2 coefParticipacionDespacho=1

[DEBUG Despacho] Cantidad de generadores = 2
[DEBUG Despacho] j=0 puntero=0x1156300 idGen=1 coefParticipacionDespacho=0.5
[DEBUG Despacho] j=1 puntero=0x1156510 idGen=2 coefParticipacionDespacho=1

------------------------------------------------------------
  PREPROCESAMIENTO MIP - Diagnostico Numerico
------------------------------------------------------------
Rango de coeficientes (toda la matriz):
  max |coef| = 1.078e+10
  min |coef| = 2.839e-04
  proxy rango= 3.798e+13

Diagnostico por bloque:
Bloque              max|coef|      min|coef|      kappa_aprox   vars    alpha     beta      cols      disc_omit aux_omit  escalado
------------------------------------------------------------------------------------------------------------------------------
a1_                 1.078e+10      2.839e-04      3.80e+13      5040    1.00e+00  1.00e+00  0         0         0         no
a2_                 sin filas      sin filas      N/A           360     1.00e+00  1.00e+00  0         0         0         no  (sin filas locales; aporta g2 al despacho)

Restriccion(es) global(es): 2160 fila(s)
  acoplamiento balance = 360 fila(s)
  global no acoplante  = 1800 fila(s)
  rho aprox (solo acoplamiento) = 1.000e+00
  gamma acoplamiento   = 1.000000
  gamma candidato      = 1.000000
  filas acop. escaladas= no
  filas normaliz. fisica= 0
  motivo gamma=1       = rho bajo; no se escala la fila de acoplamiento

ADVERTENCIAS:
  [!] Rango de coeficientes elevado (37978700871846). Riesgo de sensibilidad numerica.
  [!] Bloque 'a1_' internamente mal escalado (kappa~37978700871846). Conviene comparar equilibrado interno por filas/columnas.

[Modo diagnostico: no se modifico el modelo]
------------------------------------------------------------

[32m[success] Diagnostico completado (modelo sin modificar).[0m
> [MODELO] rows=10080 cols=6120 nnz=22679
[pipeline] Preprocesamiento seleccionado: Ninguno
[pipeline] Modelo interno sin modificaciones de preprocesamiento.
[pipeline] Estrategia de resolucion seleccionada: Monolitica
[pipeline] Resolviendo monoliticamente.
Set parameter TimeLimit to value 1800
Set parameter MIPGap to value 0.01
Set parameter Seed to value 42
Set parameter Threads to value 16
Gurobi Optimizer version 13.0.1 build v13.0.1rc0 (linux64 - "Debian GNU/Linux 12 (bookworm)")

CPU model: Intel(R) Xeon(R) Gold 6138 CPU @ 2.00GHz, instruction set [SSE2|AVX|AVX2|AVX512]
Thread count: 40 physical cores, 40 logical processors, using up to 16 threads

Non-default parameters:
TimeLimit  1800
MIPGap  0.01
Seed  42
Threads  16

Academic license 2849920 - for non-commercial use only - registered to ma___@fing.edu.uy
Optimize a model with 10080 rows, 6120 columns and 22679 nonzeros (Min)
Model fingerprint: 0x2cdfff57
Model has 721 linear objective coefficients
Variable types: 4680 continuous, 1440 integer (1440 binary)
Coefficient statistics:
  Matrix range     [3e-04, 1e+10]
  Objective range  [5e-04, 1e+02]
  Bounds range     [1e+00, 4e+09]
  RHS range        [4e+01, 1e+10]
Warning: Model contains large matrix coefficient range
Warning: Model contains large rhs
Warning: Model contains large bounds
         Consider reformulating model or setting NumericFocus parameter
         to avoid numerical issues.

Found heuristic solution: objective 2.889965e+08
Presolve removed 1455 rows and 437 columns
Presolve time: 0.07s
Presolved: 8625 rows, 5683 columns, 20964 nonzeros
Variable types: 4259 continuous, 1424 integer (1424 binary)

Root relaxation: objective -1.614832e+06, 7655 iterations, 0.21 seconds (0.24 work units)

    Nodes    |    Current Node    |     Objective Bounds      |     Work
 Expl Unexpl |  Obj  Depth IntInf | Incumbent    BestBd   Gap | It/Node Time

     0     0 -1614832.1    0  480 2.8900e+08 -1614832.1   101%     -    0s
     0     0 -1614827.9    0  480 2.8900e+08 -1614827.9   101%     -    0s
H    0     0                    104877.92719 -1614827.9  1640%     -    0s
H    0     0                    -1082087.071 -1613974.3  49.2%     -    0s
     0     0 -1613974.3    0  549 -1082087.1 -1613974.3  49.2%     -    0s
     0     0 -1613558.0    0  551 -1082087.1 -1613558.0  49.1%     -    0s
     0     0 -1613557.3    0  551 -1082087.1 -1613557.3  49.1%     -    0s
     0     0 -1613005.6    0  548 -1082087.1 -1613005.6  49.1%     -    0s
     0     0 -1613005.6    0  549 -1082087.1 -1613005.6  49.1%     -    0s
     0     0 -1613005.6    0  549 -1082087.1 -1613005.6  49.1%     -    0s
     0     0 -1612736.6    0  549 -1082087.1 -1612736.6  49.0%     -    0s
H    0     0                    -1082106.708 -1612736.6  49.0%     -    0s
     0     0 -1612449.6    0  549 -1082106.7 -1612449.6  49.0%     -    1s
     0     0 -1612449.6    0  549 -1082106.7 -1612449.6  49.0%     -    1s
     0     2 -1612449.6    0  549 -1082106.7 -1612449.6  49.0%     -    1s
H    3     8                    -1082505.178 -1612449.6  49.0%   286    1s
H  172   178                    -1083032.490 -1612449.6  48.9%  39.7    1s
*  231   227              19    -1093778.939 -1612449.6  47.4%  30.2    1s
H  330   272                    -1093994.745 -1612137.9  47.4%  29.5    2s
*  409   346              29    -1123626.241 -1611831.6  43.4%  27.1    2s
*  446   361              32    -1130757.218 -1611534.9  42.5%  25.5    2s
H  568   427                    -1138969.904 -1611268.0  41.5%  24.5    2s
H  580   427                    -1141864.834 -1611268.0  41.1%  24.1    2s
*  635   458              36    -1145320.265 -1611093.7  40.7%  23.7    2s
*  649   458              41    -1166168.268 -1611093.7  38.2%  23.3    2s
*  668   482              50    -1212714.467 -1610920.0  32.8%  22.9    2s
*  911   510              50    -1212724.223 -1610686.7  32.8%  27.7    2s
H  996   561                    -1227246.145 -1610535.2  31.2%  27.6    3s
* 1200   737              56    -1233935.219 -1610514.6  30.5%  25.0    3s
* 1308   789              69    -1246858.984 -1610275.4  29.1%  23.4    3s
H 1407   836                    -1247131.231 -1610275.4  29.1%  22.8    3s
H 1409   836                    -1248358.421 -1610275.4  29.0%  22.8    3s
* 1433   913              83    -1259847.447 -1610275.4  27.8%  22.7    4s
H 1764   930                    -1266815.799 -1610176.3  27.1%  20.7    4s
* 1898   896             103    -1267052.843 -1610176.3  27.1%  19.8    4s
* 1904   896             109    -1268202.844 -1610176.3  27.0%  19.8    4s
* 1966   896             106    -1270777.800 -1609804.2  26.7%  19.7    4s
* 2059   877             103    -1270882.426 -1609506.5  26.6%  19.3    4s
* 2064   877             103    -1270970.322 -1609506.5  26.6%  19.2    4s
* 2096   877             107    -1274919.950 -1609506.5  26.2%  19.0    4s
* 2312   868             104    -1276409.741 -1609279.9  26.1%  18.4    4s
* 2340   868             113    -1276829.943 -1609279.9  26.0%  18.5    4s
* 2363   846             107    -1278831.611 -1609279.9  25.8%  18.4    4s
* 2815   834             107    -1278920.899 -1607996.5  25.7%  18.1    4s
* 2863   849             113    -1284111.135 -1607918.3  25.2%  18.0    4s
  2925   706     cutoff   95      -1284111.1 -1607918.3  25.2%  18.2    5s
* 3308   602             117    -1284396.058 -1607383.2  25.1%  19.0    5s
* 3450   687             117    -1284780.618 -1607383.2  25.1%  18.7    5s
* 3519   687             122    -1286206.778 -1607383.2  25.0%  19.2    5s
* 3520   687             122    -1291004.143 -1607383.2  24.5%  19.2    5s
* 3544   687             122    -1291004.328 -1607383.2  24.5%  19.1    5s
* 3549   705             121    -1291956.192 -1607383.2  24.4%  19.1    5s
* 3638   705             127    -1295477.405 -1607383.2  24.1%  19.1    5s
* 3652   705             136    -1324503.814 -1607383.2  21.4%  19.2    5s
* 3744   694             145    -1325252.261 -1607383.2  21.3%  19.2    5s
* 3758   694             142    -1334602.720 -1607383.2  20.4%  19.1    5s
* 3816   694             147    -1340365.525 -1607383.2  19.9%  18.9    5s
* 3817   694             147    -1340444.045 -1607383.2  19.9%  18.9    5s
* 4006   709             148    -1350821.662 -1606838.9  19.0%  18.6    5s
* 4036   709             148    -1352028.725 -1606838.9  18.8%  18.7    5s
* 4266   646             150    -1360165.398 -1606625.2  18.1%  19.3    5s
* 4308   646             148    -1360228.384 -1606373.6  18.1%  19.8    5s
* 4600   890             156    -1372538.515 -1606373.6  17.0%  20.5    6s
* 4604   890             157    -1382841.370 -1606373.6  16.2%  20.5    6s
* 4629   890             158    -1384302.976 -1606373.6  16.0%  20.5    6s
H 4777   272                    -1384348.484 -1606373.6  16.0%  21.0    7s
H 4777   261                    -1387356.985 -1606373.6  15.8%  21.0    7s
H 4777   259                    -1388466.773 -1606373.6  15.7%  21.0    7s
H 4777   259                    -1389439.781 -1606373.6  15.6%  21.0    7s
H 4777   259                    -1390133.146 -1606373.6  15.6%  21.0    7s
H 4777   258                    -1393112.493 -1606373.6  15.3%  21.0    7s
H 4777    88                    -1567641.649 -1606373.6  2.47%  21.0    8s
  4792    13 -1606373.6  151  561 -1567641.6 -1606373.6  2.47%  20.9   10s
H 4965    37                    -1567700.560 -1601999.8  2.19%  22.4   14s
  5083   131 -1569133.7   42   51 -1567700.6 -1601999.8  2.19%  22.1   15s
H 5158   152                    -1568050.611 -1601999.8  2.17%  21.9   15s
H 5174   152                    -1570621.857 -1601999.8  2.00%  21.8   15s
* 5224   155              58    -1570824.510 -1601999.8  1.98%  21.7   15s
H 5535   366                    -1572631.152 -1601999.8  1.87%  21.0   15s
* 5712   471              64    -1573642.304 -1601999.8  1.80%  20.5   15s
* 5811   584              67    -1574965.429 -1601975.6  1.71%  20.3   15s
* 5894   624              68    -1576538.849 -1601975.6  1.61%  20.1   15s
* 5895   624              69    -1577527.473 -1601975.6  1.55%  20.0   15s
* 5938   624             104    -1585787.509 -1601975.6  1.02%  19.9   15s
* 6027   567             104    -1586024.932 -1601975.6  1.01%  19.9   15s

Cutting planes:
  Gomory: 10
  Implied bound: 2
  Flow cover: 98
  RLT: 49
  Relax-and-lift: 4

Explored 6131 nodes (132621 simplex iterations) in 15.49 seconds (12.90 work units)
Thread count was 16 (of 40 available processors)

Solution count 10: -1.58602e+06 -1.58579e+06 -1.57753e+06 ... -1.56805e+06

Optimal solution found (tolerance 1.00e-02)
Best objective -1.586024931807e+06, best bound -1.601524142438e+06, gap 0.9772%

User-callback calls 16613, time in user-callback 0.00 sec
[NUM-KAPPA] kappa_solver=205883815.716839 kappa_exact=-1.000000 is_mip=1
[NUM-EFIC] work=12.900742 root_gap=0.490102 root_time=1.260818
[pipeline] Tiempo de resolucion: 15.547755 s
[SOLVE] tiempo_solver_s=15.547770994000000 status=OPTIMAL gap=0.977236254001306 obj=-1586024.931806877721101 best_bound=-1601524.142437994014472 nodos=6131.000000000000000 iter=132621.000000000000000 primal_integral=0.178303721452596
[VERIF ORIGINAL] etapa=solver_desescalado max_le=1.49213974509621e-13 (a1_cota_altura_1(105)) max_ge=0 () max_eq=2.38418579101562e-07 (a1_balance(331)) max_lb=0 () max_ub=0 () max_int=0 () avg_viol=2.29948173286978e-09 p95_viol=5.50670620214078e-14 p99_viol=7.82310962677002e-08 max_viol_rel=2.22932783344731e-13 max_viol_relact=1.44956663204685e-15 viol_le_count=0 viol_ge_count=0 viol_eq_count=0 viol_lb_count=0 viol_ub_count=0 viol_int_count=0 missing_values=0 obj_original_recalc=-1586024.93180688
[32m[success] Resultados guardados correctamente en /clusteruy/home/mathiasr/generator-aware-row-scaling/results-revision/final-variants/gurobi_sgtm_1pct/resultados/instance027_base.csv[0m
[32m[success] Archivo CSV generado correctamente[0m

[POST DEBUG] ===== INICIO POSTPROCESAMIENTO GLOBAL =====

[SG POST] ===== Diagnóstico SaltoGrande =====
[SG POST] periodos = 360
[SG POST] periodosPotenciaRealMayorMIP = 359
[SG POST] periodosPotenciaRealMenorMIP = 1
[SG POST] periodosConWhile = 359
[SG POST] cantidadWhile = 4182061
[SG POST] periodosConErrorFinal = 1
[SG POST] sumaGMip = 196747.786246221
[SG POST] sumaGRealInicial = 206344.792636066
[SG POST] sumaGRealFinal = 196778.829501676
[SG POST] sumaDeltaGInicial = 9597.00638984537
[SG POST] sumaDeltaGFinal = 31.0432554558057
[SG POST] maxAbsDeltaGInicial = 97.0043019797414
[SG POST] maxAbsDeltaGFinal = 4.45672452269906
[SG POST] sumaDeltaX = -41820.6100007156
[SG POST] sumaDeltaY = 41820.6099999914
[SG POST] ===================================

[POST DEBUG] --- DESPUÉS DE AGENTES ---
[POST DEBUG] Agentes | g1 antes=196747.786246221 despues=196747.786246221 delta=0
[POST DEBUG] Agentes | g2 antes=187.10687688975 despues=187.10687688975 delta=0
[POST DEBUG] Agentes | g antes=98561 despues=98561 delta=0
[POST DEBUG] Agentes | costoFalla antes=0 despues=0 delta=0
[POST DEBUG] --- DESPUÉS DE DESPACHO ---
[POST DEBUG] Despacho | g1 antes=196747.786246221 despues=196747.786246221 delta=0
[POST DEBUG] Despacho | g2 antes=187.10687688975 despues=187.10687688975 delta=0
[POST DEBUG] Despacho | g antes=98561 despues=98561 delta=0
[POST DEBUG] Despacho | costoFalla antes=0 despues=0 delta=0
[POST DEBUG] --- TOTAL ANTES VS FINAL ---
[POST DEBUG] Final | g1 antes=196747.786246221 despues=196747.786246221 delta=0
[POST DEBUG] Final | g2 antes=187.10687688975 despues=187.10687688975 delta=0
[POST DEBUG] Final | g antes=98561 despues=98561 delta=0
[POST DEBUG] Final | costoFalla antes=0 despues=0 delta=0
[POST DEBUG] valorFOOriginal = -1586024.93180688
[POST DEBUG] valorFOPostProcesado = -1586024.93180688
[POST DEBUG] deltaFO = 0
[POST DEBUG] ===== FIN POSTPROCESAMIENTO GLOBAL =====

[32m[success] Post-procesamiento completado. Nuevo valor F.O.: -1586024.931806877721101[0m
[VERIF ORIGINAL] etapa=postprocesado max_le=72.5544409604103 (a1_salto_grande_tangente_2(356)) max_ge=0 () max_eq=3.29688191413879e-05 (a1_balance(356)) max_lb=0 () max_ub=0 () max_int=0 () avg_viol=1.14905085818868 p95_viol=5.1321480599136 p99_viol=33.2726408910013 max_viol_rel=36.4313671026347 max_viol_relact=0.0701186161332533 viol_le_count=1924 viol_ge_count=0 viol_eq_count=273 viol_lb_count=0 viol_ub_count=0 viol_int_count=0 missing_values=0 obj_original_recalc=-1586024.93180688
[32m[success] Resultados guardados correctamente en /clusteruy/home/mathiasr/generator-aware-row-scaling/results-revision/final-variants/gurobi_sgtm_1pct/resultados/instance027_base_postprocesado.csv[0m
> [32m[success] Saliendo del programa...[0m
[32m[success] SystemController destruido[0m
