[32m[success] SystemController creado[0m
> [32m[success] El programa se ha iniciado correctamente[0m
> > 
========== DEBUG CONSTRUCTOR RioNegroBoneteNoLineal ==========
volumenesBonete.size()         = 118
valoresBellman.size()          = 118
derivadasValoresBellman.size() = 118
volumenesBonete.front() = 1487
volumenesBonete.back()  = 10239.8139534883
==============================================================

[info] RioNegroNoLineal: activación de tramos de altura horaria
[32m[success] Se ha creado el agente 'Río Negro Bonete No Lineal' exitosamente[0m
> > [34m[info] Agregando agente Salto Grande[0m
[34m[info] Ingrese costo de agua de Salto Grande:[0m
[34m[info] Ingrese volumen inicial de Salto Grande:[0m
[34m[info] Ingrese aportes de Salto Grande en una sola línea (360 valores):[0m
[info] SaltoGrande: activación de tramos de altura horaria
[32m[success] Se ha creado el agente 'Salto Grande' exitosamente[0m
> > [34m[info] Agregando agente Unidad Térmica Simple[0m
[34m[info] Ingrese potencia máxima de la unidad térmica simple:[0m
[34m[info] Ingrese costo variable de la unidad térmica simple:[0m
[32m[success] Se ha creado el agente 'Unidad Térmica Simple' exitosamente[0m
> > [34m[info] Agregando agente Demanda Fija[0m
[34m[info] Ingrese demandas en una sola línea (360 valores):[0m
[32m[success] Se ha creado el agente 'Demanda Fija' exitosamente[0m
> > [34m[info] Creando despacho de mercado[0m
[34m[info] Modo: despacho de mercado con demanda total explícita[0m
[34m[info] Ingrese cantidad de tramos del despacho de mercado:[0m
[34m[info] Ingrese porcentajes acumulados de los tramos en una sola línea (4 valores):[0m
[34m[info] Ingrese costos marginales de los tramos en una sola línea (4 valores):[0m
[34m[info] Ingrese demanda total en una sola línea (360 valores):[0m
[32m[success] Se ha creado el despacho de mercado exitosamente[0m
> > [32m[success] Solver 'DummyLp' configurado | timeout=1800s | mipgap=0.0001[0m
> 
========== DEBUG RANGO BONETE ==========
volumenInicialBonete [m3] = 6128466000
v0 [hm3]                  = 6128.466
vRef1 [hm3]               = 5209.1961
vRef2 [hm3]               = 6128.466
vRef3 [hm3]               = 7047.7359
min volumen Bellman [hm3] = 1487
max volumen Bellman [hm3] = 10239.8139534883
========================================


========== DEBUG Bonete Bellman ==========
volumenesBonete.size()          = 118
valoresBellman.size()           = 118
derivadasValoresBellman.size()  = 118
v0 [hm3]       = 6128.466
i0             = 62
vCorte0 [hm3]  = 6125.24329159213
B0 = B(vCorte0)= 68904316.3858573
Corte 1:
  vRef1 [hm3]       = 5209.1961
  i1                = 50
  vCorte1 [hm3]     = 5227.51878354204
  B1                = 67425280.3042261
  q1 [costo/hm3]    = 2037.66445969569
  coef1 [costo/m3]  = 0.00203766445969569
  rhs1              = 12130965.3192465
Corte 2:
  vRef2 [hm3]       = 6128.466
  i2                = 62
  vCorte2 [hm3]     = 6125.24329159213
  B2                = 68904316.3858573
  q2 [costo/hm3]    = 1257.41341412506
  coef2 [costo/m3]  = 0.00125741341412506
  rhs2              = 7701963.07962748
Corte 3:
  vRef3 [hm3]       = 7047.7359
  i3                = 74
  vCorte3 [hm3]     = 7022.96779964222
  B3                = 69683445.0821965
  q3 [costo/hm3]    = 491.68176492482
  coef3 [costo/m3]  = 0.00049168176492482
  rhs3              = 2673936.50639908
Variable final usada: a1_v1h(360)
Variable delta usada: a1_delta1h
Restriccion 1 esperada: a1_delta1h + (0.00203766445969569) * a1_v1h(360) >= 12130965.3192465
Restriccion 2 esperada: a1_delta1h + (0.00125741341412506) * a1_v1h(360) >= 7701963.07962748
Restriccion 3 esperada: a1_delta1h + (0.00049168176492482) * a1_v1h(360) >= 2673936.50639908
==========================================

[DEBUG Despacho] j=0 idGen=1 coefParticipacionDespacho=1
[DEBUG Despacho] j=1 idGen=2 coefParticipacionDespacho=0.5
[DEBUG Despacho] j=2 idGen=3 coefParticipacionDespacho=1

[DEBUG Despacho] Cantidad de generadores = 3
[DEBUG Despacho] j=0 puntero=0x60c807f36fd0 idGen=1 coefParticipacionDespacho=1
[DEBUG Despacho] j=1 puntero=0x60c807f31a80 idGen=2 coefParticipacionDespacho=0.5
[DEBUG Despacho] j=2 puntero=0x60c807f32780 idGen=3 coefParticipacionDespacho=1
[PREPROC] modo plano: 23763 filas tratadas como un unico bloque sin roles (kernel geomean por fila)
[PREPROC PHASES] metadata_s=0.001072067 diagnostico_s=0.028774401 aplicacion_s=0.055222053

------------------------------------------------------------
  PREPROCESAMIENTO MIP - Diagnostico Numerico
------------------------------------------------------------
Rango de coeficientes (toda la matriz):
  max |coef| = 2.687e+08
  min |coef| = 1.016e-05
  proxy rango= 2.644e+13

Diagnostico por bloque:
Bloque              max|coef|      min|coef|      kappa_aprox   vars    alpha     beta      cols      disc_omit aux_omit  escalado
------------------------------------------------------------------------------------------------------------------------------
plano               2.687e+08      1.016e-05      2.64e+13      0       3.08e-02  1.00e+00  0         0         0         SI  (filas=18003, alpha_min=1.02e-05, alpha_max=4.51e+01)

Restriccion(es) global(es): 0 fila(s)
  acoplamiento balance = 0 fila(s)
  global no acoplante  = 0 fila(s)
  rho aprox (solo acoplamiento) = 0.000e+00
  gamma acoplamiento   = 1.000000
  gamma candidato      = 1.000000
  filas acop. escaladas= no
  filas normaliz. fisica= 0
  motivo gamma=1       = rho bajo; no se escala la fila de acoplamiento

ADVERTENCIAS:
  [!] Rango de coeficientes elevado (26439375218188). Riesgo de sensibilidad numerica.
  [!] Bloque 'plano' internamente mal escalado (kappa~26439375218188). Conviene comparar equilibrado interno por filas/columnas.
------------------------------------------------------------

------------------------------------------------------------
  COMPARACION NUMERICA ANTES / DESPUES
------------------------------------------------------------
Indicador                   antes           despues         despues/antes
----------------------------------------------------------------------------
rango global                1.969e+13       2.644e+13       1.343e+00
rho acoplamiento            0.000e+00       0.000e+00       0.000e+00
gamma aplicado              1.000000        1.000000        1.000000

Bloques locales:
Bloque              kappa antes     kappa despues   alpha       beta        filas       cols        disc_omit   aux_omit    escalado
------------------------------------------------------------------------------------------------------------------------------------
plano               1.969e+13       2.644e+13       3.085e-02   1.000e+00   18003       0           0           0           SI

Interpretacion: valores despues/antes menores que 1 indican mejora del proxy.
rho se calcula solo con filas de acoplamiento; las cotas de demanda sobre g quedan fuera.
El escalamiento local activo fue solo por fila: alpha_r = 1/sqrt(M_r*m_r).
------------------------------------------------------------

[PREPROC TIME] variante=matricial_plano tiempo_s=0.085319882 u=2 K=4 epsMin=1e-09 epsMax=1000000000
[32m[success] Preprocesamiento aplicado.[0m
> [pipeline] Preprocesamiento seleccionado: Ninguno
[pipeline] Modelo interno sin modificaciones de preprocesamiento.
Archivo LP guardado en: /home/mathiasr/Escritorio/generator-aware-row-scaling/results-revision/research-audit/fixed-basis-final-20260914/fresh/full/instance019/Flat-GM.lp
[32m[success] Se ha guardado el modelo exitosamente[0m
> [32m[success] Saliendo del programa...[0m
[32m[success] SystemController destruido[0m
