LP Base has 23763 rows; 16561 cols; 57555 nonzeros
Coefficient ranges:
  Matrix  [5e-04, 1e+10]
  Cost    [1e-04, 1e+02]
  Bound   [1e+00, 1e+10]
  RHS     [5e+00, 7e+09]
WARNING: Problem has some excessively large column bounds
WARNING: Problem has some excessively large row bounds
WARNING:    Consider scaling the    bounds by 1e-5, or setting the user_bound_scale option to -14
Presolving model
23395 rows, 16552 cols, 57162 nonzeros 0s
Dependent equations search running on 2512 equations with time limit of 3.00s
Dependent equations search removed 0 rows and 0 nonzeros in 0.00s (limit = 3.00s)
22278 rows, 15472 cols, 54928 nonzeros 0s
Presolve reductions: rows 22278(-1485); columns 15472(-1089); nonzeros 54928(-2627) 
Solving the presolved LP
Using dual simplex solver
  Iteration        Objective     Infeasibilities num(sum)
          0    -2.0000000000e+03 Ph1: 3(2500); Du: 1(2) 0.1s
       8604    -1.4428426706e+06 Pr: 1729(5.61152e+08); Du: 0(6.36357e-07) 5.3s
      12948    -1.4386260529e+06 Pr: 1610(2.91969e+07); Du: 0(1.64554e-07) 10.5s
      16705    -1.4081585794e+06 Pr: 0(0) 13.7s
      16705    -1.4081585794e+06 Pr: 0(0) 13.7s

Performed postsolve
Solving the original LP from the solution after postsolve

Model name          : Base
Model status        : Optimal
Simplex   iterations: 16705
Objective value     : -1.4081585794e+06
P-D objective error :  9.0939195636e-15
HiGHS run time      :         13.75
