[32m[success] SystemController creado[0m
> Archivo LP guardado en: /home/mathiasr/Escritorio/generator-aware-row-scaling/results-revision/research-audit/identifiability-final/R3_S6_coupling/lp/coupling_S6_seed20260909_Base.lp
[PREPROC PHASES] metadata_s=7.8517e-05 diagnostico_s=8.7905e-05 aplicacion_s=8.7879e-05
Archivo LP guardado en: /home/mathiasr/Escritorio/generator-aware-row-scaling/results-revision/research-audit/identifiability-final/R3_S6_coupling/lp/coupling_S6_seed20260909_SAMat.lp
[PREPROC] modo plano: 43 filas tratadas como un unico bloque sin roles (kernel geomean por fila)
[PREPROC PHASES] metadata_s=2.741e-06 diagnostico_s=5.3416e-05 aplicacion_s=5.5879e-05
Archivo LP guardado en: /home/mathiasr/Escritorio/generator-aware-row-scaling/results-revision/research-audit/identifiability-final/R3_S6_coupling/lp/coupling_S6_seed20260909_FlatGM.lp
[PREPROC] modo plano: 43 filas tratadas como un unico bloque sin roles (kernel geomean por fila)
[PREPROC PHASES] metadata_s=2.466e-06 diagnostico_s=5.0473e-05 aplicacion_s=5.2419e-05
Archivo LP guardado en: /home/mathiasr/Escritorio/generator-aware-row-scaling/results-revision/research-audit/identifiability-final/R3_S6_coupling/lp/coupling_S6_seed20260909_FlatL2.lp
[PREPROC PHASES] metadata_s=8.3577e-05 diagnostico_s=0.000140805 aplicacion_s=4.9874e-05
Archivo LP guardado en: /home/mathiasr/Escritorio/generator-aware-row-scaling/results-revision/research-audit/identifiability-final/R3_S6_coupling/lp/coupling_S6_seed20260909_RoleHybrid.lp
[PREPROC PHASES] metadata_s=5.048e-05 diagnostico_s=4.7455e-05 aplicacion_s=5.8575e-05
Archivo LP guardado en: /home/mathiasr/Escritorio/generator-aware-row-scaling/results-revision/research-audit/identifiability-final/R3_S6_coupling/lp/coupling_S6_seed20260909_SAMatpermB.lp
Archivo LP guardado en: /home/mathiasr/Escritorio/generator-aware-row-scaling/results-revision/research-audit/identifiability-final/R3_S6_coupling/lp/coupling_S6_seed20260910_Base.lp
[PREPROC PHASES] metadata_s=4.8844e-05 diagnostico_s=4.7385e-05 aplicacion_s=4.5956e-05
Archivo LP guardado en: /home/mathiasr/Escritorio/generator-aware-row-scaling/results-revision/research-audit/identifiability-final/R3_S6_coupling/lp/coupling_S6_seed20260910_SAMat.lp
[PREPROC] modo plano: 43 filas tratadas como un unico bloque sin roles (kernel geomean por fila)
[PREPROC PHASES] metadata_s=1.612e-06 diagnostico_s=2.9922e-05 aplicacion_s=3.1664e-05
Archivo LP guardado en: /home/mathiasr/Escritorio/generator-aware-row-scaling/results-revision/research-audit/identifiability-final/R3_S6_coupling/lp/coupling_S6_seed20260910_FlatGM.lp
[PREPROC] modo plano: 43 filas tratadas como un unico bloque sin roles (kernel geomean por fila)
[PREPROC PHASES] metadata_s=1.477e-06 diagnostico_s=2.9154e-05 aplicacion_s=3.134e-05
Archivo LP guardado en: /home/mathiasr/Escritorio/generator-aware-row-scaling/results-revision/research-audit/identifiability-final/R3_S6_coupling/lp/coupling_S6_seed20260910_FlatL2.lp
[PREPROC PHASES] metadata_s=4.917e-05 diagnostico_s=4.6388e-05 aplicacion_s=4.3887e-05
Archivo LP guardado en: /home/mathiasr/Escritorio/generator-aware-row-scaling/results-revision/research-audit/identifiability-final/R3_S6_coupling/lp/coupling_S6_seed20260910_RoleHybrid.lp
[PREPROC PHASES] metadata_s=4.9435e-05 diagnostico_s=4.6423e-05 aplicacion_s=5.7939e-05
Archivo LP guardado en: /home/mathiasr/Escritorio/generator-aware-row-scaling/results-revision/research-audit/identifiability-final/R3_S6_coupling/lp/coupling_S6_seed20260910_SAMatpermB.lp
Archivo LP guardado en: /home/mathiasr/Escritorio/generator-aware-row-scaling/results-revision/research-audit/identifiability-final/R3_S6_coupling/lp/coupling_S6_seed20260911_Base.lp
[PREPROC PHASES] metadata_s=4.9784e-05 diagnostico_s=5.1073e-05 aplicacion_s=4.5943e-05
Archivo LP guardado en: /home/mathiasr/Escritorio/generator-aware-row-scaling/results-revision/research-audit/identifiability-final/R3_S6_coupling/lp/coupling_S6_seed20260911_SAMat.lp
[PREPROC] modo plano: 43 filas tratadas como un unico bloque sin roles (kernel geomean por fila)
[PREPROC PHASES] metadata_s=1.332e-06 diagnostico_s=2.9997e-05 aplicacion_s=3.1885e-05
Archivo LP guardado en: /home/mathiasr/Escritorio/generator-aware-row-scaling/results-revision/research-audit/identifiability-final/R3_S6_coupling/lp/coupling_S6_seed20260911_FlatGM.lp
[PREPROC] modo plano: 43 filas tratadas como un unico bloque sin roles (kernel geomean por fila)
[PREPROC PHASES] metadata_s=1.268e-06 diagnostico_s=2.8905e-05 aplicacion_s=3.1113e-05
Archivo LP guardado en: /home/mathiasr/Escritorio/generator-aware-row-scaling/results-revision/research-audit/identifiability-final/R3_S6_coupling/lp/coupling_S6_seed20260911_FlatL2.lp
[PREPROC PHASES] metadata_s=4.8697e-05 diagnostico_s=4.5847e-05 aplicacion_s=4.3396e-05
Archivo LP guardado en: /home/mathiasr/Escritorio/generator-aware-row-scaling/results-revision/research-audit/identifiability-final/R3_S6_coupling/lp/coupling_S6_seed20260911_RoleHybrid.lp
[PREPROC PHASES] metadata_s=5.227e-05 diagnostico_s=4.5378e-05 aplicacion_s=5.4616e-05
Archivo LP guardado en: /home/mathiasr/Escritorio/generator-aware-row-scaling/results-revision/research-audit/identifiability-final/R3_S6_coupling/lp/coupling_S6_seed20260911_SAMatpermB.lp
Archivo LP guardado en: /home/mathiasr/Escritorio/generator-aware-row-scaling/results-revision/research-audit/identifiability-final/R3_S6_coupling/lp/coupling_S6_seed20260912_Base.lp
[PREPROC PHASES] metadata_s=5.4502e-05 diagnostico_s=4.6841e-05 aplicacion_s=4.4875e-05
Archivo LP guardado en: /home/mathiasr/Escritorio/generator-aware-row-scaling/results-revision/research-audit/identifiability-final/R3_S6_coupling/lp/coupling_S6_seed20260912_SAMat.lp
[PREPROC] modo plano: 43 filas tratadas como un unico bloque sin roles (kernel geomean por fila)
[PREPROC PHASES] metadata_s=1.374e-06 diagnostico_s=2.9819e-05 aplicacion_s=3.1077e-05
Archivo LP guardado en: /home/mathiasr/Escritorio/generator-aware-row-scaling/results-revision/research-audit/identifiability-final/R3_S6_coupling/lp/coupling_S6_seed20260912_FlatGM.lp
[PREPROC] modo plano: 43 filas tratadas como un unico bloque sin roles (kernel geomean por fila)
[PREPROC PHASES] metadata_s=1.277e-06 diagnostico_s=2.8426e-05 aplicacion_s=3.5744e-05
Archivo LP guardado en: /home/mathiasr/Escritorio/generator-aware-row-scaling/results-revision/research-audit/identifiability-final/R3_S6_coupling/lp/coupling_S6_seed20260912_FlatL2.lp
[PREPROC PHASES] metadata_s=4.952e-05 diagnostico_s=4.6179e-05 aplicacion_s=4.278e-05
Archivo LP guardado en: /home/mathiasr/Escritorio/generator-aware-row-scaling/results-revision/research-audit/identifiability-final/R3_S6_coupling/lp/coupling_S6_seed20260912_RoleHybrid.lp
[PREPROC PHASES] metadata_s=4.9225e-05 diagnostico_s=4.5659e-05 aplicacion_s=5.6032e-05
Archivo LP guardado en: /home/mathiasr/Escritorio/generator-aware-row-scaling/results-revision/research-audit/identifiability-final/R3_S6_coupling/lp/coupling_S6_seed20260912_SAMatpermB.lp
Archivo LP guardado en: /home/mathiasr/Escritorio/generator-aware-row-scaling/results-revision/research-audit/identifiability-final/R3_S6_coupling/lp/coupling_S6_seed20260913_Base.lp
[PREPROC PHASES] metadata_s=5.0331e-05 diagnostico_s=4.7625e-05 aplicacion_s=4.605e-05
Archivo LP guardado en: /home/mathiasr/Escritorio/generator-aware-row-scaling/results-revision/research-audit/identifiability-final/R3_S6_coupling/lp/coupling_S6_seed20260913_SAMat.lp
[PREPROC] modo plano: 43 filas tratadas como un unico bloque sin roles (kernel geomean por fila)
[PREPROC PHASES] metadata_s=1.509e-06 diagnostico_s=3.1985e-05 aplicacion_s=3.4478e-05
Archivo LP guardado en: /home/mathiasr/Escritorio/generator-aware-row-scaling/results-revision/research-audit/identifiability-final/R3_S6_coupling/lp/coupling_S6_seed20260913_FlatGM.lp
[PREPROC] modo plano: 43 filas tratadas como un unico bloque sin roles (kernel geomean por fila)
[PREPROC PHASES] metadata_s=1.76e-06 diagnostico_s=3.26e-05 aplicacion_s=3.4779e-05
Archivo LP guardado en: /home/mathiasr/Escritorio/generator-aware-row-scaling/results-revision/research-audit/identifiability-final/R3_S6_coupling/lp/coupling_S6_seed20260913_FlatL2.lp
[PREPROC PHASES] metadata_s=5.6699e-05 diagnostico_s=5.1908e-05 aplicacion_s=4.8128e-05
Archivo LP guardado en: /home/mathiasr/Escritorio/generator-aware-row-scaling/results-revision/research-audit/identifiability-final/R3_S6_coupling/lp/coupling_S6_seed20260913_RoleHybrid.lp
[PREPROC PHASES] metadata_s=5.2854e-05 diagnostico_s=4.6657e-05 aplicacion_s=5.6268e-05
Archivo LP guardado en: /home/mathiasr/Escritorio/generator-aware-row-scaling/results-revision/research-audit/identifiability-final/R3_S6_coupling/lp/coupling_S6_seed20260913_SAMatpermB.lp
Archivo LP guardado en: /home/mathiasr/Escritorio/generator-aware-row-scaling/results-revision/research-audit/identifiability-final/R3_S6_coupling/lp/coupling_S6_seed20260914_Base.lp
[PREPROC PHASES] metadata_s=4.8803e-05 diagnostico_s=4.691e-05 aplicacion_s=4.5746e-05
Archivo LP guardado en: /home/mathiasr/Escritorio/generator-aware-row-scaling/results-revision/research-audit/identifiability-final/R3_S6_coupling/lp/coupling_S6_seed20260914_SAMat.lp
[PREPROC] modo plano: 43 filas tratadas como un unico bloque sin roles (kernel geomean por fila)
[PREPROC PHASES] metadata_s=1.354e-06 diagnostico_s=3.0257e-05 aplicacion_s=3.0756e-05
Archivo LP guardado en: /home/mathiasr/Escritorio/generator-aware-row-scaling/results-revision/research-audit/identifiability-final/R3_S6_coupling/lp/coupling_S6_seed20260914_FlatGM.lp
[PREPROC] modo plano: 43 filas tratadas como un unico bloque sin roles (kernel geomean por fila)
[PREPROC PHASES] metadata_s=1.193e-06 diagnostico_s=2.8514e-05 aplicacion_s=3.1014e-05
Archivo LP guardado en: /home/mathiasr/Escritorio/generator-aware-row-scaling/results-revision/research-audit/identifiability-final/R3_S6_coupling/lp/coupling_S6_seed20260914_FlatL2.lp
[PREPROC PHASES] metadata_s=4.9189e-05 diagnostico_s=4.6928e-05 aplicacion_s=4.2691e-05
Archivo LP guardado en: /home/mathiasr/Escritorio/generator-aware-row-scaling/results-revision/research-audit/identifiability-final/R3_S6_coupling/lp/coupling_S6_seed20260914_RoleHybrid.lp
[PREPROC PHASES] metadata_s=4.9449e-05 diagnostico_s=4.6473e-05 aplicacion_s=5.448e-05
Archivo LP guardado en: /home/mathiasr/Escritorio/generator-aware-row-scaling/results-revision/research-audit/identifiability-final/R3_S6_coupling/lp/coupling_S6_seed20260914_SAMatpermB.lp
Archivo LP guardado en: /home/mathiasr/Escritorio/generator-aware-row-scaling/results-revision/research-audit/identifiability-final/R3_S6_coupling/lp/coupling_S6_seed20260915_Base.lp
[PREPROC PHASES] metadata_s=4.9713e-05 diagnostico_s=4.6979e-05 aplicacion_s=4.5864e-05
Archivo LP guardado en: /home/mathiasr/Escritorio/generator-aware-row-scaling/results-revision/research-audit/identifiability-final/R3_S6_coupling/lp/coupling_S6_seed20260915_SAMat.lp
[PREPROC] modo plano: 43 filas tratadas como un unico bloque sin roles (kernel geomean por fila)
[PREPROC PHASES] metadata_s=1.364e-06 diagnostico_s=2.9936e-05 aplicacion_s=3.2358e-05
Archivo LP guardado en: /home/mathiasr/Escritorio/generator-aware-row-scaling/results-revision/research-audit/identifiability-final/R3_S6_coupling/lp/coupling_S6_seed20260915_FlatGM.lp
[PREPROC] modo plano: 43 filas tratadas como un unico bloque sin roles (kernel geomean por fila)
[PREPROC PHASES] metadata_s=1.262e-06 diagnostico_s=2.9673e-05 aplicacion_s=3.1433e-05
Archivo LP guardado en: /home/mathiasr/Escritorio/generator-aware-row-scaling/results-revision/research-audit/identifiability-final/R3_S6_coupling/lp/coupling_S6_seed20260915_FlatL2.lp
[PREPROC PHASES] metadata_s=4.9627e-05 diagnostico_s=4.6737e-05 aplicacion_s=4.813e-05
Archivo LP guardado en: /home/mathiasr/Escritorio/generator-aware-row-scaling/results-revision/research-audit/identifiability-final/R3_S6_coupling/lp/coupling_S6_seed20260915_RoleHybrid.lp
[PREPROC PHASES] metadata_s=4.9306e-05 diagnostico_s=4.6217e-05 aplicacion_s=5.6268e-05
Archivo LP guardado en: /home/mathiasr/Escritorio/generator-aware-row-scaling/results-revision/research-audit/identifiability-final/R3_S6_coupling/lp/coupling_S6_seed20260915_SAMatpermB.lp
Archivo LP guardado en: /home/mathiasr/Escritorio/generator-aware-row-scaling/results-revision/research-audit/identifiability-final/R3_S6_coupling/lp/coupling_S6_seed20260916_Base.lp
[PREPROC PHASES] metadata_s=4.9273e-05 diagnostico_s=4.664e-05 aplicacion_s=4.6852e-05
Archivo LP guardado en: /home/mathiasr/Escritorio/generator-aware-row-scaling/results-revision/research-audit/identifiability-final/R3_S6_coupling/lp/coupling_S6_seed20260916_SAMat.lp
[PREPROC] modo plano: 43 filas tratadas como un unico bloque sin roles (kernel geomean por fila)
[PREPROC PHASES] metadata_s=1.368e-06 diagnostico_s=3.017e-05 aplicacion_s=3.1711e-05
Archivo LP guardado en: /home/mathiasr/Escritorio/generator-aware-row-scaling/results-revision/research-audit/identifiability-final/R3_S6_coupling/lp/coupling_S6_seed20260916_FlatGM.lp
[PREPROC] modo plano: 43 filas tratadas como un unico bloque sin roles (kernel geomean por fila)
[PREPROC PHASES] metadata_s=1.27e-06 diagnostico_s=2.9363e-05 aplicacion_s=3.8342e-05
Archivo LP guardado en: /home/mathiasr/Escritorio/generator-aware-row-scaling/results-revision/research-audit/identifiability-final/R3_S6_coupling/lp/coupling_S6_seed20260916_FlatL2.lp
[PREPROC PHASES] metadata_s=4.9187e-05 diagnostico_s=4.6326e-05 aplicacion_s=4.4098e-05
Archivo LP guardado en: /home/mathiasr/Escritorio/generator-aware-row-scaling/results-revision/research-audit/identifiability-final/R3_S6_coupling/lp/coupling_S6_seed20260916_RoleHybrid.lp
[PREPROC PHASES] metadata_s=4.9397e-05 diagnostico_s=4.604e-05 aplicacion_s=5.5242e-05
Archivo LP guardado en: /home/mathiasr/Escritorio/generator-aware-row-scaling/results-revision/research-audit/identifiability-final/R3_S6_coupling/lp/coupling_S6_seed20260916_SAMatpermB.lp
Archivo LP guardado en: /home/mathiasr/Escritorio/generator-aware-row-scaling/results-revision/research-audit/identifiability-final/R3_S6_coupling/lp/coupling_S6_seed20260917_Base.lp
[PREPROC PHASES] metadata_s=4.9169e-05 diagnostico_s=4.6619e-05 aplicacion_s=4.4275e-05
Archivo LP guardado en: /home/mathiasr/Escritorio/generator-aware-row-scaling/results-revision/research-audit/identifiability-final/R3_S6_coupling/lp/coupling_S6_seed20260917_SAMat.lp
[PREPROC] modo plano: 43 filas tratadas como un unico bloque sin roles (kernel geomean por fila)
[PREPROC PHASES] metadata_s=1.585e-06 diagnostico_s=3.0534e-05 aplicacion_s=3.1247e-05
Archivo LP guardado en: /home/mathiasr/Escritorio/generator-aware-row-scaling/results-revision/research-audit/identifiability-final/R3_S6_coupling/lp/coupling_S6_seed20260917_FlatGM.lp
[PREPROC] modo plano: 43 filas tratadas como un unico bloque sin roles (kernel geomean por fila)
[PREPROC PHASES] metadata_s=1.093e-06 diagnostico_s=2.9508e-05 aplicacion_s=3.1623e-05
Archivo LP guardado en: /home/mathiasr/Escritorio/generator-aware-row-scaling/results-revision/research-audit/identifiability-final/R3_S6_coupling/lp/coupling_S6_seed20260917_FlatL2.lp
[PREPROC PHASES] metadata_s=4.9256e-05 diagnostico_s=4.5937e-05 aplicacion_s=4.2122e-05
Archivo LP guardado en: /home/mathiasr/Escritorio/generator-aware-row-scaling/results-revision/research-audit/identifiability-final/R3_S6_coupling/lp/coupling_S6_seed20260917_RoleHybrid.lp
[PREPROC PHASES] metadata_s=5.4032e-05 diagnostico_s=4.6121e-05 aplicacion_s=5.5533e-05
Archivo LP guardado en: /home/mathiasr/Escritorio/generator-aware-row-scaling/results-revision/research-audit/identifiability-final/R3_S6_coupling/lp/coupling_S6_seed20260917_SAMatpermB.lp
Archivo LP guardado en: /home/mathiasr/Escritorio/generator-aware-row-scaling/results-revision/research-audit/identifiability-final/R3_S6_coupling/lp/coupling_S6_seed20260918_Base.lp
[PREPROC PHASES] metadata_s=4.9489e-05 diagnostico_s=4.6136e-05 aplicacion_s=4.5323e-05
Archivo LP guardado en: /home/mathiasr/Escritorio/generator-aware-row-scaling/results-revision/research-audit/identifiability-final/R3_S6_coupling/lp/coupling_S6_seed20260918_SAMat.lp
[PREPROC] modo plano: 43 filas tratadas como un unico bloque sin roles (kernel geomean por fila)
[PREPROC PHASES] metadata_s=1.294e-06 diagnostico_s=3.0361e-05 aplicacion_s=3.1342e-05
Archivo LP guardado en: /home/mathiasr/Escritorio/generator-aware-row-scaling/results-revision/research-audit/identifiability-final/R3_S6_coupling/lp/coupling_S6_seed20260918_FlatGM.lp
[PREPROC] modo plano: 43 filas tratadas como un unico bloque sin roles (kernel geomean por fila)
[PREPROC PHASES] metadata_s=1.339e-06 diagnostico_s=2.8994e-05 aplicacion_s=3.147e-05
Archivo LP guardado en: /home/mathiasr/Escritorio/generator-aware-row-scaling/results-revision/research-audit/identifiability-final/R3_S6_coupling/lp/coupling_S6_seed20260918_FlatL2.lp
[PREPROC PHASES] metadata_s=4.9473e-05 diagnostico_s=4.6036e-05 aplicacion_s=4.2629e-05
Archivo LP guardado en: /home/mathiasr/Escritorio/generator-aware-row-scaling/results-revision/research-audit/identifiability-final/R3_S6_coupling/lp/coupling_S6_seed20260918_RoleHybrid.lp
[PREPROC PHASES] metadata_s=4.9856e-05 diagnostico_s=4.6414e-05 aplicacion_s=5.4863e-05
Archivo LP guardado en: /home/mathiasr/Escritorio/generator-aware-row-scaling/results-revision/research-audit/identifiability-final/R3_S6_coupling/lp/coupling_S6_seed20260918_SAMatpermB.lp
[32m[success] Benchmark sintético: 60 corridas (instancia × variante). CSV: /home/mathiasr/Escritorio/generator-aware-row-scaling/results-revision/research-audit/identifiability-final/R3_S6_coupling/metrics.csv[0m
> [32m[success] Saliendo del programa...[0m
[32m[success] SystemController destruido[0m
