LP Base has 23763 rows; 16561 cols; 57555 nonzeros
Coefficient ranges:
  Matrix  [2e-04, 1e+10]
  Cost    [2e-04, 1e+02]
  Bound   [1e+00, 1e+10]
  RHS     [5e+00, 8e+09]
WARNING: Problem has some excessively large column bounds
WARNING: Problem has some excessively large row bounds
WARNING:    Consider scaling the    bounds by 1e-5, or setting the user_bound_scale option to -14
Presolving model
23395 rows, 16551 cols, 57161 nonzeros 0s
Dependent equations search running on 2512 equations with time limit of 3.00s
Dependent equations search removed 0 rows and 0 nonzeros in 0.00s (limit = 3.00s)
22310 rows, 15471 cols, 54991 nonzeros 0s
Presolve reductions: rows 22310(-1453); columns 15471(-1090); nonzeros 54991(-2564) 
Solving the presolved LP
Using dual simplex solver
  Iteration        Objective     Infeasibilities num(sum)
          0    -1.0000000000e+03 Ph1: 3(2500); Du: 1(1) 0.2s
       8868    -1.0804359149e+06 Pr: 2131(1.7981e+09); Du: 0(7.34051e-07) 5.3s
      13469    -9.7197548153e+05 Pr: 3356(7.1678e+08); Du: 0(3.26952e-08) 10.4s
      18326    -7.9070965115e+05 Pr: 3374(9.34418e+07) 15.4s
      22059    -7.3393714273e+05 Pr: 510(1.04865e+08) 20.6s
      22485    -7.4370722458e+05 Pr: 0(0) 21.1s
      22485    -7.4370722458e+05 Pr: 0(0) 21.1s

Performed postsolve
Solving the original LP from the solution after postsolve

Model name          : Base
Model status        : Optimal
Simplex   iterations: 22485
Objective value     : -7.4370722458e+05
P-D objective error :  1.2287895448e-14
HiGHS run time      :         21.18
