[32m[success] SystemController creado[0m
> Archivo LP guardado en: /home/mathiasr/Escritorio/generator-aware-row-scaling/results-revision/research-audit/identifiability-final/R3_S3_coupling_uniform/lp/coupling_uniform_S3_seed20260909_Base.lp
[PREPROC PHASES] metadata_s=6.1556e-05 diagnostico_s=5.4803e-05 aplicacion_s=6.2873e-05
Archivo LP guardado en: /home/mathiasr/Escritorio/generator-aware-row-scaling/results-revision/research-audit/identifiability-final/R3_S3_coupling_uniform/lp/coupling_uniform_S3_seed20260909_SAMat.lp
[PREPROC] modo plano: 43 filas tratadas como un unico bloque sin roles (kernel geomean por fila)
[PREPROC PHASES] metadata_s=1.7e-06 diagnostico_s=3.7202e-05 aplicacion_s=4.1225e-05
Archivo LP guardado en: /home/mathiasr/Escritorio/generator-aware-row-scaling/results-revision/research-audit/identifiability-final/R3_S3_coupling_uniform/lp/coupling_uniform_S3_seed20260909_FlatGM.lp
[PREPROC] modo plano: 43 filas tratadas como un unico bloque sin roles (kernel geomean por fila)
[PREPROC PHASES] metadata_s=1.545e-06 diagnostico_s=3.73e-05 aplicacion_s=3.5874e-05
Archivo LP guardado en: /home/mathiasr/Escritorio/generator-aware-row-scaling/results-revision/research-audit/identifiability-final/R3_S3_coupling_uniform/lp/coupling_uniform_S3_seed20260909_FlatL2.lp
[PREPROC PHASES] metadata_s=5.6524e-05 diagnostico_s=5.26e-05 aplicacion_s=4.8934e-05
Archivo LP guardado en: /home/mathiasr/Escritorio/generator-aware-row-scaling/results-revision/research-audit/identifiability-final/R3_S3_coupling_uniform/lp/coupling_uniform_S3_seed20260909_RoleHybrid.lp
[PREPROC PHASES] metadata_s=5.9772e-05 diagnostico_s=5.0882e-05 aplicacion_s=6.0516e-05
Archivo LP guardado en: /home/mathiasr/Escritorio/generator-aware-row-scaling/results-revision/research-audit/identifiability-final/R3_S3_coupling_uniform/lp/coupling_uniform_S3_seed20260909_SAMatpermB.lp
Archivo LP guardado en: /home/mathiasr/Escritorio/generator-aware-row-scaling/results-revision/research-audit/identifiability-final/R3_S3_coupling_uniform/lp/coupling_uniform_S3_seed20260910_Base.lp
[PREPROC PHASES] metadata_s=5.8037e-05 diagnostico_s=4.9464e-05 aplicacion_s=5.2958e-05
Archivo LP guardado en: /home/mathiasr/Escritorio/generator-aware-row-scaling/results-revision/research-audit/identifiability-final/R3_S3_coupling_uniform/lp/coupling_uniform_S3_seed20260910_SAMat.lp
[PREPROC] modo plano: 43 filas tratadas como un unico bloque sin roles (kernel geomean por fila)
[PREPROC PHASES] metadata_s=1.631e-06 diagnostico_s=3.2103e-05 aplicacion_s=3.4713e-05
Archivo LP guardado en: /home/mathiasr/Escritorio/generator-aware-row-scaling/results-revision/research-audit/identifiability-final/R3_S3_coupling_uniform/lp/coupling_uniform_S3_seed20260910_FlatGM.lp
[PREPROC] modo plano: 43 filas tratadas como un unico bloque sin roles (kernel geomean por fila)
[PREPROC PHASES] metadata_s=1.331e-06 diagnostico_s=3.0878e-05 aplicacion_s=3.348e-05
Archivo LP guardado en: /home/mathiasr/Escritorio/generator-aware-row-scaling/results-revision/research-audit/identifiability-final/R3_S3_coupling_uniform/lp/coupling_uniform_S3_seed20260910_FlatL2.lp
[PREPROC PHASES] metadata_s=5.1329e-05 diagnostico_s=4.8283e-05 aplicacion_s=4.7348e-05
Archivo LP guardado en: /home/mathiasr/Escritorio/generator-aware-row-scaling/results-revision/research-audit/identifiability-final/R3_S3_coupling_uniform/lp/coupling_uniform_S3_seed20260910_RoleHybrid.lp
[PREPROC PHASES] metadata_s=5.1377e-05 diagnostico_s=4.7699e-05 aplicacion_s=5.9016e-05
Archivo LP guardado en: /home/mathiasr/Escritorio/generator-aware-row-scaling/results-revision/research-audit/identifiability-final/R3_S3_coupling_uniform/lp/coupling_uniform_S3_seed20260910_SAMatpermB.lp
Archivo LP guardado en: /home/mathiasr/Escritorio/generator-aware-row-scaling/results-revision/research-audit/identifiability-final/R3_S3_coupling_uniform/lp/coupling_uniform_S3_seed20260911_Base.lp
[PREPROC PHASES] metadata_s=5.0849e-05 diagnostico_s=4.7906e-05 aplicacion_s=4.7101e-05
Archivo LP guardado en: /home/mathiasr/Escritorio/generator-aware-row-scaling/results-revision/research-audit/identifiability-final/R3_S3_coupling_uniform/lp/coupling_uniform_S3_seed20260911_SAMat.lp
[PREPROC] modo plano: 43 filas tratadas como un unico bloque sin roles (kernel geomean por fila)
[PREPROC PHASES] metadata_s=1.366e-06 diagnostico_s=3.1268e-05 aplicacion_s=3.2427e-05
Archivo LP guardado en: /home/mathiasr/Escritorio/generator-aware-row-scaling/results-revision/research-audit/identifiability-final/R3_S3_coupling_uniform/lp/coupling_uniform_S3_seed20260911_FlatGM.lp
[PREPROC] modo plano: 43 filas tratadas como un unico bloque sin roles (kernel geomean por fila)
[PREPROC PHASES] metadata_s=1.39e-06 diagnostico_s=3.0026e-05 aplicacion_s=3.2214e-05
Archivo LP guardado en: /home/mathiasr/Escritorio/generator-aware-row-scaling/results-revision/research-audit/identifiability-final/R3_S3_coupling_uniform/lp/coupling_uniform_S3_seed20260911_FlatL2.lp
[PREPROC PHASES] metadata_s=4.9919e-05 diagnostico_s=4.6684e-05 aplicacion_s=4.3005e-05
Archivo LP guardado en: /home/mathiasr/Escritorio/generator-aware-row-scaling/results-revision/research-audit/identifiability-final/R3_S3_coupling_uniform/lp/coupling_uniform_S3_seed20260911_RoleHybrid.lp
[PREPROC PHASES] metadata_s=5.0249e-05 diagnostico_s=4.6879e-05 aplicacion_s=5.6936e-05
Archivo LP guardado en: /home/mathiasr/Escritorio/generator-aware-row-scaling/results-revision/research-audit/identifiability-final/R3_S3_coupling_uniform/lp/coupling_uniform_S3_seed20260911_SAMatpermB.lp
Archivo LP guardado en: /home/mathiasr/Escritorio/generator-aware-row-scaling/results-revision/research-audit/identifiability-final/R3_S3_coupling_uniform/lp/coupling_uniform_S3_seed20260912_Base.lp
[PREPROC PHASES] metadata_s=5.0433e-05 diagnostico_s=4.6741e-05 aplicacion_s=4.7664e-05
Archivo LP guardado en: /home/mathiasr/Escritorio/generator-aware-row-scaling/results-revision/research-audit/identifiability-final/R3_S3_coupling_uniform/lp/coupling_uniform_S3_seed20260912_SAMat.lp
[PREPROC] modo plano: 43 filas tratadas como un unico bloque sin roles (kernel geomean por fila)
[PREPROC PHASES] metadata_s=1.394e-06 diagnostico_s=3.1108e-05 aplicacion_s=3.254e-05
Archivo LP guardado en: /home/mathiasr/Escritorio/generator-aware-row-scaling/results-revision/research-audit/identifiability-final/R3_S3_coupling_uniform/lp/coupling_uniform_S3_seed20260912_FlatGM.lp
[PREPROC] modo plano: 43 filas tratadas como un unico bloque sin roles (kernel geomean por fila)
[PREPROC PHASES] metadata_s=1.38e-06 diagnostico_s=3.0047e-05 aplicacion_s=3.3057e-05
Archivo LP guardado en: /home/mathiasr/Escritorio/generator-aware-row-scaling/results-revision/research-audit/identifiability-final/R3_S3_coupling_uniform/lp/coupling_uniform_S3_seed20260912_FlatL2.lp
[PREPROC PHASES] metadata_s=4.8992e-05 diagnostico_s=4.5753e-05 aplicacion_s=4.2424e-05
Archivo LP guardado en: /home/mathiasr/Escritorio/generator-aware-row-scaling/results-revision/research-audit/identifiability-final/R3_S3_coupling_uniform/lp/coupling_uniform_S3_seed20260912_RoleHybrid.lp
[PREPROC PHASES] metadata_s=4.8697e-05 diagnostico_s=4.4816e-05 aplicacion_s=5.4285e-05
Archivo LP guardado en: /home/mathiasr/Escritorio/generator-aware-row-scaling/results-revision/research-audit/identifiability-final/R3_S3_coupling_uniform/lp/coupling_uniform_S3_seed20260912_SAMatpermB.lp
Archivo LP guardado en: /home/mathiasr/Escritorio/generator-aware-row-scaling/results-revision/research-audit/identifiability-final/R3_S3_coupling_uniform/lp/coupling_uniform_S3_seed20260913_Base.lp
[PREPROC PHASES] metadata_s=4.836e-05 diagnostico_s=5.2051e-05 aplicacion_s=4.5553e-05
Archivo LP guardado en: /home/mathiasr/Escritorio/generator-aware-row-scaling/results-revision/research-audit/identifiability-final/R3_S3_coupling_uniform/lp/coupling_uniform_S3_seed20260913_SAMat.lp
[PREPROC] modo plano: 43 filas tratadas como un unico bloque sin roles (kernel geomean por fila)
[PREPROC PHASES] metadata_s=1.602e-06 diagnostico_s=3.0029e-05 aplicacion_s=3.5125e-05
Archivo LP guardado en: /home/mathiasr/Escritorio/generator-aware-row-scaling/results-revision/research-audit/identifiability-final/R3_S3_coupling_uniform/lp/coupling_uniform_S3_seed20260913_FlatGM.lp
[PREPROC] modo plano: 43 filas tratadas como un unico bloque sin roles (kernel geomean por fila)
[PREPROC PHASES] metadata_s=1.261e-06 diagnostico_s=2.9225e-05 aplicacion_s=3.1045e-05
Archivo LP guardado en: /home/mathiasr/Escritorio/generator-aware-row-scaling/results-revision/research-audit/identifiability-final/R3_S3_coupling_uniform/lp/coupling_uniform_S3_seed20260913_FlatL2.lp
[PREPROC PHASES] metadata_s=5.3019e-05 diagnostico_s=4.6975e-05 aplicacion_s=4.3319e-05
Archivo LP guardado en: /home/mathiasr/Escritorio/generator-aware-row-scaling/results-revision/research-audit/identifiability-final/R3_S3_coupling_uniform/lp/coupling_uniform_S3_seed20260913_RoleHybrid.lp
[PREPROC PHASES] metadata_s=4.9186e-05 diagnostico_s=4.6015e-05 aplicacion_s=5.9355e-05
Archivo LP guardado en: /home/mathiasr/Escritorio/generator-aware-row-scaling/results-revision/research-audit/identifiability-final/R3_S3_coupling_uniform/lp/coupling_uniform_S3_seed20260913_SAMatpermB.lp
Archivo LP guardado en: /home/mathiasr/Escritorio/generator-aware-row-scaling/results-revision/research-audit/identifiability-final/R3_S3_coupling_uniform/lp/coupling_uniform_S3_seed20260914_Base.lp
[PREPROC PHASES] metadata_s=4.9263e-05 diagnostico_s=4.7913e-05 aplicacion_s=4.6092e-05
Archivo LP guardado en: /home/mathiasr/Escritorio/generator-aware-row-scaling/results-revision/research-audit/identifiability-final/R3_S3_coupling_uniform/lp/coupling_uniform_S3_seed20260914_SAMat.lp
[PREPROC] modo plano: 43 filas tratadas como un unico bloque sin roles (kernel geomean por fila)
[PREPROC PHASES] metadata_s=1.411e-06 diagnostico_s=2.9977e-05 aplicacion_s=3.1271e-05
Archivo LP guardado en: /home/mathiasr/Escritorio/generator-aware-row-scaling/results-revision/research-audit/identifiability-final/R3_S3_coupling_uniform/lp/coupling_uniform_S3_seed20260914_FlatGM.lp
[PREPROC] modo plano: 43 filas tratadas como un unico bloque sin roles (kernel geomean por fila)
[PREPROC PHASES] metadata_s=1.311e-06 diagnostico_s=2.9014e-05 aplicacion_s=3.147e-05
Archivo LP guardado en: /home/mathiasr/Escritorio/generator-aware-row-scaling/results-revision/research-audit/identifiability-final/R3_S3_coupling_uniform/lp/coupling_uniform_S3_seed20260914_FlatL2.lp
[PREPROC PHASES] metadata_s=4.9057e-05 diagnostico_s=4.5444e-05 aplicacion_s=4.7134e-05
Archivo LP guardado en: /home/mathiasr/Escritorio/generator-aware-row-scaling/results-revision/research-audit/identifiability-final/R3_S3_coupling_uniform/lp/coupling_uniform_S3_seed20260914_RoleHybrid.lp
[PREPROC PHASES] metadata_s=5.1056e-05 diagnostico_s=4.4704e-05 aplicacion_s=5.5797e-05
Archivo LP guardado en: /home/mathiasr/Escritorio/generator-aware-row-scaling/results-revision/research-audit/identifiability-final/R3_S3_coupling_uniform/lp/coupling_uniform_S3_seed20260914_SAMatpermB.lp
Archivo LP guardado en: /home/mathiasr/Escritorio/generator-aware-row-scaling/results-revision/research-audit/identifiability-final/R3_S3_coupling_uniform/lp/coupling_uniform_S3_seed20260915_Base.lp
[PREPROC PHASES] metadata_s=5.7572e-05 diagnostico_s=4.5755e-05 aplicacion_s=4.5585e-05
Archivo LP guardado en: /home/mathiasr/Escritorio/generator-aware-row-scaling/results-revision/research-audit/identifiability-final/R3_S3_coupling_uniform/lp/coupling_uniform_S3_seed20260915_SAMat.lp
[PREPROC] modo plano: 43 filas tratadas como un unico bloque sin roles (kernel geomean por fila)
[PREPROC PHASES] metadata_s=1.479e-06 diagnostico_s=3.0095e-05 aplicacion_s=3.1553e-05
Archivo LP guardado en: /home/mathiasr/Escritorio/generator-aware-row-scaling/results-revision/research-audit/identifiability-final/R3_S3_coupling_uniform/lp/coupling_uniform_S3_seed20260915_FlatGM.lp
[PREPROC] modo plano: 43 filas tratadas como un unico bloque sin roles (kernel geomean por fila)
[PREPROC PHASES] metadata_s=1.247e-06 diagnostico_s=3.1691e-05 aplicacion_s=3.1722e-05
Archivo LP guardado en: /home/mathiasr/Escritorio/generator-aware-row-scaling/results-revision/research-audit/identifiability-final/R3_S3_coupling_uniform/lp/coupling_uniform_S3_seed20260915_FlatL2.lp
[PREPROC PHASES] metadata_s=4.8967e-05 diagnostico_s=4.5019e-05 aplicacion_s=4.1931e-05
Archivo LP guardado en: /home/mathiasr/Escritorio/generator-aware-row-scaling/results-revision/research-audit/identifiability-final/R3_S3_coupling_uniform/lp/coupling_uniform_S3_seed20260915_RoleHybrid.lp
[PREPROC PHASES] metadata_s=4.9052e-05 diagnostico_s=4.4265e-05 aplicacion_s=5.5537e-05
Archivo LP guardado en: /home/mathiasr/Escritorio/generator-aware-row-scaling/results-revision/research-audit/identifiability-final/R3_S3_coupling_uniform/lp/coupling_uniform_S3_seed20260915_SAMatpermB.lp
Archivo LP guardado en: /home/mathiasr/Escritorio/generator-aware-row-scaling/results-revision/research-audit/identifiability-final/R3_S3_coupling_uniform/lp/coupling_uniform_S3_seed20260916_Base.lp
[PREPROC PHASES] metadata_s=4.9808e-05 diagnostico_s=4.5707e-05 aplicacion_s=4.5336e-05
Archivo LP guardado en: /home/mathiasr/Escritorio/generator-aware-row-scaling/results-revision/research-audit/identifiability-final/R3_S3_coupling_uniform/lp/coupling_uniform_S3_seed20260916_SAMat.lp
[PREPROC] modo plano: 43 filas tratadas como un unico bloque sin roles (kernel geomean por fila)
[PREPROC PHASES] metadata_s=1.276e-06 diagnostico_s=2.9575e-05 aplicacion_s=3.1387e-05
Archivo LP guardado en: /home/mathiasr/Escritorio/generator-aware-row-scaling/results-revision/research-audit/identifiability-final/R3_S3_coupling_uniform/lp/coupling_uniform_S3_seed20260916_FlatGM.lp
[PREPROC] modo plano: 43 filas tratadas como un unico bloque sin roles (kernel geomean por fila)
[PREPROC PHASES] metadata_s=1.141e-06 diagnostico_s=2.9093e-05 aplicacion_s=3.1023e-05
Archivo LP guardado en: /home/mathiasr/Escritorio/generator-aware-row-scaling/results-revision/research-audit/identifiability-final/R3_S3_coupling_uniform/lp/coupling_uniform_S3_seed20260916_FlatL2.lp
[PREPROC PHASES] metadata_s=4.8957e-05 diagnostico_s=4.5492e-05 aplicacion_s=4.1979e-05
Archivo LP guardado en: /home/mathiasr/Escritorio/generator-aware-row-scaling/results-revision/research-audit/identifiability-final/R3_S3_coupling_uniform/lp/coupling_uniform_S3_seed20260916_RoleHybrid.lp
[PREPROC PHASES] metadata_s=4.9042e-05 diagnostico_s=4.5354e-05 aplicacion_s=5.6784e-05
Archivo LP guardado en: /home/mathiasr/Escritorio/generator-aware-row-scaling/results-revision/research-audit/identifiability-final/R3_S3_coupling_uniform/lp/coupling_uniform_S3_seed20260916_SAMatpermB.lp
Archivo LP guardado en: /home/mathiasr/Escritorio/generator-aware-row-scaling/results-revision/research-audit/identifiability-final/R3_S3_coupling_uniform/lp/coupling_uniform_S3_seed20260917_Base.lp
[PREPROC PHASES] metadata_s=4.7965e-05 diagnostico_s=4.603e-05 aplicacion_s=4.5962e-05
Archivo LP guardado en: /home/mathiasr/Escritorio/generator-aware-row-scaling/results-revision/research-audit/identifiability-final/R3_S3_coupling_uniform/lp/coupling_uniform_S3_seed20260917_SAMat.lp
[PREPROC] modo plano: 43 filas tratadas como un unico bloque sin roles (kernel geomean por fila)
[PREPROC PHASES] metadata_s=1.398e-06 diagnostico_s=2.9822e-05 aplicacion_s=3.155e-05
Archivo LP guardado en: /home/mathiasr/Escritorio/generator-aware-row-scaling/results-revision/research-audit/identifiability-final/R3_S3_coupling_uniform/lp/coupling_uniform_S3_seed20260917_FlatGM.lp
[PREPROC] modo plano: 43 filas tratadas como un unico bloque sin roles (kernel geomean por fila)
[PREPROC PHASES] metadata_s=1.234e-06 diagnostico_s=2.8976e-05 aplicacion_s=3.1359e-05
Archivo LP guardado en: /home/mathiasr/Escritorio/generator-aware-row-scaling/results-revision/research-audit/identifiability-final/R3_S3_coupling_uniform/lp/coupling_uniform_S3_seed20260917_FlatL2.lp
[PREPROC PHASES] metadata_s=4.9177e-05 diagnostico_s=4.523e-05 aplicacion_s=4.1758e-05
Archivo LP guardado en: /home/mathiasr/Escritorio/generator-aware-row-scaling/results-revision/research-audit/identifiability-final/R3_S3_coupling_uniform/lp/coupling_uniform_S3_seed20260917_RoleHybrid.lp
[PREPROC PHASES] metadata_s=4.886e-05 diagnostico_s=4.472e-05 aplicacion_s=5.5324e-05
Archivo LP guardado en: /home/mathiasr/Escritorio/generator-aware-row-scaling/results-revision/research-audit/identifiability-final/R3_S3_coupling_uniform/lp/coupling_uniform_S3_seed20260917_SAMatpermB.lp
Archivo LP guardado en: /home/mathiasr/Escritorio/generator-aware-row-scaling/results-revision/research-audit/identifiability-final/R3_S3_coupling_uniform/lp/coupling_uniform_S3_seed20260918_Base.lp
[PREPROC PHASES] metadata_s=4.9178e-05 diagnostico_s=4.5934e-05 aplicacion_s=4.4406e-05
Archivo LP guardado en: /home/mathiasr/Escritorio/generator-aware-row-scaling/results-revision/research-audit/identifiability-final/R3_S3_coupling_uniform/lp/coupling_uniform_S3_seed20260918_SAMat.lp
[PREPROC] modo plano: 43 filas tratadas como un unico bloque sin roles (kernel geomean por fila)
[PREPROC PHASES] metadata_s=1.388e-06 diagnostico_s=3.025e-05 aplicacion_s=3.1531e-05
Archivo LP guardado en: /home/mathiasr/Escritorio/generator-aware-row-scaling/results-revision/research-audit/identifiability-final/R3_S3_coupling_uniform/lp/coupling_uniform_S3_seed20260918_FlatGM.lp
[PREPROC] modo plano: 43 filas tratadas como un unico bloque sin roles (kernel geomean por fila)
[PREPROC PHASES] metadata_s=1.2e-06 diagnostico_s=2.9248e-05 aplicacion_s=3.0973e-05
Archivo LP guardado en: /home/mathiasr/Escritorio/generator-aware-row-scaling/results-revision/research-audit/identifiability-final/R3_S3_coupling_uniform/lp/coupling_uniform_S3_seed20260918_FlatL2.lp
[PREPROC PHASES] metadata_s=4.8329e-05 diagnostico_s=4.5367e-05 aplicacion_s=4.3325e-05
Archivo LP guardado en: /home/mathiasr/Escritorio/generator-aware-row-scaling/results-revision/research-audit/identifiability-final/R3_S3_coupling_uniform/lp/coupling_uniform_S3_seed20260918_RoleHybrid.lp
[PREPROC PHASES] metadata_s=4.9177e-05 diagnostico_s=4.5054e-05 aplicacion_s=5.4515e-05
Archivo LP guardado en: /home/mathiasr/Escritorio/generator-aware-row-scaling/results-revision/research-audit/identifiability-final/R3_S3_coupling_uniform/lp/coupling_uniform_S3_seed20260918_SAMatpermB.lp
[32m[success] Benchmark sintético: 60 corridas (instancia × variante). CSV: /home/mathiasr/Escritorio/generator-aware-row-scaling/results-revision/research-audit/identifiability-final/R3_S3_coupling_uniform/metrics.csv[0m
> [32m[success] Saliendo del programa...[0m
[32m[success] SystemController destruido[0m
