[32m[success] SystemController creado[0m
> Archivo LP guardado en: /home/mathiasr/Escritorio/generator-aware-row-scaling/results-revision/research-audit/identifiability-confirmatory/R3_S3_coupling_uniform/lp/coupling_uniform_S3_seed20260909_Base.lp
[PREPROC PHASES] metadata_s=7.583e-06 diagnostico_s=6.717e-06 aplicacion_s=1.3124e-05
Archivo LP guardado en: /home/mathiasr/Escritorio/generator-aware-row-scaling/results-revision/research-audit/identifiability-confirmatory/R3_S3_coupling_uniform/lp/coupling_uniform_S3_seed20260909_SAMat.lp
[PREPROC] modo plano: 43 filas tratadas como un unico bloque sin roles (kernel geomean por fila)
[PREPROC PHASES] metadata_s=9.96e-07 diagnostico_s=4.596e-06 aplicacion_s=5.801e-06
Archivo LP guardado en: /home/mathiasr/Escritorio/generator-aware-row-scaling/results-revision/research-audit/identifiability-confirmatory/R3_S3_coupling_uniform/lp/coupling_uniform_S3_seed20260909_FlatGM.lp
[PREPROC] modo plano: 43 filas tratadas como un unico bloque sin roles (kernel geomean por fila)
[PREPROC PHASES] metadata_s=4.76e-07 diagnostico_s=3.824e-06 aplicacion_s=5.958e-06
Archivo LP guardado en: /home/mathiasr/Escritorio/generator-aware-row-scaling/results-revision/research-audit/identifiability-confirmatory/R3_S3_coupling_uniform/lp/coupling_uniform_S3_seed20260909_FlatL2.lp
[PREPROC PHASES] metadata_s=7.584e-06 diagnostico_s=6.087e-06 aplicacion_s=6.861e-06
Archivo LP guardado en: /home/mathiasr/Escritorio/generator-aware-row-scaling/results-revision/research-audit/identifiability-confirmatory/R3_S3_coupling_uniform/lp/coupling_uniform_S3_seed20260909_RoleHybrid.lp
[PREPROC PHASES] metadata_s=7.455e-06 diagnostico_s=5.546e-06 aplicacion_s=1.3175e-05
Archivo LP guardado en: /home/mathiasr/Escritorio/generator-aware-row-scaling/results-revision/research-audit/identifiability-confirmatory/R3_S3_coupling_uniform/lp/coupling_uniform_S3_seed20260909_SAMatpermB.lp
Archivo LP guardado en: /home/mathiasr/Escritorio/generator-aware-row-scaling/results-revision/research-audit/identifiability-confirmatory/R3_S3_coupling_uniform/lp/coupling_uniform_S3_seed20260910_Base.lp
[PREPROC PHASES] metadata_s=7.383e-06 diagnostico_s=5.626e-06 aplicacion_s=6.739e-06
Archivo LP guardado en: /home/mathiasr/Escritorio/generator-aware-row-scaling/results-revision/research-audit/identifiability-confirmatory/R3_S3_coupling_uniform/lp/coupling_uniform_S3_seed20260910_SAMat.lp
[PREPROC] modo plano: 43 filas tratadas como un unico bloque sin roles (kernel geomean por fila)
[PREPROC PHASES] metadata_s=5.35e-07 diagnostico_s=4.401e-06 aplicacion_s=5.346e-06
Archivo LP guardado en: /home/mathiasr/Escritorio/generator-aware-row-scaling/results-revision/research-audit/identifiability-confirmatory/R3_S3_coupling_uniform/lp/coupling_uniform_S3_seed20260910_FlatGM.lp
[PREPROC] modo plano: 43 filas tratadas como un unico bloque sin roles (kernel geomean por fila)
[PREPROC PHASES] metadata_s=3.59e-07 diagnostico_s=3.4e-06 aplicacion_s=5.792e-06
Archivo LP guardado en: /home/mathiasr/Escritorio/generator-aware-row-scaling/results-revision/research-audit/identifiability-confirmatory/R3_S3_coupling_uniform/lp/coupling_uniform_S3_seed20260910_FlatL2.lp
[PREPROC PHASES] metadata_s=7.132e-06 diagnostico_s=5.741e-06 aplicacion_s=6.256e-06
Archivo LP guardado en: /home/mathiasr/Escritorio/generator-aware-row-scaling/results-revision/research-audit/identifiability-confirmatory/R3_S3_coupling_uniform/lp/coupling_uniform_S3_seed20260910_RoleHybrid.lp
[PREPROC PHASES] metadata_s=7.045e-06 diagnostico_s=5.775e-06 aplicacion_s=1.1627e-05
Archivo LP guardado en: /home/mathiasr/Escritorio/generator-aware-row-scaling/results-revision/research-audit/identifiability-confirmatory/R3_S3_coupling_uniform/lp/coupling_uniform_S3_seed20260910_SAMatpermB.lp
Archivo LP guardado en: /home/mathiasr/Escritorio/generator-aware-row-scaling/results-revision/research-audit/identifiability-confirmatory/R3_S3_coupling_uniform/lp/coupling_uniform_S3_seed20260911_Base.lp
[PREPROC PHASES] metadata_s=7.177e-06 diagnostico_s=5.745e-06 aplicacion_s=6.477e-06
Archivo LP guardado en: /home/mathiasr/Escritorio/generator-aware-row-scaling/results-revision/research-audit/identifiability-confirmatory/R3_S3_coupling_uniform/lp/coupling_uniform_S3_seed20260911_SAMat.lp
[PREPROC] modo plano: 43 filas tratadas como un unico bloque sin roles (kernel geomean por fila)
[PREPROC PHASES] metadata_s=4.17e-07 diagnostico_s=3.81e-06 aplicacion_s=5.609e-06
Archivo LP guardado en: /home/mathiasr/Escritorio/generator-aware-row-scaling/results-revision/research-audit/identifiability-confirmatory/R3_S3_coupling_uniform/lp/coupling_uniform_S3_seed20260911_FlatGM.lp
[PREPROC] modo plano: 43 filas tratadas como un unico bloque sin roles (kernel geomean por fila)
[PREPROC PHASES] metadata_s=3.39e-07 diagnostico_s=3.315e-06 aplicacion_s=5.493e-06
Archivo LP guardado en: /home/mathiasr/Escritorio/generator-aware-row-scaling/results-revision/research-audit/identifiability-confirmatory/R3_S3_coupling_uniform/lp/coupling_uniform_S3_seed20260911_FlatL2.lp
[PREPROC PHASES] metadata_s=7.363e-06 diagnostico_s=6.023e-06 aplicacion_s=6.589e-06
Archivo LP guardado en: /home/mathiasr/Escritorio/generator-aware-row-scaling/results-revision/research-audit/identifiability-confirmatory/R3_S3_coupling_uniform/lp/coupling_uniform_S3_seed20260911_RoleHybrid.lp
[PREPROC PHASES] metadata_s=7.277e-06 diagnostico_s=5.889e-06 aplicacion_s=1.2133e-05
Archivo LP guardado en: /home/mathiasr/Escritorio/generator-aware-row-scaling/results-revision/research-audit/identifiability-confirmatory/R3_S3_coupling_uniform/lp/coupling_uniform_S3_seed20260911_SAMatpermB.lp
Archivo LP guardado en: /home/mathiasr/Escritorio/generator-aware-row-scaling/results-revision/research-audit/identifiability-confirmatory/R3_S3_coupling_uniform/lp/coupling_uniform_S3_seed20260912_Base.lp
[PREPROC PHASES] metadata_s=7.135e-06 diagnostico_s=5.487e-06 aplicacion_s=6.304e-06
Archivo LP guardado en: /home/mathiasr/Escritorio/generator-aware-row-scaling/results-revision/research-audit/identifiability-confirmatory/R3_S3_coupling_uniform/lp/coupling_uniform_S3_seed20260912_SAMat.lp
[PREPROC] modo plano: 43 filas tratadas como un unico bloque sin roles (kernel geomean por fila)
[PREPROC PHASES] metadata_s=5.47e-07 diagnostico_s=3.968e-06 aplicacion_s=5.184e-06
Archivo LP guardado en: /home/mathiasr/Escritorio/generator-aware-row-scaling/results-revision/research-audit/identifiability-confirmatory/R3_S3_coupling_uniform/lp/coupling_uniform_S3_seed20260912_FlatGM.lp
[PREPROC] modo plano: 43 filas tratadas como un unico bloque sin roles (kernel geomean por fila)
[PREPROC PHASES] metadata_s=3.54e-07 diagnostico_s=3.45e-06 aplicacion_s=5.522e-06
Archivo LP guardado en: /home/mathiasr/Escritorio/generator-aware-row-scaling/results-revision/research-audit/identifiability-confirmatory/R3_S3_coupling_uniform/lp/coupling_uniform_S3_seed20260912_FlatL2.lp
[PREPROC PHASES] metadata_s=7.189e-06 diagnostico_s=5.596e-06 aplicacion_s=6.235e-06
Archivo LP guardado en: /home/mathiasr/Escritorio/generator-aware-row-scaling/results-revision/research-audit/identifiability-confirmatory/R3_S3_coupling_uniform/lp/coupling_uniform_S3_seed20260912_RoleHybrid.lp
[PREPROC PHASES] metadata_s=7.023e-06 diagnostico_s=5.471e-06 aplicacion_s=1.1898e-05
Archivo LP guardado en: /home/mathiasr/Escritorio/generator-aware-row-scaling/results-revision/research-audit/identifiability-confirmatory/R3_S3_coupling_uniform/lp/coupling_uniform_S3_seed20260912_SAMatpermB.lp
Archivo LP guardado en: /home/mathiasr/Escritorio/generator-aware-row-scaling/results-revision/research-audit/identifiability-confirmatory/R3_S3_coupling_uniform/lp/coupling_uniform_S3_seed20260913_Base.lp
[PREPROC PHASES] metadata_s=7.457e-06 diagnostico_s=5.952e-06 aplicacion_s=7.143e-06
Archivo LP guardado en: /home/mathiasr/Escritorio/generator-aware-row-scaling/results-revision/research-audit/identifiability-confirmatory/R3_S3_coupling_uniform/lp/coupling_uniform_S3_seed20260913_SAMat.lp
[PREPROC] modo plano: 43 filas tratadas como un unico bloque sin roles (kernel geomean por fila)
[PREPROC PHASES] metadata_s=4.09e-07 diagnostico_s=3.714e-06 aplicacion_s=5.615e-06
Archivo LP guardado en: /home/mathiasr/Escritorio/generator-aware-row-scaling/results-revision/research-audit/identifiability-confirmatory/R3_S3_coupling_uniform/lp/coupling_uniform_S3_seed20260913_FlatGM.lp
[PREPROC] modo plano: 43 filas tratadas como un unico bloque sin roles (kernel geomean por fila)
[PREPROC PHASES] metadata_s=3.84e-07 diagnostico_s=3.441e-06 aplicacion_s=5.463e-06
Archivo LP guardado en: /home/mathiasr/Escritorio/generator-aware-row-scaling/results-revision/research-audit/identifiability-confirmatory/R3_S3_coupling_uniform/lp/coupling_uniform_S3_seed20260913_FlatL2.lp
[PREPROC PHASES] metadata_s=7.161e-06 diagnostico_s=5.836e-06 aplicacion_s=6.151e-06
Archivo LP guardado en: /home/mathiasr/Escritorio/generator-aware-row-scaling/results-revision/research-audit/identifiability-confirmatory/R3_S3_coupling_uniform/lp/coupling_uniform_S3_seed20260913_RoleHybrid.lp
[PREPROC PHASES] metadata_s=7.278e-06 diagnostico_s=5.511e-06 aplicacion_s=1.1257e-05
Archivo LP guardado en: /home/mathiasr/Escritorio/generator-aware-row-scaling/results-revision/research-audit/identifiability-confirmatory/R3_S3_coupling_uniform/lp/coupling_uniform_S3_seed20260913_SAMatpermB.lp
Archivo LP guardado en: /home/mathiasr/Escritorio/generator-aware-row-scaling/results-revision/research-audit/identifiability-confirmatory/R3_S3_coupling_uniform/lp/coupling_uniform_S3_seed20260914_Base.lp
[PREPROC PHASES] metadata_s=7.058e-06 diagnostico_s=5.459e-06 aplicacion_s=6.265e-06
Archivo LP guardado en: /home/mathiasr/Escritorio/generator-aware-row-scaling/results-revision/research-audit/identifiability-confirmatory/R3_S3_coupling_uniform/lp/coupling_uniform_S3_seed20260914_SAMat.lp
[PREPROC] modo plano: 43 filas tratadas como un unico bloque sin roles (kernel geomean por fila)
[PREPROC PHASES] metadata_s=3.76e-07 diagnostico_s=3.545e-06 aplicacion_s=5.012e-06
Archivo LP guardado en: /home/mathiasr/Escritorio/generator-aware-row-scaling/results-revision/research-audit/identifiability-confirmatory/R3_S3_coupling_uniform/lp/coupling_uniform_S3_seed20260914_FlatGM.lp
[PREPROC] modo plano: 43 filas tratadas como un unico bloque sin roles (kernel geomean por fila)
[PREPROC PHASES] metadata_s=3.75e-07 diagnostico_s=3.301e-06 aplicacion_s=5.286e-06
Archivo LP guardado en: /home/mathiasr/Escritorio/generator-aware-row-scaling/results-revision/research-audit/identifiability-confirmatory/R3_S3_coupling_uniform/lp/coupling_uniform_S3_seed20260914_FlatL2.lp
[PREPROC PHASES] metadata_s=7.042e-06 diagnostico_s=5.204e-06 aplicacion_s=5.882e-06
Archivo LP guardado en: /home/mathiasr/Escritorio/generator-aware-row-scaling/results-revision/research-audit/identifiability-confirmatory/R3_S3_coupling_uniform/lp/coupling_uniform_S3_seed20260914_RoleHybrid.lp
[PREPROC PHASES] metadata_s=7.011e-06 diagnostico_s=5.164e-06 aplicacion_s=1.0646e-05
Archivo LP guardado en: /home/mathiasr/Escritorio/generator-aware-row-scaling/results-revision/research-audit/identifiability-confirmatory/R3_S3_coupling_uniform/lp/coupling_uniform_S3_seed20260914_SAMatpermB.lp
Archivo LP guardado en: /home/mathiasr/Escritorio/generator-aware-row-scaling/results-revision/research-audit/identifiability-confirmatory/R3_S3_coupling_uniform/lp/coupling_uniform_S3_seed20260915_Base.lp
[PREPROC PHASES] metadata_s=8.303e-06 diagnostico_s=5.34e-06 aplicacion_s=6.611e-06
Archivo LP guardado en: /home/mathiasr/Escritorio/generator-aware-row-scaling/results-revision/research-audit/identifiability-confirmatory/R3_S3_coupling_uniform/lp/coupling_uniform_S3_seed20260915_SAMat.lp
[PREPROC] modo plano: 43 filas tratadas como un unico bloque sin roles (kernel geomean por fila)
[PREPROC PHASES] metadata_s=4.23e-07 diagnostico_s=3.62e-06 aplicacion_s=5.494e-06
Archivo LP guardado en: /home/mathiasr/Escritorio/generator-aware-row-scaling/results-revision/research-audit/identifiability-confirmatory/R3_S3_coupling_uniform/lp/coupling_uniform_S3_seed20260915_FlatGM.lp
[PREPROC] modo plano: 43 filas tratadas como un unico bloque sin roles (kernel geomean por fila)
[PREPROC PHASES] metadata_s=3.73e-07 diagnostico_s=3.488e-06 aplicacion_s=5.059e-06
Archivo LP guardado en: /home/mathiasr/Escritorio/generator-aware-row-scaling/results-revision/research-audit/identifiability-confirmatory/R3_S3_coupling_uniform/lp/coupling_uniform_S3_seed20260915_FlatL2.lp
[PREPROC PHASES] metadata_s=6.939e-06 diagnostico_s=5.6e-06 aplicacion_s=6.108e-06
Archivo LP guardado en: /home/mathiasr/Escritorio/generator-aware-row-scaling/results-revision/research-audit/identifiability-confirmatory/R3_S3_coupling_uniform/lp/coupling_uniform_S3_seed20260915_RoleHybrid.lp
[PREPROC PHASES] metadata_s=6.914e-06 diagnostico_s=5.231e-06 aplicacion_s=1.0512e-05
Archivo LP guardado en: /home/mathiasr/Escritorio/generator-aware-row-scaling/results-revision/research-audit/identifiability-confirmatory/R3_S3_coupling_uniform/lp/coupling_uniform_S3_seed20260915_SAMatpermB.lp
Archivo LP guardado en: /home/mathiasr/Escritorio/generator-aware-row-scaling/results-revision/research-audit/identifiability-confirmatory/R3_S3_coupling_uniform/lp/coupling_uniform_S3_seed20260916_Base.lp
[PREPROC PHASES] metadata_s=7.066e-06 diagnostico_s=5.135e-06 aplicacion_s=6.234e-06
Archivo LP guardado en: /home/mathiasr/Escritorio/generator-aware-row-scaling/results-revision/research-audit/identifiability-confirmatory/R3_S3_coupling_uniform/lp/coupling_uniform_S3_seed20260916_SAMat.lp
[PREPROC] modo plano: 43 filas tratadas como un unico bloque sin roles (kernel geomean por fila)
[PREPROC PHASES] metadata_s=3.43e-07 diagnostico_s=3.522e-06 aplicacion_s=4.903e-06
Archivo LP guardado en: /home/mathiasr/Escritorio/generator-aware-row-scaling/results-revision/research-audit/identifiability-confirmatory/R3_S3_coupling_uniform/lp/coupling_uniform_S3_seed20260916_FlatGM.lp
[PREPROC] modo plano: 43 filas tratadas como un unico bloque sin roles (kernel geomean por fila)
[PREPROC PHASES] metadata_s=3.43e-07 diagnostico_s=3.21e-06 aplicacion_s=5.249e-06
Archivo LP guardado en: /home/mathiasr/Escritorio/generator-aware-row-scaling/results-revision/research-audit/identifiability-confirmatory/R3_S3_coupling_uniform/lp/coupling_uniform_S3_seed20260916_FlatL2.lp
[PREPROC PHASES] metadata_s=7.206e-06 diagnostico_s=5.382e-06 aplicacion_s=5.772e-06
Archivo LP guardado en: /home/mathiasr/Escritorio/generator-aware-row-scaling/results-revision/research-audit/identifiability-confirmatory/R3_S3_coupling_uniform/lp/coupling_uniform_S3_seed20260916_RoleHybrid.lp
[PREPROC PHASES] metadata_s=6.999e-06 diagnostico_s=5.13e-06 aplicacion_s=1.0619e-05
Archivo LP guardado en: /home/mathiasr/Escritorio/generator-aware-row-scaling/results-revision/research-audit/identifiability-confirmatory/R3_S3_coupling_uniform/lp/coupling_uniform_S3_seed20260916_SAMatpermB.lp
Archivo LP guardado en: /home/mathiasr/Escritorio/generator-aware-row-scaling/results-revision/research-audit/identifiability-confirmatory/R3_S3_coupling_uniform/lp/coupling_uniform_S3_seed20260917_Base.lp
[PREPROC PHASES] metadata_s=7.081e-06 diagnostico_s=5.492e-06 aplicacion_s=6.186e-06
Archivo LP guardado en: /home/mathiasr/Escritorio/generator-aware-row-scaling/results-revision/research-audit/identifiability-confirmatory/R3_S3_coupling_uniform/lp/coupling_uniform_S3_seed20260917_SAMat.lp
[PREPROC] modo plano: 43 filas tratadas como un unico bloque sin roles (kernel geomean por fila)
[PREPROC PHASES] metadata_s=3.83e-07 diagnostico_s=3.448e-06 aplicacion_s=5.128e-06
Archivo LP guardado en: /home/mathiasr/Escritorio/generator-aware-row-scaling/results-revision/research-audit/identifiability-confirmatory/R3_S3_coupling_uniform/lp/coupling_uniform_S3_seed20260917_FlatGM.lp
[PREPROC] modo plano: 43 filas tratadas como un unico bloque sin roles (kernel geomean por fila)
[PREPROC PHASES] metadata_s=3.5e-07 diagnostico_s=3.377e-06 aplicacion_s=5.329e-06
Archivo LP guardado en: /home/mathiasr/Escritorio/generator-aware-row-scaling/results-revision/research-audit/identifiability-confirmatory/R3_S3_coupling_uniform/lp/coupling_uniform_S3_seed20260917_FlatL2.lp
[PREPROC PHASES] metadata_s=6.908e-06 diagnostico_s=5.216e-06 aplicacion_s=5.796e-06
Archivo LP guardado en: /home/mathiasr/Escritorio/generator-aware-row-scaling/results-revision/research-audit/identifiability-confirmatory/R3_S3_coupling_uniform/lp/coupling_uniform_S3_seed20260917_RoleHybrid.lp
[PREPROC PHASES] metadata_s=7.01e-06 diagnostico_s=5.366e-06 aplicacion_s=1.086e-05
Archivo LP guardado en: /home/mathiasr/Escritorio/generator-aware-row-scaling/results-revision/research-audit/identifiability-confirmatory/R3_S3_coupling_uniform/lp/coupling_uniform_S3_seed20260917_SAMatpermB.lp
Archivo LP guardado en: /home/mathiasr/Escritorio/generator-aware-row-scaling/results-revision/research-audit/identifiability-confirmatory/R3_S3_coupling_uniform/lp/coupling_uniform_S3_seed20260918_Base.lp
[PREPROC PHASES] metadata_s=7.13e-06 diagnostico_s=5.56e-06 aplicacion_s=7.401e-06
Archivo LP guardado en: /home/mathiasr/Escritorio/generator-aware-row-scaling/results-revision/research-audit/identifiability-confirmatory/R3_S3_coupling_uniform/lp/coupling_uniform_S3_seed20260918_SAMat.lp
[PREPROC] modo plano: 43 filas tratadas como un unico bloque sin roles (kernel geomean por fila)
[PREPROC PHASES] metadata_s=3.78e-07 diagnostico_s=3.42e-06 aplicacion_s=5.172e-06
Archivo LP guardado en: /home/mathiasr/Escritorio/generator-aware-row-scaling/results-revision/research-audit/identifiability-confirmatory/R3_S3_coupling_uniform/lp/coupling_uniform_S3_seed20260918_FlatGM.lp
[PREPROC] modo plano: 43 filas tratadas como un unico bloque sin roles (kernel geomean por fila)
[PREPROC PHASES] metadata_s=3.27e-07 diagnostico_s=3.193e-06 aplicacion_s=5.408e-06
Archivo LP guardado en: /home/mathiasr/Escritorio/generator-aware-row-scaling/results-revision/research-audit/identifiability-confirmatory/R3_S3_coupling_uniform/lp/coupling_uniform_S3_seed20260918_FlatL2.lp
[PREPROC PHASES] metadata_s=6.938e-06 diagnostico_s=5.402e-06 aplicacion_s=5.866e-06
Archivo LP guardado en: /home/mathiasr/Escritorio/generator-aware-row-scaling/results-revision/research-audit/identifiability-confirmatory/R3_S3_coupling_uniform/lp/coupling_uniform_S3_seed20260918_RoleHybrid.lp
[PREPROC PHASES] metadata_s=7.005e-06 diagnostico_s=5.124e-06 aplicacion_s=1.0606e-05
Archivo LP guardado en: /home/mathiasr/Escritorio/generator-aware-row-scaling/results-revision/research-audit/identifiability-confirmatory/R3_S3_coupling_uniform/lp/coupling_uniform_S3_seed20260918_SAMatpermB.lp
[32m[success] Benchmark sintético: 60 corridas (instancia × variante). CSV: /home/mathiasr/Escritorio/generator-aware-row-scaling/results-revision/research-audit/identifiability-confirmatory/R3_S3_coupling_uniform/metrics.csv[0m
> [32m[success] Saliendo del programa...[0m
[32m[success] SystemController destruido[0m
