LP Base has 10080 rows; 6120 cols; 22679 nonzeros
Coefficient ranges:
  Matrix  [7e-04, 1e+10]
  Cost    [6e-05, 1e+02]
  Bound   [1e+00, 4e+09]
  RHS     [2e+01, 8e+09]
WARNING: Problem has some excessively small costs
WARNING: Problem has some excessively large column bounds
WARNING: Problem has some excessively large row bounds
WARNING:    Consider scaling the    bounds by 1e-4, or setting the user_bound_scale option to -13
Presolving model
9709 rows, 6119 cols, 22296 nonzeros 0s
Dependent equations search running on 720 equations with time limit of 3.00s
Dependent equations search removed 0 rows and 0 nonzeros in 0.00s (limit = 3.00s)
9285 rows, 5759 cols, 21448 nonzeros 0s
Presolve reductions: rows 9285(-795); columns 5759(-361); nonzeros 21448(-1231) 
Solving the presolved LP
Using dual simplex solver
  Iteration        Objective     Infeasibilities num(sum)
          0     0.0000000000e+00 Ph1: 0(0) 0.1s
       3429    -2.5307100000e+05 Pr: 0(0) 0.3s

Performed postsolve
Solving the original LP from the solution after postsolve

Model name          : Base
Model status        : Optimal
Simplex   iterations: 3429
Objective value     : -2.5307100000e+05
P-D objective error :  0.0000000000e+00
HiGHS run time      :          0.36
