LP Base has 23763 rows; 16561 cols; 57555 nonzeros
Coefficient ranges:
  Matrix  [3e-04, 1e+10]
  Cost    [1e-04, 1e+02]
  Bound   [1e+00, 1e+10]
  RHS     [5e+00, 7e+09]
WARNING: Problem has some excessively large column bounds
WARNING: Problem has some excessively large row bounds
WARNING:    Consider scaling the    bounds by 1e-5, or setting the user_bound_scale option to -14
Presolving model
23395 rows, 16552 cols, 57162 nonzeros 0s
Dependent equations search running on 2512 equations with time limit of 3.00s
Dependent equations search removed 0 rows and 0 nonzeros in 0.00s (limit = 3.00s)
22315 rows, 15472 cols, 55002 nonzeros 0s
Presolve reductions: rows 22315(-1448); columns 15472(-1089); nonzeros 55002(-2553) 
Solving the presolved LP
Using dual simplex solver
  Iteration        Objective     Infeasibilities num(sum)
          0    -1.0000000000e+03 Ph1: 3(2000); Du: 1(1) 0.1s
       9424    -1.1173251994e+06 Pr: 2023(1.31508e+09); Du: 0(6.51701e-07) 5.2s
      15496    -1.0278286867e+06 Pr: 2636(1.08843e+08) 10.2s
      19718    -9.9161334433e+05 Pr: 69(443417); Du: 0(2.98774e-08) 15.4s
      20042    -1.0020390862e+06 Pr: 0(0) 15.8s
      20042    -1.0020390862e+06 Pr: 0(0) 15.8s

Performed postsolve
Solving the original LP from the solution after postsolve

Model name          : Base
Model status        : Optimal
Simplex   iterations: 20042
Objective value     : -1.0020390862e+06
P-D objective error :  8.8295558186e-15
HiGHS run time      :         15.83
