[32m[success] SystemController creado[0m
> Archivo LP guardado en: /home/mathiasr/Escritorio/generator-aware-row-scaling/results-revision/research-audit/identifiability-confirmatory/R2_S3_coupling_uniform/lp/coupling_uniform_S3_seed20260909_Base.lp
[PREPROC PHASES] metadata_s=1.3804e-05 diagnostico_s=1.2563e-05 aplicacion_s=1.7319e-05
Archivo LP guardado en: /home/mathiasr/Escritorio/generator-aware-row-scaling/results-revision/research-audit/identifiability-confirmatory/R2_S3_coupling_uniform/lp/coupling_uniform_S3_seed20260909_SAMat.lp
[PREPROC] modo plano: 43 filas tratadas como un unico bloque sin roles (kernel geomean por fila)
[PREPROC PHASES] metadata_s=1.014e-06 diagnostico_s=7.125e-06 aplicacion_s=1.0944e-05
Archivo LP guardado en: /home/mathiasr/Escritorio/generator-aware-row-scaling/results-revision/research-audit/identifiability-confirmatory/R2_S3_coupling_uniform/lp/coupling_uniform_S3_seed20260909_FlatGM.lp
[PREPROC] modo plano: 43 filas tratadas como un unico bloque sin roles (kernel geomean por fila)
[PREPROC PHASES] metadata_s=8e-07 diagnostico_s=7.976e-06 aplicacion_s=1.0071e-05
Archivo LP guardado en: /home/mathiasr/Escritorio/generator-aware-row-scaling/results-revision/research-audit/identifiability-confirmatory/R2_S3_coupling_uniform/lp/coupling_uniform_S3_seed20260909_FlatL2.lp
[PREPROC PHASES] metadata_s=1.384e-05 diagnostico_s=1.1586e-05 aplicacion_s=1.2588e-05
Archivo LP guardado en: /home/mathiasr/Escritorio/generator-aware-row-scaling/results-revision/research-audit/identifiability-confirmatory/R2_S3_coupling_uniform/lp/coupling_uniform_S3_seed20260909_RoleHybrid.lp
[PREPROC PHASES] metadata_s=1.338e-05 diagnostico_s=1.1344e-05 aplicacion_s=2.1528e-05
Archivo LP guardado en: /home/mathiasr/Escritorio/generator-aware-row-scaling/results-revision/research-audit/identifiability-confirmatory/R2_S3_coupling_uniform/lp/coupling_uniform_S3_seed20260909_SAMatpermB.lp
Archivo LP guardado en: /home/mathiasr/Escritorio/generator-aware-row-scaling/results-revision/research-audit/identifiability-confirmatory/R2_S3_coupling_uniform/lp/coupling_uniform_S3_seed20260910_Base.lp
[PREPROC PHASES] metadata_s=1.309e-05 diagnostico_s=1.0877e-05 aplicacion_s=1.1999e-05
Archivo LP guardado en: /home/mathiasr/Escritorio/generator-aware-row-scaling/results-revision/research-audit/identifiability-confirmatory/R2_S3_coupling_uniform/lp/coupling_uniform_S3_seed20260910_SAMat.lp
[PREPROC] modo plano: 43 filas tratadas como un unico bloque sin roles (kernel geomean por fila)
[PREPROC PHASES] metadata_s=7.79e-07 diagnostico_s=8.06e-06 aplicacion_s=9.824e-06
Archivo LP guardado en: /home/mathiasr/Escritorio/generator-aware-row-scaling/results-revision/research-audit/identifiability-confirmatory/R2_S3_coupling_uniform/lp/coupling_uniform_S3_seed20260910_FlatGM.lp
[PREPROC] modo plano: 43 filas tratadas como un unico bloque sin roles (kernel geomean por fila)
[PREPROC PHASES] metadata_s=8.11e-07 diagnostico_s=7.49e-06 aplicacion_s=9.682e-06
Archivo LP guardado en: /home/mathiasr/Escritorio/generator-aware-row-scaling/results-revision/research-audit/identifiability-confirmatory/R2_S3_coupling_uniform/lp/coupling_uniform_S3_seed20260910_FlatL2.lp
[PREPROC PHASES] metadata_s=1.3544e-05 diagnostico_s=1.0857e-05 aplicacion_s=1.1394e-05
Archivo LP guardado en: /home/mathiasr/Escritorio/generator-aware-row-scaling/results-revision/research-audit/identifiability-confirmatory/R2_S3_coupling_uniform/lp/coupling_uniform_S3_seed20260910_RoleHybrid.lp
[PREPROC PHASES] metadata_s=1.221e-05 diagnostico_s=1.0511e-05 aplicacion_s=1.8323e-05
Archivo LP guardado en: /home/mathiasr/Escritorio/generator-aware-row-scaling/results-revision/research-audit/identifiability-confirmatory/R2_S3_coupling_uniform/lp/coupling_uniform_S3_seed20260910_SAMatpermB.lp
Archivo LP guardado en: /home/mathiasr/Escritorio/generator-aware-row-scaling/results-revision/research-audit/identifiability-confirmatory/R2_S3_coupling_uniform/lp/coupling_uniform_S3_seed20260911_Base.lp
[PREPROC PHASES] metadata_s=1.2653e-05 diagnostico_s=1.0969e-05 aplicacion_s=1.3763e-05
Archivo LP guardado en: /home/mathiasr/Escritorio/generator-aware-row-scaling/results-revision/research-audit/identifiability-confirmatory/R2_S3_coupling_uniform/lp/coupling_uniform_S3_seed20260911_SAMat.lp
[PREPROC] modo plano: 43 filas tratadas como un unico bloque sin roles (kernel geomean por fila)
[PREPROC PHASES] metadata_s=7.52e-07 diagnostico_s=7.339e-06 aplicacion_s=9.764e-06
Archivo LP guardado en: /home/mathiasr/Escritorio/generator-aware-row-scaling/results-revision/research-audit/identifiability-confirmatory/R2_S3_coupling_uniform/lp/coupling_uniform_S3_seed20260911_FlatGM.lp
[PREPROC] modo plano: 43 filas tratadas como un unico bloque sin roles (kernel geomean por fila)
[PREPROC PHASES] metadata_s=7.33e-07 diagnostico_s=7.23e-06 aplicacion_s=9.452e-06
Archivo LP guardado en: /home/mathiasr/Escritorio/generator-aware-row-scaling/results-revision/research-audit/identifiability-confirmatory/R2_S3_coupling_uniform/lp/coupling_uniform_S3_seed20260911_FlatL2.lp
[PREPROC PHASES] metadata_s=1.2604e-05 diagnostico_s=1.0969e-05 aplicacion_s=1.134e-05
Archivo LP guardado en: /home/mathiasr/Escritorio/generator-aware-row-scaling/results-revision/research-audit/identifiability-confirmatory/R2_S3_coupling_uniform/lp/coupling_uniform_S3_seed20260911_RoleHybrid.lp
[PREPROC PHASES] metadata_s=1.2985e-05 diagnostico_s=1.0946e-05 aplicacion_s=1.9208e-05
Archivo LP guardado en: /home/mathiasr/Escritorio/generator-aware-row-scaling/results-revision/research-audit/identifiability-confirmatory/R2_S3_coupling_uniform/lp/coupling_uniform_S3_seed20260911_SAMatpermB.lp
Archivo LP guardado en: /home/mathiasr/Escritorio/generator-aware-row-scaling/results-revision/research-audit/identifiability-confirmatory/R2_S3_coupling_uniform/lp/coupling_uniform_S3_seed20260912_Base.lp
[PREPROC PHASES] metadata_s=1.2246e-05 diagnostico_s=1.0337e-05 aplicacion_s=1.159e-05
Archivo LP guardado en: /home/mathiasr/Escritorio/generator-aware-row-scaling/results-revision/research-audit/identifiability-confirmatory/R2_S3_coupling_uniform/lp/coupling_uniform_S3_seed20260912_SAMat.lp
[PREPROC] modo plano: 43 filas tratadas como un unico bloque sin roles (kernel geomean por fila)
[PREPROC PHASES] metadata_s=7.22e-07 diagnostico_s=6.005e-06 aplicacion_s=9.321e-06
Archivo LP guardado en: /home/mathiasr/Escritorio/generator-aware-row-scaling/results-revision/research-audit/identifiability-confirmatory/R2_S3_coupling_uniform/lp/coupling_uniform_S3_seed20260912_FlatGM.lp
[PREPROC] modo plano: 43 filas tratadas como un unico bloque sin roles (kernel geomean por fila)
[PREPROC PHASES] metadata_s=7.22e-07 diagnostico_s=6.917e-06 aplicacion_s=8.99e-06
Archivo LP guardado en: /home/mathiasr/Escritorio/generator-aware-row-scaling/results-revision/research-audit/identifiability-confirmatory/R2_S3_coupling_uniform/lp/coupling_uniform_S3_seed20260912_FlatL2.lp
[PREPROC PHASES] metadata_s=1.1757e-05 diagnostico_s=9.799e-06 aplicacion_s=1.0056e-05
Archivo LP guardado en: /home/mathiasr/Escritorio/generator-aware-row-scaling/results-revision/research-audit/identifiability-confirmatory/R2_S3_coupling_uniform/lp/coupling_uniform_S3_seed20260912_RoleHybrid.lp
[PREPROC PHASES] metadata_s=1.1813e-05 diagnostico_s=1.0093e-05 aplicacion_s=1.798e-05
Archivo LP guardado en: /home/mathiasr/Escritorio/generator-aware-row-scaling/results-revision/research-audit/identifiability-confirmatory/R2_S3_coupling_uniform/lp/coupling_uniform_S3_seed20260912_SAMatpermB.lp
Archivo LP guardado en: /home/mathiasr/Escritorio/generator-aware-row-scaling/results-revision/research-audit/identifiability-confirmatory/R2_S3_coupling_uniform/lp/coupling_uniform_S3_seed20260913_Base.lp
[PREPROC PHASES] metadata_s=2.3139e-05 diagnostico_s=1.2048e-05 aplicacion_s=1.1538e-05
Archivo LP guardado en: /home/mathiasr/Escritorio/generator-aware-row-scaling/results-revision/research-audit/identifiability-confirmatory/R2_S3_coupling_uniform/lp/coupling_uniform_S3_seed20260913_SAMat.lp
[PREPROC] modo plano: 43 filas tratadas como un unico bloque sin roles (kernel geomean por fila)
[PREPROC PHASES] metadata_s=9.01e-07 diagnostico_s=3.695e-06 aplicacion_s=6.908e-06
Archivo LP guardado en: /home/mathiasr/Escritorio/generator-aware-row-scaling/results-revision/research-audit/identifiability-confirmatory/R2_S3_coupling_uniform/lp/coupling_uniform_S3_seed20260913_FlatGM.lp
[PREPROC] modo plano: 43 filas tratadas como un unico bloque sin roles (kernel geomean por fila)
[PREPROC PHASES] metadata_s=3.55e-07 diagnostico_s=3.807e-06 aplicacion_s=5.654e-06
Archivo LP guardado en: /home/mathiasr/Escritorio/generator-aware-row-scaling/results-revision/research-audit/identifiability-confirmatory/R2_S3_coupling_uniform/lp/coupling_uniform_S3_seed20260913_FlatL2.lp
[PREPROC PHASES] metadata_s=7.37e-06 diagnostico_s=6.464e-06 aplicacion_s=9.418e-06
Archivo LP guardado en: /home/mathiasr/Escritorio/generator-aware-row-scaling/results-revision/research-audit/identifiability-confirmatory/R2_S3_coupling_uniform/lp/coupling_uniform_S3_seed20260913_RoleHybrid.lp
[PREPROC PHASES] metadata_s=7.36e-06 diagnostico_s=6.407e-06 aplicacion_s=1.2876e-05
Archivo LP guardado en: /home/mathiasr/Escritorio/generator-aware-row-scaling/results-revision/research-audit/identifiability-confirmatory/R2_S3_coupling_uniform/lp/coupling_uniform_S3_seed20260913_SAMatpermB.lp
Archivo LP guardado en: /home/mathiasr/Escritorio/generator-aware-row-scaling/results-revision/research-audit/identifiability-confirmatory/R2_S3_coupling_uniform/lp/coupling_uniform_S3_seed20260914_Base.lp
[PREPROC PHASES] metadata_s=7.404e-06 diagnostico_s=5.256e-06 aplicacion_s=6.74e-06
Archivo LP guardado en: /home/mathiasr/Escritorio/generator-aware-row-scaling/results-revision/research-audit/identifiability-confirmatory/R2_S3_coupling_uniform/lp/coupling_uniform_S3_seed20260914_SAMat.lp
[PREPROC] modo plano: 43 filas tratadas como un unico bloque sin roles (kernel geomean por fila)
[PREPROC PHASES] metadata_s=5.11e-07 diagnostico_s=3.038e-06 aplicacion_s=5.243e-06
Archivo LP guardado en: /home/mathiasr/Escritorio/generator-aware-row-scaling/results-revision/research-audit/identifiability-confirmatory/R2_S3_coupling_uniform/lp/coupling_uniform_S3_seed20260914_FlatGM.lp
[PREPROC] modo plano: 43 filas tratadas como un unico bloque sin roles (kernel geomean por fila)
[PREPROC PHASES] metadata_s=3.66e-07 diagnostico_s=3.43e-06 aplicacion_s=5.397e-06
Archivo LP guardado en: /home/mathiasr/Escritorio/generator-aware-row-scaling/results-revision/research-audit/identifiability-confirmatory/R2_S3_coupling_uniform/lp/coupling_uniform_S3_seed20260914_FlatL2.lp
[PREPROC PHASES] metadata_s=7.659e-06 diagnostico_s=5.54e-06 aplicacion_s=6.091e-06
Archivo LP guardado en: /home/mathiasr/Escritorio/generator-aware-row-scaling/results-revision/research-audit/identifiability-confirmatory/R2_S3_coupling_uniform/lp/coupling_uniform_S3_seed20260914_RoleHybrid.lp
[PREPROC PHASES] metadata_s=7.368e-06 diagnostico_s=5.39e-06 aplicacion_s=1.1197e-05
Archivo LP guardado en: /home/mathiasr/Escritorio/generator-aware-row-scaling/results-revision/research-audit/identifiability-confirmatory/R2_S3_coupling_uniform/lp/coupling_uniform_S3_seed20260914_SAMatpermB.lp
Archivo LP guardado en: /home/mathiasr/Escritorio/generator-aware-row-scaling/results-revision/research-audit/identifiability-confirmatory/R2_S3_coupling_uniform/lp/coupling_uniform_S3_seed20260915_Base.lp
[PREPROC PHASES] metadata_s=7.419e-06 diagnostico_s=5.483e-06 aplicacion_s=6.477e-06
Archivo LP guardado en: /home/mathiasr/Escritorio/generator-aware-row-scaling/results-revision/research-audit/identifiability-confirmatory/R2_S3_coupling_uniform/lp/coupling_uniform_S3_seed20260915_SAMat.lp
[PREPROC] modo plano: 43 filas tratadas como un unico bloque sin roles (kernel geomean por fila)
[PREPROC PHASES] metadata_s=4.35e-07 diagnostico_s=3.321e-06 aplicacion_s=5.622e-06
Archivo LP guardado en: /home/mathiasr/Escritorio/generator-aware-row-scaling/results-revision/research-audit/identifiability-confirmatory/R2_S3_coupling_uniform/lp/coupling_uniform_S3_seed20260915_FlatGM.lp
[PREPROC] modo plano: 43 filas tratadas como un unico bloque sin roles (kernel geomean por fila)
[PREPROC PHASES] metadata_s=3.84e-07 diagnostico_s=3.617e-06 aplicacion_s=5.355e-06
Archivo LP guardado en: /home/mathiasr/Escritorio/generator-aware-row-scaling/results-revision/research-audit/identifiability-confirmatory/R2_S3_coupling_uniform/lp/coupling_uniform_S3_seed20260915_FlatL2.lp
[PREPROC PHASES] metadata_s=7.1e-06 diagnostico_s=5.179e-06 aplicacion_s=6.195e-06
Archivo LP guardado en: /home/mathiasr/Escritorio/generator-aware-row-scaling/results-revision/research-audit/identifiability-confirmatory/R2_S3_coupling_uniform/lp/coupling_uniform_S3_seed20260915_RoleHybrid.lp
[PREPROC PHASES] metadata_s=7.351e-06 diagnostico_s=5.43e-06 aplicacion_s=1.1317e-05
Archivo LP guardado en: /home/mathiasr/Escritorio/generator-aware-row-scaling/results-revision/research-audit/identifiability-confirmatory/R2_S3_coupling_uniform/lp/coupling_uniform_S3_seed20260915_SAMatpermB.lp
Archivo LP guardado en: /home/mathiasr/Escritorio/generator-aware-row-scaling/results-revision/research-audit/identifiability-confirmatory/R2_S3_coupling_uniform/lp/coupling_uniform_S3_seed20260916_Base.lp
[PREPROC PHASES] metadata_s=7.257e-06 diagnostico_s=5.271e-06 aplicacion_s=6.228e-06
Archivo LP guardado en: /home/mathiasr/Escritorio/generator-aware-row-scaling/results-revision/research-audit/identifiability-confirmatory/R2_S3_coupling_uniform/lp/coupling_uniform_S3_seed20260916_SAMat.lp
[PREPROC] modo plano: 43 filas tratadas como un unico bloque sin roles (kernel geomean por fila)
[PREPROC PHASES] metadata_s=4.47e-07 diagnostico_s=3.503e-06 aplicacion_s=5.187e-06
Archivo LP guardado en: /home/mathiasr/Escritorio/generator-aware-row-scaling/results-revision/research-audit/identifiability-confirmatory/R2_S3_coupling_uniform/lp/coupling_uniform_S3_seed20260916_FlatGM.lp
[PREPROC] modo plano: 43 filas tratadas como un unico bloque sin roles (kernel geomean por fila)
[PREPROC PHASES] metadata_s=3.34e-07 diagnostico_s=3.461e-06 aplicacion_s=5.831e-06
Archivo LP guardado en: /home/mathiasr/Escritorio/generator-aware-row-scaling/results-revision/research-audit/identifiability-confirmatory/R2_S3_coupling_uniform/lp/coupling_uniform_S3_seed20260916_FlatL2.lp
[PREPROC PHASES] metadata_s=7.282e-06 diagnostico_s=5.181e-06 aplicacion_s=6.168e-06
Archivo LP guardado en: /home/mathiasr/Escritorio/generator-aware-row-scaling/results-revision/research-audit/identifiability-confirmatory/R2_S3_coupling_uniform/lp/coupling_uniform_S3_seed20260916_RoleHybrid.lp
[PREPROC PHASES] metadata_s=1.027e-05 diagnostico_s=9.034e-06 aplicacion_s=2.0128e-05
Archivo LP guardado en: /home/mathiasr/Escritorio/generator-aware-row-scaling/results-revision/research-audit/identifiability-confirmatory/R2_S3_coupling_uniform/lp/coupling_uniform_S3_seed20260916_SAMatpermB.lp
Archivo LP guardado en: /home/mathiasr/Escritorio/generator-aware-row-scaling/results-revision/research-audit/identifiability-confirmatory/R2_S3_coupling_uniform/lp/coupling_uniform_S3_seed20260917_Base.lp
[PREPROC PHASES] metadata_s=1.0705e-05 diagnostico_s=7.911e-06 aplicacion_s=9.852e-06
Archivo LP guardado en: /home/mathiasr/Escritorio/generator-aware-row-scaling/results-revision/research-audit/identifiability-confirmatory/R2_S3_coupling_uniform/lp/coupling_uniform_S3_seed20260917_SAMat.lp
[PREPROC] modo plano: 43 filas tratadas como un unico bloque sin roles (kernel geomean por fila)
[PREPROC PHASES] metadata_s=9.95e-07 diagnostico_s=5.795e-06 aplicacion_s=7.853e-06
Archivo LP guardado en: /home/mathiasr/Escritorio/generator-aware-row-scaling/results-revision/research-audit/identifiability-confirmatory/R2_S3_coupling_uniform/lp/coupling_uniform_S3_seed20260917_FlatGM.lp
[PREPROC] modo plano: 43 filas tratadas como un unico bloque sin roles (kernel geomean por fila)
[PREPROC PHASES] metadata_s=5.38e-07 diagnostico_s=5.148e-06 aplicacion_s=7.385e-06
Archivo LP guardado en: /home/mathiasr/Escritorio/generator-aware-row-scaling/results-revision/research-audit/identifiability-confirmatory/R2_S3_coupling_uniform/lp/coupling_uniform_S3_seed20260917_FlatL2.lp
[PREPROC PHASES] metadata_s=9.717e-06 diagnostico_s=7.355e-06 aplicacion_s=8.634e-06
Archivo LP guardado en: /home/mathiasr/Escritorio/generator-aware-row-scaling/results-revision/research-audit/identifiability-confirmatory/R2_S3_coupling_uniform/lp/coupling_uniform_S3_seed20260917_RoleHybrid.lp
[PREPROC PHASES] metadata_s=9.827e-06 diagnostico_s=7.09e-06 aplicacion_s=1.5225e-05
Archivo LP guardado en: /home/mathiasr/Escritorio/generator-aware-row-scaling/results-revision/research-audit/identifiability-confirmatory/R2_S3_coupling_uniform/lp/coupling_uniform_S3_seed20260917_SAMatpermB.lp
Archivo LP guardado en: /home/mathiasr/Escritorio/generator-aware-row-scaling/results-revision/research-audit/identifiability-confirmatory/R2_S3_coupling_uniform/lp/coupling_uniform_S3_seed20260918_Base.lp
[PREPROC PHASES] metadata_s=9.388e-06 diagnostico_s=7.438e-06 aplicacion_s=8.816e-06
Archivo LP guardado en: /home/mathiasr/Escritorio/generator-aware-row-scaling/results-revision/research-audit/identifiability-confirmatory/R2_S3_coupling_uniform/lp/coupling_uniform_S3_seed20260918_SAMat.lp
[PREPROC] modo plano: 43 filas tratadas como un unico bloque sin roles (kernel geomean por fila)
[PREPROC PHASES] metadata_s=4.94e-07 diagnostico_s=3.947e-06 aplicacion_s=6.818e-06
Archivo LP guardado en: /home/mathiasr/Escritorio/generator-aware-row-scaling/results-revision/research-audit/identifiability-confirmatory/R2_S3_coupling_uniform/lp/coupling_uniform_S3_seed20260918_FlatGM.lp
[PREPROC] modo plano: 43 filas tratadas como un unico bloque sin roles (kernel geomean por fila)
[PREPROC PHASES] metadata_s=4.58e-07 diagnostico_s=4.225e-06 aplicacion_s=7.078e-06
Archivo LP guardado en: /home/mathiasr/Escritorio/generator-aware-row-scaling/results-revision/research-audit/identifiability-confirmatory/R2_S3_coupling_uniform/lp/coupling_uniform_S3_seed20260918_FlatL2.lp
[PREPROC PHASES] metadata_s=9.133e-06 diagnostico_s=7.109e-06 aplicacion_s=8.296e-06
Archivo LP guardado en: /home/mathiasr/Escritorio/generator-aware-row-scaling/results-revision/research-audit/identifiability-confirmatory/R2_S3_coupling_uniform/lp/coupling_uniform_S3_seed20260918_RoleHybrid.lp
[PREPROC PHASES] metadata_s=8.835e-06 diagnostico_s=6.526e-06 aplicacion_s=1.475e-05
Archivo LP guardado en: /home/mathiasr/Escritorio/generator-aware-row-scaling/results-revision/research-audit/identifiability-confirmatory/R2_S3_coupling_uniform/lp/coupling_uniform_S3_seed20260918_SAMatpermB.lp
[32m[success] Benchmark sintético: 60 corridas (instancia × variante). CSV: /home/mathiasr/Escritorio/generator-aware-row-scaling/results-revision/research-audit/identifiability-confirmatory/R2_S3_coupling_uniform/metrics.csv[0m
> [32m[success] Saliendo del programa...[0m
[32m[success] SystemController destruido[0m
