[32m[success] SystemController creado[0m
> Archivo LP guardado en: /home/mathiasr/Escritorio/generator-aware-row-scaling/results-revision/research-audit/identifiability-final/R1_S3_coupling/lp/coupling_S3_seed20260909_Base.lp
[PREPROC PHASES] metadata_s=7.5647e-05 diagnostico_s=6.6443e-05 aplicacion_s=7.6438e-05
Archivo LP guardado en: /home/mathiasr/Escritorio/generator-aware-row-scaling/results-revision/research-audit/identifiability-final/R1_S3_coupling/lp/coupling_S3_seed20260909_SAMat.lp
[PREPROC] modo plano: 43 filas tratadas como un unico bloque sin roles (kernel geomean por fila)
[PREPROC PHASES] metadata_s=2.342e-06 diagnostico_s=3.7416e-05 aplicacion_s=5.1837e-05
Archivo LP guardado en: /home/mathiasr/Escritorio/generator-aware-row-scaling/results-revision/research-audit/identifiability-final/R1_S3_coupling/lp/coupling_S3_seed20260909_FlatGM.lp
[PREPROC] modo plano: 43 filas tratadas como un unico bloque sin roles (kernel geomean por fila)
[PREPROC PHASES] metadata_s=1.809e-06 diagnostico_s=3.5852e-05 aplicacion_s=4.7204e-05
Archivo LP guardado en: /home/mathiasr/Escritorio/generator-aware-row-scaling/results-revision/research-audit/identifiability-final/R1_S3_coupling/lp/coupling_S3_seed20260909_FlatL2.lp
[PREPROC PHASES] metadata_s=7.5816e-05 diagnostico_s=6.5042e-05 aplicacion_s=6.6285e-05
Archivo LP guardado en: /home/mathiasr/Escritorio/generator-aware-row-scaling/results-revision/research-audit/identifiability-final/R1_S3_coupling/lp/coupling_S3_seed20260909_RoleHybrid.lp
[PREPROC PHASES] metadata_s=7.5032e-05 diagnostico_s=6.4585e-05 aplicacion_s=8.1885e-05
Archivo LP guardado en: /home/mathiasr/Escritorio/generator-aware-row-scaling/results-revision/research-audit/identifiability-final/R1_S3_coupling/lp/coupling_S3_seed20260909_SAMatpermB.lp
Archivo LP guardado en: /home/mathiasr/Escritorio/generator-aware-row-scaling/results-revision/research-audit/identifiability-final/R1_S3_coupling/lp/coupling_S3_seed20260910_Base.lp
[PREPROC PHASES] metadata_s=0.000723199 diagnostico_s=0.000665588 aplicacion_s=0.000664988
Archivo LP guardado en: /home/mathiasr/Escritorio/generator-aware-row-scaling/results-revision/research-audit/identifiability-final/R1_S3_coupling/lp/coupling_S3_seed20260910_SAMat.lp
[PREPROC] modo plano: 43 filas tratadas como un unico bloque sin roles (kernel geomean por fila)
[PREPROC PHASES] metadata_s=1.9465e-05 diagnostico_s=0.000348596 aplicacion_s=0.000493168
Archivo LP guardado en: /home/mathiasr/Escritorio/generator-aware-row-scaling/results-revision/research-audit/identifiability-final/R1_S3_coupling/lp/coupling_S3_seed20260910_FlatGM.lp
[PREPROC] modo plano: 43 filas tratadas como un unico bloque sin roles (kernel geomean por fila)
[PREPROC PHASES] metadata_s=1.7496e-05 diagnostico_s=0.000331789 aplicacion_s=0.000468422
Archivo LP guardado en: /home/mathiasr/Escritorio/generator-aware-row-scaling/results-revision/research-audit/identifiability-final/R1_S3_coupling/lp/coupling_S3_seed20260910_FlatL2.lp
[PREPROC PHASES] metadata_s=0.000470472 diagnostico_s=0.000443195 aplicacion_s=0.000444477
Archivo LP guardado en: /home/mathiasr/Escritorio/generator-aware-row-scaling/results-revision/research-audit/identifiability-final/R1_S3_coupling/lp/coupling_S3_seed20260910_RoleHybrid.lp
[PREPROC PHASES] metadata_s=0.000478465 diagnostico_s=0.000435861 aplicacion_s=0.000553481
Archivo LP guardado en: /home/mathiasr/Escritorio/generator-aware-row-scaling/results-revision/research-audit/identifiability-final/R1_S3_coupling/lp/coupling_S3_seed20260910_SAMatpermB.lp
Archivo LP guardado en: /home/mathiasr/Escritorio/generator-aware-row-scaling/results-revision/research-audit/identifiability-final/R1_S3_coupling/lp/coupling_S3_seed20260911_Base.lp
[PREPROC PHASES] metadata_s=0.000471644 diagnostico_s=0.000453537 aplicacion_s=0.000429048
Archivo LP guardado en: /home/mathiasr/Escritorio/generator-aware-row-scaling/results-revision/research-audit/identifiability-final/R1_S3_coupling/lp/coupling_S3_seed20260911_SAMat.lp
[PREPROC] modo plano: 43 filas tratadas como un unico bloque sin roles (kernel geomean por fila)
[PREPROC PHASES] metadata_s=1.5045e-05 diagnostico_s=0.000258324 aplicacion_s=0.000274784
Archivo LP guardado en: /home/mathiasr/Escritorio/generator-aware-row-scaling/results-revision/research-audit/identifiability-final/R1_S3_coupling/lp/coupling_S3_seed20260911_FlatGM.lp
[PREPROC] modo plano: 43 filas tratadas como un unico bloque sin roles (kernel geomean por fila)
[PREPROC PHASES] metadata_s=1.2024e-05 diagnostico_s=0.000257171 aplicacion_s=0.000302368
Archivo LP guardado en: /home/mathiasr/Escritorio/generator-aware-row-scaling/results-revision/research-audit/identifiability-final/R1_S3_coupling/lp/coupling_S3_seed20260911_FlatL2.lp
[PREPROC PHASES] metadata_s=0.000466418 diagnostico_s=0.000439301 aplicacion_s=0.000380677
Archivo LP guardado en: /home/mathiasr/Escritorio/generator-aware-row-scaling/results-revision/research-audit/identifiability-final/R1_S3_coupling/lp/coupling_S3_seed20260911_RoleHybrid.lp
[PREPROC PHASES] metadata_s=0.000465656 diagnostico_s=0.000434705 aplicacion_s=0.000507374
Archivo LP guardado en: /home/mathiasr/Escritorio/generator-aware-row-scaling/results-revision/research-audit/identifiability-final/R1_S3_coupling/lp/coupling_S3_seed20260911_SAMatpermB.lp
Archivo LP guardado en: /home/mathiasr/Escritorio/generator-aware-row-scaling/results-revision/research-audit/identifiability-final/R1_S3_coupling/lp/coupling_S3_seed20260912_Base.lp
[PREPROC PHASES] metadata_s=0.000476464 diagnostico_s=0.000434757 aplicacion_s=0.000383629
Archivo LP guardado en: /home/mathiasr/Escritorio/generator-aware-row-scaling/results-revision/research-audit/identifiability-final/R1_S3_coupling/lp/coupling_S3_seed20260912_SAMat.lp
[PREPROC] modo plano: 43 filas tratadas como un unico bloque sin roles (kernel geomean por fila)
[PREPROC PHASES] metadata_s=1.2357e-05 diagnostico_s=0.000276101 aplicacion_s=0.000277046
Archivo LP guardado en: /home/mathiasr/Escritorio/generator-aware-row-scaling/results-revision/research-audit/identifiability-final/R1_S3_coupling/lp/coupling_S3_seed20260912_FlatGM.lp
[PREPROC] modo plano: 43 filas tratadas como un unico bloque sin roles (kernel geomean por fila)
[PREPROC PHASES] metadata_s=1.2039e-05 diagnostico_s=0.000264321 aplicacion_s=0.000262682
Archivo LP guardado en: /home/mathiasr/Escritorio/generator-aware-row-scaling/results-revision/research-audit/identifiability-final/R1_S3_coupling/lp/coupling_S3_seed20260912_FlatL2.lp
[PREPROC PHASES] metadata_s=0.000479982 diagnostico_s=0.00044758 aplicacion_s=0.00036993
Archivo LP guardado en: /home/mathiasr/Escritorio/generator-aware-row-scaling/results-revision/research-audit/identifiability-final/R1_S3_coupling/lp/coupling_S3_seed20260912_RoleHybrid.lp
[PREPROC PHASES] metadata_s=0.000463332 diagnostico_s=0.000443218 aplicacion_s=0.000487487
Archivo LP guardado en: /home/mathiasr/Escritorio/generator-aware-row-scaling/results-revision/research-audit/identifiability-final/R1_S3_coupling/lp/coupling_S3_seed20260912_SAMatpermB.lp
Archivo LP guardado en: /home/mathiasr/Escritorio/generator-aware-row-scaling/results-revision/research-audit/identifiability-final/R1_S3_coupling/lp/coupling_S3_seed20260913_Base.lp
[PREPROC PHASES] metadata_s=4.9479e-05 diagnostico_s=4.4583e-05 aplicacion_s=3.956e-05
Archivo LP guardado en: /home/mathiasr/Escritorio/generator-aware-row-scaling/results-revision/research-audit/identifiability-final/R1_S3_coupling/lp/coupling_S3_seed20260913_SAMat.lp
[PREPROC] modo plano: 43 filas tratadas como un unico bloque sin roles (kernel geomean por fila)
[PREPROC PHASES] metadata_s=3.426e-06 diagnostico_s=2.7144e-05 aplicacion_s=2.9334e-05
Archivo LP guardado en: /home/mathiasr/Escritorio/generator-aware-row-scaling/results-revision/research-audit/identifiability-final/R1_S3_coupling/lp/coupling_S3_seed20260913_FlatGM.lp
[PREPROC] modo plano: 43 filas tratadas como un unico bloque sin roles (kernel geomean por fila)
[PREPROC PHASES] metadata_s=1.226e-06 diagnostico_s=2.6616e-05 aplicacion_s=2.7178e-05
Archivo LP guardado en: /home/mathiasr/Escritorio/generator-aware-row-scaling/results-revision/research-audit/identifiability-final/R1_S3_coupling/lp/coupling_S3_seed20260913_FlatL2.lp
[PREPROC PHASES] metadata_s=4.8304e-05 diagnostico_s=4.4317e-05 aplicacion_s=3.5879e-05
Archivo LP guardado en: /home/mathiasr/Escritorio/generator-aware-row-scaling/results-revision/research-audit/identifiability-final/R1_S3_coupling/lp/coupling_S3_seed20260913_RoleHybrid.lp
[PREPROC PHASES] metadata_s=4.9158e-05 diagnostico_s=4.4115e-05 aplicacion_s=4.8945e-05
Archivo LP guardado en: /home/mathiasr/Escritorio/generator-aware-row-scaling/results-revision/research-audit/identifiability-final/R1_S3_coupling/lp/coupling_S3_seed20260913_SAMatpermB.lp
Archivo LP guardado en: /home/mathiasr/Escritorio/generator-aware-row-scaling/results-revision/research-audit/identifiability-final/R1_S3_coupling/lp/coupling_S3_seed20260914_Base.lp
[PREPROC PHASES] metadata_s=4.9014e-05 diagnostico_s=4.601e-05 aplicacion_s=4.203e-05
Archivo LP guardado en: /home/mathiasr/Escritorio/generator-aware-row-scaling/results-revision/research-audit/identifiability-final/R1_S3_coupling/lp/coupling_S3_seed20260914_SAMat.lp
[PREPROC] modo plano: 43 filas tratadas como un unico bloque sin roles (kernel geomean por fila)
[PREPROC PHASES] metadata_s=1.255e-06 diagnostico_s=2.8428e-05 aplicacion_s=2.7842e-05
Archivo LP guardado en: /home/mathiasr/Escritorio/generator-aware-row-scaling/results-revision/research-audit/identifiability-final/R1_S3_coupling/lp/coupling_S3_seed20260914_FlatGM.lp
[PREPROC] modo plano: 43 filas tratadas como un unico bloque sin roles (kernel geomean por fila)
[PREPROC PHASES] metadata_s=1.221e-06 diagnostico_s=2.7395e-05 aplicacion_s=2.7995e-05
Archivo LP guardado en: /home/mathiasr/Escritorio/generator-aware-row-scaling/results-revision/research-audit/identifiability-final/R1_S3_coupling/lp/coupling_S3_seed20260914_FlatL2.lp
[PREPROC PHASES] metadata_s=4.8608e-05 diagnostico_s=4.6039e-05 aplicacion_s=3.9017e-05
Archivo LP guardado en: /home/mathiasr/Escritorio/generator-aware-row-scaling/results-revision/research-audit/identifiability-final/R1_S3_coupling/lp/coupling_S3_seed20260914_RoleHybrid.lp
[PREPROC PHASES] metadata_s=4.8922e-05 diagnostico_s=4.5675e-05 aplicacion_s=5.2589e-05
Archivo LP guardado en: /home/mathiasr/Escritorio/generator-aware-row-scaling/results-revision/research-audit/identifiability-final/R1_S3_coupling/lp/coupling_S3_seed20260914_SAMatpermB.lp
Archivo LP guardado en: /home/mathiasr/Escritorio/generator-aware-row-scaling/results-revision/research-audit/identifiability-final/R1_S3_coupling/lp/coupling_S3_seed20260915_Base.lp
[PREPROC PHASES] metadata_s=4.9563e-05 diagnostico_s=4.6328e-05 aplicacion_s=4.173e-05
Archivo LP guardado en: /home/mathiasr/Escritorio/generator-aware-row-scaling/results-revision/research-audit/identifiability-final/R1_S3_coupling/lp/coupling_S3_seed20260915_SAMat.lp
[PREPROC] modo plano: 43 filas tratadas como un unico bloque sin roles (kernel geomean por fila)
[PREPROC PHASES] metadata_s=1.318e-06 diagnostico_s=2.8436e-05 aplicacion_s=2.8649e-05
Archivo LP guardado en: /home/mathiasr/Escritorio/generator-aware-row-scaling/results-revision/research-audit/identifiability-final/R1_S3_coupling/lp/coupling_S3_seed20260915_FlatGM.lp
[PREPROC] modo plano: 43 filas tratadas como un unico bloque sin roles (kernel geomean por fila)
[PREPROC PHASES] metadata_s=1.171e-06 diagnostico_s=2.7096e-05 aplicacion_s=2.8057e-05
Archivo LP guardado en: /home/mathiasr/Escritorio/generator-aware-row-scaling/results-revision/research-audit/identifiability-final/R1_S3_coupling/lp/coupling_S3_seed20260915_FlatL2.lp
[PREPROC PHASES] metadata_s=4.8695e-05 diagnostico_s=4.5725e-05 aplicacion_s=3.8828e-05
Archivo LP guardado en: /home/mathiasr/Escritorio/generator-aware-row-scaling/results-revision/research-audit/identifiability-final/R1_S3_coupling/lp/coupling_S3_seed20260915_RoleHybrid.lp
[PREPROC PHASES] metadata_s=4.8834e-05 diagnostico_s=4.5509e-05 aplicacion_s=5.1893e-05
Archivo LP guardado en: /home/mathiasr/Escritorio/generator-aware-row-scaling/results-revision/research-audit/identifiability-final/R1_S3_coupling/lp/coupling_S3_seed20260915_SAMatpermB.lp
Archivo LP guardado en: /home/mathiasr/Escritorio/generator-aware-row-scaling/results-revision/research-audit/identifiability-final/R1_S3_coupling/lp/coupling_S3_seed20260916_Base.lp
[PREPROC PHASES] metadata_s=4.8568e-05 diagnostico_s=4.5955e-05 aplicacion_s=4.1779e-05
Archivo LP guardado en: /home/mathiasr/Escritorio/generator-aware-row-scaling/results-revision/research-audit/identifiability-final/R1_S3_coupling/lp/coupling_S3_seed20260916_SAMat.lp
[PREPROC] modo plano: 43 filas tratadas como un unico bloque sin roles (kernel geomean por fila)
[PREPROC PHASES] metadata_s=1.323e-06 diagnostico_s=2.8404e-05 aplicacion_s=2.7678e-05
Archivo LP guardado en: /home/mathiasr/Escritorio/generator-aware-row-scaling/results-revision/research-audit/identifiability-final/R1_S3_coupling/lp/coupling_S3_seed20260916_FlatGM.lp
[PREPROC] modo plano: 43 filas tratadas como un unico bloque sin roles (kernel geomean por fila)
[PREPROC PHASES] metadata_s=1.187e-06 diagnostico_s=2.7361e-05 aplicacion_s=2.7747e-05
Archivo LP guardado en: /home/mathiasr/Escritorio/generator-aware-row-scaling/results-revision/research-audit/identifiability-final/R1_S3_coupling/lp/coupling_S3_seed20260916_FlatL2.lp
[PREPROC PHASES] metadata_s=4.9014e-05 diagnostico_s=4.5742e-05 aplicacion_s=3.9627e-05
Archivo LP guardado en: /home/mathiasr/Escritorio/generator-aware-row-scaling/results-revision/research-audit/identifiability-final/R1_S3_coupling/lp/coupling_S3_seed20260916_RoleHybrid.lp
[PREPROC PHASES] metadata_s=4.8925e-05 diagnostico_s=4.5524e-05 aplicacion_s=5.7826e-05
Archivo LP guardado en: /home/mathiasr/Escritorio/generator-aware-row-scaling/results-revision/research-audit/identifiability-final/R1_S3_coupling/lp/coupling_S3_seed20260916_SAMatpermB.lp
Archivo LP guardado en: /home/mathiasr/Escritorio/generator-aware-row-scaling/results-revision/research-audit/identifiability-final/R1_S3_coupling/lp/coupling_S3_seed20260917_Base.lp
[PREPROC PHASES] metadata_s=4.8551e-05 diagnostico_s=4.9164e-05 aplicacion_s=4.4074e-05
Archivo LP guardado en: /home/mathiasr/Escritorio/generator-aware-row-scaling/results-revision/research-audit/identifiability-final/R1_S3_coupling/lp/coupling_S3_seed20260917_SAMat.lp
[PREPROC] modo plano: 43 filas tratadas como un unico bloque sin roles (kernel geomean por fila)
[PREPROC PHASES] metadata_s=1.385e-06 diagnostico_s=2.8063e-05 aplicacion_s=3.0797e-05
Archivo LP guardado en: /home/mathiasr/Escritorio/generator-aware-row-scaling/results-revision/research-audit/identifiability-final/R1_S3_coupling/lp/coupling_S3_seed20260917_FlatGM.lp
[PREPROC] modo plano: 43 filas tratadas como un unico bloque sin roles (kernel geomean por fila)
[PREPROC PHASES] metadata_s=1.111e-06 diagnostico_s=2.743e-05 aplicacion_s=2.8323e-05
Archivo LP guardado en: /home/mathiasr/Escritorio/generator-aware-row-scaling/results-revision/research-audit/identifiability-final/R1_S3_coupling/lp/coupling_S3_seed20260917_FlatL2.lp
[PREPROC PHASES] metadata_s=4.8992e-05 diagnostico_s=4.6033e-05 aplicacion_s=4.1839e-05
Archivo LP guardado en: /home/mathiasr/Escritorio/generator-aware-row-scaling/results-revision/research-audit/identifiability-final/R1_S3_coupling/lp/coupling_S3_seed20260917_RoleHybrid.lp
[PREPROC PHASES] metadata_s=4.8887e-05 diagnostico_s=4.5297e-05 aplicacion_s=5.601e-05
Archivo LP guardado en: /home/mathiasr/Escritorio/generator-aware-row-scaling/results-revision/research-audit/identifiability-final/R1_S3_coupling/lp/coupling_S3_seed20260917_SAMatpermB.lp
Archivo LP guardado en: /home/mathiasr/Escritorio/generator-aware-row-scaling/results-revision/research-audit/identifiability-final/R1_S3_coupling/lp/coupling_S3_seed20260918_Base.lp
[PREPROC PHASES] metadata_s=4.9267e-05 diagnostico_s=4.6211e-05 aplicacion_s=4.7875e-05
Archivo LP guardado en: /home/mathiasr/Escritorio/generator-aware-row-scaling/results-revision/research-audit/identifiability-final/R1_S3_coupling/lp/coupling_S3_seed20260918_SAMat.lp
[PREPROC] modo plano: 43 filas tratadas como un unico bloque sin roles (kernel geomean por fila)
[PREPROC PHASES] metadata_s=1.229e-06 diagnostico_s=2.8308e-05 aplicacion_s=2.9198e-05
Archivo LP guardado en: /home/mathiasr/Escritorio/generator-aware-row-scaling/results-revision/research-audit/identifiability-final/R1_S3_coupling/lp/coupling_S3_seed20260918_FlatGM.lp
[PREPROC] modo plano: 43 filas tratadas como un unico bloque sin roles (kernel geomean por fila)
[PREPROC PHASES] metadata_s=1.125e-06 diagnostico_s=2.7926e-05 aplicacion_s=2.8272e-05
Archivo LP guardado en: /home/mathiasr/Escritorio/generator-aware-row-scaling/results-revision/research-audit/identifiability-final/R1_S3_coupling/lp/coupling_S3_seed20260918_FlatL2.lp
[PREPROC PHASES] metadata_s=4.9378e-05 diagnostico_s=4.5445e-05 aplicacion_s=4.0289e-05
Archivo LP guardado en: /home/mathiasr/Escritorio/generator-aware-row-scaling/results-revision/research-audit/identifiability-final/R1_S3_coupling/lp/coupling_S3_seed20260918_RoleHybrid.lp
[PREPROC PHASES] metadata_s=5.204e-05 diagnostico_s=4.5675e-05 aplicacion_s=5.3997e-05
Archivo LP guardado en: /home/mathiasr/Escritorio/generator-aware-row-scaling/results-revision/research-audit/identifiability-final/R1_S3_coupling/lp/coupling_S3_seed20260918_SAMatpermB.lp
[32m[success] Benchmark sintético: 60 corridas (instancia × variante). CSV: /home/mathiasr/Escritorio/generator-aware-row-scaling/results-revision/research-audit/identifiability-final/R1_S3_coupling/metrics.csv[0m
> [32m[success] Saliendo del programa...[0m
[32m[success] SystemController destruido[0m
