LP Base has 14400 rows; 10800 cols; 35590 nonzeros
Coefficient ranges:
  Matrix  [2e-03, 2e+09]
  Cost    [5e-03, 3e+03]
  Bound   [1e+00, 1e+10]
  RHS     [5e+00, 4e+09]
WARNING: Problem has some excessively large column bounds
WARNING: Problem has some excessively large row bounds
WARNING:    Consider scaling the    bounds by 1e-5, or setting the user_bound_scale option to -14
Presolving model
13672 rows, 10431 cols, 34477 nonzeros 0s
Dependent equations search running on 1784 equations with time limit of 3.00s
Dependent equations search removed 0 rows and 0 nonzeros in 0.00s (limit = 3.00s)
12925 rows, 9703 cols, 32983 nonzeros 0s
Presolve reductions: rows 12925(-1475); columns 9703(-1097); nonzeros 32983(-2607) 
Solving the presolved LP
Using dual simplex solver
  Iteration        Objective     Infeasibilities num(sum)
          0     0.0000000000e+00 Ph1: 0(0) 0.1s
      10566    -3.4677326697e+08 Pr: 1269(1.978e+08) 5.1s
      12021    -3.4670356803e+08 Pr: 0(0) 6.8s
      12021    -3.4670356803e+08 Pr: 0(0) 6.8s

Performed postsolve
Solving the original LP from the solution after postsolve

Model name          : Base
Model status        : Optimal
Simplex   iterations: 12021
Objective value     : -3.4670356803e+08
P-D objective error :  3.4383635005e-16
HiGHS run time      :          6.83
