[32m[success] SystemController creado[0m
> Archivo LP guardado en: /home/mathiasr/Escritorio/generator-aware-row-scaling/results-revision/research-audit/identifiability-final/R2_S6_mixed/lp/mixed_S6_seed20260909_Base.lp
[PREPROC PHASES] metadata_s=4.9468e-05 diagnostico_s=5.0569e-05 aplicacion_s=4.9223e-05
Archivo LP guardado en: /home/mathiasr/Escritorio/generator-aware-row-scaling/results-revision/research-audit/identifiability-final/R2_S6_mixed/lp/mixed_S6_seed20260909_SAMat.lp
[PREPROC] modo plano: 43 filas tratadas como un unico bloque sin roles (kernel geomean por fila)
[PREPROC PHASES] metadata_s=2.227e-06 diagnostico_s=3.3729e-05 aplicacion_s=4.2442e-05
Archivo LP guardado en: /home/mathiasr/Escritorio/generator-aware-row-scaling/results-revision/research-audit/identifiability-final/R2_S6_mixed/lp/mixed_S6_seed20260909_FlatGM.lp
[PREPROC] modo plano: 43 filas tratadas como un unico bloque sin roles (kernel geomean por fila)
[PREPROC PHASES] metadata_s=1.409e-06 diagnostico_s=2.9044e-05 aplicacion_s=3.0861e-05
Archivo LP guardado en: /home/mathiasr/Escritorio/generator-aware-row-scaling/results-revision/research-audit/identifiability-final/R2_S6_mixed/lp/mixed_S6_seed20260909_FlatL2.lp
[PREPROC PHASES] metadata_s=4.9412e-05 diagnostico_s=4.8419e-05 aplicacion_s=4.2271e-05
Archivo LP guardado en: /home/mathiasr/Escritorio/generator-aware-row-scaling/results-revision/research-audit/identifiability-final/R2_S6_mixed/lp/mixed_S6_seed20260909_RoleHybrid.lp
[PREPROC PHASES] metadata_s=4.9043e-05 diagnostico_s=4.878e-05 aplicacion_s=5.6147e-05
Archivo LP guardado en: /home/mathiasr/Escritorio/generator-aware-row-scaling/results-revision/research-audit/identifiability-final/R2_S6_mixed/lp/mixed_S6_seed20260909_SAMatpermB.lp
Archivo LP guardado en: /home/mathiasr/Escritorio/generator-aware-row-scaling/results-revision/research-audit/identifiability-final/R2_S6_mixed/lp/mixed_S6_seed20260910_Base.lp
[PREPROC PHASES] metadata_s=4.9445e-05 diagnostico_s=4.83e-05 aplicacion_s=4.5238e-05
Archivo LP guardado en: /home/mathiasr/Escritorio/generator-aware-row-scaling/results-revision/research-audit/identifiability-final/R2_S6_mixed/lp/mixed_S6_seed20260910_SAMat.lp
[PREPROC] modo plano: 43 filas tratadas como un unico bloque sin roles (kernel geomean por fila)
[PREPROC PHASES] metadata_s=1.532e-06 diagnostico_s=2.992e-05 aplicacion_s=3.1471e-05
Archivo LP guardado en: /home/mathiasr/Escritorio/generator-aware-row-scaling/results-revision/research-audit/identifiability-final/R2_S6_mixed/lp/mixed_S6_seed20260910_FlatGM.lp
[PREPROC] modo plano: 43 filas tratadas como un unico bloque sin roles (kernel geomean por fila)
[PREPROC PHASES] metadata_s=1.371e-06 diagnostico_s=2.9557e-05 aplicacion_s=2.9978e-05
Archivo LP guardado en: /home/mathiasr/Escritorio/generator-aware-row-scaling/results-revision/research-audit/identifiability-final/R2_S6_mixed/lp/mixed_S6_seed20260910_FlatL2.lp
[PREPROC PHASES] metadata_s=4.9434e-05 diagnostico_s=4.8021e-05 aplicacion_s=4.3514e-05
Archivo LP guardado en: /home/mathiasr/Escritorio/generator-aware-row-scaling/results-revision/research-audit/identifiability-final/R2_S6_mixed/lp/mixed_S6_seed20260910_RoleHybrid.lp
[PREPROC PHASES] metadata_s=4.9056e-05 diagnostico_s=4.712e-05 aplicacion_s=5.5894e-05
Archivo LP guardado en: /home/mathiasr/Escritorio/generator-aware-row-scaling/results-revision/research-audit/identifiability-final/R2_S6_mixed/lp/mixed_S6_seed20260910_SAMatpermB.lp
Archivo LP guardado en: /home/mathiasr/Escritorio/generator-aware-row-scaling/results-revision/research-audit/identifiability-final/R2_S6_mixed/lp/mixed_S6_seed20260911_Base.lp
[PREPROC PHASES] metadata_s=4.9065e-05 diagnostico_s=4.8445e-05 aplicacion_s=4.8951e-05
Archivo LP guardado en: /home/mathiasr/Escritorio/generator-aware-row-scaling/results-revision/research-audit/identifiability-final/R2_S6_mixed/lp/mixed_S6_seed20260911_SAMat.lp
[PREPROC] modo plano: 43 filas tratadas como un unico bloque sin roles (kernel geomean por fila)
[PREPROC PHASES] metadata_s=1.298e-06 diagnostico_s=2.8358e-05 aplicacion_s=3.0112e-05
Archivo LP guardado en: /home/mathiasr/Escritorio/generator-aware-row-scaling/results-revision/research-audit/identifiability-final/R2_S6_mixed/lp/mixed_S6_seed20260911_FlatGM.lp
[PREPROC] modo plano: 43 filas tratadas como un unico bloque sin roles (kernel geomean por fila)
[PREPROC PHASES] metadata_s=1.241e-06 diagnostico_s=2.7758e-05 aplicacion_s=3.1665e-05
Archivo LP guardado en: /home/mathiasr/Escritorio/generator-aware-row-scaling/results-revision/research-audit/identifiability-final/R2_S6_mixed/lp/mixed_S6_seed20260911_FlatL2.lp
[PREPROC PHASES] metadata_s=4.8421e-05 diagnostico_s=4.8004e-05 aplicacion_s=4.2679e-05
Archivo LP guardado en: /home/mathiasr/Escritorio/generator-aware-row-scaling/results-revision/research-audit/identifiability-final/R2_S6_mixed/lp/mixed_S6_seed20260911_RoleHybrid.lp
[PREPROC PHASES] metadata_s=4.9202e-05 diagnostico_s=4.7292e-05 aplicacion_s=5.9265e-05
Archivo LP guardado en: /home/mathiasr/Escritorio/generator-aware-row-scaling/results-revision/research-audit/identifiability-final/R2_S6_mixed/lp/mixed_S6_seed20260911_SAMatpermB.lp
Archivo LP guardado en: /home/mathiasr/Escritorio/generator-aware-row-scaling/results-revision/research-audit/identifiability-final/R2_S6_mixed/lp/mixed_S6_seed20260912_Base.lp
[PREPROC PHASES] metadata_s=4.9024e-05 diagnostico_s=4.8812e-05 aplicacion_s=4.4169e-05
Archivo LP guardado en: /home/mathiasr/Escritorio/generator-aware-row-scaling/results-revision/research-audit/identifiability-final/R2_S6_mixed/lp/mixed_S6_seed20260912_SAMat.lp
[PREPROC] modo plano: 43 filas tratadas como un unico bloque sin roles (kernel geomean por fila)
[PREPROC PHASES] metadata_s=1.467e-06 diagnostico_s=3.0285e-05 aplicacion_s=3.5353e-05
Archivo LP guardado en: /home/mathiasr/Escritorio/generator-aware-row-scaling/results-revision/research-audit/identifiability-final/R2_S6_mixed/lp/mixed_S6_seed20260912_FlatGM.lp
[PREPROC] modo plano: 43 filas tratadas como un unico bloque sin roles (kernel geomean por fila)
[PREPROC PHASES] metadata_s=1.572e-06 diagnostico_s=2.9306e-05 aplicacion_s=3.1174e-05
Archivo LP guardado en: /home/mathiasr/Escritorio/generator-aware-row-scaling/results-revision/research-audit/identifiability-final/R2_S6_mixed/lp/mixed_S6_seed20260912_FlatL2.lp
[PREPROC PHASES] metadata_s=4.9764e-05 diagnostico_s=5.0721e-05 aplicacion_s=4.1141e-05
Archivo LP guardado en: /home/mathiasr/Escritorio/generator-aware-row-scaling/results-revision/research-audit/identifiability-final/R2_S6_mixed/lp/mixed_S6_seed20260912_RoleHybrid.lp
[PREPROC PHASES] metadata_s=4.8578e-05 diagnostico_s=4.6963e-05 aplicacion_s=5.435e-05
Archivo LP guardado en: /home/mathiasr/Escritorio/generator-aware-row-scaling/results-revision/research-audit/identifiability-final/R2_S6_mixed/lp/mixed_S6_seed20260912_SAMatpermB.lp
Archivo LP guardado en: /home/mathiasr/Escritorio/generator-aware-row-scaling/results-revision/research-audit/identifiability-final/R2_S6_mixed/lp/mixed_S6_seed20260913_Base.lp
[PREPROC PHASES] metadata_s=4.9017e-05 diagnostico_s=4.8669e-05 aplicacion_s=4.519e-05
Archivo LP guardado en: /home/mathiasr/Escritorio/generator-aware-row-scaling/results-revision/research-audit/identifiability-final/R2_S6_mixed/lp/mixed_S6_seed20260913_SAMat.lp
[PREPROC] modo plano: 43 filas tratadas como un unico bloque sin roles (kernel geomean por fila)
[PREPROC PHASES] metadata_s=1.427e-06 diagnostico_s=2.849e-05 aplicacion_s=3.1672e-05
Archivo LP guardado en: /home/mathiasr/Escritorio/generator-aware-row-scaling/results-revision/research-audit/identifiability-final/R2_S6_mixed/lp/mixed_S6_seed20260913_FlatGM.lp
[PREPROC] modo plano: 43 filas tratadas como un unico bloque sin roles (kernel geomean por fila)
[PREPROC PHASES] metadata_s=1.304e-06 diagnostico_s=2.8506e-05 aplicacion_s=3.1788e-05
Archivo LP guardado en: /home/mathiasr/Escritorio/generator-aware-row-scaling/results-revision/research-audit/identifiability-final/R2_S6_mixed/lp/mixed_S6_seed20260913_FlatL2.lp
[PREPROC PHASES] metadata_s=4.9641e-05 diagnostico_s=4.7883e-05 aplicacion_s=4.1764e-05
Archivo LP guardado en: /home/mathiasr/Escritorio/generator-aware-row-scaling/results-revision/research-audit/identifiability-final/R2_S6_mixed/lp/mixed_S6_seed20260913_RoleHybrid.lp
[PREPROC PHASES] metadata_s=4.8935e-05 diagnostico_s=4.7232e-05 aplicacion_s=5.3974e-05
Archivo LP guardado en: /home/mathiasr/Escritorio/generator-aware-row-scaling/results-revision/research-audit/identifiability-final/R2_S6_mixed/lp/mixed_S6_seed20260913_SAMatpermB.lp
Archivo LP guardado en: /home/mathiasr/Escritorio/generator-aware-row-scaling/results-revision/research-audit/identifiability-final/R2_S6_mixed/lp/mixed_S6_seed20260914_Base.lp
[PREPROC PHASES] metadata_s=4.9362e-05 diagnostico_s=4.8127e-05 aplicacion_s=4.4848e-05
Archivo LP guardado en: /home/mathiasr/Escritorio/generator-aware-row-scaling/results-revision/research-audit/identifiability-final/R2_S6_mixed/lp/mixed_S6_seed20260914_SAMat.lp
[PREPROC] modo plano: 43 filas tratadas como un unico bloque sin roles (kernel geomean por fila)
[PREPROC PHASES] metadata_s=1.6e-06 diagnostico_s=2.7964e-05 aplicacion_s=3.0958e-05
Archivo LP guardado en: /home/mathiasr/Escritorio/generator-aware-row-scaling/results-revision/research-audit/identifiability-final/R2_S6_mixed/lp/mixed_S6_seed20260914_FlatGM.lp
[PREPROC] modo plano: 43 filas tratadas como un unico bloque sin roles (kernel geomean por fila)
[PREPROC PHASES] metadata_s=1.396e-06 diagnostico_s=2.9534e-05 aplicacion_s=3.0349e-05
Archivo LP guardado en: /home/mathiasr/Escritorio/generator-aware-row-scaling/results-revision/research-audit/identifiability-final/R2_S6_mixed/lp/mixed_S6_seed20260914_FlatL2.lp
[PREPROC PHASES] metadata_s=4.9163e-05 diagnostico_s=4.7691e-05 aplicacion_s=4.383e-05
Archivo LP guardado en: /home/mathiasr/Escritorio/generator-aware-row-scaling/results-revision/research-audit/identifiability-final/R2_S6_mixed/lp/mixed_S6_seed20260914_RoleHybrid.lp
[PREPROC PHASES] metadata_s=4.9257e-05 diagnostico_s=5.07e-05 aplicacion_s=5.5954e-05
Archivo LP guardado en: /home/mathiasr/Escritorio/generator-aware-row-scaling/results-revision/research-audit/identifiability-final/R2_S6_mixed/lp/mixed_S6_seed20260914_SAMatpermB.lp
Archivo LP guardado en: /home/mathiasr/Escritorio/generator-aware-row-scaling/results-revision/research-audit/identifiability-final/R2_S6_mixed/lp/mixed_S6_seed20260915_Base.lp
[PREPROC PHASES] metadata_s=4.9098e-05 diagnostico_s=4.9202e-05 aplicacion_s=4.7685e-05
Archivo LP guardado en: /home/mathiasr/Escritorio/generator-aware-row-scaling/results-revision/research-audit/identifiability-final/R2_S6_mixed/lp/mixed_S6_seed20260915_SAMat.lp
[PREPROC] modo plano: 43 filas tratadas como un unico bloque sin roles (kernel geomean por fila)
[PREPROC PHASES] metadata_s=1.386e-06 diagnostico_s=2.8451e-05 aplicacion_s=3.005e-05
Archivo LP guardado en: /home/mathiasr/Escritorio/generator-aware-row-scaling/results-revision/research-audit/identifiability-final/R2_S6_mixed/lp/mixed_S6_seed20260915_FlatGM.lp
[PREPROC] modo plano: 43 filas tratadas como un unico bloque sin roles (kernel geomean por fila)
[PREPROC PHASES] metadata_s=1.329e-06 diagnostico_s=2.9233e-05 aplicacion_s=3.2089e-05
Archivo LP guardado en: /home/mathiasr/Escritorio/generator-aware-row-scaling/results-revision/research-audit/identifiability-final/R2_S6_mixed/lp/mixed_S6_seed20260915_FlatL2.lp
[PREPROC PHASES] metadata_s=4.9304e-05 diagnostico_s=4.8649e-05 aplicacion_s=4.2159e-05
Archivo LP guardado en: /home/mathiasr/Escritorio/generator-aware-row-scaling/results-revision/research-audit/identifiability-final/R2_S6_mixed/lp/mixed_S6_seed20260915_RoleHybrid.lp
[PREPROC PHASES] metadata_s=5.2329e-05 diagnostico_s=4.743e-05 aplicacion_s=5.4474e-05
Archivo LP guardado en: /home/mathiasr/Escritorio/generator-aware-row-scaling/results-revision/research-audit/identifiability-final/R2_S6_mixed/lp/mixed_S6_seed20260915_SAMatpermB.lp
Archivo LP guardado en: /home/mathiasr/Escritorio/generator-aware-row-scaling/results-revision/research-audit/identifiability-final/R2_S6_mixed/lp/mixed_S6_seed20260916_Base.lp
[PREPROC PHASES] metadata_s=5.1505e-05 diagnostico_s=4.811e-05 aplicacion_s=4.5513e-05
Archivo LP guardado en: /home/mathiasr/Escritorio/generator-aware-row-scaling/results-revision/research-audit/identifiability-final/R2_S6_mixed/lp/mixed_S6_seed20260916_SAMat.lp
[PREPROC] modo plano: 43 filas tratadas como un unico bloque sin roles (kernel geomean por fila)
[PREPROC PHASES] metadata_s=1.467e-06 diagnostico_s=2.8659e-05 aplicacion_s=3.1112e-05
Archivo LP guardado en: /home/mathiasr/Escritorio/generator-aware-row-scaling/results-revision/research-audit/identifiability-final/R2_S6_mixed/lp/mixed_S6_seed20260916_FlatGM.lp
[PREPROC] modo plano: 43 filas tratadas como un unico bloque sin roles (kernel geomean por fila)
[PREPROC PHASES] metadata_s=1.263e-06 diagnostico_s=2.911e-05 aplicacion_s=3.1591e-05
Archivo LP guardado en: /home/mathiasr/Escritorio/generator-aware-row-scaling/results-revision/research-audit/identifiability-final/R2_S6_mixed/lp/mixed_S6_seed20260916_FlatL2.lp
[PREPROC PHASES] metadata_s=4.9204e-05 diagnostico_s=4.7004e-05 aplicacion_s=4.1817e-05
Archivo LP guardado en: /home/mathiasr/Escritorio/generator-aware-row-scaling/results-revision/research-audit/identifiability-final/R2_S6_mixed/lp/mixed_S6_seed20260916_RoleHybrid.lp
[PREPROC PHASES] metadata_s=4.905e-05 diagnostico_s=4.7107e-05 aplicacion_s=5.6633e-05
Archivo LP guardado en: /home/mathiasr/Escritorio/generator-aware-row-scaling/results-revision/research-audit/identifiability-final/R2_S6_mixed/lp/mixed_S6_seed20260916_SAMatpermB.lp
Archivo LP guardado en: /home/mathiasr/Escritorio/generator-aware-row-scaling/results-revision/research-audit/identifiability-final/R2_S6_mixed/lp/mixed_S6_seed20260917_Base.lp
[PREPROC PHASES] metadata_s=4.9312e-05 diagnostico_s=4.7846e-05 aplicacion_s=4.612e-05
Archivo LP guardado en: /home/mathiasr/Escritorio/generator-aware-row-scaling/results-revision/research-audit/identifiability-final/R2_S6_mixed/lp/mixed_S6_seed20260917_SAMat.lp
[PREPROC] modo plano: 43 filas tratadas como un unico bloque sin roles (kernel geomean por fila)
[PREPROC PHASES] metadata_s=1.309e-06 diagnostico_s=2.8215e-05 aplicacion_s=3.1421e-05
Archivo LP guardado en: /home/mathiasr/Escritorio/generator-aware-row-scaling/results-revision/research-audit/identifiability-final/R2_S6_mixed/lp/mixed_S6_seed20260917_FlatGM.lp
[PREPROC] modo plano: 43 filas tratadas como un unico bloque sin roles (kernel geomean por fila)
[PREPROC PHASES] metadata_s=1.092e-06 diagnostico_s=2.9581e-05 aplicacion_s=3.0796e-05
Archivo LP guardado en: /home/mathiasr/Escritorio/generator-aware-row-scaling/results-revision/research-audit/identifiability-final/R2_S6_mixed/lp/mixed_S6_seed20260917_FlatL2.lp
[PREPROC PHASES] metadata_s=4.8668e-05 diagnostico_s=4.8579e-05 aplicacion_s=4.3798e-05
Archivo LP guardado en: /home/mathiasr/Escritorio/generator-aware-row-scaling/results-revision/research-audit/identifiability-final/R2_S6_mixed/lp/mixed_S6_seed20260917_RoleHybrid.lp
[PREPROC PHASES] metadata_s=4.9492e-05 diagnostico_s=4.7041e-05 aplicacion_s=5.7406e-05
Archivo LP guardado en: /home/mathiasr/Escritorio/generator-aware-row-scaling/results-revision/research-audit/identifiability-final/R2_S6_mixed/lp/mixed_S6_seed20260917_SAMatpermB.lp
Archivo LP guardado en: /home/mathiasr/Escritorio/generator-aware-row-scaling/results-revision/research-audit/identifiability-final/R2_S6_mixed/lp/mixed_S6_seed20260918_Base.lp
[PREPROC PHASES] metadata_s=4.8969e-05 diagnostico_s=4.8324e-05 aplicacion_s=4.5339e-05
Archivo LP guardado en: /home/mathiasr/Escritorio/generator-aware-row-scaling/results-revision/research-audit/identifiability-final/R2_S6_mixed/lp/mixed_S6_seed20260918_SAMat.lp
[PREPROC] modo plano: 43 filas tratadas como un unico bloque sin roles (kernel geomean por fila)
[PREPROC PHASES] metadata_s=1.419e-06 diagnostico_s=2.8592e-05 aplicacion_s=3.0857e-05
Archivo LP guardado en: /home/mathiasr/Escritorio/generator-aware-row-scaling/results-revision/research-audit/identifiability-final/R2_S6_mixed/lp/mixed_S6_seed20260918_FlatGM.lp
[PREPROC] modo plano: 43 filas tratadas como un unico bloque sin roles (kernel geomean por fila)
[PREPROC PHASES] metadata_s=1.377e-06 diagnostico_s=2.953e-05 aplicacion_s=3.1445e-05
Archivo LP guardado en: /home/mathiasr/Escritorio/generator-aware-row-scaling/results-revision/research-audit/identifiability-final/R2_S6_mixed/lp/mixed_S6_seed20260918_FlatL2.lp
[PREPROC PHASES] metadata_s=4.898e-05 diagnostico_s=4.7998e-05 aplicacion_s=4.2752e-05
Archivo LP guardado en: /home/mathiasr/Escritorio/generator-aware-row-scaling/results-revision/research-audit/identifiability-final/R2_S6_mixed/lp/mixed_S6_seed20260918_RoleHybrid.lp
[PREPROC PHASES] metadata_s=4.9306e-05 diagnostico_s=4.741e-05 aplicacion_s=5.4956e-05
Archivo LP guardado en: /home/mathiasr/Escritorio/generator-aware-row-scaling/results-revision/research-audit/identifiability-final/R2_S6_mixed/lp/mixed_S6_seed20260918_SAMatpermB.lp
[32m[success] Benchmark sintético: 60 corridas (instancia × variante). CSV: /home/mathiasr/Escritorio/generator-aware-row-scaling/results-revision/research-audit/identifiability-final/R2_S6_mixed/metrics.csv[0m
> [32m[success] Saliendo del programa...[0m
[32m[success] SystemController destruido[0m
