LP Base has 23763 rows; 16561 cols; 57555 nonzeros
Coefficient ranges:
  Matrix  [6e-04, 1e+10]
  Cost    [3e-04, 1e+02]
  Bound   [1e+00, 1e+10]
  RHS     [5e+00, 1e+10]
WARNING: Problem has some excessively large column bounds
WARNING: Problem has some excessively large row bounds
WARNING:    Consider scaling the    bounds by 1e-5, or setting the user_bound_scale option to -14
Presolving model
23395 rows, 16552 cols, 57162 nonzeros 0s
Dependent equations search running on 2504 equations with time limit of 3.00s
Dependent equations search removed 0 rows and 0 nonzeros in 0.00s (limit = 3.00s)
22268 rows, 15464 cols, 54908 nonzeros 0s
Presolve reductions: rows 22268(-1495); columns 15464(-1097); nonzeros 54908(-2647) 
Solving the presolved LP
Using dual simplex solver
  Iteration        Objective     Infeasibilities num(sum)
          0    -2.0000000000e+03 Ph1: 3(1000); Du: 1(2) 0.1s
      10788    -5.4379690823e+06 Pr: 4112(7.43791e+07); Du: 0(2.56757e-07) 5.4s
      17272    -4.8754012236e+06 Pr: 1165(2.17839e+08) 10.7s
      18531    -4.8346047450e+06 Pr: 0(0) 11.8s
      18531    -4.8346047450e+06 Pr: 0(0) 11.8s

Performed postsolve
Solving the original LP from the solution after postsolve

Model name          : Base
Model status        : Optimal
Simplex   iterations: 18531
Objective value     : -4.8346047450e+06
P-D objective error :  2.2153224649e-14
HiGHS run time      :         11.83
