[32m[success] SystemController creado[0m
> [32m[success] El programa se ha iniciado correctamente[0m
> > 
========== DEBUG CONSTRUCTOR RioNegroBoneteNoLineal ==========
volumenesBonete.size()         = 118
valoresBellman.size()          = 118
derivadasValoresBellman.size() = 118
volumenesBonete.front() = 1487
volumenesBonete.back()  = 10239.8139534883
==============================================================

[info] RioNegroNoLineal: activación de tramos de altura horaria
[32m[success] Se ha creado el agente 'Río Negro Bonete No Lineal' exitosamente[0m
> > [34m[info] Agregando agente Salto Grande[0m
[34m[info] Ingrese costo de agua de Salto Grande:[0m
[34m[info] Ingrese volumen inicial de Salto Grande:[0m
[34m[info] Ingrese aportes de Salto Grande en una sola línea (360 valores):[0m
[info] SaltoGrande: activación de tramos de altura horaria
[32m[success] Se ha creado el agente 'Salto Grande' exitosamente[0m
> > [34m[info] Agregando agente Unidad Térmica Simple[0m
[34m[info] Ingrese potencia máxima de la unidad térmica simple:[0m
[34m[info] Ingrese costo variable de la unidad térmica simple:[0m
[32m[success] Se ha creado el agente 'Unidad Térmica Simple' exitosamente[0m
> > [34m[info] Agregando agente Demanda Fija[0m
[34m[info] Ingrese demandas en una sola línea (360 valores):[0m
[32m[success] Se ha creado el agente 'Demanda Fija' exitosamente[0m
> > [34m[info] Creando despacho de mercado[0m
[34m[info] Modo: despacho de mercado con demanda total explícita[0m
[34m[info] Ingrese cantidad de tramos del despacho de mercado:[0m
[34m[info] Ingrese porcentajes acumulados de los tramos en una sola línea (4 valores):[0m
[34m[info] Ingrese costos marginales de los tramos en una sola línea (4 valores):[0m
[34m[info] Ingrese demanda total en una sola línea (360 valores):[0m
[32m[success] Se ha creado el despacho de mercado exitosamente[0m
> > [32m[success] Solver 'DummyLp' configurado | timeout=1800s | mipgap=0.0001[0m
> 
========== DEBUG RANGO BONETE ==========
volumenInicialBonete [m3] = 3007478000
v0 [hm3]                  = 3007.478
vRef1 [hm3]               = 2556.3563
vRef2 [hm3]               = 3007.478
vRef3 [hm3]               = 3458.5997
min volumen Bellman [hm3] = 1487
max volumen Bellman [hm3] = 10239.8139534883
========================================


========== DEBUG Bonete Bellman ==========
volumenesBonete.size()          = 118
valoresBellman.size()           = 118
derivadasValoresBellman.size()  = 118
v0 [hm3]       = 3007.478
i0             = 20
vCorte0 [hm3]  = 2983.20751341682
B0 = B(vCorte0)= 57210149.5534459
Corte 1:
  vRef1 [hm3]       = 2556.3563
  i1                = 14
  vCorte1 [hm3]     = 2534.34525939177
  B1                = 48750087.8140868
  q1 [costo/hm3]    = 24650.8990676299
  coef1 [costo/m3]  = 0.0246508990676299
  rhs1              = 70933950.9311519
Corte 2:
  vRef2 [hm3]       = 3007.478
  i2                = 20
  vCorte2 [hm3]     = 2983.20751341682
  B2                = 57210149.5534459
  q2 [costo/hm3]    = 13626.1537402667
  coef2 [costo/m3]  = 0.0136261537402667
  rhs2              = 40649644.2169363
Corte 3:
  vRef3 [hm3]       = 3458.5997
  i3                = 26
  vCorte3 [hm3]     = 3432.06976744186
  B3                = 61578799.6648963
  q3 [costo/hm3]    = 6531.43040118763
  coef3 [costo/m3]  = 0.00653143040118763
  rhs3              = 18047674.7066163
Variable final usada: a1_v1h(360)
Variable delta usada: a1_delta1h
Restriccion 1 esperada: a1_delta1h + (0.0246508990676299) * a1_v1h(360) >= 70933950.9311519
Restriccion 2 esperada: a1_delta1h + (0.0136261537402667) * a1_v1h(360) >= 40649644.2169363
Restriccion 3 esperada: a1_delta1h + (0.00653143040118763) * a1_v1h(360) >= 18047674.7066163
==========================================

[DEBUG Despacho] j=0 idGen=1 coefParticipacionDespacho=1
[DEBUG Despacho] j=1 idGen=2 coefParticipacionDespacho=0.5
[DEBUG Despacho] j=2 idGen=3 coefParticipacionDespacho=1

[DEBUG Despacho] Cantidad de generadores = 3
[DEBUG Despacho] j=0 puntero=0x56b18521afd0 idGen=1 coefParticipacionDespacho=1
[DEBUG Despacho] j=1 puntero=0x56b185215a80 idGen=2 coefParticipacionDespacho=0.5
[DEBUG Despacho] j=2 puntero=0x56b185216780 idGen=3 coefParticipacionDespacho=1
[PREPROC PHASES] metadata_s=0.214932454 diagnostico_s=0.035755622 aplicacion_s=0.064343674

------------------------------------------------------------
  PREPROCESAMIENTO MIP - Diagnostico Numerico
------------------------------------------------------------
Rango de coeficientes (toda la matriz):
  max |coef| = 4.518e+08
  min |coef| = 8.797e-06
  proxy rango= 5.136e+13

Diagnostico por bloque:
Bloque              max|coef|      min|coef|      kappa_aprox   vars    alpha     beta      cols      disc_omit aux_omit  escalado
------------------------------------------------------------------------------------------------------------------------------
a1_                 4.518e+08      2.449e-05      1.84e+13      9361    1.28e-02  1.00e+00  0         0         0         SI  (filas=10083, alpha_min=2.45e-05, alpha_max=2.56e+01)
a2_                 3.768e+07      8.797e-06      4.28e+12      5040    1.23e-01  1.00e+00  0         0         0         SI  (filas=6480, alpha_min=8.80e-06, alpha_max=4.00e+01)
a3_                 sin filas      sin filas      N/A           360     1.00e+00  1.00e+00  0         0         0         no  (sin filas locales; aporta g3 al despacho)
sin_agente          1.000e+00      1.000e+00      1.00e+00      0       1.00e+00  1.00e+00  0         0         0         no

Restriccion(es) global(es): 2160 fila(s)
  acoplamiento balance = 360 fila(s)
  global no acoplante  = 1800 fila(s)
  rho aprox (solo acoplamiento) = 1.000e+00
  gamma acoplamiento   = 1.000000
  gamma candidato      = 1.000000
  filas acop. escaladas= no
  filas normaliz. fisica= 0
  motivo gamma=1       = rho bajo; no se escala la fila de acoplamiento

ADVERTENCIAS:
  [!] Rango de coeficientes elevado (51357625880191). Riesgo de sensibilidad numerica.
  [!] Bloque 'a1_' internamente mal escalado (kappa~18449436812846). Conviene comparar equilibrado interno por filas/columnas.
  [!] Bloque 'a2_' internamente mal escalado (kappa~4283170390588). Conviene comparar equilibrado interno por filas/columnas.
------------------------------------------------------------

------------------------------------------------------------
  COMPARACION NUMERICA ANTES / DESPUES
------------------------------------------------------------
Indicador                   antes           despues         despues/antes
----------------------------------------------------------------------------
rango global                2.070e+13       5.136e+13       2.481e+00
rho acoplamiento            1.000e+00       1.000e+00       1.000e+00
gamma aplicado              1.000000        1.000000        1.000000

Bloques locales:
Bloque              kappa antes     kappa despues   alpha       beta        filas       cols        disc_omit   aux_omit    escalado
------------------------------------------------------------------------------------------------------------------------------------
a1_                 1.965e+12       1.845e+13       1.278e-02   1.000e+00   10083       0           0           0           SI
a2_                 2.070e+13       4.283e+12       1.227e-01   1.000e+00   6480        0           0           0           SI
a3_                 N/A             N/A             1.000e+00   1.000e+00   0           0           0           0           no
sin_agente          1.000e+00       1.000e+00       1.000e+00   1.000e+00   0           0           0           0           no

Interpretacion: valores despues/antes menores que 1 indican mejora del proxy.
rho se calcula solo con filas de acoplamiento; las cotas de demanda sobre g quedan fuera.
El escalamiento local activo fue estructurado: alpha_r interno y beta_i entre bloques.
------------------------------------------------------------

[PREPROC TIME] variante=estructurado_matricial tiempo_s=0.315210519 u=2 K=4 epsMin=1e-09 epsMax=1000000000
[32m[success] Preprocesamiento aplicado.[0m
> [pipeline] Preprocesamiento seleccionado: Ninguno
[pipeline] Modelo interno sin modificaciones de preprocesamiento.
Archivo LP guardado en: /home/mathiasr/Escritorio/generator-aware-row-scaling/results-revision/research-audit/fixed-basis-final-20260914/fresh/full/instance011/SA-Mat.lp
[32m[success] Se ha guardado el modelo exitosamente[0m
> [32m[success] Saliendo del programa...[0m
[32m[success] SystemController destruido[0m
