LP Base has 23763 rows; 16561 cols; 57555 nonzeros
Coefficient ranges:
  Matrix  [3e-04, 9e+09]
  Cost    [2e-04, 1e+02]
  Bound   [1e+00, 1e+10]
  RHS     [5e+00, 8e+09]
WARNING: Problem has some excessively large column bounds
WARNING: Problem has some excessively large row bounds
WARNING:    Consider scaling the    bounds by 1e-5, or setting the user_bound_scale option to -14
Presolving model
23395 rows, 16551 cols, 57161 nonzeros 0s
Dependent equations search running on 2512 equations with time limit of 3.00s
Dependent equations search removed 0 rows and 0 nonzeros in 0.00s (limit = 3.00s)
22307 rows, 15471 cols, 54985 nonzeros 0s
Presolve reductions: rows 22307(-1456); columns 15471(-1090); nonzeros 54985(-2570) 
Solving the presolved LP
Using dual simplex solver
  Iteration        Objective     Infeasibilities num(sum)
          0    -2.0000000000e+03 Ph1: 3(1250); Du: 1(2) 0.1s
       9385    -1.3511515678e+06 Pr: 1255(1.15902e+09); Du: 0(4.74782e-07) 5.3s
      13490    -1.3469995863e+06 Pr: 1230(1.2796e+09); Du: 0(8.4164e-07) 10.3s
      18008    -1.2429123839e+06 Pr: 0(0); Du: 0(4.81261e-07) 14.4s
      18008    -1.2429123839e+06 Pr: 0(0); Du: 0(4.81261e-07) 14.4s
Using primal simplex solver
  Iteration        Objective     Infeasibilities num(sum)
      18008    -1.2429123839e+06 Pr: 0(0); Du: 6(0.000246405) 14.4s
      18014    -1.2429123921e+06 Pr: 0(0) 14.4s

Performed postsolve
Solving the original LP from the solution after postsolve

Model name          : Base
Model status        : Optimal
Simplex   iterations: 18014
Objective value     : -1.2429123921e+06
P-D objective error :  1.3300188456e-14
HiGHS run time      :         14.47
