[32m[success] SystemController creado[0m
> [32m[success] El programa se ha iniciado correctamente[0m
> [info] RioNegro: activación de tramos de altura horaria
[32m[success] Se ha creado el agente 'Río Negro' exitosamente[0m
> [34m[info] Agregando agente Demanda Fija[0m
[34m[info] Ingrese demandas en una sola línea (360 valores):[0m
[32m[success] Se ha creado el agente 'Demanda Fija' exitosamente[0m
> [32m[success] Se ha creado el despacho fijo exitosamente[0m
> > Set parameter WLSAccessID
Set parameter WLSSecret
Set parameter LicenseID to value 2849920
Academic license 2849920 - for non-commercial use only - registered to ma___@fing.edu.uy
[32m[success] Solver 'Gurobi' configurado | timeout=1800s | mipgap=0.01[0m
> [DEBUG Despacho] j=0 idGen=1 coefParticipacionDespacho=1

[DEBUG Despacho] Cantidad de generadores = 1
[DEBUG Despacho] j=0 puntero=0x6f0300 idGen=1 coefParticipacionDespacho=1

------------------------------------------------------------
  PREPROCESAMIENTO MIP - Diagnostico Numerico
------------------------------------------------------------
Rango de coeficientes (toda la matriz):
  max |coef| = 6.600e+09
  min |coef| = 2.528e-03
  proxy rango= 2.611e+12

Diagnostico por bloque:
Bloque              max|coef|      min|coef|      kappa_aprox   vars    alpha     beta      cols      disc_omit aux_omit  escalado
------------------------------------------------------------------------------------------------------------------------------
a1_                 6.600e+09      2.528e-03      2.61e+12      9360    1.00e+00  1.00e+00  0         0         0         no
sin_agente          1.000e+00      1.000e+00      1.00e+00      0       1.00e+00  1.00e+00  0         0         0         no

Restriccion(es) global(es): 720 fila(s)
  acoplamiento balance = 360 fila(s)
  global no acoplante  = 360 fila(s)
  rho aprox (solo acoplamiento) = 2.448e-04
  gamma acoplamiento   = 1.000000
  gamma candidato      = 1.000000
  filas acop. escaladas= no
  filas normaliz. fisica= 0
  motivo gamma=1       = rho bajo; no se escala la fila de acoplamiento

ADVERTENCIAS:
  [!] Rango de coeficientes elevado (2610501264986). Riesgo de sensibilidad numerica.
  [!] Bloque 'a1_' internamente mal escalado (kappa~2610501264986). Conviene comparar equilibrado interno por filas/columnas.

[Modo diagnostico: no se modifico el modelo]
------------------------------------------------------------

[32m[success] Diagnostico completado (modelo sin modificar).[0m
> [MODELO] rows=14400 cols=10800 nnz=35590
[pipeline] Preprocesamiento seleccionado: Ninguno
[pipeline] Modelo interno sin modificaciones de preprocesamiento.
[pipeline] Estrategia de resolucion seleccionada: Monolitica
[pipeline] Resolviendo monoliticamente.
Set parameter TimeLimit to value 1800
Set parameter MIPGap to value 0.01
Set parameter Seed to value 42
Set parameter Threads to value 16
Gurobi Optimizer version 13.0.1 build v13.0.1rc0 (linux64 - "Debian GNU/Linux 12 (bookworm)")

CPU model: Intel(R) Xeon(R) Gold 6138 CPU @ 2.00GHz, instruction set [SSE2|AVX|AVX2|AVX512]
Thread count: 40 physical cores, 40 logical processors, using up to 16 threads

Non-default parameters:
TimeLimit  1800
MIPGap  0.01
Seed  42
Threads  16

Academic license 2849920 - for non-commercial use only - registered to ma___@fing.edu.uy
Optimize a model with 14400 rows, 10800 columns and 35590 nonzeros (Min)
Model fingerprint: 0x0cd8d070
Model has 362 linear objective coefficients
Variable types: 8640 continuous, 2160 integer (2160 binary)
Coefficient statistics:
  Matrix range     [3e-03, 2e+09]
  Objective range  [5e-03, 2e+03]
  Bounds range     [1e+00, 1e+10]
  RHS range        [5e+00, 7e+09]
Warning: Model contains large matrix coefficients
Warning: Model contains large rhs
Warning: Model contains large bounds
         Consider reformulating model or setting NumericFocus parameter
         to avoid numerical issues.

Presolve removed 3571 rows and 2282 columns
Presolve time: 0.26s
Presolved: 10829 rows, 8518 columns, 28676 nonzeros
Variable types: 6823 continuous, 1695 integer (1695 binary)
Found heuristic solution: objective -2.73863e+08

Root relaxation: objective -2.811443e+08, 12411 iterations, 0.99 seconds (1.12 work units)

    Nodes    |    Current Node    |     Objective Bounds      |     Work
 Expl Unexpl |  Obj  Depth IntInf | Incumbent    BestBd   Gap | It/Node Time

     0     0 -2.811e+08    0  615 -2.739e+08 -2.811e+08  2.66%     -    2s
     0     0 -2.811e+08    0  600 -2.739e+08 -2.811e+08  2.66%     -    2s
H    0     0                    -2.80658e+08 -2.811e+08  0.17%     -    2s
     0     0 -2.811e+08    0  569 -2.807e+08 -2.811e+08  0.17%     -    2s

Cutting planes:
  Implied bound: 364
  Clique: 2
  MIR: 8
  Flow cover: 179
  RLT: 52
  Relax-and-lift: 53
  BQP: 56

Explored 1 nodes (13233 simplex iterations) in 2.47 seconds (2.47 work units)
Thread count was 16 (of 40 available processors)

Solution count 2: -2.80658e+08 -2.73863e+08 

Optimal solution found (tolerance 1.00e-02)
Best objective -2.806579052787e+08, best bound -2.811361913782e+08, gap 0.1704%

User-callback calls 1083, time in user-callback 0.00 sec
[NUM-KAPPA] kappa_solver=48915050.418911 kappa_exact=-1.000000 is_mip=1
[NUM-EFIC] work=2.468419 root_gap=0.026567 root_time=2.324637
[pipeline] Tiempo de resolucion: 2.661928 s
[SOLVE] tiempo_solver_s=2.661945127000000 status=OPTIMAL gap=0.170416044072016 obj=-280657905.278684437274933 best_bound=-281136191.378235757350922 nodos=1.000000000000000 iter=13233.000000000000000 primal_integral=0.183585887850743
[VERIF ORIGINAL] etapa=solver_desescalado max_le=1.19209289550781e-07 (a1_restriccion_varphi33(67)) max_ge=0 () max_eq=9.5367431640625e-07 (a1_v1h_din(26)) max_lb=0 () max_ub=0 () max_int=0 () avg_viol=2.41115990220358e-09 p95_viol=5.68878277817924e-14 p99_viol=7.45058059692383e-08 max_viol_rel=9.5367431640625e-07 max_viol_relact=1.28962970521297e-13 viol_le_count=0 viol_ge_count=0 viol_eq_count=0 viol_lb_count=0 viol_ub_count=0 viol_int_count=0 missing_values=0 obj_original_recalc=-280657905.278684
[32m[success] Resultados guardados correctamente en /clusteruy/home/mathiasr/generator-aware-row-scaling/results-revision/final-variants/gurobi_simple_1pct/resultados/caso24f_base.csv[0m
[32m[success] Archivo CSV generado correctamente[0m

[POST DEBUG] ===== INICIO POSTPROCESAMIENTO GLOBAL =====
[POST DEBUG] --- DESPUÉS DE AGENTES ---
[POST DEBUG] Agentes | g1 antes=156068.804620171 despues=157709.129175586 delta=1640.32455541508
[POST DEBUG] Agentes | g2 antes=0 despues=0 delta=0
[POST DEBUG] Agentes | g antes=156068.804620171 despues=156068.804620171 delta=0
[POST DEBUG] Agentes | costoFalla antes=0 despues=0 delta=0
[POST DEBUG] --- DESPUÉS DE DESPACHO ---
[POST DEBUG] Despacho | g1 antes=157709.129175586 despues=157709.129175586 delta=0
[POST DEBUG] Despacho | g2 antes=0 despues=0 delta=0
[POST DEBUG] Despacho | g antes=156068.804620171 despues=157709.129175586 delta=1640.32455541508
[POST DEBUG] Despacho | costoFalla antes=0 despues=0 delta=0
[POST DEBUG] --- TOTAL ANTES VS FINAL ---
[POST DEBUG] Final | g1 antes=156068.804620171 despues=157709.129175586 delta=1640.32455541508
[POST DEBUG] Final | g2 antes=0 despues=0 delta=0
[POST DEBUG] Final | g antes=156068.804620171 despues=157709.129175586 delta=1640.32455541508
[POST DEBUG] Final | costoFalla antes=0 despues=0 delta=0
[POST DEBUG] valorFOOriginal = -280657905.278684
[POST DEBUG] valorFOPostProcesado = -283282424.567348
[POST DEBUG] deltaFO = -2624519.28866398
[POST DEBUG] ===== FIN POSTPROCESAMIENTO GLOBAL =====

[32m[success] Post-procesamiento completado. Nuevo valor F.O.: -283282424.567348420619965[0m
[VERIF ORIGINAL] etapa=postprocesado max_le=800.433286861378 (a1_discretizacion_palmar_restriccion_3i(358)) max_ge=0 () max_eq=858047799.804039 (a1_g2h_def(48)) max_lb=0 () max_ub=0 () max_int=0 () avg_viol=1335685.93997339 p95_viol=4.59553816808642 p99_viol=24859653.6962496 max_viol_rel=858047799.804039 max_viol_relact=1 viol_le_count=343 viol_ge_count=0 viol_eq_count=1028 viol_lb_count=0 viol_ub_count=0 viol_int_count=0 missing_values=0 obj_original_recalc=-283282424.567348
[32m[success] Resultados guardados correctamente en /clusteruy/home/mathiasr/generator-aware-row-scaling/results-revision/final-variants/gurobi_simple_1pct/resultados/caso24f_base_postprocesado.csv[0m
> [32m[success] Saliendo del programa...[0m
[32m[success] SystemController destruido[0m
