[32m[success] SystemController creado[0m
> [32m[success] El programa se ha iniciado correctamente[0m
> [info] RioNegro: activación de tramos de altura horaria
[32m[success] Se ha creado el agente 'Río Negro' exitosamente[0m
> [34m[info] Agregando agente Demanda Fija[0m
[34m[info] Ingrese demandas en una sola línea (360 valores):[0m
[32m[success] Se ha creado el agente 'Demanda Fija' exitosamente[0m
> [32m[success] Se ha creado el despacho fijo exitosamente[0m
> > Set parameter WLSAccessID
Set parameter WLSSecret
Set parameter LicenseID to value 2849920
Academic license 2849920 - for non-commercial use only - registered to ma___@fing.edu.uy
[32m[success] Solver 'Gurobi' configurado | timeout=1800s | mipgap=0.01[0m
> [DEBUG Despacho] j=0 idGen=1 coefParticipacionDespacho=1

[DEBUG Despacho] Cantidad de generadores = 1
[DEBUG Despacho] j=0 puntero=0x9f6300 idGen=1 coefParticipacionDespacho=1
[PREPROC] modo plano: 14400 filas tratadas como un unico bloque sin roles (kernel geomean por fila)
[PREPROC PHASES] metadata_s=0.000117149 diagnostico_s=0.001561212 aplicacion_s=0.001707607

------------------------------------------------------------
  PREPROCESAMIENTO MIP - Diagnostico Numerico
------------------------------------------------------------
Rango de coeficientes (toda la matriz):
  max |coef| = 2.597e+09
  min |coef| = 1.389e-04
  proxy rango= 1.870e+13

Diagnostico por bloque:
Bloque              max|coef|      min|coef|      kappa_aprox   vars    alpha     beta      cols      disc_omit aux_omit  escalado
------------------------------------------------------------------------------------------------------------------------------
plano               2.597e+09      1.389e-04      1.87e+13      0       2.49e-03  1.00e+00  0         0         0         SI  (filas=5760, alpha_min=1.39e-04, alpha_max=5.00e-01)

Restriccion(es) global(es): 0 fila(s)
  acoplamiento balance = 0 fila(s)
  global no acoplante  = 0 fila(s)
  rho aprox (solo acoplamiento) = 0.000e+00
  gamma acoplamiento   = 1.000000
  gamma candidato      = 1.000000
  filas acop. escaladas= no
  filas normaliz. fisica= 0
  motivo gamma=1       = rho bajo; no se escala la fila de acoplamiento

ADVERTENCIAS:
  [!] Rango de coeficientes elevado (18696452098256). Riesgo de sensibilidad numerica.
  [!] Bloque 'plano' internamente mal escalado (kappa~18696452098256). Conviene comparar equilibrado interno por filas/columnas.
------------------------------------------------------------

------------------------------------------------------------
  COMPARACION NUMERICA ANTES / DESPUES
------------------------------------------------------------
Indicador                   antes           despues         despues/antes
----------------------------------------------------------------------------
rango global                2.088e+12       1.870e+13       8.956e+00
rho acoplamiento            0.000e+00       0.000e+00       0.000e+00
gamma aplicado              1.000000        1.000000        1.000000

Bloques locales:
Bloque              kappa antes     kappa despues   alpha       beta        filas       cols        disc_omit   aux_omit    escalado
------------------------------------------------------------------------------------------------------------------------------------
plano               2.088e+12       1.870e+13       2.490e-03   1.000e+00   5760        0           0           0           SI

Interpretacion: valores despues/antes menores que 1 indican mejora del proxy.
rho se calcula solo con filas de acoplamiento; las cotas de demanda sobre g quedan fuera.
El escalamiento local activo fue solo por fila: alpha_r = 1/sqrt(M_r*m_r).
------------------------------------------------------------

[PREPROC TIME] variante=matricial_plano_l2 tiempo_s=0.007864239 u=2 K=4 epsMin=1e-09 epsMax=1000000000
[32m[success] Preprocesamiento aplicado.[0m
> [MODELO] rows=14400 cols=10800 nnz=35590
[pipeline] Preprocesamiento seleccionado: Ninguno
[pipeline] Modelo interno sin modificaciones de preprocesamiento.
[pipeline] Estrategia de resolucion seleccionada: Monolitica
[pipeline] Resolviendo monoliticamente.
Set parameter TimeLimit to value 1800
Set parameter MIPGap to value 0.01
Set parameter Seed to value 42
Set parameter Threads to value 16
Gurobi Optimizer version 13.0.1 build v13.0.1rc0 (linux64 - "Debian GNU/Linux 12 (bookworm)")

CPU model: Intel(R) Xeon(R) Gold 6138 CPU @ 2.00GHz, instruction set [SSE2|AVX|AVX2|AVX512]
Thread count: 40 physical cores, 40 logical processors, using up to 16 threads

Non-default parameters:
TimeLimit  1800
MIPGap  0.01
Seed  42
Threads  16

Academic license 2849920 - for non-commercial use only - registered to ma___@fing.edu.uy
Optimize a model with 14400 rows, 10800 columns and 35590 nonzeros (Min)
Model fingerprint: 0xd70d8228
Model has 362 linear objective coefficients
Variable types: 8640 continuous, 2160 integer (2160 binary)
Coefficient statistics:
  Matrix range     [1e-04, 2e+09]
  Objective range  [3e-03, 2e+03]
  Bounds range     [1e+00, 1e+10]
  RHS range        [1e-02, 3e+09]
Warning: Model contains large matrix coefficient range
Warning: Model contains large rhs
Warning: Model contains large bounds
         Consider reformulating model or setting NumericFocus parameter
         to avoid numerical issues.

Presolve removed 3902 rows and 2014 columns
Presolve time: 0.28s
Presolved: 10498 rows, 8786 columns, 28013 nonzeros
Variable types: 7092 continuous, 1694 integer (1694 binary)
Found heuristic solution: objective -7.92036e+07

Root relaxation: interrupted, 7973 iterations, 0.66 seconds (0.72 work units)

    Nodes    |    Current Node    |     Objective Bounds      |     Work
 Expl Unexpl |  Obj  Depth IntInf | Incumbent    BestBd   Gap | It/Node Time

     0     0          -    0      -7.920e+07 -7.927e+07  0.08%     -    1s

Explored 1 nodes (7973 simplex iterations) in 1.53 seconds (1.56 work units)
Thread count was 16 (of 40 available processors)

Solution count 1: -7.92036e+07 

Optimal solution found (tolerance 1.00e-02)
Best objective -7.920359911081e+07, best bound -7.926576259276e+07, gap 0.0785%

User-callback calls 684, time in user-callback 0.00 sec
[NUM-KAPPA] kappa_solver=4090025 kappa_exact=-1 is_mip=1
[NUM-EFIC] work=2 root_gap=-1 root_time=-1
[pipeline] Tiempo de resolucion: 1.829941 s
[SOLVE] tiempo_solver_s=1.829953379000000 status=OPTIMAL gap=0.078485678237687 obj=-79203599.110805660486221 best_bound=-79265762.592756435275078 nodos=1.000000000000000 iter=7973.000000000000000 primal_integral=0.422647208180567
[VERIF ORIGINAL] etapa=solver_desescalado max_le=4.76837158203125e-07 (a1_restriccion_varphi1_1(89)) max_ge=0 () max_eq=1.43051147460938e-06 (a1_v3h_din(57)) max_lb=0 () max_ub=0 () max_int=0 () avg_viol=8.37282966288e-09 p95_viol=1.30385160446167e-08 p99_viol=2.62637622654438e-07 max_viol_rel=7.94709194451571e-07 max_viol_relact=1.58903301357448e-08 viol_le_count=0 viol_ge_count=0 viol_eq_count=1 viol_lb_count=0 viol_ub_count=0 viol_int_count=0 missing_values=0 obj_original_recalc=-79203599.1108057
[32m[success] Resultados guardados correctamente en /clusteruy/home/mathiasr/generator-aware-row-scaling/results-revision/final-variants/gurobi_simple_1pct/resultados/caso31e_matricial_plano_l2.csv[0m
[32m[success] Archivo CSV generado correctamente[0m

[POST DEBUG] ===== INICIO POSTPROCESAMIENTO GLOBAL =====
[POST DEBUG] --- DESPUÉS DE AGENTES ---
[POST DEBUG] Agentes | g1 antes=32087.4600000001 despues=32216.202577319 delta=128.742577318906
[POST DEBUG] Agentes | g2 antes=0 despues=0 delta=0
[POST DEBUG] Agentes | g antes=32087.4600000001 despues=32087.4600000001 delta=0
[POST DEBUG] Agentes | costoFalla antes=0 despues=0 delta=0
[POST DEBUG] --- DESPUÉS DE DESPACHO ---
[POST DEBUG] Despacho | g1 antes=32216.202577319 despues=32216.202577319 delta=0
[POST DEBUG] Despacho | g2 antes=0 despues=0 delta=0
[POST DEBUG] Despacho | g antes=32087.4600000001 despues=32216.202577319 delta=128.742577318906
[POST DEBUG] Despacho | costoFalla antes=0 despues=0 delta=0
[POST DEBUG] --- TOTAL ANTES VS FINAL ---
[POST DEBUG] Final | g1 antes=32087.4600000001 despues=32216.202577319 delta=128.742577318906
[POST DEBUG] Final | g2 antes=0 despues=0 delta=0
[POST DEBUG] Final | g antes=32087.4600000001 despues=32216.202577319 delta=128.742577318906
[POST DEBUG] Final | costoFalla antes=0 despues=0 delta=0
[POST DEBUG] valorFOOriginal = -79203599.1108057
[POST DEBUG] valorFOPostProcesado = -79409587.234516
[POST DEBUG] deltaFO = -205988.123710349
[POST DEBUG] ===== FIN POSTPROCESAMIENTO GLOBAL =====

[32m[success] Post-procesamiento completado. Nuevo valor F.O.: -79409587.234516009688377[0m
[VERIF ORIGINAL] etapa=postprocesado max_le=575.225448280737 (a1_discretizacion_palmar_restriccion_3i(19)) max_ge=0 () max_eq=15336625.9920197 (a1_g2h_def(3)) max_lb=0 () max_ub=0 () max_int=0 () avg_viol=158091.772329794 p95_viol=0.602751620308608 p99_viol=5445034.18021389 max_viol_rel=15336625.9920197 max_viol_relact=0.999999999999966 viol_le_count=806 viol_ge_count=0 viol_eq_count=770 viol_lb_count=0 viol_ub_count=0 viol_int_count=0 missing_values=0 obj_original_recalc=-79409587.234516
[32m[success] Resultados guardados correctamente en /clusteruy/home/mathiasr/generator-aware-row-scaling/results-revision/final-variants/gurobi_simple_1pct/resultados/caso31e_matricial_plano_l2_postprocesado.csv[0m
> [32m[success] Saliendo del programa...[0m
[32m[success] SystemController destruido[0m
