[32m[success] SystemController creado[0m
> [32m[success] El programa se ha iniciado correctamente[0m
> [info] RioNegro: activación de tramos de altura horaria
[32m[success] Se ha creado el agente 'Río Negro' exitosamente[0m
> [34m[info] Agregando agente Demanda Fija[0m
[34m[info] Ingrese demandas en una sola línea (360 valores):[0m
[32m[success] Se ha creado el agente 'Demanda Fija' exitosamente[0m
> [32m[success] Se ha creado el despacho fijo exitosamente[0m
> > Set parameter WLSAccessID
Set parameter WLSSecret
Set parameter LicenseID to value 2849920
Academic license 2849920 - for non-commercial use only - registered to ma___@fing.edu.uy
[32m[success] Solver 'Gurobi' configurado | timeout=1800s | mipgap=0.01[0m
> [DEBUG Despacho] j=0 idGen=1 coefParticipacionDespacho=1

[DEBUG Despacho] Cantidad de generadores = 1
[DEBUG Despacho] j=0 puntero=0x1539210 idGen=1 coefParticipacionDespacho=1
[PREPROC] modo plano: 14400 filas tratadas como un unico bloque sin roles (kernel geomean por fila)
[PREPROC PHASES] metadata_s=0.000118802 diagnostico_s=0.001490631 aplicacion_s=0.00279152

------------------------------------------------------------
  PREPROCESAMIENTO MIP - Diagnostico Numerico
------------------------------------------------------------
Rango de coeficientes (toda la matriz):
  max |coef| = 4.004e+07
  min |coef| = 2.693e-05
  proxy rango= 1.487e+12

Diagnostico por bloque:
Bloque              max|coef|      min|coef|      kappa_aprox   vars    alpha     beta      cols      disc_omit aux_omit  escalado
------------------------------------------------------------------------------------------------------------------------------
plano               4.004e+07      2.693e-05      1.49e+12      0       1.33e-02  1.00e+00  0         0         0         SI  (filas=10080, alpha_min=2.69e-05, alpha_max=2.80e+01)

Restriccion(es) global(es): 0 fila(s)
  acoplamiento balance = 0 fila(s)
  global no acoplante  = 0 fila(s)
  rho aprox (solo acoplamiento) = 0.000e+00
  gamma acoplamiento   = 1.000000
  gamma candidato      = 1.000000
  filas acop. escaladas= no
  filas normaliz. fisica= 0
  motivo gamma=1       = rho bajo; no se escala la fila de acoplamiento

ADVERTENCIAS:
  [!] Rango de coeficientes elevado (1486882225015). Riesgo de sensibilidad numerica.
  [!] Bloque 'plano' internamente mal escalado (kappa~1486882225015). Conviene comparar equilibrado interno por filas/columnas.
------------------------------------------------------------

------------------------------------------------------------
  COMPARACION NUMERICA ANTES / DESPUES
------------------------------------------------------------
Indicador                   antes           despues         despues/antes
----------------------------------------------------------------------------
rango global                1.886e+12       1.487e+12       7.886e-01
rho acoplamiento            0.000e+00       0.000e+00       0.000e+00
gamma aplicado              1.000000        1.000000        1.000000

Bloques locales:
Bloque              kappa antes     kappa despues   alpha       beta        filas       cols        disc_omit   aux_omit    escalado
------------------------------------------------------------------------------------------------------------------------------------
plano               1.886e+12       1.487e+12       1.331e-02   1.000e+00   10080       0           0           0           SI

Interpretacion: valores despues/antes menores que 1 indican mejora del proxy.
rho se calcula solo con filas de acoplamiento; las cotas de demanda sobre g quedan fuera.
El escalamiento local activo fue solo por fila: alpha_r = 1/sqrt(M_r*m_r).
------------------------------------------------------------

[PREPROC TIME] variante=matricial_plano tiempo_s=0.008846583 u=2 K=4 epsMin=1e-09 epsMax=1000000000
[32m[success] Preprocesamiento aplicado.[0m
> [MODELO] rows=14400 cols=10800 nnz=35590
[pipeline] Preprocesamiento seleccionado: Ninguno
[pipeline] Modelo interno sin modificaciones de preprocesamiento.
[pipeline] Estrategia de resolucion seleccionada: Monolitica
[pipeline] Resolviendo monoliticamente.
Set parameter TimeLimit to value 1800
Set parameter MIPGap to value 0.01
Set parameter Seed to value 42
Set parameter Threads to value 16
Gurobi Optimizer version 13.0.1 build v13.0.1rc0 (linux64 - "Debian GNU/Linux 12 (bookworm)")

CPU model: Intel(R) Xeon(R) Gold 6138 CPU @ 2.00GHz, instruction set [SSE2|AVX|AVX2|AVX512]
Thread count: 40 physical cores, 40 logical processors, using up to 16 threads

Non-default parameters:
TimeLimit  1800
MIPGap  0.01
Seed  42
Threads  16

Academic license 2849920 - for non-commercial use only - registered to ma___@fing.edu.uy
Optimize a model with 14400 rows, 10800 columns and 35590 nonzeros (Min)
Model fingerprint: 0x92b5098f
Model has 362 linear objective coefficients
Variable types: 8640 continuous, 2160 integer (2160 binary)
Coefficient statistics:
  Matrix range     [3e-05, 4e+04]
  Objective range  [3e-03, 2e+03]
  Bounds range     [1e+00, 1e+10]
  RHS range        [4e-01, 4e+07]
Warning: Model contains large bounds
         Consider reformulating model or setting NumericFocus parameter
         to avoid numerical issues.

Presolve removed 2648 rows and 1925 columns
Presolve time: 0.31s
Presolved: 11752 rows, 8875 columns, 31403 nonzeros
Variable types: 6923 continuous, 1952 integer (1952 binary)
Found heuristic solution: objective -2.53740e+08

Root relaxation: objective -2.654623e+08, 11225 iterations, 1.05 seconds (1.13 work units)

    Nodes    |    Current Node    |     Objective Bounds      |     Work
 Expl Unexpl |  Obj  Depth IntInf | Incumbent    BestBd   Gap | It/Node Time

     0     0 -2.655e+08    0 1573 -2.537e+08 -2.655e+08  4.62%     -    2s
H    0     0                    -2.63292e+08 -2.654e+08  0.82%     -    2s
     0     0 -2.654e+08    0 1563 -2.633e+08 -2.654e+08  0.82%     -    3s

Cutting planes:
  Implied bound: 45
  MIR: 29
  Flow cover: 322
  RLT: 407
  Relax-and-lift: 152
  BQP: 5

Explored 1 nodes (12993 simplex iterations) in 3.06 seconds (2.89 work units)
Thread count was 16 (of 40 available processors)

Solution count 2: -2.63292e+08 -2.5374e+08 

Optimal solution found (tolerance 1.00e-02)
Best objective -2.632923213658e+08, best bound -2.654480825135e+08, gap 0.8188%

User-callback calls 1079, time in user-callback 0.00 sec
[NUM-KAPPA] kappa_solver=1927782 kappa_exact=-1 is_mip=1
[NUM-EFIC] work=3 root_gap=0 root_time=3
[pipeline] Tiempo de resolucion: 3.582406 s
[SOLVE] tiempo_solver_s=3.582417461000000 status=OPTIMAL gap=0.818770990569559 obj=-263292321.365762054920197 best_bound=-265448082.513502091169357 nodos=1.000000000000000 iter=12993.000000000000000 primal_integral=0.214587331860920
[VERIF ORIGINAL] etapa=solver_desescalado max_le=1.45519152283669e-11 (a1_discretizacion_palmar_restriccion_3i(252)) max_ge=0 () max_eq=9.66247171163559e-07 (a1_v3h_din(266)) max_lb=0 () max_ub=0 () max_int=0 () avg_viol=9.6379025920029e-09 p95_viol=4.65661287307739e-10 p99_viol=2.90572643280029e-07 max_viol_rel=3.96743416786194e-07 max_viol_relact=4.23853138629008e-13 viol_le_count=0 viol_ge_count=0 viol_eq_count=0 viol_lb_count=0 viol_ub_count=0 viol_int_count=0 missing_values=0 obj_original_recalc=-263292321.365762
[32m[success] Resultados guardados correctamente en /clusteruy/home/mathiasr/generator-aware-row-scaling/results-revision/final-variants/gurobi_simple_1pct/resultados/caso10e_matricial_plano.csv[0m
[32m[success] Archivo CSV generado correctamente[0m

[POST DEBUG] ===== INICIO POSTPROCESAMIENTO GLOBAL =====
[POST DEBUG] --- DESPUÉS DE AGENTES ---
[POST DEBUG] Agentes | g1 antes=151830.469361667 despues=153174.058462757 delta=1343.58910109047
[POST DEBUG] Agentes | g2 antes=0 despues=0 delta=0
[POST DEBUG] Agentes | g antes=151830.469361667 despues=151830.469361667 delta=0
[POST DEBUG] Agentes | costoFalla antes=0 despues=0 delta=0
[POST DEBUG] --- DESPUÉS DE DESPACHO ---
[POST DEBUG] Despacho | g1 antes=153174.058462757 despues=153174.058462757 delta=0
[POST DEBUG] Despacho | g2 antes=0 despues=0 delta=0
[POST DEBUG] Despacho | g antes=151830.469361667 despues=153174.058462757 delta=1343.58910109047
[POST DEBUG] Despacho | costoFalla antes=0 despues=0 delta=0
[POST DEBUG] --- TOTAL ANTES VS FINAL ---
[POST DEBUG] Final | g1 antes=151830.469361667 despues=153174.058462757 delta=1343.58910109047
[POST DEBUG] Final | g2 antes=0 despues=0 delta=0
[POST DEBUG] Final | g antes=151830.469361667 despues=153174.058462757 delta=1343.58910109047
[POST DEBUG] Final | costoFalla antes=0 despues=0 delta=0
[POST DEBUG] valorFOOriginal = -263292321.365762
[POST DEBUG] valorFOPostProcesado = -265442063.927507
[POST DEBUG] deltaFO = -2149742.5617446
[POST DEBUG] ===== FIN POSTPROCESAMIENTO GLOBAL =====

[32m[success] Post-procesamiento completado. Nuevo valor F.O.: -265442063.927506655454636[0m
[VERIF ORIGINAL] etapa=postprocesado max_le=1254.94509459235 (a1_discretizacion_palmar_restriccion_3i(27)) max_ge=0 () max_eq=23889570.0589666 (a1_g2h_def(206)) max_lb=0 () max_ub=0 () max_int=0 () avg_viol=188235.154874634 p95_viol=2.35735221326605 p99_viol=7506227.3455486 max_viol_rel=23889570.0589666 max_viol_relact=0.930626977033015 viol_le_count=934 viol_ge_count=0 viol_eq_count=1029 viol_lb_count=0 viol_ub_count=0 viol_int_count=0 missing_values=0 obj_original_recalc=-265442063.927507
[32m[success] Resultados guardados correctamente en /clusteruy/home/mathiasr/generator-aware-row-scaling/results-revision/final-variants/gurobi_simple_1pct/resultados/caso10e_matricial_plano_postprocesado.csv[0m
> [32m[success] Saliendo del programa...[0m
[32m[success] SystemController destruido[0m
