[32m[success] SystemController creado[0m
> [32m[success] El programa se ha iniciado correctamente[0m
> [info] RioNegro: activación de tramos de altura horaria
[32m[success] Se ha creado el agente 'Río Negro' exitosamente[0m
> [34m[info] Agregando agente Demanda Fija[0m
[34m[info] Ingrese demandas en una sola línea (360 valores):[0m
[32m[success] Se ha creado el agente 'Demanda Fija' exitosamente[0m
> [32m[success] Se ha creado el despacho fijo exitosamente[0m
> > Set parameter WLSAccessID
Set parameter WLSSecret
Set parameter LicenseID to value 2849920
Academic license 2849920 - for non-commercial use only - registered to ma___@fing.edu.uy
[32m[success] Solver 'Gurobi' configurado | timeout=1800s | mipgap=0.01[0m
> [DEBUG Despacho] j=0 idGen=1 coefParticipacionDespacho=1

[DEBUG Despacho] Cantidad de generadores = 1
[DEBUG Despacho] j=0 puntero=0x828210 idGen=1 coefParticipacionDespacho=1
[PREPROC PHASES] metadata_s=0.008382452 diagnostico_s=0.001613086 aplicacion_s=0.00324086

------------------------------------------------------------
  PREPROCESAMIENTO MIP - Diagnostico Numerico
------------------------------------------------------------
Rango de coeficientes (toda la matriz):
  max |coef| = 1.150e+08
  min |coef| = 2.437e-05
  proxy rango= 4.717e+12

Diagnostico por bloque:
Bloque              max|coef|      min|coef|      kappa_aprox   vars    alpha     beta      cols      disc_omit aux_omit  escalado
------------------------------------------------------------------------------------------------------------------------------
a1_                 1.150e+08      2.437e-05      4.72e+12      9360    1.27e-02  1.00e+00  0         0         0         SI  (filas=10080, alpha_min=2.44e-05, alpha_max=1.97e+01)
sin_agente          1.000e+00      1.000e+00      1.00e+00      0       1.00e+00  1.00e+00  0         0         0         no

Restriccion(es) global(es): 720 fila(s)
  acoplamiento balance = 360 fila(s)
  global no acoplante  = 360 fila(s)
  rho aprox (solo acoplamiento) = 1.889e-02
  gamma acoplamiento   = 1.000000
  gamma candidato      = 1.000000
  filas acop. escaladas= no
  filas normaliz. fisica= 0
  motivo gamma=1       = rho bajo; no se escala la fila de acoplamiento

ADVERTENCIAS:
  [!] Rango de coeficientes elevado (4716976043441). Riesgo de sensibilidad numerica.
  [!] Bloque 'a1_' internamente mal escalado (kappa~4716976043441). Conviene comparar equilibrado interno por filas/columnas.
------------------------------------------------------------

------------------------------------------------------------
  COMPARACION NUMERICA ANTES / DESPUES
------------------------------------------------------------
Indicador                   antes           despues         despues/antes
----------------------------------------------------------------------------
rango global                2.684e+12       4.717e+12       1.757e+00
rho acoplamiento            2.375e-04       1.889e-02       7.954e+01
gamma aplicado              1.000000        1.000000        1.000000

Bloques locales:
Bloque              kappa antes     kappa despues   alpha       beta        filas       cols        disc_omit   aux_omit    escalado
------------------------------------------------------------------------------------------------------------------------------------
a1_                 2.684e+12       4.717e+12       1.271e-02   1.000e+00   10080       0           0           0           SI
sin_agente          1.000e+00       1.000e+00       1.000e+00   1.000e+00   0           0           0           0           no

Interpretacion: valores despues/antes menores que 1 indican mejora del proxy.
rho se calcula solo con filas de acoplamiento; las cotas de demanda sobre g quedan fuera.
El escalamiento local activo fue estructurado: alpha_r interno y beta_i entre bloques.
------------------------------------------------------------

[PREPROC TIME] variante=role_hybrid tiempo_s=0.017745936 u=2 K=4 epsMin=1e-09 epsMax=1000000000
[32m[success] Preprocesamiento aplicado.[0m
> [MODELO] rows=14400 cols=10800 nnz=35590
[pipeline] Preprocesamiento seleccionado: Ninguno
[pipeline] Modelo interno sin modificaciones de preprocesamiento.
[pipeline] Estrategia de resolucion seleccionada: Monolitica
[pipeline] Resolviendo monoliticamente.
Set parameter TimeLimit to value 1800
Set parameter MIPGap to value 0.01
Set parameter Seed to value 42
Set parameter Threads to value 16
Gurobi Optimizer version 13.0.1 build v13.0.1rc0 (linux64 - "Debian GNU/Linux 12 (bookworm)")

CPU model: Intel(R) Xeon(R) Gold 6138 CPU @ 2.00GHz, instruction set [SSE2|AVX|AVX2|AVX512]
Thread count: 40 physical cores, 40 logical processors, using up to 16 threads

Non-default parameters:
TimeLimit  1800
MIPGap  0.01
Seed  42
Threads  16

Academic license 2849920 - for non-commercial use only - registered to ma___@fing.edu.uy
Optimize a model with 14400 rows, 10800 columns and 35590 nonzeros (Min)
Model fingerprint: 0xbff6ec88
Model has 362 linear objective coefficients
Variable types: 8640 continuous, 2160 integer (2160 binary)
Coefficient statistics:
  Matrix range     [2e-05, 4e+04]
  Objective range  [3e-03, 2e+03]
  Bounds range     [1e+00, 1e+10]
  RHS range        [1e-01, 1e+08]
Warning: Model contains large bounds
         Consider reformulating model or setting NumericFocus parameter
         to avoid numerical issues.

Presolve removed 3669 rows and 2355 columns
Presolve time: 0.27s
Presolved: 10731 rows, 8445 columns, 28284 nonzeros
Variable types: 6731 continuous, 1714 integer (1714 binary)
Found heuristic solution: objective -2.47072e+08
Found heuristic solution: objective -2.55483e+08

Root relaxation: interrupted, 8695 iterations, 0.58 seconds (0.66 work units)

    Nodes    |    Current Node    |     Objective Bounds      |     Work
 Expl Unexpl |  Obj  Depth IntInf | Incumbent    BestBd   Gap | It/Node Time

     0     0          -    0      -2.555e+08 -2.566e+08  0.42%     -    1s

Explored 1 nodes (8695 simplex iterations) in 1.48 seconds (1.59 work units)
Thread count was 16 (of 40 available processors)

Solution count 2: -2.55483e+08 -2.47072e+08 

Optimal solution found (tolerance 1.00e-02)
Best objective -2.554826609559e+08, best bound -2.565612299146e+08, gap 0.4222%

User-callback calls 735, time in user-callback 0.00 sec
[NUM-KAPPA] kappa_solver=244426 kappa_exact=-1 is_mip=1
[NUM-EFIC] work=2 root_gap=-1 root_time=-1
[pipeline] Tiempo de resolucion: 1.909735 s
[SOLVE] tiempo_solver_s=1.909752082000000 status=OPTIMAL gap=0.422169142374453 obj=-255482660.955910563468933 best_bound=-256561229.914583563804626 nodos=1.000000000000000 iter=8695.000000000000000 primal_integral=0.262279055932886
[VERIF ORIGINAL] etapa=solver_desescalado max_le=9.09494701772928e-13 (a1_discretizacion_palmar_restriccion_3i(271)) max_ge=0 () max_eq=1.04587525129318e-06 (a1_v3h_din(50)) max_lb=0 () max_ub=0 () max_int=0 () avg_viol=1.09399516756289e-08 p95_viol=6.51925802230835e-09 p99_viol=2.88709998130798e-07 max_viol_rel=3.85567545890808e-07 max_viol_relact=2.36398179382116e-13 viol_le_count=0 viol_ge_count=0 viol_eq_count=3 viol_lb_count=0 viol_ub_count=0 viol_int_count=0 missing_values=0 obj_original_recalc=-255482660.955911
[32m[success] Resultados guardados correctamente en /clusteruy/home/mathiasr/generator-aware-row-scaling/results-revision/final-variants/gurobi_simple_1pct/resultados/caso46e_role_hybrid.csv[0m
[32m[success] Archivo CSV generado correctamente[0m

[POST DEBUG] ===== INICIO POSTPROCESAMIENTO GLOBAL =====
[POST DEBUG] --- DESPUÉS DE AGENTES ---
[POST DEBUG] Agentes | g1 antes=133433.242375799 despues=134291.777509454 delta=858.535133654921
[POST DEBUG] Agentes | g2 antes=0 despues=0 delta=0
[POST DEBUG] Agentes | g antes=133433.242375799 despues=133433.242375799 delta=0
[POST DEBUG] Agentes | costoFalla antes=0 despues=0 delta=0
[POST DEBUG] --- DESPUÉS DE DESPACHO ---
[POST DEBUG] Despacho | g1 antes=134291.777509454 despues=134291.777509454 delta=0
[POST DEBUG] Despacho | g2 antes=0 despues=0 delta=0
[POST DEBUG] Despacho | g antes=133433.242375799 despues=134291.777509454 delta=858.535133654921
[POST DEBUG] Despacho | costoFalla antes=0 despues=0 delta=0
[POST DEBUG] --- TOTAL ANTES VS FINAL ---
[POST DEBUG] Final | g1 antes=133433.242375799 despues=134291.777509454 delta=858.535133654921
[POST DEBUG] Final | g2 antes=0 despues=0 delta=0
[POST DEBUG] Final | g antes=133433.242375799 despues=134291.777509454 delta=858.535133654921
[POST DEBUG] Final | costoFalla antes=0 despues=0 delta=0
[POST DEBUG] valorFOOriginal = -255482660.955911
[POST DEBUG] valorFOPostProcesado = -256856317.169759
[POST DEBUG] deltaFO = -1373656.21384823
[POST DEBUG] ===== FIN POSTPROCESAMIENTO GLOBAL =====

[32m[success] Post-procesamiento completado. Nuevo valor F.O.: -256856317.169758796691895[0m
[VERIF ORIGINAL] etapa=postprocesado max_le=546.561482649187 (a1_discretizacion_palmar_restriccion_3i(34)) max_ge=0 () max_eq=77283261.3449889 (a1_g2h_def(167)) max_lb=0 () max_ub=0 () max_int=0 () avg_viol=596013.323549314 p95_viol=1.6205960904113 p99_viol=25189327.8412377 max_viol_rel=77283261.3449889 max_viol_relact=1 viol_le_count=644 viol_ge_count=0 viol_eq_count=955 viol_lb_count=0 viol_ub_count=0 viol_int_count=0 missing_values=0 obj_original_recalc=-256856317.169759
[32m[success] Resultados guardados correctamente en /clusteruy/home/mathiasr/generator-aware-row-scaling/results-revision/final-variants/gurobi_simple_1pct/resultados/caso46e_role_hybrid_postprocesado.csv[0m
> [32m[success] Saliendo del programa...[0m
[32m[success] SystemController destruido[0m
