[32m[success] SystemController creado[0m
> [32m[success] El programa se ha iniciado correctamente[0m
> [info] RioNegro: activación de tramos de altura horaria
[32m[success] Se ha creado el agente 'Río Negro' exitosamente[0m
> [34m[info] Agregando agente Demanda Fija[0m
[34m[info] Ingrese demandas en una sola línea (360 valores):[0m
[32m[success] Se ha creado el agente 'Demanda Fija' exitosamente[0m
> [32m[success] Se ha creado el despacho fijo exitosamente[0m
> > Set parameter WLSAccessID
Set parameter WLSSecret
Set parameter LicenseID to value 2849920
Academic license 2849920 - for non-commercial use only - registered to ma___@fing.edu.uy
[32m[success] Solver 'Gurobi' configurado | timeout=1800s | mipgap=0.01[0m
> [DEBUG Despacho] j=0 idGen=1 coefParticipacionDespacho=1

[DEBUG Despacho] Cantidad de generadores = 1
[DEBUG Despacho] j=0 puntero=0x19920d0 idGen=1 coefParticipacionDespacho=1
[PREPROC] modo plano: 14400 filas tratadas como un unico bloque sin roles (kernel geomean por fila)
[PREPROC PHASES] metadata_s=0.000116385 diagnostico_s=0.00153436 aplicacion_s=0.001760377

------------------------------------------------------------
  PREPROCESAMIENTO MIP - Diagnostico Numerico
------------------------------------------------------------
Rango de coeficientes (toda la matriz):
  max |coef| = 4.035e+09
  min |coef| = 1.069e-09
  proxy rango= 3.775e+18

Diagnostico por bloque:
Bloque              max|coef|      min|coef|      kappa_aprox   vars    alpha     beta      cols      disc_omit aux_omit  escalado
------------------------------------------------------------------------------------------------------------------------------
plano               4.035e+09      1.069e-09      3.77e+18      0       1.42e-03  1.00e+00  0         0         0         SI  (filas=6120, alpha_min=7.07e-08, alpha_max=5.00e-01)

Restriccion(es) global(es): 0 fila(s)
  acoplamiento balance = 0 fila(s)
  global no acoplante  = 0 fila(s)
  rho aprox (solo acoplamiento) = 0.000e+00
  gamma acoplamiento   = 1.000000
  gamma candidato      = 1.000000
  filas acop. escaladas= no
  filas normaliz. fisica= 0
  motivo gamma=1       = rho bajo; no se escala la fila de acoplamiento

ADVERTENCIAS:
  [!] Rango de coeficientes elevado (3774653501289300480). Riesgo de sensibilidad numerica.
  [!] Bloque 'plano' internamente mal escalado (kappa~3774653501289300480). Conviene comparar equilibrado interno por filas/columnas.
------------------------------------------------------------

------------------------------------------------------------
  COMPARACION NUMERICA ANTES / DESPUES
------------------------------------------------------------
Indicador                   antes           despues         despues/antes
----------------------------------------------------------------------------
rango global                2.341e+12       3.775e+18       1.612e+06
rho acoplamiento            0.000e+00       0.000e+00       0.000e+00
gamma aplicado              1.000000        1.000000        1.000000

Bloques locales:
Bloque              kappa antes     kappa despues   alpha       beta        filas       cols        disc_omit   aux_omit    escalado
------------------------------------------------------------------------------------------------------------------------------------
plano               2.341e+12       3.775e+18       1.424e-03   1.000e+00   6120        0           0           0           SI

Interpretacion: valores despues/antes menores que 1 indican mejora del proxy.
rho se calcula solo con filas de acoplamiento; las cotas de demanda sobre g quedan fuera.
El escalamiento local activo fue solo por fila: alpha_r = 1/sqrt(M_r*m_r).
------------------------------------------------------------

[PREPROC TIME] variante=matricial_plano_l2 tiempo_s=0.007812851 u=2 K=4 epsMin=1e-09 epsMax=1000000000
[32m[success] Preprocesamiento aplicado.[0m
> [MODELO] rows=14400 cols=10800 nnz=35590
[pipeline] Preprocesamiento seleccionado: Ninguno
[pipeline] Modelo interno sin modificaciones de preprocesamiento.
[pipeline] Estrategia de resolucion seleccionada: Monolitica
[pipeline] Resolviendo monoliticamente.
Set parameter TimeLimit to value 1800
Set parameter MIPGap to value 0.01
Set parameter Seed to value 42
Set parameter Threads to value 16
Gurobi Optimizer version 13.0.1 build v13.0.1rc0 (linux64 - "Debian GNU/Linux 12 (bookworm)")

CPU model: Intel(R) Xeon(R) Gold 6138 CPU @ 2.00GHz, instruction set [SSE2|AVX|AVX2|AVX512]
Thread count: 40 physical cores, 40 logical processors, using up to 16 threads

Non-default parameters:
TimeLimit  1800
MIPGap  0.01
Seed  42
Threads  16

Academic license 2849920 - for non-commercial use only - registered to ma___@fing.edu.uy
Optimize a model with 14400 rows, 10800 columns and 35590 nonzeros (Min)
Model fingerprint: 0xe120f4bf
Model has 362 linear objective coefficients
Variable types: 8640 continuous, 2160 integer (2160 binary)
Coefficient statistics:
  Matrix range     [1e-09, 2e+09]
  Objective range  [3e-03, 3e+03]
  Bounds range     [1e+00, 1e+10]
  RHS range        [1e-02, 4e+09]
Warning: Model contains large matrix coefficient range
Warning: Model contains large rhs
Warning: Model contains large bounds
         Consider reformulating model or setting NumericFocus parameter
         to avoid numerical issues.

Presolve removed 3461 rows and 1970 columns
Presolve time: 0.23s
Presolved: 10939 rows, 8830 columns, 29045 nonzeros
Variable types: 7109 continuous, 1721 integer (1721 binary)
Found heuristic solution: objective -1.62638e+08
Found heuristic solution: objective -1.62763e+08

Root relaxation: objective -3.444708e+08, 9107 iterations, 0.74 seconds (0.83 work units)

    Nodes    |    Current Node    |     Objective Bounds      |     Work
 Expl Unexpl |  Obj  Depth IntInf | Incumbent    BestBd   Gap | It/Node Time

     0     0 -3.445e+08    0  300 -1.628e+08 -3.445e+08   112%     -    1s
     0     0 -3.445e+08    0  300 -1.628e+08 -3.445e+08   112%     -    1s
     0     0 -3.445e+08    0  294 -1.628e+08 -3.445e+08   112%     -    1s
H    0     0                    -3.42679e+08 -3.445e+08  0.52%     -    1s
     0     0 -3.445e+08    0  298 -3.427e+08 -3.445e+08  0.52%     -    1s

Cutting planes:
  Implied bound: 14
  MIR: 25
  Flow cover: 50
  RLT: 4
  Relax-and-lift: 5

Explored 1 nodes (9255 simplex iterations) in 1.95 seconds (2.00 work units)
Thread count was 16 (of 40 available processors)

Solution count 3: -3.42679e+08 -1.62763e+08 -1.62638e+08 

Optimal solution found (tolerance 1.00e-02)
Best objective -3.426793371923e+08, best bound -3.444705563140e+08, gap 0.5227%

User-callback calls 861, time in user-callback 0.00 sec
[NUM-KAPPA] kappa_solver=1628547 kappa_exact=-1 is_mip=1
[NUM-EFIC] work=2 root_gap=1 root_time=2
[pipeline] Tiempo de resolucion: 2.417381 s
[SOLVE] tiempo_solver_s=2.417392132000000 status=OPTIMAL gap=0.522709987825328 obj=-342679337.192259132862091 best_bound=-344470556.313976705074310 nodos=1.000000000000000 iter=9255.000000000000000 primal_integral=0.869197382604803
[VERIF ORIGINAL] etapa=solver_desescalado max_le=2.38418579101562e-07 (a1_restriccion_varphi32(2)) max_ge=0 () max_eq=0.00247393548488617 (a1_g2h_def(138)) max_lb=0 () max_ub=0 () max_int=0 () avg_viol=1.88997053192861e-07 p95_viol=4.65661287307739e-10 p99_viol=2.94321216642857e-07 max_viol_rel=0.00247393548488617 max_viol_relact=8.37669770903109e-12 viol_le_count=0 viol_ge_count=0 viol_eq_count=13 viol_lb_count=0 viol_ub_count=0 viol_int_count=0 missing_values=0 obj_original_recalc=-342679337.192259
[32m[success] Resultados guardados correctamente en /clusteruy/home/mathiasr/generator-aware-row-scaling/results-revision/final-variants/gurobi_simple_1pct/resultados/caso01a_matricial_plano_l2.csv[0m
[32m[success] Archivo CSV generado correctamente[0m

[POST DEBUG] ===== INICIO POSTPROCESAMIENTO GLOBAL =====
[POST DEBUG] --- DESPUÉS DE AGENTES ---
[POST DEBUG] Agentes | g1 antes=99617.2457665826 despues=102335.864721057 delta=2718.61895447437
[POST DEBUG] Agentes | g2 antes=0 despues=0 delta=0
[POST DEBUG] Agentes | g antes=99617.2457665826 despues=99617.2457665826 delta=0
[POST DEBUG] Agentes | costoFalla antes=0 despues=0 delta=0
[POST DEBUG] --- DESPUÉS DE DESPACHO ---
[POST DEBUG] Despacho | g1 antes=102335.864721057 despues=102335.864721057 delta=0
[POST DEBUG] Despacho | g2 antes=0 despues=0 delta=0
[POST DEBUG] Despacho | g antes=99617.2457665826 despues=102335.864721057 delta=2718.61895447437
[POST DEBUG] Despacho | costoFalla antes=0 despues=0 delta=0
[POST DEBUG] --- TOTAL ANTES VS FINAL ---
[POST DEBUG] Final | g1 antes=99617.2457665826 despues=102335.864721057 delta=2718.61895447437
[POST DEBUG] Final | g2 antes=0 despues=0 delta=0
[POST DEBUG] Final | g antes=99617.2457665826 despues=102335.864721057 delta=2718.61895447437
[POST DEBUG] Final | costoFalla antes=0 despues=0 delta=0
[POST DEBUG] valorFOOriginal = -342679337.192259
[POST DEBUG] valorFOPostProcesado = -351378917.846578
[POST DEBUG] deltaFO = -8699580.65431845
[POST DEBUG] ===== FIN POSTPROCESAMIENTO GLOBAL =====

[32m[success] Post-procesamiento completado. Nuevo valor F.O.: -351378917.846577584743500[0m
[VERIF ORIGINAL] etapa=postprocesado max_le=605.015722476866 (a1_discretizacion_palmar_restriccion_3i(357)) max_ge=0 () max_eq=786752427.660758 (a1_g2h_def(147)) max_lb=0 () max_ub=0 () max_int=0 () avg_viol=2845530.85147838 p95_viol=6.91856319920707 p99_viol=125159147.95137 max_viol_rel=786752427.660758 max_viol_relact=1 viol_le_count=175 viol_ge_count=0 viol_eq_count=967 viol_lb_count=0 viol_ub_count=0 viol_int_count=0 missing_values=0 obj_original_recalc=-351378917.846578
[32m[success] Resultados guardados correctamente en /clusteruy/home/mathiasr/generator-aware-row-scaling/results-revision/final-variants/gurobi_simple_1pct/resultados/caso01a_matricial_plano_l2_postprocesado.csv[0m
> [32m[success] Saliendo del programa...[0m
[32m[success] SystemController destruido[0m
