[32m[success] SystemController creado[0m
> [32m[success] El programa se ha iniciado correctamente[0m
> [info] RioNegro: activación de tramos de altura horaria
[32m[success] Se ha creado el agente 'Río Negro' exitosamente[0m
> [34m[info] Agregando agente Demanda Fija[0m
[34m[info] Ingrese demandas en una sola línea (360 valores):[0m
[32m[success] Se ha creado el agente 'Demanda Fija' exitosamente[0m
> [32m[success] Se ha creado el despacho fijo exitosamente[0m
> > Set parameter WLSAccessID
Set parameter WLSSecret
Set parameter LicenseID to value 2849920
Academic license 2849920 - for non-commercial use only - registered to ma___@fing.edu.uy
[32m[success] Solver 'Gurobi' configurado | timeout=1800s | mipgap=0.01[0m
> [DEBUG Despacho] j=0 idGen=1 coefParticipacionDespacho=1

[DEBUG Despacho] Cantidad de generadores = 1
[DEBUG Despacho] j=0 puntero=0xeb4210 idGen=1 coefParticipacionDespacho=1
[PREPROC] modo plano: 14400 filas tratadas como un unico bloque sin roles (kernel geomean por fila)
[PREPROC PHASES] metadata_s=0.000120313 diagnostico_s=0.001693125 aplicacion_s=0.002808883

------------------------------------------------------------
  PREPROCESAMIENTO MIP - Diagnostico Numerico
------------------------------------------------------------
Rango de coeficientes (toda la matriz):
  max |coef| = 1.212e+08
  min |coef| = 2.576e-05
  proxy rango= 4.703e+12

Diagnostico por bloque:
Bloque              max|coef|      min|coef|      kappa_aprox   vars    alpha     beta      cols      disc_omit aux_omit  escalado
------------------------------------------------------------------------------------------------------------------------------
plano               1.212e+08      2.576e-05      4.70e+12      0       1.26e-02  1.00e+00  0         0         0         SI  (filas=10080, alpha_min=2.58e-05, alpha_max=1.96e+01)

Restriccion(es) global(es): 0 fila(s)
  acoplamiento balance = 0 fila(s)
  global no acoplante  = 0 fila(s)
  rho aprox (solo acoplamiento) = 0.000e+00
  gamma acoplamiento   = 1.000000
  gamma candidato      = 1.000000
  filas acop. escaladas= no
  filas normaliz. fisica= 0
  motivo gamma=1       = rho bajo; no se escala la fila de acoplamiento

ADVERTENCIAS:
  [!] Rango de coeficientes elevado (4703372287981). Riesgo de sensibilidad numerica.
  [!] Bloque 'plano' internamente mal escalado (kappa~4703372287981). Conviene comparar equilibrado interno por filas/columnas.
------------------------------------------------------------

------------------------------------------------------------
  COMPARACION NUMERICA ANTES / DESPUES
------------------------------------------------------------
Indicador                   antes           despues         despues/antes
----------------------------------------------------------------------------
rango global                2.782e+12       4.703e+12       1.691e+00
rho acoplamiento            0.000e+00       0.000e+00       0.000e+00
gamma aplicado              1.000000        1.000000        1.000000

Bloques locales:
Bloque              kappa antes     kappa despues   alpha       beta        filas       cols        disc_omit   aux_omit    escalado
------------------------------------------------------------------------------------------------------------------------------------
plano               2.782e+12       4.703e+12       1.259e-02   1.000e+00   10080       0           0           0           SI

Interpretacion: valores despues/antes menores que 1 indican mejora del proxy.
rho se calcula solo con filas de acoplamiento; las cotas de demanda sobre g quedan fuera.
El escalamiento local activo fue solo por fila: alpha_r = 1/sqrt(M_r*m_r).
------------------------------------------------------------

[PREPROC TIME] variante=matricial_plano tiempo_s=0.009167095 u=2 K=4 epsMin=1e-09 epsMax=1000000000
[32m[success] Preprocesamiento aplicado.[0m
> [MODELO] rows=14400 cols=10800 nnz=35590
[pipeline] Preprocesamiento seleccionado: Ninguno
[pipeline] Modelo interno sin modificaciones de preprocesamiento.
[pipeline] Estrategia de resolucion seleccionada: Monolitica
[pipeline] Resolviendo monoliticamente.
Set parameter TimeLimit to value 1800
Set parameter MIPGap to value 0.01
Set parameter Seed to value 42
Set parameter Threads to value 16
Gurobi Optimizer version 13.0.1 build v13.0.1rc0 (linux64 - "Debian GNU/Linux 12 (bookworm)")

CPU model: Intel(R) Xeon(R) Gold 6138 CPU @ 2.00GHz, instruction set [SSE2|AVX|AVX2|AVX512]
Thread count: 40 physical cores, 40 logical processors, using up to 16 threads

Non-default parameters:
TimeLimit  1800
MIPGap  0.01
Seed  42
Threads  16

Academic license 2849920 - for non-commercial use only - registered to ma___@fing.edu.uy
Optimize a model with 14400 rows, 10800 columns and 35590 nonzeros (Min)
Model fingerprint: 0x4bbd7ad2
Model has 362 linear objective coefficients
Variable types: 8640 continuous, 2160 integer (2160 binary)
Coefficient statistics:
  Matrix range     [3e-05, 4e+04]
  Objective range  [5e-03, 3e+03]
  Bounds range     [1e+00, 1e+10]
  RHS range        [1e+01, 1e+08]
Warning: Model contains large bounds
         Consider reformulating model or setting NumericFocus parameter
         to avoid numerical issues.

Presolve removed 2482 rows and 1639 columns
Presolve time: 0.30s
Presolved: 11918 rows, 9161 columns, 31819 nonzeros
Variable types: 7263 continuous, 1898 integer (1898 binary)
Found heuristic solution: objective -5.86875e+08

Root relaxation: interrupted, 11029 iterations, 0.90 seconds (1.08 work units)

    Nodes    |    Current Node    |     Objective Bounds      |     Work
 Expl Unexpl |  Obj  Depth IntInf | Incumbent    BestBd   Gap | It/Node Time

     0     0          -    0      -5.869e+08 -5.919e+08  0.85%     -    1s

Explored 1 nodes (11029 simplex iterations) in 1.90 seconds (2.11 work units)
Thread count was 16 (of 40 available processors)

Solution count 1: -5.86875e+08 

Optimal solution found (tolerance 1.00e-02)
Best objective -5.868750591770e+08, best bound -5.918908363065e+08, gap 0.8547%

User-callback calls 765, time in user-callback 0.00 sec
[NUM-KAPPA] kappa_solver=5435463 kappa_exact=-1 is_mip=1
[NUM-EFIC] work=2 root_gap=-1 root_time=-1
[pipeline] Tiempo de resolucion: 2.253028 s
[SOLVE] tiempo_solver_s=2.253044481000000 status=OPTIMAL gap=0.854658423644116 obj=-586875059.177006721496582 best_bound=-591890836.306529402732849 nodos=1.000000000000000 iter=11029.000000000000000 primal_integral=0.199189222776303
[VERIF ORIGINAL] etapa=solver_desescalado max_le=2.38418579101562e-07 (a1_restriccion_varphi31(21)) max_ge=0 () max_eq=9.54139977693558e-07 (a1_v1h_din(8)) max_lb=0 () max_ub=0 () max_int=0 () avg_viol=1.03526829445872e-08 p95_viol=1.30385160446167e-08 p99_viol=2.27242708206177e-07 max_viol_rel=3.07336449623108e-07 max_viol_relact=2.49158172703338e-16 viol_le_count=0 viol_ge_count=0 viol_eq_count=0 viol_lb_count=0 viol_ub_count=0 viol_int_count=0 missing_values=0 obj_original_recalc=-586875059.177007
[32m[success] Resultados guardados correctamente en /clusteruy/home/mathiasr/generator-aware-row-scaling/results-revision/final-variants/gurobi_simple_1pct/resultados/caso44c_matricial_plano.csv[0m
[32m[success] Archivo CSV generado correctamente[0m

[POST DEBUG] ===== INICIO POSTPROCESAMIENTO GLOBAL =====
[POST DEBUG] --- DESPUÉS DE AGENTES ---
[POST DEBUG] Agentes | g1 antes=170897.124042721 despues=171056.061567354 delta=158.937524632231
[POST DEBUG] Agentes | g2 antes=0 despues=0 delta=0
[POST DEBUG] Agentes | g antes=170897.124042721 despues=170897.124042721 delta=0
[POST DEBUG] Agentes | costoFalla antes=0 despues=0 delta=0
[POST DEBUG] --- DESPUÉS DE DESPACHO ---
[POST DEBUG] Despacho | g1 antes=171056.061567354 despues=171056.061567354 delta=0
[POST DEBUG] Despacho | g2 antes=0 despues=0 delta=0
[POST DEBUG] Despacho | g antes=170897.124042721 despues=171056.061567354 delta=158.937524632231
[POST DEBUG] Despacho | costoFalla antes=0 despues=0 delta=0
[POST DEBUG] --- TOTAL ANTES VS FINAL ---
[POST DEBUG] Final | g1 antes=170897.124042721 despues=171056.061567354 delta=158.937524632231
[POST DEBUG] Final | g2 antes=0 despues=0 delta=0
[POST DEBUG] Final | g antes=170897.124042721 despues=171056.061567354 delta=158.937524632231
[POST DEBUG] Final | costoFalla antes=0 despues=0 delta=0
[POST DEBUG] valorFOOriginal = -586875059.177007
[POST DEBUG] valorFOPostProcesado = -587383659.255829
[POST DEBUG] deltaFO = -508600.078822732
[POST DEBUG] ===== FIN POSTPROCESAMIENTO GLOBAL =====

[32m[success] Post-procesamiento completado. Nuevo valor F.O.: -587383659.255829453468323[0m
[VERIF ORIGINAL] etapa=postprocesado max_le=1804.34161770408 (a1_discretizacion_palmar_restriccion_3i(306)) max_ge=0 () max_eq=27328417.534608 (a1_g2h_def(234)) max_lb=0 () max_ub=0 () max_int=0 () avg_viol=287616.648407267 p95_viol=6.79830169454802 p99_viol=14905035.8186046 max_viol_rel=27328417.534608 max_viol_relact=0.11396611934121 viol_le_count=1905 viol_ge_count=0 viol_eq_count=1072 viol_lb_count=0 viol_ub_count=0 viol_int_count=0 missing_values=0 obj_original_recalc=-587383659.255829
[32m[success] Resultados guardados correctamente en /clusteruy/home/mathiasr/generator-aware-row-scaling/results-revision/final-variants/gurobi_simple_1pct/resultados/caso44c_matricial_plano_postprocesado.csv[0m
> [32m[success] Saliendo del programa...[0m
[32m[success] SystemController destruido[0m
