[32m[success] SystemController creado[0m
> [32m[success] El programa se ha iniciado correctamente[0m
> [info] RioNegro: activación de tramos de altura horaria
[32m[success] Se ha creado el agente 'Río Negro' exitosamente[0m
> [34m[info] Agregando agente Demanda Fija[0m
[34m[info] Ingrese demandas en una sola línea (360 valores):[0m
[32m[success] Se ha creado el agente 'Demanda Fija' exitosamente[0m
> [32m[success] Se ha creado el despacho fijo exitosamente[0m
> > Set parameter WLSAccessID
Set parameter WLSSecret
Set parameter LicenseID to value 2849920
Academic license 2849920 - for non-commercial use only - registered to ma___@fing.edu.uy
[32m[success] Solver 'Gurobi' configurado | timeout=1800s | mipgap=0.01[0m
> [DEBUG Despacho] j=0 idGen=1 coefParticipacionDespacho=1

[DEBUG Despacho] Cantidad de generadores = 1
[DEBUG Despacho] j=0 puntero=0x8cc210 idGen=1 coefParticipacionDespacho=1
[PREPROC PHASES] metadata_s=0.008262404 diagnostico_s=0.001639909 aplicacion_s=0.003240116

------------------------------------------------------------
  PREPROCESAMIENTO MIP - Diagnostico Numerico
------------------------------------------------------------
Rango de coeficientes (toda la matriz):
  max |coef| = 6.361e+07
  min |coef| = 2.373e-05
  proxy rango= 2.680e+12

Diagnostico por bloque:
Bloque              max|coef|      min|coef|      kappa_aprox   vars    alpha     beta      cols      disc_omit aux_omit  escalado
------------------------------------------------------------------------------------------------------------------------------
a1_                 6.361e+07      2.373e-05      2.68e+12      9360    1.25e-02  1.00e+00  0         0         0         SI  (filas=10080, alpha_min=2.37e-05, alpha_max=2.33e+01)
sin_agente          1.000e+00      1.000e+00      1.00e+00      0       1.00e+00  1.00e+00  0         0         0         no

Restriccion(es) global(es): 720 fila(s)
  acoplamiento balance = 360 fila(s)
  global no acoplante  = 360 fila(s)
  rho aprox (solo acoplamiento) = 2.574e-02
  gamma acoplamiento   = 1.000000
  gamma candidato      = 1.000000
  filas acop. escaladas= no
  filas normaliz. fisica= 0
  motivo gamma=1       = rho bajo; no se escala la fila de acoplamiento

ADVERTENCIAS:
  [!] Rango de coeficientes elevado (2680302967430). Riesgo de sensibilidad numerica.
  [!] Bloque 'a1_' internamente mal escalado (kappa~2680302967430). Conviene comparar equilibrado interno por filas/columnas.
------------------------------------------------------------

------------------------------------------------------------
  COMPARACION NUMERICA ANTES / DESPUES
------------------------------------------------------------
Indicador                   antes           despues         despues/antes
----------------------------------------------------------------------------
rango global                2.080e+12       2.680e+12       1.289e+00
rho acoplamiento            3.779e-04       2.574e-02       6.811e+01
gamma aplicado              1.000000        1.000000        1.000000

Bloques locales:
Bloque              kappa antes     kappa despues   alpha       beta        filas       cols        disc_omit   aux_omit    escalado
------------------------------------------------------------------------------------------------------------------------------------
a1_                 2.080e+12       2.680e+12       1.248e-02   1.000e+00   10080       0           0           0           SI
sin_agente          1.000e+00       1.000e+00       1.000e+00   1.000e+00   0           0           0           0           no

Interpretacion: valores despues/antes menores que 1 indican mejora del proxy.
rho se calcula solo con filas de acoplamiento; las cotas de demanda sobre g quedan fuera.
El escalamiento local activo fue estructurado: alpha_r interno y beta_i entre bloques.
------------------------------------------------------------

[PREPROC TIME] variante=role_hybrid tiempo_s=0.017691055 u=2 K=4 epsMin=1e-09 epsMax=1000000000
[32m[success] Preprocesamiento aplicado.[0m
> [MODELO] rows=14400 cols=10800 nnz=35590
[pipeline] Preprocesamiento seleccionado: Ninguno
[pipeline] Modelo interno sin modificaciones de preprocesamiento.
[pipeline] Estrategia de resolucion seleccionada: Monolitica
[pipeline] Resolviendo monoliticamente.
Set parameter TimeLimit to value 1800
Set parameter MIPGap to value 0.01
Set parameter Seed to value 42
Set parameter Threads to value 16
Gurobi Optimizer version 13.0.1 build v13.0.1rc0 (linux64 - "Debian GNU/Linux 12 (bookworm)")

CPU model: Intel(R) Xeon(R) Gold 6138 CPU @ 2.00GHz, instruction set [SSE2|AVX|AVX2|AVX512]
Thread count: 40 physical cores, 40 logical processors, using up to 16 threads

Non-default parameters:
TimeLimit  1800
MIPGap  0.01
Seed  42
Threads  16

Academic license 2849920 - for non-commercial use only - registered to ma___@fing.edu.uy
Optimize a model with 14400 rows, 10800 columns and 35590 nonzeros (Min)
Model fingerprint: 0x1c207bb1
Model has 362 linear objective coefficients
Variable types: 8640 continuous, 2160 integer (2160 binary)
Coefficient statistics:
  Matrix range     [2e-05, 4e+04]
  Objective range  [5e-03, 2e+03]
  Bounds range     [1e+00, 1e+10]
  RHS range        [3e-02, 6e+07]
Warning: Model contains large bounds
         Consider reformulating model or setting NumericFocus parameter
         to avoid numerical issues.

Presolve removed 3943 rows and 2034 columns
Presolve time: 0.28s
Presolved: 10457 rows, 8766 columns, 27713 nonzeros
Variable types: 7072 continuous, 1694 integer (1694 binary)
Found heuristic solution: objective -6.89037e+07

Root relaxation: interrupted, 8700 iterations, 0.70 seconds (0.95 work units)

    Nodes    |    Current Node    |     Objective Bounds      |     Work
 Expl Unexpl |  Obj  Depth IntInf | Incumbent    BestBd   Gap | It/Node Time

     0     0          -    0      -6.890e+07 -6.891e+07  0.00%     -    1s

Explored 1 nodes (8700 simplex iterations) in 1.50 seconds (1.88 work units)
Thread count was 16 (of 40 available processors)

Solution count 2: -6.89037e+07 -6.89037e+07 

Optimal solution found (tolerance 1.00e-02)
Best objective -6.890372533908e+07, best bound -6.890500114060e+07, gap 0.0019%

User-callback calls 717, time in user-callback 0.00 sec
[NUM-KAPPA] kappa_solver=108844 kappa_exact=-1 is_mip=1
[NUM-EFIC] work=2 root_gap=-1 root_time=-1
[pipeline] Tiempo de resolucion: 1.858047 s
[SOLVE] tiempo_solver_s=1.858058151000000 status=OPTIMAL gap=0.001851571181807 obj=-68903725.339077860116959 best_bound=-68905001.140599429607391 nodos=1.000000000000000 iter=8700.000000000000000 primal_integral=0.369775959124574
[VERIF ORIGINAL] etapa=solver_desescalado max_le=1.37988752306994e-07 (a1_discretizacion_palmar_restriccion_3i(8)) max_ge=0 () max_eq=6.31203874945641e-07 (a1_v1h_din(103)) max_lb=3.43527094523112e-09 (a1_x3h(8)) max_ub=0 () max_int=0 () avg_viol=8.17133344728248e-09 p95_viol=3.72529029846191e-08 p99_viol=2.47384305112064e-07 max_viol_rel=2.96160578727722e-07 max_viol_relact=1.37988752306994e-07 viol_le_count=0 viol_ge_count=0 viol_eq_count=0 viol_lb_count=0 viol_ub_count=0 viol_int_count=0 missing_values=0 obj_original_recalc=-68903725.3390779
[32m[success] Resultados guardados correctamente en /clusteruy/home/mathiasr/generator-aware-row-scaling/results-revision/final-variants/gurobi_simple_1pct/resultados/caso33f_role_hybrid.csv[0m
[32m[success] Archivo CSV generado correctamente[0m

[POST DEBUG] ===== INICIO POSTPROCESAMIENTO GLOBAL =====
[POST DEBUG] --- DESPUÉS DE AGENTES ---
[POST DEBUG] Agentes | g1 antes=27220.7900000001 despues=27085.5764432811 delta=-135.213556718973
[POST DEBUG] Agentes | g2 antes=0 despues=0 delta=0
[POST DEBUG] Agentes | g antes=27220.7900000001 despues=27220.7900000001 delta=0
[POST DEBUG] Agentes | costoFalla antes=0 despues=0 delta=0
[POST DEBUG] --- DESPUÉS DE DESPACHO ---
[POST DEBUG] Despacho | g1 antes=27085.5764432811 despues=27085.5764432811 delta=0
[POST DEBUG] Despacho | g2 antes=0 despues=0 delta=0
[POST DEBUG] Despacho | g antes=27220.7900000001 despues=27085.5764432811 delta=-135.213556718973
[POST DEBUG] Despacho | costoFalla antes=0 despues=0 delta=0
[POST DEBUG] --- TOTAL ANTES VS FINAL ---
[POST DEBUG] Final | g1 antes=27220.7900000001 despues=27085.5764432811 delta=-135.213556718973
[POST DEBUG] Final | g2 antes=0 despues=0 delta=0
[POST DEBUG] Final | g antes=27220.7900000001 despues=27085.5764432811 delta=-135.213556718973
[POST DEBUG] Final | costoFalla antes=0 despues=0 delta=0
[POST DEBUG] valorFOOriginal = -68903725.3390779
[POST DEBUG] valorFOPostProcesado = -68687383.6483277
[POST DEBUG] deltaFO = 216341.690750152
[POST DEBUG] ===== FIN POSTPROCESAMIENTO GLOBAL =====

[32m[success] Post-procesamiento completado. Nuevo valor F.O.: -68687383.648327708244324[0m
[VERIF ORIGINAL] etapa=postprocesado max_le=261.896857448679 (a1_discretizacion_palmar_restriccion_3i(355)) max_ge=0 () max_eq=44001212.3650089 (a1_g2h_def(341)) max_lb=3.43527094523112e-09 (a1_x3h(8)) max_ub=0 () max_int=0 () avg_viol=157238.455386232 p95_viol=0.231424814855221 p99_viol=3717698.77714171 max_viol_rel=44001212.3650089 max_viol_relact=1 viol_le_count=293 viol_ge_count=0 viol_eq_count=721 viol_lb_count=0 viol_ub_count=0 viol_int_count=0 missing_values=0 obj_original_recalc=-68687383.6483277
[32m[success] Resultados guardados correctamente en /clusteruy/home/mathiasr/generator-aware-row-scaling/results-revision/final-variants/gurobi_simple_1pct/resultados/caso33f_role_hybrid_postprocesado.csv[0m
> [32m[success] Saliendo del programa...[0m
[32m[success] SystemController destruido[0m
