[32m[success] SystemController creado[0m
> [32m[success] El programa se ha iniciado correctamente[0m
> [info] RioNegro: activación de tramos de altura horaria
[32m[success] Se ha creado el agente 'Río Negro' exitosamente[0m
> [34m[info] Agregando agente Demanda Fija[0m
[34m[info] Ingrese demandas en una sola línea (360 valores):[0m
[32m[success] Se ha creado el agente 'Demanda Fija' exitosamente[0m
> [32m[success] Se ha creado el despacho fijo exitosamente[0m
> > Set parameter WLSAccessID
Set parameter WLSSecret
Set parameter LicenseID to value 2849920
Academic license 2849920 - for non-commercial use only - registered to ma___@fing.edu.uy
[32m[success] Solver 'Gurobi' configurado | timeout=1800s | mipgap=0.01[0m
> [DEBUG Despacho] j=0 idGen=1 coefParticipacionDespacho=1

[DEBUG Despacho] Cantidad de generadores = 1
[DEBUG Despacho] j=0 puntero=0x1c97300 idGen=1 coefParticipacionDespacho=1
[PREPROC PHASES] metadata_s=0.008299943 diagnostico_s=0.001769832 aplicacion_s=0.003332509

------------------------------------------------------------
  PREPROCESAMIENTO MIP - Diagnostico Numerico
------------------------------------------------------------
Rango de coeficientes (toda la matriz):
  max |coef| = 6.446e+07
  min |coef| = 2.358e-05
  proxy rango= 2.734e+12

Diagnostico por bloque:
Bloque              max|coef|      min|coef|      kappa_aprox   vars    alpha     beta      cols      disc_omit aux_omit  escalado
------------------------------------------------------------------------------------------------------------------------------
a1_                 6.446e+07      2.358e-05      2.73e+12      9360    1.25e-02  1.00e+00  0         0         0         SI  (filas=10080, alpha_min=2.36e-05, alpha_max=2.32e+01)
sin_agente          1.000e+00      1.000e+00      1.00e+00      0       1.00e+00  1.00e+00  0         0         0         no

Restriccion(es) global(es): 720 fila(s)
  acoplamiento balance = 360 fila(s)
  global no acoplante  = 360 fila(s)
  rho aprox (solo acoplamiento) = 2.565e-02
  gamma acoplamiento   = 1.000000
  gamma candidato      = 1.000000
  filas acop. escaladas= no
  filas normaliz. fisica= 0
  motivo gamma=1       = rho bajo; no se escala la fila de acoplamiento

ADVERTENCIAS:
  [!] Rango de coeficientes elevado (2733957050886). Riesgo de sensibilidad numerica.
  [!] Bloque 'a1_' internamente mal escalado (kappa~2733957050886). Conviene comparar equilibrado interno por filas/columnas.
------------------------------------------------------------

------------------------------------------------------------
  COMPARACION NUMERICA ANTES / DESPUES
------------------------------------------------------------
Indicador                   antes           despues         despues/antes
----------------------------------------------------------------------------
rango global                2.088e+12       2.734e+12       1.310e+00
rho acoplamiento            3.736e-04       2.565e-02       6.866e+01
gamma aplicado              1.000000        1.000000        1.000000

Bloques locales:
Bloque              kappa antes     kappa despues   alpha       beta        filas       cols        disc_omit   aux_omit    escalado
------------------------------------------------------------------------------------------------------------------------------------
a1_                 2.088e+12       2.734e+12       1.249e-02   1.000e+00   10080       0           0           0           SI
sin_agente          1.000e+00       1.000e+00       1.000e+00   1.000e+00   0           0           0           0           no

Interpretacion: valores despues/antes menores que 1 indican mejora del proxy.
rho se calcula solo con filas de acoplamiento; las cotas de demanda sobre g quedan fuera.
El escalamiento local activo fue estructurado: alpha_r interno y beta_i entre bloques.
------------------------------------------------------------

[PREPROC TIME] variante=role_hybrid tiempo_s=0.018017673 u=2 K=4 epsMin=1e-09 epsMax=1000000000
[32m[success] Preprocesamiento aplicado.[0m
> [MODELO] rows=14400 cols=10800 nnz=35590
[pipeline] Preprocesamiento seleccionado: Ninguno
[pipeline] Modelo interno sin modificaciones de preprocesamiento.
[pipeline] Estrategia de resolucion seleccionada: Monolitica
[pipeline] Resolviendo monoliticamente.
Set parameter TimeLimit to value 1800
Set parameter MIPGap to value 0.01
Set parameter Seed to value 42
Set parameter Threads to value 16
Gurobi Optimizer version 13.0.1 build v13.0.1rc0 (linux64 - "Debian GNU/Linux 12 (bookworm)")

CPU model: Intel(R) Xeon(R) Gold 6138 CPU @ 2.00GHz, instruction set [SSE2|AVX|AVX2|AVX512]
Thread count: 40 physical cores, 40 logical processors, using up to 16 threads

Non-default parameters:
TimeLimit  1800
MIPGap  0.01
Seed  42
Threads  16

Academic license 2849920 - for non-commercial use only - registered to ma___@fing.edu.uy
Optimize a model with 14400 rows, 10800 columns and 35590 nonzeros (Min)
Model fingerprint: 0xbed6abbb
Model has 362 linear objective coefficients
Variable types: 8640 continuous, 2160 integer (2160 binary)
Coefficient statistics:
  Matrix range     [2e-05, 4e+04]
  Objective range  [3e-03, 2e+03]
  Bounds range     [1e+00, 1e+10]
  RHS range        [3e-02, 6e+07]
Warning: Model contains large bounds
         Consider reformulating model or setting NumericFocus parameter
         to avoid numerical issues.

Presolve removed 3913 rows and 2062 columns
Presolve time: 0.29s
Presolved: 10487 rows, 8738 columns, 27866 nonzeros
Variable types: 7044 continuous, 1694 integer (1694 binary)
Found heuristic solution: objective -7.92547e+07

Root relaxation: interrupted, 9107 iterations, 1.18 seconds (1.48 work units)

    Nodes    |    Current Node    |     Objective Bounds      |     Work
 Expl Unexpl |  Obj  Depth IntInf | Incumbent    BestBd   Gap | It/Node Time

     0     0          -    0      -7.925e+07 -7.927e+07  0.01%     -    2s

Explored 1 nodes (9107 simplex iterations) in 2.02 seconds (2.42 work units)
Thread count was 16 (of 40 available processors)

Solution count 1: -7.92547e+07 

Optimal solution found (tolerance 1.00e-02)
Best objective -7.925473628467e+07, best bound -7.926576259275e+07, gap 0.0139%

User-callback calls 768, time in user-callback 0.00 sec
[NUM-KAPPA] kappa_solver=3958013 kappa_exact=-1 is_mip=1
[NUM-EFIC] work=2 root_gap=-1 root_time=-1
[pipeline] Tiempo de resolucion: 2.429323 s
[SOLVE] tiempo_solver_s=2.429342620000000 status=OPTIMAL gap=0.013912491031449 obj=-79254736.284674942493439 best_bound=-79265762.592752546072006 nodos=1.000000000000000 iter=9107.000000000000000 primal_integral=0.379171867179970
[VERIF ORIGINAL] etapa=solver_desescalado max_le=1.81898940354586e-12 (a1_discretizacion_palmar_restriccion_3i(18)) max_ge=0 () max_eq=6.75092451274395e-07 (a1_v1h_din(106)) max_lb=0 () max_ub=0 () max_int=0 () avg_viol=7.71522695489812e-09 p95_viol=2.60770320892334e-08 p99_viol=2.31906305998564e-07 max_viol_rel=6.75092451274395e-07 max_viol_relact=2.38399480445708e-12 viol_le_count=0 viol_ge_count=0 viol_eq_count=0 viol_lb_count=0 viol_ub_count=0 viol_int_count=0 missing_values=0 obj_original_recalc=-79254736.2846749
[32m[success] Resultados guardados correctamente en /clusteruy/home/mathiasr/generator-aware-row-scaling/results-revision/final-variants/gurobi_simple_1pct/resultados/caso31e_role_hybrid.csv[0m
[32m[success] Archivo CSV generado correctamente[0m

[POST DEBUG] ===== INICIO POSTPROCESAMIENTO GLOBAL =====
[POST DEBUG] --- DESPUÉS DE AGENTES ---
[POST DEBUG] Agentes | g1 antes=32087.4600000001 despues=31867.8036135536 delta=-219.656386446466
[POST DEBUG] Agentes | g2 antes=0 despues=0 delta=0
[POST DEBUG] Agentes | g antes=32087.4600000001 despues=32087.4600000001 delta=0
[POST DEBUG] Agentes | costoFalla antes=0 despues=0 delta=0
[POST DEBUG] --- DESPUÉS DE DESPACHO ---
[POST DEBUG] Despacho | g1 antes=31867.8036135536 despues=31867.8036135536 delta=0
[POST DEBUG] Despacho | g2 antes=0 despues=0 delta=0
[POST DEBUG] Despacho | g antes=32087.4600000001 despues=31867.8036135536 delta=-219.656386446466
[POST DEBUG] Despacho | costoFalla antes=0 despues=0 delta=0
[POST DEBUG] --- TOTAL ANTES VS FINAL ---
[POST DEBUG] Final | g1 antes=32087.4600000001 despues=31867.8036135536 delta=-219.656386446466
[POST DEBUG] Final | g2 antes=0 despues=0 delta=0
[POST DEBUG] Final | g antes=32087.4600000001 despues=31867.8036135536 delta=-219.656386446466
[POST DEBUG] Final | costoFalla antes=0 despues=0 delta=0
[POST DEBUG] valorFOOriginal = -79254736.2846749
[POST DEBUG] valorFOPostProcesado = -78903286.0663608
[POST DEBUG] deltaFO = 351450.218314141
[POST DEBUG] ===== FIN POSTPROCESAMIENTO GLOBAL =====

[32m[success] Post-procesamiento completado. Nuevo valor F.O.: -78903286.066360801458359[0m
[VERIF ORIGINAL] etapa=postprocesado max_le=269.081971444079 (a1_discretizacion_palmar_restriccion_3i(357)) max_ge=0 () max_eq=27938188.1707313 (a1_g2h_def(341)) max_lb=0 () max_ub=0 () max_int=0 () avg_viol=184967.705504097 p95_viol=0.411300237750209 p99_viol=6910544.26233522 max_viol_rel=27938188.1707313 max_viol_relact=0.999999999999966 viol_le_count=364 viol_ge_count=0 viol_eq_count=795 viol_lb_count=0 viol_ub_count=0 viol_int_count=0 missing_values=0 obj_original_recalc=-78903286.0663608
[32m[success] Resultados guardados correctamente en /clusteruy/home/mathiasr/generator-aware-row-scaling/results-revision/final-variants/gurobi_simple_1pct/resultados/caso31e_role_hybrid_postprocesado.csv[0m
> [32m[success] Saliendo del programa...[0m
[32m[success] SystemController destruido[0m
