[32m[success] SystemController creado[0m
> [32m[success] El programa se ha iniciado correctamente[0m
> [info] RioNegro: activación de tramos de altura horaria
[32m[success] Se ha creado el agente 'Río Negro' exitosamente[0m
> [34m[info] Agregando agente Demanda Fija[0m
[34m[info] Ingrese demandas en una sola línea (360 valores):[0m
[32m[success] Se ha creado el agente 'Demanda Fija' exitosamente[0m
> [32m[success] Se ha creado el despacho fijo exitosamente[0m
> > Set parameter WLSAccessID
Set parameter WLSSecret
Set parameter LicenseID to value 2849920
Academic license 2849920 - for non-commercial use only - registered to ma___@fing.edu.uy
[32m[success] Solver 'Gurobi' configurado | timeout=1800s | mipgap=0.01[0m
> [DEBUG Despacho] j=0 idGen=1 coefParticipacionDespacho=1

[DEBUG Despacho] Cantidad de generadores = 1
[DEBUG Despacho] j=0 puntero=0xb11210 idGen=1 coefParticipacionDespacho=1
[PREPROC] modo plano: 14400 filas tratadas como un unico bloque sin roles (kernel geomean por fila)
[PREPROC PHASES] metadata_s=0.000116274 diagnostico_s=0.001617149 aplicacion_s=0.0017566

------------------------------------------------------------
  PREPROCESAMIENTO MIP - Diagnostico Numerico
------------------------------------------------------------
Rango de coeficientes (toda la matriz):
  max |coef| = 1.379e+09
  min |coef| = 1.550e-09
  proxy rango= 8.892e+17

Diagnostico por bloque:
Bloque              max|coef|      min|coef|      kappa_aprox   vars    alpha     beta      cols      disc_omit aux_omit  escalado
------------------------------------------------------------------------------------------------------------------------------
plano               1.379e+09      1.550e-09      8.89e+17      0       3.37e-04  1.00e+00  0         0         0         SI  (filas=6120, alpha_min=1.55e-09, alpha_max=5.00e-01)

Restriccion(es) global(es): 0 fila(s)
  acoplamiento balance = 0 fila(s)
  global no acoplante  = 0 fila(s)
  rho aprox (solo acoplamiento) = 0.000e+00
  gamma acoplamiento   = 1.000000
  gamma candidato      = 1.000000
  filas acop. escaladas= no
  filas normaliz. fisica= 0
  motivo gamma=1       = rho bajo; no se escala la fila de acoplamiento

ADVERTENCIAS:
  [!] Rango de coeficientes elevado (889198097827956736). Riesgo de sensibilidad numerica.
  [!] Bloque 'plano' internamente mal escalado (kappa~889198097827956736). Conviene comparar equilibrado interno por filas/columnas.
------------------------------------------------------------

------------------------------------------------------------
  COMPARACION NUMERICA ANTES / DESPUES
------------------------------------------------------------
Indicador                   antes           despues         despues/antes
----------------------------------------------------------------------------
rango global                1.886e+12       8.892e+17       4.716e+05
rho acoplamiento            0.000e+00       0.000e+00       0.000e+00
gamma aplicado              1.000000        1.000000        1.000000

Bloques locales:
Bloque              kappa antes     kappa despues   alpha       beta        filas       cols        disc_omit   aux_omit    escalado
------------------------------------------------------------------------------------------------------------------------------------
plano               1.886e+12       8.892e+17       3.367e-04   1.000e+00   6120        0           0           0           SI

Interpretacion: valores despues/antes menores que 1 indican mejora del proxy.
rho se calcula solo con filas de acoplamiento; las cotas de demanda sobre g quedan fuera.
El escalamiento local activo fue solo por fila: alpha_r = 1/sqrt(M_r*m_r).
------------------------------------------------------------

[PREPROC TIME] variante=matricial_plano_l2 tiempo_s=0.007986279 u=2 K=4 epsMin=1e-09 epsMax=1000000000
[32m[success] Preprocesamiento aplicado.[0m
> [MODELO] rows=14400 cols=10800 nnz=35590
[pipeline] Preprocesamiento seleccionado: Ninguno
[pipeline] Modelo interno sin modificaciones de preprocesamiento.
[pipeline] Estrategia de resolucion seleccionada: Monolitica
[pipeline] Resolviendo monoliticamente.
Set parameter TimeLimit to value 1800
Set parameter MIPGap to value 0.01
Set parameter Seed to value 42
Set parameter Threads to value 16
Gurobi Optimizer version 13.0.1 build v13.0.1rc0 (linux64 - "Debian GNU/Linux 12 (bookworm)")

CPU model: Intel(R) Xeon(R) Gold 6138 CPU @ 2.00GHz, instruction set [SSE2|AVX|AVX2|AVX512]
Thread count: 40 physical cores, 40 logical processors, using up to 16 threads

Non-default parameters:
TimeLimit  1800
MIPGap  0.01
Seed  42
Threads  16

Academic license 2849920 - for non-commercial use only - registered to ma___@fing.edu.uy
Optimize a model with 14400 rows, 10800 columns and 35590 nonzeros (Min)
Model fingerprint: 0xf9a67b99
Model has 362 linear objective coefficients
Variable types: 8640 continuous, 2160 integer (2160 binary)
Coefficient statistics:
  Matrix range     [2e-09, 1e+09]
  Objective range  [3e-03, 2e+03]
  Bounds range     [1e+00, 1e+10]
  RHS range        [2e-01, 3e+08]
Warning: Model contains large matrix coefficient range
Warning: Model contains large bounds
         Consider reformulating model or setting NumericFocus parameter
         to avoid numerical issues.

Presolve removed 2647 rows and 1924 columns
Presolve time: 0.30s
Presolved: 11753 rows, 8876 columns, 31395 nonzeros
Variable types: 6924 continuous, 1952 integer (1952 binary)
Found heuristic solution: objective -2.53740e+08

Root relaxation: objective -2.654624e+08, 9744 iterations, 0.81 seconds (0.88 work units)

    Nodes    |    Current Node    |     Objective Bounds      |     Work
 Expl Unexpl |  Obj  Depth IntInf | Incumbent    BestBd   Gap | It/Node Time

     0     0 -2.655e+08    0 1572 -2.537e+08 -2.655e+08  4.62%     -    2s
     0     0 -2.654e+08    0 1560 -2.537e+08 -2.654e+08  4.61%     -    2s
     0     0 -2.654e+08    0 1564 -2.537e+08 -2.654e+08  4.61%     -    3s
     0     0 -2.654e+08    0 1564 -2.537e+08 -2.654e+08  4.61%     -    3s
     0     0 -2.654e+08    0 1564 -2.537e+08 -2.654e+08  4.61%     -    3s
     0     0 -2.654e+08    0 1564 -2.537e+08 -2.654e+08  4.61%     -    3s
     0     0 -2.654e+08    0 1564 -2.537e+08 -2.654e+08  4.61%     -    3s
     0     0 -2.654e+08    0 1565 -2.537e+08 -2.654e+08  4.60%     -    4s
     0     0 -2.654e+08    0 1560 -2.537e+08 -2.654e+08  4.60%     -    4s
     0     0 -2.654e+08    0 1560 -2.537e+08 -2.654e+08  4.60%     -    4s
     0     2 -2.654e+08    0 1560 -2.537e+08 -2.654e+08  4.60%     -    4s
     1     2 -2.654e+08    1 1560 -2.537e+08 -2.654e+08  4.60%   5.0    5s
    17     2 -2.654e+08    9 1555 -2.537e+08 -2.654e+08  4.59%  2150   10s
H   23     2                    -2.53747e+08 -2.654e+08  4.58%  2196   12s
H   25     2                    -2.53753e+08 -2.654e+08  4.57%  2203   12s
H   31     2                    -2.53754e+08 -2.653e+08  4.56%  2226   14s
    33     3 -2.653e+08   17 1548 -2.538e+08 -2.653e+08  4.56%  2241   15s
    95    39     cutoff   36      -2.538e+08 -2.651e+08  4.47%  1760   21s
H  157    38                    -2.53756e+08 -2.651e+08  4.47%  1538   22s
H  170    38                    -2.53758e+08 -2.651e+08  4.47%  1474   22s
   294   105 -2.649e+08   61 1406 -2.538e+08 -2.651e+08  4.47%  1144   25s
   723   394     cutoff   88      -2.538e+08 -2.651e+08  4.47%   615   30s
H  861   534                    -2.53779e+08 -2.651e+08  4.46%   569   32s
H  979   549                    -2.53791e+08 -2.651e+08  4.46%   512   33s
H  982   549                    -2.53794e+08 -2.651e+08  4.46%   510   33s
H  987   549                    -2.53800e+08 -2.651e+08  4.45%   508   33s
  1224   777 -2.609e+08  120 1222 -2.538e+08 -2.651e+08  4.45%   434   35s
H 2367  1635                    -2.53815e+08 -2.651e+08  4.45%   269   45s
  2370  1637 -2.543e+08  176 1582 -2.538e+08 -2.651e+08  4.45%   268   51s
  2374  1640 -2.574e+08  169 1586 -2.538e+08 -2.651e+08  4.45%   268   55s
  2396  1636 -2.651e+08   23 1573 -2.538e+08 -2.651e+08  4.45%   282   60s
  2459  1621 -2.639e+08   48 1506 -2.538e+08 -2.651e+08  4.44%   295   65s
  2589  1630 -2.585e+08   69 1341 -2.538e+08 -2.649e+08  4.38%   333   70s
  3281  1950 -2.583e+08  120 1237 -2.538e+08 -2.649e+08  4.38%   268   75s
  4549  2655 -2.581e+08  208 1023 -2.538e+08 -2.649e+08  4.38%   204   80s
H 4661  2464                    -2.54057e+08 -2.649e+08  4.28%   199   80s
H 6031  3318                    -2.54067e+08 -2.649e+08  4.28%   159   82s
H 7105  3913                    -2.54262e+08 -2.649e+08  4.20%   139   84s
H 7271  3913                    -2.54263e+08 -2.649e+08  4.20%   136   84s
  8005  4671 -2.552e+08  476  480 -2.543e+08 -2.649e+08  4.18%   125   85s
*10628  7415             722    -2.54277e+08 -2.648e+08  4.15%   104   89s
*10672  7085             784    -2.54562e+08 -2.648e+08  4.03%   104   89s
 11239  7434     cutoff  722      -2.546e+08 -2.648e+08  4.03%   101   90s
*11324  7290             789    -2.54608e+08 -2.648e+08  4.01%   100   90s
*11326  6896             788    -2.54818e+08 -2.648e+08  3.92%   100   90s
*11960  7126             742    -2.54847e+08 -2.648e+08  3.91%  98.2   91s
*11965  7126             742    -2.54847e+08 -2.648e+08  3.91%  98.2   91s
*12064  6712             795    -2.55013e+08 -2.648e+08  3.84%  98.2   91s
*12065  6608             795    -2.55075e+08 -2.648e+08  3.82%  98.2   91s
*12911  4954             727    -2.57182e+08 -2.648e+08  2.96%  95.5   92s
*12912  4952             727    -2.57183e+08 -2.648e+08  2.96%  95.5   92s
H14459  5492                    -2.57259e+08 -2.648e+08  2.93%  90.8   94s
H14466  5303                    -2.57356e+08 -2.648e+08  2.89%  90.8   94s
 14617  5452 -2.575e+08  330  820 -2.574e+08 -2.648e+08  2.88%  90.1   95s
*15304  3413             761    -2.58128e+08 -2.647e+08  2.53%  89.7   96s
*15767  3596             760    -2.58128e+08 -2.646e+08  2.52%  89.1   97s
H16940  4368                    -2.58355e+08 -2.645e+08  2.40%  85.1   98s
 18028  4999 -2.595e+08   96 1063 -2.584e+08 -2.645e+08  2.38%  83.5  100s
*18751  5244             786    -2.58439e+08 -2.645e+08  2.35%  83.6  101s
*19034  5095             764    -2.58479e+08 -2.645e+08  2.33%  82.7  101s
 21112  6828 -2.594e+08  107  960 -2.585e+08 -2.644e+08  2.29%  83.2  106s
*21210  6826             741    -2.58479e+08 -2.644e+08  2.29%  83.9  106s
*21219  6815             741    -2.58481e+08 -2.644e+08  2.29%  83.9  106s
*21450  3799             802    -2.59979e+08 -2.644e+08  1.68%  85.1  106s
 22571  5220 -2.613e+08  357  789 -2.600e+08 -2.643e+08  1.67%  88.4  110s
*23399  1882             793    -2.61891e+08 -2.643e+08  0.92%  86.9  110s
*23403  1882             793    -2.61891e+08 -2.643e+08  0.92%  86.9  110s

Cutting planes:
  Implied bound: 63
  MIR: 137
  Flow cover: 256
  RLT: 103
  Relax-and-lift: 16

Explored 23989 nodes (2092098 simplex iterations) in 110.66 seconds (118.10 work units)
Thread count was 16 (of 40 available processors)

Solution count 10: -2.61891e+08 -2.61891e+08 -2.59979e+08 ... -2.58128e+08

Optimal solution found (tolerance 1.00e-02)
Best objective -2.618908247718e+08, best bound -2.642722406158e+08, gap 0.9093%

User-callback calls 67232, time in user-callback 0.01 sec
[NUM-KAPPA] kappa_solver=328283910 kappa_exact=-1 is_mip=1
[NUM-EFIC] work=118 root_gap=0 root_time=5
[pipeline] Tiempo de resolucion: 111.075475 s
[SOLVE] tiempo_solver_s=111.075486999999995 status=OPTIMAL gap=0.909316256531519 obj=-261890824.771817803382874 best_bound=-264272240.615832418203354 nodos=23989.000000000000000 iter=2092098.000000000000000 primal_integral=0.045680983211614
[VERIF ORIGINAL] etapa=solver_desescalado max_le=7.27595761418343e-12 (a1_discretizacion_palmar_restriccion_3i(1)) max_ge=0 () max_eq=1.00713805295527e-06 (a1_v3h_din(26)) max_lb=0 () max_ub=0 () max_int=0 () avg_viol=4.69680061914382e-09 p95_viol=3.63797880709171e-12 p99_viol=1.59168266691268e-07 max_viol_rel=2.30967998504639e-07 max_viol_relact=5.0747704593411e-12 viol_le_count=0 viol_ge_count=0 viol_eq_count=1 viol_lb_count=0 viol_ub_count=0 viol_int_count=0 missing_values=0 obj_original_recalc=-261890824.771818
[32m[success] Resultados guardados correctamente en /clusteruy/home/mathiasr/generator-aware-row-scaling/results-revision/final-variants/gurobi_simple_1pct/resultados/caso10e_matricial_plano_l2.csv[0m
[32m[success] Archivo CSV generado correctamente[0m

[POST DEBUG] ===== INICIO POSTPROCESAMIENTO GLOBAL =====
[POST DEBUG] --- DESPUÉS DE AGENTES ---
[POST DEBUG] Agentes | g1 antes=151199.5704741 despues=155740.819251099 delta=4541.24877699831
[POST DEBUG] Agentes | g2 antes=0 despues=0 delta=0
[POST DEBUG] Agentes | g antes=151199.5704741 despues=151199.5704741 delta=0
[POST DEBUG] Agentes | costoFalla antes=0 despues=0 delta=0
[POST DEBUG] --- DESPUÉS DE DESPACHO ---
[POST DEBUG] Despacho | g1 antes=155740.819251099 despues=155740.819251099 delta=0
[POST DEBUG] Despacho | g2 antes=0 despues=0 delta=0
[POST DEBUG] Despacho | g antes=151199.5704741 despues=155740.819251099 delta=4541.24877699831
[POST DEBUG] Despacho | costoFalla antes=0 despues=0 delta=0
[POST DEBUG] --- TOTAL ANTES VS FINAL ---
[POST DEBUG] Final | g1 antes=151199.5704741 despues=155740.819251099 delta=4541.24877699831
[POST DEBUG] Final | g2 antes=0 despues=0 delta=0
[POST DEBUG] Final | g antes=151199.5704741 despues=155740.819251099 delta=4541.24877699831
[POST DEBUG] Final | costoFalla antes=0 despues=0 delta=0
[POST DEBUG] valorFOOriginal = -261890824.771818
[POST DEBUG] valorFOPostProcesado = -269156822.815015
[POST DEBUG] deltaFO = -7265998.04319721
[POST DEBUG] ===== FIN POSTPROCESAMIENTO GLOBAL =====

[32m[success] Post-procesamiento completado. Nuevo valor F.O.: -269156822.815015017986298[0m
[VERIF ORIGINAL] etapa=postprocesado max_le=1205.24429876691 (a1_discretizacion_palmar_restriccion_3i(27)) max_ge=0 () max_eq=852938374.070182 (a1_g2h_def(291)) max_lb=0 () max_ub=0 () max_int=0 () avg_viol=675636.389424947 p95_viol=2.35437584733225 p99_viol=16892667.5906398 max_viol_rel=852938374.070182 max_viol_relact=1 viol_le_count=733 viol_ge_count=0 viol_eq_count=1003 viol_lb_count=0 viol_ub_count=0 viol_int_count=0 missing_values=0 obj_original_recalc=-269156822.815015
[32m[success] Resultados guardados correctamente en /clusteruy/home/mathiasr/generator-aware-row-scaling/results-revision/final-variants/gurobi_simple_1pct/resultados/caso10e_matricial_plano_l2_postprocesado.csv[0m
> [32m[success] Saliendo del programa...[0m
[32m[success] SystemController destruido[0m
