LP Base has 14400 rows; 10800 cols; 35590 nonzeros
Coefficient ranges:
  Matrix  [3e-03, 2e+09]
  Cost    [5e-03, 3e+03]
  Bound   [1e+00, 1e+10]
  RHS     [5e+00, 7e+09]
WARNING: Problem has some excessively large column bounds
WARNING: Problem has some excessively large row bounds
WARNING:    Consider scaling the    bounds by 1e-5, or setting the user_bound_scale option to -14
Presolving model
13672 rows, 10423 cols, 34453 nonzeros 0s
Dependent equations search running on 1784 equations with time limit of 3.00s
Dependent equations search removed 0 rows and 0 nonzeros in 0.00s (limit = 3.00s)
12919 rows, 9687 cols, 32955 nonzeros 0s
Presolve reductions: rows 12919(-1481); columns 9687(-1113); nonzeros 32955(-2635) 
Solving the presolved LP
Using dual simplex solver
  Iteration        Objective     Infeasibilities num(sum)
          0     0.0000000000e+00 Ph1: 0(0) 0.1s
      11173    -4.1743290173e+08 Pr: 894(7.45844e+07) 5.1s
      12138    -4.1740890915e+08 Pr: 0(0) 5.8s
      12138    -4.1740890915e+08 Pr: 0(0) 5.8s

Performed postsolve
Solving the original LP from the solution after postsolve

Model name          : Base
Model status        : Optimal
Simplex   iterations: 12138
Objective value     : -4.1740890915e+08
P-D objective error :  7.1398385849e-17
HiGHS run time      :          5.85
