LP Base has 14400 rows; 10800 cols; 35590 nonzeros
Coefficient ranges:
  Matrix  [2e-03, 2e+09]
  Cost    [3e-03, 3e+03]
  Bound   [1e+00, 1e+10]
  RHS     [5e+00, 4e+09]
WARNING: Problem has some excessively large column bounds
WARNING: Problem has some excessively large row bounds
WARNING:    Consider scaling the    bounds by 1e-5, or setting the user_bound_scale option to -14
Presolving model
13672 rows, 10431 cols, 34477 nonzeros 0s
Dependent equations search running on 1792 equations with time limit of 3.00s
Dependent equations search removed 0 rows and 0 nonzeros in 0.00s (limit = 3.00s)
12621 rows, 9711 cols, 32375 nonzeros 0s
Presolve reductions: rows 12621(-1779); columns 9711(-1089); nonzeros 32375(-3215) 
Solving the presolved LP
Using dual simplex solver
  Iteration        Objective     Infeasibilities num(sum)
          0     0.0000000000e+00 Ph1: 0(0) 0.1s
       5897    -7.3703587066e+07 Pr: 0(0); Du: 0(1.68872e-10) 1.4s
       5897    -7.3703587066e+07 Pr: 0(0); Du: 0(1.68872e-10) 1.4s
Using primal simplex solver
  Iteration        Objective     Infeasibilities num(sum)
       5897    -7.3703587066e+07 Pr: 0(0); Du: 1(3.707e-06) 1.4s
       5905    -7.3703587066e+07 Pr: 0(0); Du: 0(1.30534e-07) 1.4s

Performed postsolve
Solving the original LP from the solution after postsolve

Model name          : Base
Model status        : Optimal
Simplex   iterations: 5905
Objective value     : -7.3703587066e+07
P-D objective error :  1.3141497037e-15
HiGHS run time      :          1.42
