LP Base has 23763 rows; 16561 cols; 57555 nonzeros
Coefficient ranges:
  Matrix  [7e-04, 1e+10]
  Cost    [4e-04, 1e+02]
  Bound   [1e+00, 1e+10]
  RHS     [5e+00, 1e+10]
WARNING: Problem has some excessively large column bounds
WARNING: Problem has some excessively large row bounds
WARNING:    Consider scaling the    bounds by 1e-5, or setting the user_bound_scale option to -14
Presolving model
23395 rows, 16551 cols, 57161 nonzeros 0s
Dependent equations search running on 2512 equations with time limit of 3.00s
Dependent equations search removed 0 rows and 0 nonzeros in 0.00s (limit = 3.00s)
22293 rows, 15471 cols, 54957 nonzeros 0s
Presolve reductions: rows 22293(-1470); columns 15471(-1090); nonzeros 54957(-2598) 
Solving the presolved LP
Using dual simplex solver
  Iteration        Objective     Infeasibilities num(sum)
          0    -2.0000000000e+03 Ph1: 3(1500); Du: 1(2) 0.1s
      11819    -8.7549516273e+05 Pr: 4845(4.4875e+08); Du: 0(8.96423e-08) 5.3s
      16325    -2.1248600989e+05 Pr: 6195(2.96129e+10) 10.6s
      19600    -4.0067680923e+04 Pr: 2745(6.57655e+08) 16.0s
      22035     1.0267884058e+05 Pr: 416(4.05094e+07) 21.0s
      22450     9.8410223480e+04 Pr: 0(0) 21.7s
      22450     9.8410223480e+04 Pr: 0(0) 21.7s

Performed postsolve
Solving the original LP from the solution after postsolve

Model name          : Base
Model status        : Optimal
Simplex   iterations: 22450
Objective value     :  9.8410223480e+04
P-D objective error :  2.2964087195e-13
HiGHS run time      :         21.76
