LP Base has 23763 rows; 16561 cols; 57555 nonzeros
Coefficient ranges:
  Matrix  [6e-04, 1e+10]
  Cost    [7e-04, 1e+02]
  Bound   [1e+00, 1e+10]
  RHS     [5e+00, 8e+09]
WARNING: Problem has some excessively large column bounds
WARNING: Problem has some excessively large row bounds
WARNING:    Consider scaling the    bounds by 1e-5, or setting the user_bound_scale option to -14
Presolving model
23395 rows, 16551 cols, 57161 nonzeros 0s
Dependent equations search running on 2504 equations with time limit of 1.00s
Dependent equations search removed 0 rows and 0 nonzeros in 0.00s (limit = 1.00s)
22293 rows, 15463 cols, 54957 nonzeros 0s
Presolve reductions: rows 22293(-1470); columns 15463(-1098); nonzeros 54957(-2598) 
Solving the presolved LP
Using dual simplex solver
  Iteration        Objective     Infeasibilities num(sum)
          0    -2.0000000000e+03 Ph1: 3(1250); Du: 1(2) 0.1s
       8773    -4.0023964555e+06 Pr: 2471(2.07781e+10); Du: 0(8.80164e-07) 5.3s
      15901    -3.0304159539e+06 Pr: 3056(8.30443e+07) 10.3s
      20089    -2.6520432943e+06 Pr: 149(1.44523e+06) 15.8s
      20231    -2.6598356810e+06 Pr: 0(0) 15.9s
      20231    -2.6598356810e+06 Pr: 0(0) 15.9s

Performed postsolve
Solving the original LP from the solution after postsolve

Model name          : Base
Model status        : Optimal
Simplex   iterations: 20231
Objective value     : -2.6598356810e+06
P-D objective error :  9.2787850634e-15
HiGHS run time      :         15.97
