LP Base has 10080 rows; 6120 cols; 22679 nonzeros
Coefficient ranges:
  Matrix  [6e-04, 1e+10]
  Cost    [1e-04, 1e+02]
  Bound   [1e+00, 4e+09]
  RHS     [1e+01, 1e+10]
WARNING: Problem has some excessively large column bounds
WARNING: Problem has some excessively large row bounds
WARNING:    Consider scaling the    bounds by 1e-5, or setting the user_bound_scale option to -14
Presolving model
9665 rows, 6119 cols, 22208 nonzeros 0s
Dependent equations search running on 720 equations with time limit of 3.00s
Dependent equations search removed 0 rows and 0 nonzeros in 0.00s (limit = 3.00s)
9162 rows, 5759 cols, 21202 nonzeros 0s
Presolve reductions: rows 9162(-918); columns 5759(-361); nonzeros 21202(-1477) 
Solving the presolved LP
Using dual simplex solver
  Iteration        Objective     Infeasibilities num(sum)
          0     0.0000000000e+00 Ph1: 0(0) 0.1s
       6432    -2.9398647735e+05 Pr: 0(0) 0.6s

Performed postsolve
Solving the original LP from the solution after postsolve

Model name          : Base
Model status        : Optimal
Simplex   iterations: 6432
Objective value     : -2.9398647735e+05
P-D objective error :  1.8809431073e-15
HiGHS run time      :          0.66
