LP Base has 10080 rows; 6120 cols; 22679 nonzeros
Coefficient ranges:
  Matrix  [5e-04, 1e+10]
  Cost    [1e-03, 1e+02]
  Bound   [1e+00, 4e+09]
  RHS     [4e+01, 1e+10]
WARNING: Problem has some excessively large column bounds
WARNING: Problem has some excessively large row bounds
WARNING:    Consider scaling the    bounds by 1e-5, or setting the user_bound_scale option to -14
Presolving model
9720 rows, 6119 cols, 22318 nonzeros 0s
Dependent equations search running on 720 equations with time limit of 3.00s
Dependent equations search removed 0 rows and 0 nonzeros in 0.00s (limit = 3.00s)
9333 rows, 5759 cols, 21544 nonzeros 0s
Presolve reductions: rows 9333(-747); columns 5759(-361); nonzeros 21544(-1135) 
Solving the presolved LP
Using dual simplex solver
  Iteration        Objective     Infeasibilities num(sum)
          0     0.0000000000e+00 Ph1: 0(0) 0.1s
       6238    -3.0682662561e+06 Pr: 0(0) 0.8s

Performed postsolve
Solving the original LP from the solution after postsolve

Model name          : Base
Model status        : Optimal
Simplex   iterations: 6238
Objective value     : -3.0682662561e+06
P-D objective error :  8.3471786639e-16
HiGHS run time      :          0.86
