[32m[success] SystemController creado[0m
> [32m[success] El programa se ha iniciado correctamente[0m
> [info] RioNegro: activación de tramos de altura horaria
[32m[success] Se ha creado el agente 'Río Negro' exitosamente[0m
> [34m[info] Agregando agente Demanda Fija[0m
[34m[info] Ingrese demandas en una sola línea (360 valores):[0m
[32m[success] Se ha creado el agente 'Demanda Fija' exitosamente[0m
> [32m[success] Se ha creado el despacho fijo exitosamente[0m
> > [32m[success] Solver 'DummyLp' configurado | timeout=1800s | mipgap=0.0001[0m
> [DEBUG Despacho] j=0 idGen=1 coefParticipacionDespacho=1

[DEBUG Despacho] Cantidad de generadores = 1
[DEBUG Despacho] j=0 puntero=0x5c8196e85f00 idGen=1 coefParticipacionDespacho=1
[PREPROC PHASES] metadata_s=0.181130064 diagnostico_s=0.022735113 aplicacion_s=0.039763619

------------------------------------------------------------
  PREPROCESAMIENTO MIP - Diagnostico Numerico
------------------------------------------------------------
Rango de coeficientes (toda la matriz):
  max |coef| = 8.252e+07
  min |coef| = 2.400e-05
  proxy rango= 3.438e+12

Diagnostico por bloque:
Bloque              max|coef|      min|coef|      kappa_aprox   vars    alpha     beta      cols      disc_omit aux_omit  escalado
------------------------------------------------------------------------------------------------------------------------------
a1_                 8.252e+07      2.400e-05      3.44e+12      9360    1.27e-02  1.00e+00  0         0         0         SI  (filas=10080, alpha_min=2.40e-05, alpha_max=2.14e+01)
sin_agente          1.000e+00      1.000e+00      1.00e+00      0       1.00e+00  1.00e+00  0         0         0         no

Restriccion(es) global(es): 720 fila(s)
  acoplamiento balance = 360 fila(s)
  global no acoplante  = 360 fila(s)
  rho aprox (solo acoplamiento) = 2.247e-02
  gamma acoplamiento   = 1.000000
  gamma candidato      = 1.000000
  filas acop. escaladas= no
  filas normaliz. fisica= 0
  motivo gamma=1       = rho bajo; no se escala la fila de acoplamiento

ADVERTENCIAS:
  [!] Rango de coeficientes elevado (3437857669162). Riesgo de sensibilidad numerica.
  [!] Bloque 'a1_' internamente mal escalado (kappa~3437857669162). Conviene comparar equilibrado interno por filas/columnas.
------------------------------------------------------------

------------------------------------------------------------
  COMPARACION NUMERICA ANTES / DESPUES
------------------------------------------------------------
Indicador                   antes           despues         despues/antes
----------------------------------------------------------------------------
rango global                2.268e+12       3.438e+12       1.516e+00
rho acoplamiento            3.041e-04       2.247e-02       7.387e+01
gamma aplicado              1.000000        1.000000        1.000000

Bloques locales:
Bloque              kappa antes     kappa despues   alpha       beta        filas       cols        disc_omit   aux_omit    escalado
------------------------------------------------------------------------------------------------------------------------------------
a1_                 2.268e+12       3.438e+12       1.275e-02   1.000e+00   10080       0           0           0           SI
sin_agente          1.000e+00       1.000e+00       1.000e+00   1.000e+00   0           0           0           0           no

Interpretacion: valores despues/antes menores que 1 indican mejora del proxy.
rho se calcula solo con filas de acoplamiento; las cotas de demanda sobre g quedan fuera.
El escalamiento local activo fue estructurado: alpha_r interno y beta_i entre bloques.
------------------------------------------------------------

[PREPROC TIME] variante=role_hybrid tiempo_s=0.243810609 u=2 K=4 epsMin=1e-09 epsMax=1000000000
[32m[success] Preprocesamiento aplicado.[0m
> [pipeline] Preprocesamiento seleccionado: Ninguno
[pipeline] Modelo interno sin modificaciones de preprocesamiento.
Archivo LP guardado en: /home/mathiasr/Escritorio/generator-aware-row-scaling/results-revision/research-audit/fixed-basis-final-20260914/fresh/simple/caso02a/Role-Hybrid.lp
[32m[success] Se ha guardado el modelo exitosamente[0m
> [32m[success] Saliendo del programa...[0m
[32m[success] SystemController destruido[0m
