1/1530 simple caso01a Base unscaled=1.467e+19 1=6.841e+09 2=1.239e+08 4=1.320e+08 10=1.320e+08
2/1530 simple caso01a Flat-GM unscaled=1.154e+12 1=9.222e+07 2=1.384e+07 4=1.367e+07 10=1.367e+07
3/1530 simple caso01a Flat-L2 unscaled=1.827e+19 1=8.508e+09 2=7.953e+07 4=7.946e+07 10=7.946e+07
4/1530 simple caso01a Role-Hybrid unscaled=1.154e+12 1=9.222e+07 2=1.384e+07 4=1.367e+07 10=1.367e+07
5/1530 simple caso01a SA-Mat unscaled=1.154e+12 1=9.222e+07 2=1.384e+07 4=1.367e+07 10=1.367e+07
6/1530 simple caso01b Base unscaled=8.974e+18 1=4.650e+10 2=7.058e+08 4=8.197e+08 10=8.197e+08
7/1530 simple caso01b Flat-GM unscaled=2.210e+13 1=1.192e+09 2=3.041e+08 4=3.051e+08 10=3.051e+08
8/1530 simple caso01b Flat-L2 unscaled=1.370e+19 1=1.348e+10 2=1.298e+08 4=1.265e+08 10=1.265e+08
9/1530 simple caso01b Role-Hybrid unscaled=2.210e+13 1=1.192e+09 2=3.041e+08 4=3.051e+08 10=3.051e+08
10/1530 simple caso01b SA-Mat unscaled=2.210e+13 1=1.192e+09 2=3.041e+08 4=3.051e+08 10=3.051e+08
11/1530 simple caso01c Base unscaled=8.608e+18 1=6.130e+09 2=1.642e+08 4=1.615e+08 10=1.615e+08
12/1530 simple caso01c Flat-GM unscaled=8.641e+11 1=9.484e+07 2=1.219e+07 4=1.181e+07 10=1.181e+07
13/1530 simple caso01c Flat-L2 unscaled=1.471e+19 1=6.948e+09 2=7.637e+07 4=9.448e+07 10=9.448e+07
14/1530 simple caso01c Role-Hybrid unscaled=8.641e+11 1=9.484e+07 2=1.219e+07 4=1.181e+07 10=1.181e+07
15/1530 simple caso01c SA-Mat unscaled=8.641e+11 1=9.484e+07 2=1.219e+07 4=1.181e+07 10=1.181e+07
16/1530 simple caso01d Base unscaled=8.608e+18 1=3.234e+10 2=6.217e+08 4=6.625e+08 10=6.625e+08
17/1530 simple caso01d Flat-GM unscaled=2.015e+12 1=3.493e+08 2=1.048e+08 4=1.036e+08 10=1.036e+08
18/1530 simple caso01d Flat-L2 unscaled=1.370e+19 1=2.031e+10 2=3.776e+08 4=3.773e+08 10=3.773e+08
19/1530 simple caso01d Role-Hybrid unscaled=2.015e+12 1=3.493e+08 2=1.048e+08 4=1.036e+08 10=1.036e+08
20/1530 simple caso01d SA-Mat unscaled=2.015e+12 1=3.493e+08 2=1.048e+08 4=1.036e+08 10=1.036e+08
21/1530 simple caso01e Base unscaled=5.738e+18 1=3.890e+09 2=6.807e+07 4=7.128e+07 10=7.128e+07
22/1530 simple caso01e Flat-GM unscaled=1.625e+12 1=2.401e+08 2=1.724e+07 4=1.680e+07 10=1.680e+07
23/1530 simple caso01e Flat-L2 unscaled=1.370e+19 1=6.381e+09 2=5.490e+06 4=5.098e+06 10=5.098e+06
24/1530 simple caso01e Role-Hybrid unscaled=1.625e+12 1=2.401e+08 2=1.724e+07 4=1.680e+07 10=1.680e+07
25/1530 simple caso01e SA-Mat unscaled=1.625e+12 1=2.401e+08 2=1.724e+07 4=1.680e+07 10=1.680e+07
26/1530 simple caso01f Base unscaled=8.608e+18 1=4.014e+09 2=2.964e+07 4=2.837e+07 10=2.837e+07
27/1530 simple caso01f Flat-GM unscaled=2.060e+12 1=1.783e+08 2=2.673e+07 4=2.642e+07 10=2.642e+07
28/1530 simple caso01f Flat-L2 unscaled=1.370e+19 1=7.037e+09 2=1.049e+07 4=1.301e+07 10=1.301e+07
29/1530 simple caso01f Role-Hybrid unscaled=2.060e+12 1=1.783e+08 2=2.673e+07 4=2.642e+07 10=2.642e+07
30/1530 simple caso01f SA-Mat unscaled=2.060e+12 1=1.783e+08 2=2.673e+07 4=2.642e+07 10=2.642e+07
31/1530 simple caso02a Base unscaled=2.065e+19 1=9.630e+09 2=7.674e+07 4=8.187e+07 10=8.187e+07
32/1530 simple caso02a Flat-GM unscaled=3.861e+11 1=7.534e+07 2=1.160e+07 4=1.154e+07 10=1.154e+07
33/1530 simple caso02a Flat-L2 unscaled=2.490e+19 1=1.160e+10 2=4.304e+07 4=4.299e+07 10=4.299e+07
34/1530 simple caso02a Role-Hybrid unscaled=3.861e+11 1=7.534e+07 2=1.160e+07 4=1.154e+07 10=1.154e+07
35/1530 simple caso02a SA-Mat unscaled=3.861e+11 1=7.534e+07 2=1.160e+07 4=1.154e+07 10=1.154e+07
36/1530 simple caso02b Base unscaled=2.072e+19 1=1.477e+11 2=2.314e+09 4=2.658e+09 10=2.658e+09
37/1530 simple caso02b Flat-GM unscaled=6.253e+13 1=2.446e+09 2=4.905e+08 4=4.911e+08 10=4.911e+08
38/1530 simple caso02b Flat-L2 unscaled=2.277e+19 1=9.333e+10 2=1.309e+09 4=1.299e+09 10=1.299e+09
39/1530 simple caso02b Role-Hybrid unscaled=6.253e+13 1=2.446e+09 2=4.905e+08 4=4.911e+08 10=4.911e+08
40/1530 simple caso02b SA-Mat unscaled=6.253e+13 1=2.446e+09 2=4.905e+08 4=4.911e+08 10=4.911e+08
41/1530 simple caso02c Base unscaled=1.296e+19 1=6.043e+09 2=8.869e+07 4=8.555e+07 10=8.555e+07
42/1530 simple caso02c Flat-GM unscaled=8.683e+11 1=7.347e+07 2=7.813e+06 4=7.381e+06 10=7.381e+06
43/1530 simple caso02c Flat-L2 unscaled=1.631e+19 1=7.596e+09 2=3.281e+07 4=4.039e+07 10=4.039e+07
44/1530 simple caso02c Role-Hybrid unscaled=8.683e+11 1=7.347e+07 2=7.813e+06 4=7.381e+06 10=7.381e+06
45/1530 simple caso02c SA-Mat unscaled=8.683e+11 1=7.347e+07 2=7.813e+06 4=7.381e+06 10=7.381e+06
46/1530 simple caso02d Base unscaled=9.036e+18 1=4.215e+09 2=2.896e+07 4=3.076e+07 10=3.076e+07
47/1530 simple caso02d Flat-GM unscaled=5.438e+11 1=7.870e+07 2=5.713e+06 4=5.145e+06 10=5.145e+06
48/1530 simple caso02d Flat-L2 unscaled=1.303e+19 1=6.066e+09 2=1.504e+07 4=1.216e+07 10=1.216e+07
49/1530 simple caso02d Role-Hybrid unscaled=5.438e+11 1=7.870e+07 2=5.713e+06 4=5.145e+06 10=5.145e+06
50/1530 simple caso02d SA-Mat unscaled=5.438e+11 1=7.870e+07 2=5.713e+06 4=5.145e+06 10=5.145e+06
51/1530 simple caso02e Base unscaled=6.024e+18 1=4.314e+09 2=7.560e+07 4=8.801e+07 10=8.801e+07
52/1530 simple caso02e Flat-GM unscaled=1.947e+12 1=2.977e+08 2=2.081e+07 4=1.997e+07 10=1.997e+07
53/1530 simple caso02e Flat-L2 unscaled=1.303e+19 1=6.066e+09 2=5.300e+06 4=4.155e+06 10=4.155e+06
54/1530 simple caso02e Role-Hybrid unscaled=1.947e+12 1=2.977e+08 2=2.081e+07 4=1.997e+07 10=1.997e+07
55/1530 simple caso02e SA-Mat unscaled=1.947e+12 1=2.977e+08 2=2.081e+07 4=1.997e+07 10=1.997e+07
56/1530 simple caso02f Base unscaled=9.036e+18 1=4.214e+09 2=2.246e+07 4=2.360e+07 10=2.360e+07
57/1530 simple caso02f Flat-GM unscaled=5.810e+11 1=6.418e+07 2=3.975e+06 4=3.506e+06 10=3.506e+06
58/1530 simple caso02f Flat-L2 unscaled=1.450e+19 1=6.753e+09 2=9.657e+06 4=9.608e+06 10=9.608e+06
59/1530 simple caso02f Role-Hybrid unscaled=5.810e+11 1=6.418e+07 2=3.975e+06 4=3.506e+06 10=3.506e+06
60/1530 simple caso02f SA-Mat unscaled=5.810e+11 1=6.418e+07 2=3.975e+06 4=3.506e+06 10=3.506e+06
61/1530 simple caso03a Base unscaled=9.197e+18 1=4.290e+09 2=5.373e+07 4=5.293e+07 10=5.293e+07
62/1530 simple caso03a Flat-GM unscaled=7.844e+11 1=7.662e+07 2=2.142e+07 4=2.121e+07 10=2.121e+07
63/1530 simple caso03a Flat-L2 unscaled=1.644e+19 1=7.655e+09 2=3.945e+06 4=3.795e+06 10=3.795e+06
64/1530 simple caso03a Role-Hybrid unscaled=7.844e+11 1=7.662e+07 2=2.142e+07 4=2.121e+07 10=2.121e+07
65/1530 simple caso03a SA-Mat unscaled=7.844e+11 1=7.662e+07 2=2.142e+07 4=2.121e+07 10=2.121e+07
66/1530 simple caso03b Base unscaled=9.197e+18 1=2.302e+10 2=3.162e+08 4=3.535e+08 10=3.535e+08
67/1530 simple caso03b Flat-GM unscaled=1.108e+13 1=5.891e+08 2=1.328e+08 4=1.426e+08 10=1.426e+08
68/1530 simple caso03b Flat-L2 unscaled=1.246e+19 1=5.803e+09 2=4.858e+07 4=4.669e+07 10=4.669e+07
69/1530 simple caso03b Role-Hybrid unscaled=1.108e+13 1=5.891e+08 2=1.328e+08 4=1.426e+08 10=1.426e+08
70/1530 simple caso03b SA-Mat unscaled=1.108e+13 1=5.891e+08 2=1.328e+08 4=1.426e+08 10=1.426e+08
71/1530 simple caso03c Base unscaled=9.197e+18 1=4.290e+09 2=2.942e+07 4=2.915e+07 10=2.915e+07
72/1530 simple caso03c Flat-GM unscaled=6.985e+11 1=6.132e+07 2=6.143e+06 4=5.796e+06 10=5.796e+06
73/1530 simple caso03c Flat-L2 unscaled=1.246e+19 1=5.803e+09 2=5.655e+06 4=5.462e+06 10=5.462e+06
74/1530 simple caso03c Role-Hybrid unscaled=6.985e+11 1=6.132e+07 2=6.143e+06 4=5.796e+06 10=5.796e+06
75/1530 simple caso03c SA-Mat unscaled=6.985e+11 1=6.132e+07 2=6.143e+06 4=5.796e+06 10=5.796e+06
76/1530 simple caso03d Base unscaled=9.197e+18 1=7.421e+09 2=4.948e+07 4=5.179e+07 10=5.179e+07
77/1530 simple caso03d Flat-GM unscaled=7.834e+11 1=1.324e+08 2=8.925e+06 4=7.475e+06 10=7.475e+06
78/1530 simple caso03d Flat-L2 unscaled=1.759e+19 1=8.207e+09 2=3.709e+07 4=2.653e+07 10=2.653e+07
79/1530 simple caso03d Role-Hybrid unscaled=7.834e+11 1=1.324e+08 2=8.925e+06 4=7.475e+06 10=7.475e+06
80/1530 simple caso03d SA-Mat unscaled=7.834e+11 1=1.324e+08 2=8.925e+06 4=7.475e+06 10=7.475e+06
81/1530 simple caso03e Base unscaled=1.642e+19 1=7.661e+09 2=7.801e+07 4=8.928e+07 10=8.928e+07
82/1530 simple caso03e Flat-GM unscaled=2.178e+12 1=3.333e+08 2=2.181e+07 4=2.032e+07 10=2.032e+07
83/1530 simple caso03e Flat-L2 unscaled=1.642e+19 1=7.648e+09 2=8.788e+06 4=6.117e+06 10=6.117e+06
84/1530 simple caso03e Role-Hybrid unscaled=2.178e+12 1=3.333e+08 2=2.181e+07 4=2.032e+07 10=2.032e+07
85/1530 simple caso03e SA-Mat unscaled=2.178e+12 1=3.333e+08 2=2.181e+07 4=2.032e+07 10=2.032e+07
86/1530 simple caso03f Base unscaled=9.197e+18 1=4.291e+09 2=2.782e+07 4=2.715e+07 10=2.715e+07
87/1530 simple caso03f Flat-GM unscaled=5.810e+11 1=4.582e+07 2=2.338e+06 4=1.934e+06 10=1.934e+06
88/1530 simple caso03f Flat-L2 unscaled=1.273e+19 1=5.928e+09 2=1.901e+07 4=1.417e+07 10=1.417e+07
89/1530 simple caso03f Role-Hybrid unscaled=5.810e+11 1=4.582e+07 2=2.338e+06 4=1.934e+06 10=1.934e+06
90/1530 simple caso03f SA-Mat unscaled=5.810e+11 1=4.582e+07 2=2.338e+06 4=1.934e+06 10=1.934e+06
91/1530 simple caso04a Base unscaled=1.952e+19 1=8.530e+10 2=1.250e+09 4=1.382e+09 10=1.382e+09
92/1530 simple caso04a Flat-GM unscaled=4.345e+13 1=2.317e+09 2=4.897e+08 4=4.698e+08 10=4.698e+08
93/1530 simple caso04a Flat-L2 unscaled=3.061e+19 1=5.316e+10 2=2.629e+08 4=2.566e+08 10=2.566e+08
94/1530 simple caso04a Role-Hybrid unscaled=4.345e+13 1=2.317e+09 2=4.897e+08 4=4.698e+08 10=4.698e+08
95/1530 simple caso04a SA-Mat unscaled=4.345e+13 1=2.317e+09 2=4.897e+08 4=4.698e+08 10=4.698e+08
96/1530 simple caso04b Base unscaled=1.531e+19 1=1.439e+11 2=2.311e+09 4=2.576e+09 10=2.576e+09
97/1530 simple caso04b Flat-GM unscaled=6.823e+13 1=3.932e+09 2=8.546e+08 4=8.230e+08 10=8.230e+08
98/1530 simple caso04b Flat-L2 unscaled=6.311e+19 1=4.379e+10 2=5.175e+08 4=5.094e+08 10=5.094e+08
99/1530 simple caso04b Role-Hybrid unscaled=6.823e+13 1=3.932e+09 2=8.546e+08 4=8.230e+08 10=8.230e+08
100/1530 simple caso04b SA-Mat unscaled=6.823e+13 1=3.932e+09 2=8.546e+08 4=8.230e+08 10=8.230e+08
101/1530 simple caso04c Base unscaled=2.664e+19 1=5.913e+10 2=8.916e+08 4=8.590e+08 10=8.590e+08
102/1530 simple caso04c Flat-GM unscaled=2.911e+13 1=1.337e+09 2=2.796e+08 4=2.695e+08 10=2.695e+08
103/1530 simple caso04c Flat-L2 unscaled=4.339e+19 1=5.124e+10 2=2.316e+08 4=2.267e+08 10=2.267e+08
104/1530 simple caso04c Role-Hybrid unscaled=2.911e+13 1=1.337e+09 2=2.796e+08 4=2.695e+08 10=2.695e+08
105/1530 simple caso04c SA-Mat unscaled=2.911e+13 1=1.337e+09 2=2.796e+08 4=2.695e+08 10=2.695e+08
106/1530 simple caso04d Base unscaled=9.714e+18 1=4.532e+09 2=2.443e+07 4=2.416e+07 10=2.416e+07
107/1530 simple caso04d Flat-GM unscaled=6.148e+11 1=3.858e+07 2=1.641e+06 4=1.277e+06 10=1.277e+06
108/1530 simple caso04d Flat-L2 unscaled=1.335e+19 1=6.345e+09 2=5.377e+07 4=3.957e+07 10=3.957e+07
109/1530 simple caso04d Role-Hybrid unscaled=6.148e+11 1=3.858e+07 2=1.641e+06 4=1.277e+06 10=1.277e+06
110/1530 simple caso04d SA-Mat unscaled=6.148e+11 1=3.858e+07 2=1.641e+06 4=1.277e+06 10=1.277e+06
111/1530 simple caso04e Base unscaled=6.476e+18 1=3.021e+09 2=3.903e+07 4=3.993e+07 10=3.993e+07
112/1530 simple caso04e Flat-GM unscaled=2.128e+12 1=3.613e+08 2=2.282e+07 4=1.833e+07 10=1.833e+07
113/1530 simple caso04e Flat-L2 unscaled=1.255e+19 1=5.842e+09 2=8.030e+06 4=5.537e+06 10=5.537e+06
114/1530 simple caso04e Role-Hybrid unscaled=2.128e+12 1=3.613e+08 2=2.282e+07 4=1.833e+07 10=1.833e+07
115/1530 simple caso04e SA-Mat unscaled=2.128e+12 1=3.613e+08 2=2.282e+07 4=1.833e+07 10=1.833e+07
116/1530 simple caso04f Base unscaled=9.714e+18 1=4.532e+09 2=2.503e+07 4=2.476e+07 10=2.476e+07
117/1530 simple caso04f Flat-GM unscaled=4.787e+11 1=6.420e+07 2=3.722e+06 4=2.969e+06 10=2.969e+06
118/1530 simple caso04f Flat-L2 unscaled=1.313e+19 1=6.432e+09 2=5.451e+07 4=4.010e+07 10=4.010e+07
119/1530 simple caso04f Role-Hybrid unscaled=4.787e+11 1=6.420e+07 2=3.722e+06 4=2.969e+06 10=2.969e+06
120/1530 simple caso04f SA-Mat unscaled=4.787e+11 1=6.420e+07 2=3.722e+06 4=2.969e+06 10=2.969e+06
121/1530 simple caso05a Base unscaled=2.087e+19 1=8.645e+10 2=1.250e+09 4=1.377e+09 10=1.377e+09
122/1530 simple caso05a Flat-GM unscaled=4.115e+13 1=2.134e+09 2=4.302e+08 4=4.090e+08 10=4.090e+08
123/1530 simple caso05a Flat-L2 unscaled=4.245e+19 1=6.560e+10 2=3.510e+08 4=3.444e+08 10=3.444e+08
124/1530 simple caso05a Role-Hybrid unscaled=4.115e+13 1=2.134e+09 2=4.302e+08 4=4.090e+08 10=4.090e+08
125/1530 simple caso05a SA-Mat unscaled=4.115e+13 1=2.134e+09 2=4.302e+08 4=4.090e+08 10=4.090e+08
126/1530 simple caso05b Base unscaled=1.509e+19 1=5.195e+10 2=7.337e+08 4=8.040e+08 10=8.040e+08
127/1530 simple caso05b Flat-GM unscaled=2.692e+13 1=1.318e+09 2=2.564e+08 4=2.425e+08 10=2.425e+08
128/1530 simple caso05b Flat-L2 unscaled=3.071e+19 1=3.162e+10 2=1.806e+08 4=1.765e+08 10=1.765e+08
129/1530 simple caso05b Role-Hybrid unscaled=2.692e+13 1=1.318e+09 2=2.564e+08 4=2.425e+08 10=2.425e+08
130/1530 simple caso05b SA-Mat unscaled=2.692e+13 1=1.318e+09 2=2.564e+08 4=2.425e+08 10=2.425e+08
131/1530 simple caso05c Base unscaled=2.091e+19 1=9.121e+10 2=1.345e+09 4=1.486e+09 10=1.486e+09
132/1530 simple caso05c Flat-GM unscaled=4.152e+13 1=2.114e+09 2=4.211e+08 4=3.998e+08 10=3.998e+08
133/1530 simple caso05c Flat-L2 unscaled=4.256e+19 1=7.690e+10 2=4.559e+08 4=4.493e+08 10=4.493e+08
134/1530 simple caso05c Role-Hybrid unscaled=4.152e+13 1=2.114e+09 2=4.211e+08 4=3.998e+08 10=3.998e+08
135/1530 simple caso05c SA-Mat unscaled=4.152e+13 1=2.114e+09 2=4.211e+08 4=3.998e+08 10=3.998e+08
136/1530 simple caso05d Base unscaled=9.972e+18 1=4.653e+09 2=5.986e+07 4=5.939e+07 10=5.939e+07
137/1530 simple caso05d Flat-GM unscaled=1.129e+12 1=1.973e+08 2=1.227e+07 4=9.850e+06 10=9.850e+06
138/1530 simple caso05d Flat-L2 unscaled=1.369e+19 1=8.615e+09 2=7.666e+07 4=5.627e+07 10=5.627e+07
139/1530 simple caso05d Role-Hybrid unscaled=1.129e+12 1=1.973e+08 2=1.227e+07 4=9.850e+06 10=9.850e+06
140/1530 simple caso05d SA-Mat unscaled=1.129e+12 1=1.973e+08 2=1.227e+07 4=9.850e+06 10=9.850e+06
141/1530 simple caso05e Base unscaled=9.972e+18 1=1.064e+10 2=1.154e+08 4=1.243e+08 10=1.243e+08
142/1530 simple caso05e Flat-GM unscaled=4.994e+12 1=3.741e+08 2=4.298e+07 4=3.969e+07 10=3.969e+07
143/1530 simple caso05e Flat-L2 unscaled=1.369e+19 1=6.377e+09 2=2.464e+07 4=2.348e+07 10=2.348e+07
144/1530 simple caso05e Role-Hybrid unscaled=4.994e+12 1=3.741e+08 2=4.298e+07 4=3.969e+07 10=3.969e+07
145/1530 simple caso05e SA-Mat unscaled=4.994e+12 1=3.741e+08 2=4.298e+07 4=3.969e+07 10=3.969e+07
146/1530 simple caso05f Base unscaled=9.972e+18 1=2.028e+12 2=1.030e+11 4=1.017e+11 10=1.017e+11
147/1530 simple caso05f Flat-GM unscaled=1.677e+16 1=1.250e+12 2=1.479e+11 4=1.447e+11 10=1.447e+11
148/1530 simple caso05f Flat-L2 unscaled=2.730e+21 1=7.186e+13 2=1.310e+12 4=1.621e+12 10=1.621e+12
149/1530 simple caso05f Role-Hybrid unscaled=1.677e+16 1=1.250e+12 2=1.479e+11 4=1.447e+11 10=1.447e+11
150/1530 simple caso05f SA-Mat unscaled=1.677e+16 1=1.250e+12 2=1.479e+11 4=1.447e+11 10=1.447e+11
151/1530 simple caso09a Base unscaled=2.067e+19 1=2.364e+10 2=2.513e+08 4=2.635e+08 10=2.635e+08
152/1530 simple caso09a Flat-GM unscaled=1.392e+13 1=5.718e+08 2=9.190e+07 4=8.440e+07 10=8.440e+07
153/1530 simple caso09a Flat-L2 unscaled=2.067e+19 1=9.933e+09 2=4.919e+07 4=4.617e+07 10=4.617e+07
154/1530 simple caso09a Role-Hybrid unscaled=1.392e+13 1=5.718e+08 2=9.190e+07 4=8.440e+07 10=8.440e+07
155/1530 simple caso09a SA-Mat unscaled=1.392e+13 1=5.718e+08 2=9.190e+07 4=8.440e+07 10=8.440e+07
156/1530 simple caso09b Base unscaled=2.360e+19 1=6.476e+10 2=6.345e+08 4=6.236e+08 10=6.236e+08
157/1530 simple caso09b Flat-GM unscaled=6.139e+13 1=2.037e+09 2=2.574e+08 4=2.261e+08 10=2.261e+08
158/1530 simple caso09b Flat-L2 unscaled=2.360e+19 1=1.726e+10 2=4.835e+07 4=3.939e+07 10=3.939e+07
159/1530 simple caso09b Role-Hybrid unscaled=6.139e+13 1=2.037e+09 2=2.574e+08 4=2.261e+08 10=2.261e+08
160/1530 simple caso09b SA-Mat unscaled=6.139e+13 1=2.037e+09 2=2.574e+08 4=2.261e+08 10=2.261e+08
161/1530 simple caso09c Base unscaled=2.067e+19 1=2.338e+10 2=2.456e+08 4=2.570e+08 10=2.570e+08
162/1530 simple caso09c Flat-GM unscaled=1.392e+13 1=5.766e+08 2=9.330e+07 4=8.588e+07 10=8.588e+07
163/1530 simple caso09c Flat-L2 unscaled=2.067e+19 1=9.936e+09 2=4.722e+07 4=4.402e+07 10=4.402e+07
164/1530 simple caso09c Role-Hybrid unscaled=1.392e+13 1=5.766e+08 2=9.330e+07 4=8.588e+07 10=8.588e+07
165/1530 simple caso09c SA-Mat unscaled=1.392e+13 1=5.766e+08 2=9.330e+07 4=8.588e+07 10=8.588e+07
166/1530 simple caso09d Base unscaled=9.960e+18 1=8.213e+09 2=1.455e+08 4=1.645e+08 10=1.645e+08
167/1530 simple caso09d Flat-GM unscaled=1.741e+12 1=1.367e+08 2=3.126e+07 4=3.032e+07 10=3.032e+07
168/1530 simple caso09d Flat-L2 unscaled=2.354e+19 1=1.099e+10 2=9.239e+07 4=9.221e+07 10=9.221e+07
169/1530 simple caso09d Role-Hybrid unscaled=1.741e+12 1=1.367e+08 2=3.126e+07 4=3.032e+07 10=3.032e+07
170/1530 simple caso09d SA-Mat unscaled=1.741e+12 1=1.367e+08 2=3.126e+07 4=3.032e+07 10=3.032e+07
171/1530 simple caso09e Base unscaled=1.411e+19 1=1.348e+11 2=2.266e+09 4=2.526e+09 10=2.526e+09
172/1530 simple caso09e Flat-GM unscaled=5.452e+13 1=3.525e+09 2=7.658e+08 4=7.382e+08 10=7.382e+08
173/1530 simple caso09e Flat-L2 unscaled=1.346e+19 1=4.882e+10 2=6.285e+08 4=6.231e+08 10=6.231e+08
174/1530 simple caso09e Role-Hybrid unscaled=5.452e+13 1=3.525e+09 2=7.658e+08 4=7.382e+08 10=7.382e+08
175/1530 simple caso09e SA-Mat unscaled=5.452e+13 1=3.525e+09 2=7.658e+08 4=7.382e+08 10=7.382e+08
176/1530 simple caso09f Base unscaled=9.960e+18 1=7.767e+09 2=1.541e+08 4=1.533e+08 10=1.533e+08
177/1530 simple caso09f Flat-GM unscaled=1.741e+12 1=1.333e+08 2=3.019e+07 4=2.925e+07 10=2.925e+07
178/1530 simple caso09f Flat-L2 unscaled=1.487e+19 1=6.923e+09 2=8.851e+07 4=8.833e+07 10=8.833e+07
179/1530 simple caso09f Role-Hybrid unscaled=1.741e+12 1=1.333e+08 2=3.019e+07 4=2.925e+07 10=2.925e+07
180/1530 simple caso09f SA-Mat unscaled=1.741e+12 1=1.333e+08 2=3.019e+07 4=2.925e+07 10=2.925e+07
181/1530 simple caso10a Base unscaled=1.104e+19 1=1.147e+10 2=1.759e+08 4=1.640e+08 10=1.640e+08
182/1530 simple caso10a Flat-GM unscaled=7.637e+12 1=2.292e+08 2=3.255e+07 4=2.882e+07 10=2.882e+07
183/1530 simple caso10a Flat-L2 unscaled=7.709e+18 1=6.808e+09 2=7.300e+07 4=7.424e+07 10=7.424e+07
184/1530 simple caso10a Role-Hybrid unscaled=7.637e+12 1=2.292e+08 2=3.255e+07 4=2.882e+07 10=2.882e+07
185/1530 simple caso10a SA-Mat unscaled=7.637e+12 1=2.292e+08 2=3.255e+07 4=2.882e+07 10=2.882e+07
186/1530 simple caso10b Base unscaled=1.255e+19 1=8.960e+10 2=1.934e+09 4=1.830e+09 10=1.830e+09
187/1530 simple caso10b Flat-GM unscaled=5.852e+13 1=2.418e+09 2=3.689e+08 4=3.326e+08 10=3.326e+08
188/1530 simple caso10b Flat-L2 unscaled=1.310e+19 1=4.621e+10 2=8.238e+08 4=8.122e+08 10=8.122e+08
189/1530 simple caso10b Role-Hybrid unscaled=5.852e+13 1=2.418e+09 2=3.689e+08 4=3.326e+08 10=3.326e+08
190/1530 simple caso10b SA-Mat unscaled=5.852e+13 1=2.418e+09 2=3.689e+08 4=3.326e+08 10=3.326e+08
191/1530 simple caso10c Base unscaled=2.160e+19 1=7.189e+10 2=1.255e+09 4=1.145e+09 10=1.145e+09
192/1530 simple caso10c Flat-GM unscaled=5.624e+13 1=2.016e+09 2=2.536e+08 4=2.185e+08 10=2.185e+08
193/1530 simple caso10c Flat-L2 unscaled=1.533e+19 1=2.884e+10 2=4.623e+08 4=4.666e+08 10=4.666e+08
194/1530 simple caso10c Role-Hybrid unscaled=5.624e+13 1=2.016e+09 2=2.536e+08 4=2.185e+08 10=2.185e+08
195/1530 simple caso10c SA-Mat unscaled=5.624e+13 1=2.016e+09 2=2.536e+08 4=2.185e+08 10=2.185e+08
196/1530 simple caso10d Base unscaled=5.702e+18 1=1.737e+10 2=4.943e+08 4=4.902e+08 10=4.902e+08
197/1530 simple caso10d Flat-GM unscaled=1.631e+12 1=3.207e+08 2=8.078e+07 4=7.948e+07 10=7.948e+07
198/1530 simple caso10d Flat-L2 unscaled=7.709e+18 1=9.127e+09 2=2.013e+08 4=2.077e+08 10=2.077e+08
199/1530 simple caso10d Role-Hybrid unscaled=1.631e+12 1=3.207e+08 2=8.078e+07 4=7.948e+07 10=7.948e+07
200/1530 simple caso10d SA-Mat unscaled=1.631e+12 1=3.207e+08 2=8.078e+07 4=7.948e+07 10=7.948e+07
201/1530 simple caso10e Base unscaled=5.702e+18 1=6.491e+10 2=1.518e+09 4=1.725e+09 10=1.725e+09
202/1530 simple caso10e Flat-GM unscaled=1.142e+14 1=7.321e+09 2=7.858e+08 4=7.518e+08 10=7.518e+08
203/1530 simple caso10e Flat-L2 unscaled=1.527e+19 1=1.568e+11 2=3.101e+09 4=3.083e+09 10=3.083e+09
204/1530 simple caso10e Role-Hybrid unscaled=1.142e+14 1=7.321e+09 2=7.858e+08 4=7.518e+08 10=7.518e+08
205/1530 simple caso10e SA-Mat unscaled=1.142e+14 1=7.321e+09 2=7.858e+08 4=7.518e+08 10=7.518e+08
206/1530 simple caso10f Base unscaled=5.702e+18 1=1.401e+10 2=3.984e+08 4=3.953e+08 10=3.953e+08
207/1530 simple caso10f Flat-GM unscaled=1.318e+12 1=2.593e+08 2=6.530e+07 4=6.426e+07 10=6.426e+07
208/1530 simple caso10f Flat-L2 unscaled=7.709e+18 1=7.003e+09 2=1.551e+08 4=1.737e+08 10=1.737e+08
209/1530 simple caso10f Role-Hybrid unscaled=1.318e+12 1=2.593e+08 2=6.530e+07 4=6.426e+07 10=6.426e+07
210/1530 simple caso10f SA-Mat unscaled=1.318e+12 1=2.593e+08 2=6.530e+07 4=6.426e+07 10=6.426e+07
211/1530 simple caso11a Base unscaled=1.506e+19 1=3.034e+10 2=2.043e+08 4=1.950e+08 10=1.950e+08
212/1530 simple caso11a Flat-GM unscaled=2.090e+13 1=7.198e+08 2=8.170e+07 4=6.978e+07 10=6.978e+07
213/1530 simple caso11a Flat-L2 unscaled=1.506e+19 1=1.086e+10 2=3.999e+07 4=3.923e+07 10=3.923e+07
214/1530 simple caso11a Role-Hybrid unscaled=2.090e+13 1=7.198e+08 2=8.170e+07 4=6.978e+07 10=6.978e+07
215/1530 simple caso11a SA-Mat unscaled=2.090e+13 1=7.198e+08 2=8.170e+07 4=6.978e+07 10=6.978e+07
216/1530 simple caso11b Base unscaled=1.303e+19 1=1.466e+11 2=2.094e+09 4=2.329e+09 10=2.329e+09
217/1530 simple caso11b Flat-GM unscaled=5.483e+13 1=3.071e+09 2=5.757e+08 4=5.468e+08 10=5.468e+08
218/1530 simple caso11b Flat-L2 unscaled=1.128e+19 1=6.494e+10 2=8.150e+08 4=7.876e+08 10=7.876e+08
219/1530 simple caso11b Role-Hybrid unscaled=5.483e+13 1=3.071e+09 2=5.757e+08 4=5.468e+08 10=5.468e+08
220/1530 simple caso11b SA-Mat unscaled=5.483e+13 1=3.071e+09 2=5.757e+08 4=5.468e+08 10=5.468e+08
221/1530 simple caso11c Base unscaled=1.515e+19 1=8.108e+10 2=1.296e+09 4=1.267e+09 10=1.267e+09
222/1530 simple caso11c Flat-GM unscaled=2.590e+13 1=1.892e+09 2=4.035e+08 4=3.917e+08 10=3.917e+08
223/1530 simple caso11c Flat-L2 unscaled=1.515e+19 1=3.078e+10 2=3.060e+08 4=3.117e+08 10=3.117e+08
224/1530 simple caso11c Role-Hybrid unscaled=2.590e+13 1=1.892e+09 2=4.035e+08 4=3.917e+08 10=3.917e+08
225/1530 simple caso11c SA-Mat unscaled=2.590e+13 1=1.892e+09 2=4.035e+08 4=3.917e+08 10=3.917e+08
226/1530 simple caso11d Base unscaled=8.343e+18 1=4.776e+09 2=6.014e+07 4=5.955e+07 10=5.955e+07
227/1530 simple caso11d Flat-GM unscaled=8.138e+11 1=1.534e+08 2=1.125e+07 4=1.105e+07 10=1.105e+07
228/1530 simple caso11d Flat-L2 unscaled=1.428e+19 1=8.173e+09 2=7.549e+07 4=7.798e+07 10=7.798e+07
229/1530 simple caso11d Role-Hybrid unscaled=8.138e+11 1=1.534e+08 2=1.125e+07 4=1.105e+07 10=1.105e+07
230/1530 simple caso11d SA-Mat unscaled=8.138e+11 1=1.534e+08 2=1.125e+07 4=1.105e+07 10=1.105e+07
231/1530 simple caso11e Base unscaled=8.343e+18 1=1.697e+10 2=1.893e+08 4=2.074e+08 10=2.074e+08
232/1530 simple caso11e Flat-GM unscaled=6.480e+12 1=4.282e+08 2=8.817e+07 4=8.445e+07 10=8.445e+07
233/1530 simple caso11e Flat-L2 unscaled=1.128e+19 1=1.146e+10 2=1.071e+08 4=1.050e+08 10=1.050e+08
234/1530 simple caso11e Role-Hybrid unscaled=6.480e+12 1=4.282e+08 2=8.817e+07 4=8.445e+07 10=8.445e+07
235/1530 simple caso11e SA-Mat unscaled=6.480e+12 1=4.282e+08 2=8.817e+07 4=8.445e+07 10=8.445e+07
236/1530 simple caso11f Base unscaled=8.343e+18 1=4.776e+09 2=1.064e+08 4=1.048e+08 10=1.048e+08
237/1530 simple caso11f Flat-GM unscaled=9.607e+11 1=8.726e+07 2=1.328e+07 4=1.284e+07 10=1.284e+07
238/1530 simple caso11f Flat-L2 unscaled=1.145e+19 1=9.801e+09 2=1.283e+08 4=1.588e+08 10=1.588e+08
239/1530 simple caso11f Role-Hybrid unscaled=9.607e+11 1=8.726e+07 2=1.328e+07 4=1.284e+07 10=1.284e+07
240/1530 simple caso11f SA-Mat unscaled=9.607e+11 1=8.726e+07 2=1.328e+07 4=1.284e+07 10=1.284e+07
241/1530 simple caso12a Base unscaled=2.045e+18 1=6.298e+10 2=9.953e+08 4=1.129e+09 10=1.129e+09
242/1530 simple caso12a Flat-GM unscaled=3.810e+13 1=2.499e+09 2=2.421e+08 4=2.611e+08 10=2.611e+08
243/1530 simple caso12a Flat-L2 unscaled=2.035e+16 1=1.481e+09 2=5.443e+07 4=4.917e+07 10=4.917e+07
244/1530 simple caso12a Role-Hybrid unscaled=3.810e+13 1=2.499e+09 2=2.421e+08 4=2.611e+08 10=2.611e+08
245/1530 simple caso12a SA-Mat unscaled=3.810e+13 1=2.499e+09 2=2.421e+08 4=2.611e+08 10=2.611e+08
246/1530 simple caso12b Base unscaled=1.619e+19 1=7.616e+11 2=7.799e+08 4=4.949e+08 10=4.949e+08
247/1530 simple caso12b Flat-GM unscaled=1.395e+14 1=9.122e+09 2=4.409e+08 4=1.972e+08 10=1.972e+08
248/1530 simple caso12b Flat-L2 unscaled=4.892e+16 1=6.185e+09 2=2.238e+08 4=2.015e+08 10=2.015e+08
249/1530 simple caso12b Role-Hybrid unscaled=1.395e+14 1=9.122e+09 2=4.409e+08 4=1.972e+08 10=1.972e+08
250/1530 simple caso12b SA-Mat unscaled=1.395e+14 1=9.122e+09 2=4.409e+08 4=1.972e+08 10=1.972e+08
251/1530 simple caso12c Base unscaled=1.872e+18 1=7.278e+10 2=1.193e+09 4=1.361e+09 10=1.361e+09
252/1530 simple caso12c Flat-GM unscaled=2.635e+13 1=1.727e+09 2=2.001e+08 4=2.191e+08 10=2.191e+08
253/1530 simple caso12c Flat-L2 unscaled=1.841e+16 1=1.591e+09 2=6.063e+07 4=5.555e+07 10=5.555e+07
254/1530 simple caso12c Role-Hybrid unscaled=2.635e+13 1=1.727e+09 2=2.001e+08 4=2.191e+08 10=2.191e+08
255/1530 simple caso12c SA-Mat unscaled=2.635e+13 1=1.727e+09 2=2.001e+08 4=2.191e+08 10=2.191e+08
256/1530 simple caso12d Base unscaled=6.650e+17 1=9.649e+09 2=1.984e+08 4=1.977e+08 10=1.977e+08
257/1530 simple caso12d Flat-GM unscaled=1.248e+12 1=1.354e+08 2=1.079e+07 4=1.047e+07 10=1.047e+07
258/1530 simple caso12d Flat-L2 unscaled=1.054e+15 1=1.106e+08 2=4.481e+06 4=4.234e+06 10=4.234e+06
259/1530 simple caso12d Role-Hybrid unscaled=1.248e+12 1=1.354e+08 2=1.079e+07 4=1.047e+07 10=1.047e+07
260/1530 simple caso12d SA-Mat unscaled=1.248e+12 1=1.354e+08 2=1.079e+07 4=1.047e+07 10=1.047e+07
261/1530 simple caso12e Base unscaled=6.650e+17 1=7.680e+09 2=1.935e+08 4=1.923e+08 10=1.923e+08
262/1530 simple caso12e Flat-GM unscaled=1.242e+12 1=1.354e+08 2=1.073e+07 4=1.041e+07 10=1.041e+07
263/1530 simple caso12e Flat-L2 unscaled=1.050e+15 1=1.107e+08 2=4.484e+06 4=4.236e+06 10=4.236e+06
264/1530 simple caso12e Role-Hybrid unscaled=1.242e+12 1=1.354e+08 2=1.073e+07 4=1.041e+07 10=1.041e+07
265/1530 simple caso12e SA-Mat unscaled=1.242e+12 1=1.354e+08 2=1.073e+07 4=1.041e+07 10=1.041e+07
266/1530 simple caso12f Base unscaled=6.650e+17 1=7.720e+09 2=1.985e+08 4=1.977e+08 10=1.977e+08
267/1530 simple caso12f Flat-GM unscaled=1.242e+12 1=1.359e+08 2=1.076e+07 4=1.044e+07 10=1.044e+07
268/1530 simple caso12f Flat-L2 unscaled=1.050e+15 1=1.110e+08 2=4.502e+06 4=4.253e+06 10=4.253e+06
269/1530 simple caso12f Role-Hybrid unscaled=1.242e+12 1=1.359e+08 2=1.076e+07 4=1.044e+07 10=1.044e+07
270/1530 simple caso12f SA-Mat unscaled=1.242e+12 1=1.359e+08 2=1.076e+07 4=1.044e+07 10=1.044e+07
271/1530 simple caso14a Base unscaled=1.364e+18 1=4.261e+09 2=8.551e+07 4=8.551e+07 10=8.551e+07
272/1530 simple caso14a Flat-GM unscaled=5.515e+11 1=1.575e+08 2=9.903e+06 4=7.953e+06 10=7.953e+06
273/1530 simple caso14a Flat-L2 unscaled=4.444e+14 1=1.228e+08 2=5.778e+06 4=5.639e+06 10=5.639e+06
274/1530 simple caso14a Role-Hybrid unscaled=5.515e+11 1=1.575e+08 2=9.903e+06 4=7.953e+06 10=7.953e+06
275/1530 simple caso14a SA-Mat unscaled=5.515e+11 1=1.575e+08 2=9.903e+06 4=7.953e+06 10=7.953e+06
276/1530 simple caso14b Base unscaled=1.364e+18 1=8.491e+09 2=2.242e+08 4=2.219e+08 10=2.219e+08
277/1530 simple caso14b Flat-GM unscaled=2.051e+13 1=3.217e+09 2=1.646e+08 4=7.842e+07 10=7.842e+07
278/1530 simple caso14b Flat-L2 unscaled=1.651e+16 1=2.515e+09 2=1.023e+08 4=9.615e+07 10=9.615e+07
279/1530 simple caso14b Role-Hybrid unscaled=2.051e+13 1=3.217e+09 2=1.646e+08 4=7.842e+07 10=7.842e+07
280/1530 simple caso14b SA-Mat unscaled=2.051e+13 1=3.217e+09 2=1.646e+08 4=7.842e+07 10=7.842e+07
281/1530 simple caso14c Base unscaled=1.364e+18 1=4.428e+09 2=8.551e+07 4=8.551e+07 10=8.551e+07
282/1530 simple caso14c Flat-GM unscaled=5.614e+11 1=1.593e+08 2=1.000e+07 4=8.030e+06 10=8.030e+06
283/1530 simple caso14c Flat-L2 unscaled=4.524e+14 1=1.242e+08 2=5.836e+06 4=5.695e+06 10=5.695e+06
284/1530 simple caso14c Role-Hybrid unscaled=5.614e+11 1=1.593e+08 2=1.000e+07 4=8.030e+06 10=8.030e+06
285/1530 simple caso14c SA-Mat unscaled=5.614e+11 1=1.593e+08 2=1.000e+07 4=8.030e+06 10=8.030e+06
286/1530 simple caso14d Base unscaled=1.088e+18 1=7.247e+09 2=1.899e+08 4=1.899e+08 10=1.899e+08
287/1530 simple caso14d Flat-GM unscaled=9.259e+11 1=2.484e+08 2=1.543e+07 4=1.235e+07 10=1.235e+07
288/1530 simple caso14d Flat-L2 unscaled=7.461e+14 1=1.936e+08 2=9.037e+06 4=8.818e+06 10=8.818e+06
289/1530 simple caso14d Role-Hybrid unscaled=9.259e+11 1=2.484e+08 2=1.543e+07 4=1.235e+07 10=1.235e+07
290/1530 simple caso14d SA-Mat unscaled=9.259e+11 1=2.484e+08 2=1.543e+07 4=1.235e+07 10=1.235e+07
291/1530 simple caso14e Base unscaled=1.089e+18 1=7.276e+09 2=1.906e+08 4=1.905e+08 10=1.905e+08
292/1530 simple caso14e Flat-GM unscaled=9.315e+11 1=2.488e+08 2=1.544e+07 4=1.235e+07 10=1.235e+07
293/1530 simple caso14e Flat-L2 unscaled=7.505e+14 1=1.938e+08 2=9.050e+06 4=8.837e+06 10=8.837e+06
294/1530 simple caso14e Role-Hybrid unscaled=9.315e+11 1=2.488e+08 2=1.544e+07 4=1.235e+07 10=1.235e+07
295/1530 simple caso14e SA-Mat unscaled=9.315e+11 1=2.488e+08 2=1.544e+07 4=1.235e+07 10=1.235e+07
296/1530 simple caso14f Base unscaled=1.407e+18 1=7.338e+09 2=1.923e+08 4=1.923e+08 10=1.923e+08
297/1530 simple caso14f Flat-GM unscaled=9.315e+11 1=2.488e+08 2=1.544e+07 4=1.235e+07 10=1.235e+07
298/1530 simple caso14f Flat-L2 unscaled=7.505e+14 1=1.938e+08 2=9.050e+06 4=8.837e+06 10=8.837e+06
299/1530 simple caso14f Role-Hybrid unscaled=9.315e+11 1=2.488e+08 2=1.544e+07 4=1.235e+07 10=1.235e+07
300/1530 simple caso14f SA-Mat unscaled=9.315e+11 1=2.488e+08 2=1.544e+07 4=1.235e+07 10=1.235e+07
301/1530 simple caso19a Base unscaled=6.603e+18 1=1.113e+10 2=1.515e+08 4=1.581e+08 10=1.581e+08
302/1530 simple caso19a Flat-GM unscaled=8.578e+12 1=3.534e+08 2=5.588e+07 4=5.838e+07 10=5.838e+07
303/1530 simple caso19a Flat-L2 unscaled=8.931e+18 1=4.159e+09 2=7.797e+06 4=6.232e+06 10=6.232e+06
304/1530 simple caso19a Role-Hybrid unscaled=8.578e+12 1=3.534e+08 2=5.588e+07 4=5.838e+07 10=5.838e+07
305/1530 simple caso19a SA-Mat unscaled=8.578e+12 1=3.534e+08 2=5.588e+07 4=5.838e+07 10=5.838e+07
306/1530 simple caso19b Base unscaled=1.064e+19 1=2.994e+10 2=4.047e+08 4=4.261e+08 10=4.261e+08
307/1530 simple caso19b Flat-GM unscaled=2.332e+13 1=1.008e+09 2=1.736e+08 4=1.845e+08 10=1.845e+08
308/1530 simple caso19b Flat-L2 unscaled=8.931e+18 1=6.904e+09 2=2.262e+07 4=1.836e+07 10=1.836e+07
309/1530 simple caso19b Role-Hybrid unscaled=2.332e+13 1=1.008e+09 2=1.736e+08 4=1.845e+08 10=1.845e+08
310/1530 simple caso19b SA-Mat unscaled=2.332e+13 1=1.008e+09 2=1.736e+08 4=1.845e+08 10=1.845e+08
311/1530 simple caso19c Base unscaled=6.603e+18 1=1.103e+10 2=1.491e+08 4=1.553e+08 10=1.553e+08
312/1530 simple caso19c Flat-GM unscaled=8.578e+12 1=3.535e+08 2=5.589e+07 4=5.840e+07 10=5.840e+07
313/1530 simple caso19c Flat-L2 unscaled=8.931e+18 1=4.159e+09 2=7.811e+06 4=6.256e+06 10=6.256e+06
314/1530 simple caso19c Role-Hybrid unscaled=8.578e+12 1=3.535e+08 2=5.589e+07 4=5.840e+07 10=5.840e+07
315/1530 simple caso19c SA-Mat unscaled=8.578e+12 1=3.535e+08 2=5.589e+07 4=5.840e+07 10=5.840e+07
316/1530 simple caso19d Base unscaled=6.603e+18 1=1.173e+10 2=3.302e+08 4=3.275e+08 10=3.275e+08
317/1530 simple caso19d Flat-GM unscaled=1.774e+12 1=1.687e+08 2=3.742e+07 4=4.211e+07 10=4.211e+07
318/1530 simple caso19d Flat-L2 unscaled=8.931e+18 1=7.290e+09 2=1.591e+08 4=1.970e+08 10=1.970e+08
319/1530 simple caso19d Role-Hybrid unscaled=1.774e+12 1=1.687e+08 2=3.742e+07 4=4.211e+07 10=4.211e+07
320/1530 simple caso19d SA-Mat unscaled=1.774e+12 1=1.687e+08 2=3.742e+07 4=4.211e+07 10=4.211e+07
321/1530 simple caso19e Base unscaled=6.603e+18 1=5.121e+09 2=1.148e+08 4=1.191e+08 10=1.191e+08
322/1530 simple caso19e Flat-GM unscaled=1.617e+12 1=2.943e+08 2=2.094e+07 4=2.043e+07 10=2.043e+07
323/1530 simple caso19e Flat-L2 unscaled=8.931e+18 1=5.578e+09 2=8.441e+07 4=8.423e+07 10=8.423e+07
324/1530 simple caso19e Role-Hybrid unscaled=1.617e+12 1=2.943e+08 2=2.094e+07 4=2.043e+07 10=2.043e+07
325/1530 simple caso19e SA-Mat unscaled=1.617e+12 1=2.943e+08 2=2.094e+07 4=2.043e+07 10=2.043e+07
326/1530 simple caso19f Base unscaled=6.603e+18 1=2.217e+10 2=6.750e+08 4=6.686e+08 10=6.686e+08
327/1530 simple caso19f Flat-GM unscaled=4.216e+12 1=3.426e+08 2=8.319e+07 4=9.349e+07 10=9.349e+07
328/1530 simple caso19f Flat-L2 unscaled=9.982e+18 1=1.099e+10 2=2.378e+08 4=2.943e+08 10=2.943e+08
329/1530 simple caso19f Role-Hybrid unscaled=4.216e+12 1=3.426e+08 2=8.319e+07 4=9.349e+07 10=9.349e+07
330/1530 simple caso19f SA-Mat unscaled=4.216e+12 1=3.426e+08 2=8.319e+07 4=9.349e+07 10=9.349e+07
331/1530 simple caso20a Base unscaled=9.484e+18 1=7.298e+10 2=6.432e+08 4=6.618e+08 10=6.618e+08
332/1530 simple caso20a Flat-GM unscaled=2.407e+13 1=1.979e+09 2=1.325e+08 4=1.332e+08 10=1.332e+08
333/1530 simple caso20a Flat-L2 unscaled=2.194e+19 1=2.760e+10 2=6.464e+07 4=5.674e+07 10=5.674e+07
334/1530 simple caso20a Role-Hybrid unscaled=2.407e+13 1=1.979e+09 2=1.325e+08 4=1.332e+08 10=1.332e+08
335/1530 simple caso20a SA-Mat unscaled=2.407e+13 1=1.979e+09 2=1.325e+08 4=1.332e+08 10=1.332e+08
336/1530 simple caso20b Base unscaled=1.329e+19 1=6.362e+10 2=6.180e+08 4=6.530e+08 10=6.530e+08
337/1530 simple caso20b Flat-GM unscaled=3.700e+13 1=1.532e+09 2=2.060e+08 4=2.072e+08 10=2.072e+08
338/1530 simple caso20b Flat-L2 unscaled=2.679e+19 1=2.868e+10 2=2.578e+08 4=2.417e+08 10=2.417e+08
339/1530 simple caso20b Role-Hybrid unscaled=3.700e+13 1=1.532e+09 2=2.060e+08 4=2.072e+08 10=2.072e+08
340/1530 simple caso20b SA-Mat unscaled=3.700e+13 1=1.532e+09 2=2.060e+08 4=2.072e+08 10=2.072e+08
341/1530 simple caso20c Base unscaled=9.484e+18 1=7.202e+10 2=6.265e+08 4=6.424e+08 10=6.424e+08
342/1530 simple caso20c Flat-GM unscaled=2.407e+13 1=1.979e+09 2=1.325e+08 4=1.332e+08 10=1.332e+08
343/1530 simple caso20c Flat-L2 unscaled=2.172e+19 1=2.519e+10 2=4.477e+07 4=3.750e+07 10=3.750e+07
344/1530 simple caso20c Role-Hybrid unscaled=2.407e+13 1=1.979e+09 2=1.325e+08 4=1.332e+08 10=1.332e+08
345/1530 simple caso20c SA-Mat unscaled=2.407e+13 1=1.979e+09 2=1.325e+08 4=1.332e+08 10=1.332e+08
346/1530 simple caso20d Base unscaled=6.783e+18 1=4.368e+09 2=2.974e+07 4=2.830e+07 10=2.830e+07
347/1530 simple caso20d Flat-GM unscaled=5.068e+11 1=5.272e+07 2=4.578e+06 4=4.353e+06 10=4.353e+06
348/1530 simple caso20d Flat-L2 unscaled=1.038e+19 1=6.687e+09 2=1.435e+07 4=1.051e+07 10=1.051e+07
349/1530 simple caso20d Role-Hybrid unscaled=5.068e+11 1=5.272e+07 2=4.578e+06 4=4.353e+06 10=4.353e+06
350/1530 simple caso20d SA-Mat unscaled=5.068e+11 1=5.272e+07 2=4.578e+06 4=4.353e+06 10=4.353e+06
351/1530 simple caso20e Base unscaled=6.783e+18 1=7.527e+10 2=1.145e+09 4=1.319e+09 10=1.319e+09
352/1530 simple caso20e Flat-GM unscaled=1.496e+13 1=1.111e+09 2=2.301e+08 4=2.507e+08 10=2.507e+08
353/1530 simple caso20e Flat-L2 unscaled=9.376e+18 1=5.793e+10 2=8.654e+08 4=8.637e+08 10=8.637e+08
354/1530 simple caso20e Role-Hybrid unscaled=1.496e+13 1=1.111e+09 2=2.301e+08 4=2.507e+08 10=2.507e+08
355/1530 simple caso20e SA-Mat unscaled=1.496e+13 1=1.111e+09 2=2.301e+08 4=2.507e+08 10=2.507e+08
356/1530 simple caso20f Base unscaled=6.783e+18 1=4.369e+09 2=5.403e+07 4=5.236e+07 10=5.236e+07
357/1530 simple caso20f Flat-GM unscaled=5.068e+11 1=7.113e+07 2=5.073e+06 4=4.854e+06 10=4.854e+06
358/1530 simple caso20f Flat-L2 unscaled=9.376e+18 1=6.038e+09 2=2.381e+07 4=2.717e+07 10=2.717e+07
359/1530 simple caso20f Role-Hybrid unscaled=5.068e+11 1=7.113e+07 2=5.073e+06 4=4.854e+06 10=4.854e+06
360/1530 simple caso20f SA-Mat unscaled=5.068e+11 1=7.113e+07 2=5.073e+06 4=4.854e+06 10=4.854e+06
361/1530 simple caso21a Base unscaled=9.553e+18 1=1.890e+10 2=2.703e+08 4=3.069e+08 10=3.069e+08
362/1530 simple caso21a Flat-GM unscaled=6.144e+12 1=2.866e+08 2=5.852e+07 4=6.177e+07 10=6.177e+07
363/1530 simple caso21a Flat-L2 unscaled=2.573e+19 1=1.204e+10 2=1.383e+08 4=1.377e+08 10=1.377e+08
364/1530 simple caso21a Role-Hybrid unscaled=6.144e+12 1=2.866e+08 2=5.852e+07 4=6.177e+07 10=6.177e+07
365/1530 simple caso21a SA-Mat unscaled=6.144e+12 1=2.866e+08 2=5.852e+07 4=6.177e+07 10=6.177e+07
366/1530 simple caso21b Base unscaled=5.912e+18 1=9.084e+10 2=1.454e+09 4=1.644e+09 10=1.644e+09
367/1530 simple caso21b Flat-GM unscaled=1.987e+13 1=1.739e+09 2=1.729e+08 4=1.816e+08 10=1.816e+08
368/1530 simple caso21b Flat-L2 unscaled=2.028e+19 1=6.330e+10 2=4.566e+08 4=4.533e+08 10=4.533e+08
369/1530 simple caso21b Role-Hybrid unscaled=1.987e+13 1=1.739e+09 2=1.729e+08 4=1.816e+08 10=1.816e+08
370/1530 simple caso21b SA-Mat unscaled=1.987e+13 1=1.739e+09 2=1.729e+08 4=1.816e+08 10=1.816e+08
371/1530 simple caso21c Base unscaled=8.868e+18 1=1.740e+10 2=2.399e+08 4=2.710e+08 10=2.710e+08
372/1530 simple caso21c Flat-GM unscaled=6.144e+12 1=2.866e+08 2=5.852e+07 4=6.177e+07 10=6.177e+07
373/1530 simple caso21c Flat-L2 unscaled=1.963e+19 1=9.194e+09 2=1.092e+08 4=1.085e+08 10=1.085e+08
374/1530 simple caso21c Role-Hybrid unscaled=6.144e+12 1=2.866e+08 2=5.852e+07 4=6.177e+07 10=6.177e+07
375/1530 simple caso21c SA-Mat unscaled=6.144e+12 1=2.866e+08 2=5.852e+07 4=6.177e+07 10=6.177e+07
376/1530 simple caso21d Base unscaled=1.641e+19 1=7.653e+09 2=6.386e+07 4=6.231e+07 10=6.231e+07
377/1530 simple caso21d Flat-GM unscaled=5.082e+11 1=1.126e+08 2=8.071e+06 4=7.235e+06 10=7.235e+06
378/1530 simple caso21d Flat-L2 unscaled=1.641e+19 1=7.640e+09 2=2.720e+07 4=3.359e+07 10=3.359e+07
379/1530 simple caso21d Role-Hybrid unscaled=5.082e+11 1=1.126e+08 2=8.071e+06 4=7.235e+06 10=7.235e+06
380/1530 simple caso21d SA-Mat unscaled=5.082e+11 1=1.126e+08 2=8.071e+06 4=7.235e+06 10=7.235e+06
381/1530 simple caso21e Base unscaled=5.912e+18 1=2.765e+10 2=4.635e+08 4=5.315e+08 10=5.315e+08
382/1530 simple caso21e Flat-GM unscaled=8.789e+12 1=4.818e+08 2=1.103e+08 4=1.187e+08 10=1.187e+08
383/1530 simple caso21e Flat-L2 unscaled=1.191e+19 1=3.165e+10 2=2.259e+08 4=2.245e+08 10=2.245e+08
384/1530 simple caso21e Role-Hybrid unscaled=8.789e+12 1=4.818e+08 2=1.103e+08 4=1.187e+08 10=1.187e+08
385/1530 simple caso21e SA-Mat unscaled=8.789e+12 1=4.818e+08 2=1.103e+08 4=1.187e+08 10=1.187e+08
386/1530 simple caso21f Base unscaled=1.641e+19 1=7.653e+09 2=1.095e+08 4=1.065e+08 10=1.065e+08
387/1530 simple caso21f Flat-GM unscaled=8.904e+11 1=9.427e+07 2=1.055e+07 4=1.014e+07 10=1.014e+07
388/1530 simple caso21f Flat-L2 unscaled=1.641e+19 1=7.640e+09 2=4.037e+07 4=4.979e+07 10=4.979e+07
389/1530 simple caso21f Role-Hybrid unscaled=8.904e+11 1=9.427e+07 2=1.055e+07 4=1.014e+07 10=1.014e+07
390/1530 simple caso21f SA-Mat unscaled=8.904e+11 1=9.427e+07 2=1.055e+07 4=1.014e+07 10=1.014e+07
391/1530 simple caso22a Base unscaled=9.401e+18 1=7.251e+09 2=1.995e+08 4=1.975e+08 10=1.975e+08
392/1530 simple caso22a Flat-GM unscaled=7.862e+11 1=9.963e+07 2=1.266e+07 4=1.233e+07 10=1.233e+07
393/1530 simple caso22a Flat-L2 unscaled=1.373e+19 1=6.671e+09 2=9.767e+07 4=1.302e+08 10=1.302e+08
394/1530 simple caso22a Role-Hybrid unscaled=7.862e+11 1=9.963e+07 2=1.266e+07 4=1.233e+07 10=1.233e+07
395/1530 simple caso22a SA-Mat unscaled=7.862e+11 1=9.963e+07 2=1.266e+07 4=1.233e+07 10=1.233e+07
396/1530 simple caso22b Base unscaled=9.323e+18 1=5.950e+10 2=9.281e+08 4=1.053e+09 10=1.053e+09
397/1530 simple caso22b Flat-GM unscaled=2.895e+13 1=1.302e+09 2=2.770e+08 4=2.862e+08 10=2.862e+08
398/1530 simple caso22b Flat-L2 unscaled=1.896e+19 1=5.182e+10 2=3.528e+08 4=3.497e+08 10=3.497e+08
399/1530 simple caso22b Role-Hybrid unscaled=2.895e+13 1=1.302e+09 2=2.770e+08 4=2.862e+08 10=2.862e+08
400/1530 simple caso22b SA-Mat unscaled=2.895e+13 1=1.302e+09 2=2.770e+08 4=2.862e+08 10=2.862e+08
401/1530 simple caso22c Base unscaled=8.743e+18 1=7.708e+09 2=2.103e+08 4=2.079e+08 10=2.079e+08
402/1530 simple caso22c Flat-GM unscaled=9.034e+11 1=1.138e+08 2=1.442e+07 4=1.404e+07 10=1.404e+07
403/1530 simple caso22c Flat-L2 unscaled=1.373e+19 1=6.819e+09 2=9.916e+07 4=1.322e+08 10=1.322e+08
404/1530 simple caso22c Role-Hybrid unscaled=9.034e+11 1=1.138e+08 2=1.442e+07 4=1.404e+07 10=1.404e+07
405/1530 simple caso22c SA-Mat unscaled=9.034e+11 1=1.138e+08 2=1.442e+07 4=1.404e+07 10=1.404e+07
406/1530 simple caso22d Base unscaled=8.743e+18 1=4.078e+09 2=1.105e+08 4=1.099e+08 10=1.099e+08
407/1530 simple caso22d Flat-GM unscaled=3.550e+11 1=6.875e+07 2=9.936e+06 4=9.838e+06 10=9.838e+06
408/1530 simple caso22d Flat-L2 unscaled=1.620e+19 1=7.546e+09 2=4.333e+07 4=5.367e+07 10=5.367e+07
409/1530 simple caso22d Role-Hybrid unscaled=3.550e+11 1=6.875e+07 2=9.936e+06 4=9.838e+06 10=9.838e+06
410/1530 simple caso22d SA-Mat unscaled=3.550e+11 1=6.875e+07 2=9.936e+06 4=9.838e+06 10=9.838e+06
411/1530 simple caso22e Base unscaled=5.828e+18 1=9.591e+10 2=1.959e+09 4=1.915e+09 10=1.915e+09
412/1530 simple caso22e Flat-GM unscaled=1.638e+13 1=1.902e+09 2=2.328e+08 4=2.458e+08 10=2.458e+08
413/1530 simple caso22e Flat-L2 unscaled=1.908e+19 1=6.372e+10 2=4.661e+08 4=5.105e+08 10=5.105e+08
414/1530 simple caso22e Role-Hybrid unscaled=1.638e+13 1=1.902e+09 2=2.328e+08 4=2.458e+08 10=2.458e+08
415/1530 simple caso22e SA-Mat unscaled=1.638e+13 1=1.902e+09 2=2.328e+08 4=2.458e+08 10=2.458e+08
416/1530 simple caso22f Base unscaled=8.743e+18 1=5.605e+09 2=1.470e+08 4=1.443e+08 10=1.443e+08
417/1530 simple caso22f Flat-GM unscaled=2.280e+12 1=1.386e+08 2=1.732e+07 4=1.683e+07 10=1.683e+07
418/1530 simple caso22f Flat-L2 unscaled=2.125e+19 1=1.297e+10 2=5.816e+07 4=7.139e+07 10=7.139e+07
419/1530 simple caso22f Role-Hybrid unscaled=2.280e+12 1=1.386e+08 2=1.732e+07 4=1.683e+07 10=1.683e+07
420/1530 simple caso22f SA-Mat unscaled=2.280e+12 1=1.386e+08 2=1.732e+07 4=1.683e+07 10=1.683e+07
421/1530 simple caso23a Base unscaled=2.305e+19 1=1.073e+10 2=9.014e+07 4=8.842e+07 10=8.842e+07
422/1530 simple caso23a Flat-GM unscaled=5.112e+11 1=4.224e+07 2=5.148e+06 4=5.101e+06 10=5.101e+06
423/1530 simple caso23a Flat-L2 unscaled=2.747e+19 1=1.279e+10 2=4.818e+07 4=5.961e+07 10=5.961e+07
424/1530 simple caso23a Role-Hybrid unscaled=5.112e+11 1=4.224e+07 2=5.148e+06 4=5.101e+06 10=5.101e+06
425/1530 simple caso23a SA-Mat unscaled=5.112e+11 1=4.224e+07 2=5.148e+06 4=5.101e+06 10=5.101e+06
426/1530 simple caso23b Base unscaled=6.204e+18 1=3.068e+09 2=4.530e+07 4=4.721e+07 10=4.721e+07
427/1530 simple caso23b Flat-GM unscaled=9.215e+11 1=6.501e+07 2=9.978e+06 4=9.550e+06 10=9.550e+06
428/1530 simple caso23b Flat-L2 unscaled=1.329e+19 1=6.188e+09 2=2.735e+07 4=2.717e+07 10=2.717e+07
429/1530 simple caso23b Role-Hybrid unscaled=9.215e+11 1=6.501e+07 2=9.978e+06 4=9.550e+06 10=9.550e+06
430/1530 simple caso23b SA-Mat unscaled=9.215e+11 1=6.501e+07 2=9.978e+06 4=9.550e+06 10=9.550e+06
431/1530 simple caso23c Base unscaled=9.306e+18 1=4.540e+09 2=1.067e+08 4=1.038e+08 10=1.038e+08
432/1530 simple caso23c Flat-GM unscaled=8.715e+11 1=8.710e+07 2=1.031e+07 4=9.913e+06 10=9.913e+06
433/1530 simple caso23c Flat-L2 unscaled=1.772e+19 1=8.250e+09 2=3.733e+07 4=4.606e+07 10=4.606e+07
434/1530 simple caso23c Role-Hybrid unscaled=8.715e+11 1=8.710e+07 2=1.031e+07 4=9.913e+06 10=9.913e+06
435/1530 simple caso23c SA-Mat unscaled=8.715e+11 1=8.710e+07 2=1.031e+07 4=9.913e+06 10=9.913e+06
436/1530 simple caso23d Base unscaled=1.066e+19 1=1.947e+10 2=5.166e+08 4=5.133e+08 10=5.133e+08
437/1530 simple caso23d Flat-GM unscaled=1.578e+12 1=2.709e+08 2=7.822e+07 4=7.728e+07 10=7.728e+07
438/1530 simple caso23d Flat-L2 unscaled=1.343e+19 1=1.137e+10 2=2.052e+08 4=2.736e+08 10=2.736e+08
439/1530 simple caso23d Role-Hybrid unscaled=1.578e+12 1=2.709e+08 2=7.822e+07 4=7.728e+07 10=7.728e+07
440/1530 simple caso23d SA-Mat unscaled=1.578e+12 1=2.709e+08 2=7.822e+07 4=7.728e+07 10=7.728e+07
441/1530 simple caso23e Base unscaled=6.204e+18 1=5.251e+09 2=9.122e+07 4=9.641e+07 10=9.641e+07
442/1530 simple caso23e Flat-GM unscaled=1.639e+12 1=2.357e+08 2=1.618e+07 4=1.435e+07 10=1.435e+07
443/1530 simple caso23e Flat-L2 unscaled=1.329e+19 1=6.188e+09 2=4.312e+07 4=3.438e+07 10=3.438e+07
444/1530 simple caso23e Role-Hybrid unscaled=1.639e+12 1=2.357e+08 2=1.618e+07 4=1.435e+07 10=1.435e+07
445/1530 simple caso23e SA-Mat unscaled=1.639e+12 1=2.357e+08 2=1.618e+07 4=1.435e+07 10=1.435e+07
446/1530 simple caso23f Base unscaled=1.066e+19 1=4.963e+09 2=9.762e+07 4=9.434e+07 10=9.434e+07
447/1530 simple caso23f Flat-GM unscaled=9.125e+11 1=8.047e+07 2=8.854e+06 4=8.418e+06 10=8.418e+06
448/1530 simple caso23f Flat-L2 unscaled=1.485e+19 1=6.915e+09 2=4.063e+07 4=5.010e+07 10=5.010e+07
449/1530 simple caso23f Role-Hybrid unscaled=9.125e+11 1=8.047e+07 2=8.854e+06 4=8.418e+06 10=8.418e+06
450/1530 simple caso23f SA-Mat unscaled=9.125e+11 1=8.047e+07 2=8.854e+06 4=8.418e+06 10=8.418e+06
451/1530 simple caso24a Base unscaled=8.845e+18 1=4.534e+09 2=7.592e+07 4=7.537e+07 10=7.537e+07
452/1530 simple caso24a Flat-GM unscaled=2.975e+11 1=5.344e+07 2=8.330e+06 4=8.293e+06 10=8.293e+06
453/1530 simple caso24a Flat-L2 unscaled=1.728e+19 1=8.049e+09 2=2.829e+07 4=3.503e+07 10=3.503e+07
454/1530 simple caso24a Role-Hybrid unscaled=2.975e+11 1=5.344e+07 2=8.330e+06 4=8.293e+06 10=8.293e+06
455/1530 simple caso24a SA-Mat unscaled=2.975e+11 1=5.344e+07 2=8.330e+06 4=8.293e+06 10=8.293e+06
456/1530 simple caso24b Base unscaled=5.894e+18 1=4.582e+10 2=7.255e+08 4=8.400e+08 10=8.400e+08
457/1530 simple caso24b Flat-GM unscaled=1.853e+13 1=1.033e+09 2=2.603e+08 4=2.681e+08 10=2.681e+08
458/1530 simple caso24b Flat-L2 unscaled=1.296e+19 1=1.734e+10 2=2.272e+08 4=2.244e+08 10=2.244e+08
459/1530 simple caso24b Role-Hybrid unscaled=1.853e+13 1=1.033e+09 2=2.603e+08 4=2.681e+08 10=2.681e+08
460/1530 simple caso24b SA-Mat unscaled=1.853e+13 1=1.033e+09 2=2.603e+08 4=2.681e+08 10=2.681e+08
461/1530 simple caso24c Base unscaled=1.228e+19 1=5.719e+09 2=1.284e+08 4=1.255e+08 10=1.255e+08
462/1530 simple caso24c Flat-GM unscaled=8.694e+11 1=8.438e+07 2=9.913e+06 4=9.505e+06 10=9.505e+06
463/1530 simple caso24c Flat-L2 unscaled=1.557e+19 1=7.252e+09 2=5.539e+07 4=6.843e+07 10=6.843e+07
464/1530 simple caso24c Role-Hybrid unscaled=8.694e+11 1=8.438e+07 2=9.913e+06 4=9.505e+06 10=9.505e+06
465/1530 simple caso24c SA-Mat unscaled=8.694e+11 1=8.438e+07 2=9.913e+06 4=9.505e+06 10=9.505e+06
466/1530 simple caso24d Base unscaled=9.707e+18 1=2.310e+10 2=6.377e+08 4=6.337e+08 10=6.337e+08
467/1530 simple caso24d Flat-GM unscaled=1.730e+12 1=3.054e+08 2=8.976e+07 4=8.873e+07 10=8.873e+07
468/1530 simple caso24d Flat-L2 unscaled=1.296e+19 1=1.253e+10 2=2.281e+08 4=2.825e+08 10=2.825e+08
469/1530 simple caso24d Role-Hybrid unscaled=1.730e+12 1=3.054e+08 2=8.976e+07 4=8.873e+07 10=8.873e+07
470/1530 simple caso24d SA-Mat unscaled=1.730e+12 1=3.054e+08 2=8.976e+07 4=8.873e+07 10=8.873e+07
471/1530 simple caso24e Base unscaled=5.894e+18 1=3.260e+09 2=5.708e+07 4=6.027e+07 10=6.027e+07
472/1530 simple caso24e Flat-GM unscaled=1.902e+12 1=2.201e+08 2=1.583e+07 4=1.444e+07 10=1.444e+07
473/1530 simple caso24e Flat-L2 unscaled=1.377e+19 1=6.037e+09 2=3.963e+06 4=3.216e+06 10=3.216e+06
474/1530 simple caso24e Role-Hybrid unscaled=1.902e+12 1=2.201e+08 2=1.583e+07 4=1.444e+07 10=1.444e+07
475/1530 simple caso24e SA-Mat unscaled=1.902e+12 1=2.201e+08 2=1.583e+07 4=1.444e+07 10=1.444e+07
476/1530 simple caso24f Base unscaled=8.841e+18 1=4.118e+09 2=4.007e+07 4=3.928e+07 10=3.928e+07
477/1530 simple caso24f Flat-GM unscaled=2.052e+12 1=8.664e+07 2=9.331e+06 4=8.821e+06 10=8.821e+06
478/1530 simple caso24f Flat-L2 unscaled=2.161e+19 1=1.034e+10 2=1.773e+07 4=2.188e+07 10=2.188e+07
479/1530 simple caso24f Role-Hybrid unscaled=2.052e+12 1=8.664e+07 2=9.331e+06 4=8.821e+06 10=8.821e+06
480/1530 simple caso24f SA-Mat unscaled=2.052e+12 1=8.664e+07 2=9.331e+06 4=8.821e+06 10=8.821e+06
481/1530 simple caso25a Base unscaled=8.608e+18 1=7.247e+09 2=1.781e+08 4=1.779e+08 10=1.779e+08
482/1530 simple caso25a Flat-GM unscaled=6.126e+11 1=4.474e+07 2=6.604e+06 4=6.495e+06 10=6.495e+06
483/1530 simple caso25a Flat-L2 unscaled=1.827e+19 1=8.508e+09 2=1.304e+08 4=1.349e+08 10=1.349e+08
484/1530 simple caso25a Role-Hybrid unscaled=6.126e+11 1=4.474e+07 2=6.604e+06 4=6.495e+06 10=6.495e+06
485/1530 simple caso25a SA-Mat unscaled=6.126e+11 1=4.474e+07 2=6.604e+06 4=6.495e+06 10=6.495e+06
486/1530 simple caso25b Base unscaled=5.738e+18 1=2.930e+09 2=2.922e+07 4=2.968e+07 10=2.968e+07
487/1530 simple caso25b Flat-GM unscaled=1.030e+12 1=4.517e+07 2=7.486e+06 4=6.945e+06 10=6.945e+06
488/1530 simple caso25b Flat-L2 unscaled=1.370e+19 1=6.381e+09 2=1.856e+07 4=1.825e+07 10=1.825e+07
489/1530 simple caso25b Role-Hybrid unscaled=1.030e+12 1=4.517e+07 2=7.486e+06 4=6.945e+06 10=6.945e+06
490/1530 simple caso25b SA-Mat unscaled=1.030e+12 1=4.517e+07 2=7.486e+06 4=6.945e+06 10=6.945e+06
491/1530 simple caso25c Base unscaled=8.608e+18 1=4.014e+09 2=6.564e+07 4=6.274e+07 10=6.274e+07
492/1530 simple caso25c Flat-GM unscaled=7.546e+11 1=5.710e+07 2=5.834e+06 4=5.442e+06 10=5.442e+06
493/1530 simple caso25c Flat-L2 unscaled=1.827e+19 1=8.508e+09 2=2.572e+07 4=2.860e+07 10=2.860e+07
494/1530 simple caso25c Role-Hybrid unscaled=7.546e+11 1=5.710e+07 2=5.834e+06 4=5.442e+06 10=5.442e+06
495/1530 simple caso25c SA-Mat unscaled=7.546e+11 1=5.710e+07 2=5.834e+06 4=5.442e+06 10=5.442e+06
496/1530 simple caso25d Base unscaled=8.608e+18 1=2.017e+10 2=5.932e+08 4=5.926e+08 10=5.926e+08
497/1530 simple caso25d Flat-GM unscaled=1.094e+12 1=1.344e+08 2=2.027e+07 4=2.005e+07 10=2.005e+07
498/1530 simple caso25d Flat-L2 unscaled=1.827e+19 1=2.272e+10 2=3.852e+08 4=5.142e+08 10=5.142e+08
499/1530 simple caso25d Role-Hybrid unscaled=1.094e+12 1=1.344e+08 2=2.027e+07 4=2.005e+07 10=2.005e+07
500/1530 simple caso25d SA-Mat unscaled=1.094e+12 1=1.344e+08 2=2.027e+07 4=2.005e+07 10=2.005e+07
501/1530 simple caso25e Base unscaled=5.738e+18 1=3.899e+09 2=1.001e+08 4=9.814e+07 10=9.814e+07
502/1530 simple caso25e Flat-GM unscaled=7.734e+11 1=4.809e+07 2=5.425e+06 4=5.090e+06 10=5.090e+06
503/1530 simple caso25e Flat-L2 unscaled=1.370e+19 1=6.381e+09 2=8.400e+07 4=1.039e+08 10=1.039e+08
504/1530 simple caso25e Role-Hybrid unscaled=7.734e+11 1=4.809e+07 2=5.425e+06 4=5.090e+06 10=5.090e+06
505/1530 simple caso25e SA-Mat unscaled=7.734e+11 1=4.809e+07 2=5.425e+06 4=5.090e+06 10=5.090e+06
506/1530 simple caso25f Base unscaled=8.608e+18 1=4.014e+09 2=9.576e+07 4=9.238e+07 10=9.238e+07
507/1530 simple caso25f Flat-GM unscaled=2.067e+12 1=1.615e+08 2=2.357e+07 4=2.322e+07 10=2.322e+07
508/1530 simple caso25f Flat-L2 unscaled=1.370e+19 1=2.403e+10 2=4.324e+08 4=5.351e+08 10=5.351e+08
509/1530 simple caso25f Role-Hybrid unscaled=2.067e+12 1=1.615e+08 2=2.357e+07 4=2.322e+07 10=2.322e+07
510/1530 simple caso25f SA-Mat unscaled=2.067e+12 1=1.615e+08 2=2.357e+07 4=2.322e+07 10=2.322e+07
511/1530 simple caso26a Base unscaled=8.785e+18 1=1.935e+10 2=5.544e+08 4=5.533e+08 10=5.533e+08
512/1530 simple caso26a Flat-GM unscaled=1.174e+12 1=1.357e+08 2=4.053e+07 4=4.005e+07 10=4.005e+07
513/1530 simple caso26a Flat-L2 unscaled=1.674e+19 1=1.570e+10 2=3.121e+08 4=4.164e+08 10=4.164e+08
514/1530 simple caso26a Role-Hybrid unscaled=1.174e+12 1=1.357e+08 2=4.053e+07 4=4.005e+07 10=4.005e+07
515/1530 simple caso26a SA-Mat unscaled=1.174e+12 1=1.357e+08 2=4.053e+07 4=4.005e+07 10=4.005e+07
516/1530 simple caso26b Base unscaled=1.487e+19 1=3.260e+10 2=4.038e+08 4=3.654e+08 10=3.654e+08
517/1530 simple caso26b Flat-GM unscaled=2.073e+13 1=5.033e+08 2=5.522e+07 4=4.519e+07 10=4.519e+07
518/1530 simple caso26b Flat-L2 unscaled=3.560e+19 1=2.719e+10 2=2.021e+08 4=2.216e+08 10=2.216e+08
519/1530 simple caso26b Role-Hybrid unscaled=2.073e+13 1=5.033e+08 2=5.522e+07 4=4.519e+07 10=4.519e+07
520/1530 simple caso26b SA-Mat unscaled=2.073e+13 1=5.033e+08 2=5.522e+07 4=4.519e+07 10=4.519e+07
521/1530 simple caso26c Base unscaled=8.785e+18 1=6.401e+09 2=1.702e+08 4=1.678e+08 10=1.678e+08
522/1530 simple caso26c Flat-GM unscaled=7.562e+11 1=7.863e+07 2=9.831e+06 4=9.488e+06 10=9.488e+06
523/1530 simple caso26c Flat-L2 unscaled=1.359e+19 1=6.328e+09 2=9.423e+07 4=1.166e+08 10=1.166e+08
524/1530 simple caso26c Role-Hybrid unscaled=7.562e+11 1=7.863e+07 2=9.831e+06 4=9.488e+06 10=9.488e+06
525/1530 simple caso26c SA-Mat unscaled=7.562e+11 1=7.863e+07 2=9.831e+06 4=9.488e+06 10=9.488e+06
526/1530 simple caso26d Base unscaled=8.785e+18 1=7.898e+10 2=5.774e+08 4=6.181e+08 10=6.181e+08
527/1530 simple caso26d Flat-GM unscaled=3.342e+12 1=5.919e+08 2=7.811e+07 4=7.719e+07 10=7.719e+07
528/1530 simple caso26d Flat-L2 unscaled=1.812e+19 1=5.926e+10 2=1.122e+09 4=1.121e+09 10=1.121e+09
529/1530 simple caso26d Role-Hybrid unscaled=3.342e+12 1=5.919e+08 2=7.811e+07 4=7.719e+07 10=7.719e+07
530/1530 simple caso26d SA-Mat unscaled=3.342e+12 1=5.919e+08 2=7.811e+07 4=7.719e+07 10=7.719e+07
531/1530 simple caso26e Base unscaled=5.857e+18 1=1.631e+10 2=1.209e+08 4=1.198e+08 10=1.198e+08
532/1530 simple caso26e Flat-GM unscaled=9.049e+11 1=1.388e+08 2=1.132e+07 4=1.164e+07 10=1.164e+07
533/1530 simple caso26e Flat-L2 unscaled=1.359e+19 1=1.379e+10 2=2.563e+08 4=2.647e+08 10=2.647e+08
534/1530 simple caso26e Role-Hybrid unscaled=9.049e+11 1=1.388e+08 2=1.132e+07 4=1.164e+07 10=1.164e+07
535/1530 simple caso26e SA-Mat unscaled=9.049e+11 1=1.388e+08 2=1.132e+07 4=1.164e+07 10=1.164e+07
536/1530 simple caso26f Base unscaled=8.785e+18 1=9.287e+09 2=2.558e+08 4=2.532e+08 10=2.532e+08
537/1530 simple caso26f Flat-GM unscaled=8.512e+11 1=9.862e+07 2=1.295e+07 4=1.259e+07 10=1.259e+07
538/1530 simple caso26f Flat-L2 unscaled=1.359e+19 1=9.373e+09 2=1.555e+08 4=1.926e+08 10=1.926e+08
539/1530 simple caso26f Role-Hybrid unscaled=8.512e+11 1=9.862e+07 2=1.295e+07 4=1.259e+07 10=1.259e+07
540/1530 simple caso26f SA-Mat unscaled=8.512e+11 1=9.862e+07 2=1.295e+07 4=1.259e+07 10=1.259e+07
541/1530 simple caso27a Base unscaled=9.957e+18 1=4.966e+09 2=1.270e+08 4=1.049e+08 10=1.049e+08
542/1530 simple caso27a Flat-GM unscaled=3.441e+11 1=3.613e+07 2=5.380e+06 4=5.328e+06 10=5.328e+06
543/1530 simple caso27a Flat-L2 unscaled=1.412e+19 1=8.222e+09 2=1.624e+08 4=1.624e+08 10=1.624e+08
544/1530 simple caso27a Role-Hybrid unscaled=3.441e+11 1=3.613e+07 2=5.380e+06 4=5.328e+06 10=5.328e+06
545/1530 simple caso27a SA-Mat unscaled=3.441e+11 1=3.613e+07 2=5.380e+06 4=5.328e+06 10=5.328e+06
546/1530 simple caso27b Base unscaled=1.268e+19 1=4.982e+10 2=5.897e+08 4=6.466e+08 10=6.466e+08
547/1530 simple caso27b Flat-GM unscaled=3.201e+13 1=1.153e+09 2=1.158e+08 4=1.035e+08 10=1.035e+08
548/1530 simple caso27b Flat-L2 unscaled=1.280e+19 1=2.160e+10 2=1.884e+08 4=1.828e+08 10=1.828e+08
549/1530 simple caso27b Role-Hybrid unscaled=3.201e+13 1=1.153e+09 2=1.158e+08 4=1.035e+08 10=1.035e+08
550/1530 simple caso27b SA-Mat unscaled=3.201e+13 1=1.153e+09 2=1.158e+08 4=1.035e+08 10=1.035e+08
551/1530 simple caso27c Base unscaled=8.661e+18 1=4.040e+09 2=8.084e+07 4=6.449e+07 10=6.449e+07
552/1530 simple caso27c Flat-GM unscaled=8.460e+11 1=5.612e+07 2=4.823e+06 4=4.364e+06 10=4.364e+06
553/1530 simple caso27c Flat-L2 unscaled=1.707e+19 1=7.951e+09 2=4.418e+07 4=4.394e+07 10=4.394e+07
554/1530 simple caso27c Role-Hybrid unscaled=8.460e+11 1=5.612e+07 2=4.823e+06 4=4.364e+06 10=4.364e+06
555/1530 simple caso27c SA-Mat unscaled=8.460e+11 1=5.612e+07 2=4.823e+06 4=4.364e+06 10=4.364e+06
556/1530 simple caso27d Base unscaled=1.389e+19 1=6.475e+09 2=8.849e+07 4=9.526e+07 10=9.526e+07
557/1530 simple caso27d Flat-GM unscaled=5.626e+11 1=1.204e+08 2=9.335e+06 4=8.659e+06 10=8.659e+06
558/1530 simple caso27d Flat-L2 unscaled=1.389e+19 1=8.128e+09 2=1.279e+08 4=1.279e+08 10=1.279e+08
559/1530 simple caso27d Role-Hybrid unscaled=5.626e+11 1=1.204e+08 2=9.335e+06 4=8.659e+06 10=8.659e+06
560/1530 simple caso27d SA-Mat unscaled=5.626e+11 1=1.204e+08 2=9.335e+06 4=8.659e+06 10=8.659e+06
561/1530 simple caso27e Base unscaled=5.774e+18 1=3.276e+09 2=5.280e+07 4=5.487e+07 10=5.487e+07
562/1530 simple caso27e Flat-GM unscaled=1.730e+12 1=1.671e+08 2=9.715e+06 4=8.672e+06 10=8.672e+06
563/1530 simple caso27e Flat-L2 unscaled=1.280e+19 1=5.963e+09 2=2.059e+07 4=1.729e+07 10=1.729e+07
564/1530 simple caso27e Role-Hybrid unscaled=1.730e+12 1=1.671e+08 2=9.715e+06 4=8.672e+06 10=8.672e+06
565/1530 simple caso27e SA-Mat unscaled=1.730e+12 1=1.671e+08 2=9.715e+06 4=8.672e+06 10=8.672e+06
566/1530 simple caso27f Base unscaled=8.661e+18 1=4.039e+09 2=3.449e+07 4=2.698e+07 10=2.698e+07
567/1530 simple caso27f Flat-GM unscaled=9.324e+11 1=3.489e+07 2=2.430e+06 4=2.139e+06 10=2.139e+06
568/1530 simple caso27f Flat-L2 unscaled=1.412e+19 1=6.575e+09 2=1.661e+07 4=1.645e+07 10=1.645e+07
569/1530 simple caso27f Role-Hybrid unscaled=9.324e+11 1=3.489e+07 2=2.430e+06 4=2.139e+06 10=2.139e+06
570/1530 simple caso27f SA-Mat unscaled=9.324e+11 1=3.489e+07 2=2.430e+06 4=2.139e+06 10=2.139e+06
571/1530 simple caso28a Base unscaled=9.854e+18 1=9.276e+10 2=6.357e+08 4=6.357e+08 10=6.357e+08
572/1530 simple caso28a Flat-GM unscaled=4.556e+12 1=1.223e+08 2=4.253e+06 4=3.227e+06 10=3.227e+06
573/1530 simple caso28a Flat-L2 unscaled=1.343e+19 1=9.791e+10 2=9.319e+08 4=1.243e+09 10=1.243e+09
574/1530 simple caso28a Role-Hybrid unscaled=4.556e+12 1=1.223e+08 2=4.253e+06 4=3.227e+06 10=3.227e+06
575/1530 simple caso28a SA-Mat unscaled=4.556e+12 1=1.223e+08 2=4.253e+06 4=3.227e+06 10=3.227e+06
576/1530 simple caso28b Base unscaled=8.739e+18 1=3.083e+10 2=3.065e+08 4=2.959e+08 10=2.959e+08
577/1530 simple caso28b Flat-GM unscaled=9.453e+12 1=6.673e+08 2=5.736e+07 4=5.233e+07 10=5.233e+07
578/1530 simple caso28b Flat-L2 unscaled=1.992e+19 1=1.507e+10 2=4.031e+07 4=3.829e+07 10=3.829e+07
579/1530 simple caso28b Role-Hybrid unscaled=9.453e+12 1=6.673e+08 2=5.736e+07 4=5.233e+07 10=5.233e+07
580/1530 simple caso28b SA-Mat unscaled=9.453e+12 1=6.673e+08 2=5.736e+07 4=5.233e+07 10=5.233e+07
581/1530 simple caso28c Base unscaled=9.098e+18 1=4.244e+09 2=8.769e+06 4=8.368e+06 10=8.368e+06
582/1530 simple caso28c Flat-GM unscaled=1.181e+12 1=1.048e+07 2=1.137e+06 4=1.121e+06 10=1.121e+06
583/1530 simple caso28c Flat-L2 unscaled=5.727e+19 1=7.738e+09 2=1.184e+07 4=1.175e+07 10=1.175e+07
584/1530 simple caso28c Role-Hybrid unscaled=1.181e+12 1=1.048e+07 2=1.137e+06 4=1.121e+06 10=1.121e+06
585/1530 simple caso28c SA-Mat unscaled=1.181e+12 1=1.048e+07 2=1.137e+06 4=1.121e+06 10=1.121e+06
586/1530 simple caso28d Base unscaled=9.098e+18 1=3.082e+10 2=7.469e+07 4=5.236e+07 10=5.236e+07
587/1530 simple caso28d Flat-GM unscaled=9.530e+11 1=1.681e+08 2=1.174e+07 4=5.798e+06 10=5.798e+06
588/1530 simple caso28d Flat-L2 unscaled=1.662e+19 1=2.811e+10 2=6.596e+07 4=4.286e+07 10=4.286e+07
589/1530 simple caso28d Role-Hybrid unscaled=9.530e+11 1=1.681e+08 2=1.174e+07 4=5.798e+06 10=5.798e+06
590/1530 simple caso28d SA-Mat unscaled=9.530e+11 1=1.681e+08 2=1.174e+07 4=5.798e+06 10=5.798e+06
591/1530 simple caso28e Base unscaled=1.005e+19 1=6.507e+10 2=8.652e+08 4=9.620e+08 10=9.620e+08
592/1530 simple caso28e Flat-GM unscaled=1.710e+13 1=1.100e+09 2=8.502e+07 4=8.333e+07 10=8.333e+07
593/1530 simple caso28e Flat-L2 unscaled=2.292e+19 1=4.163e+10 2=2.604e+08 4=2.576e+08 10=2.576e+08
594/1530 simple caso28e Role-Hybrid unscaled=1.710e+13 1=1.100e+09 2=8.502e+07 4=8.333e+07 10=8.333e+07
595/1530 simple caso28e SA-Mat unscaled=1.710e+13 1=1.100e+09 2=8.502e+07 4=8.333e+07 10=8.333e+07
596/1530 simple caso28f Base unscaled=9.098e+18 1=4.244e+09 2=7.270e+07 4=7.016e+07 10=7.016e+07
597/1530 simple caso28f Flat-GM unscaled=6.708e+11 1=4.707e+07 2=4.019e+06 4=3.662e+06 10=3.662e+06
598/1530 simple caso28f Flat-L2 unscaled=1.662e+19 1=7.738e+09 2=3.389e+07 4=3.377e+07 10=3.377e+07
599/1530 simple caso28f Role-Hybrid unscaled=6.708e+11 1=4.707e+07 2=4.019e+06 4=3.662e+06 10=3.662e+06
600/1530 simple caso28f SA-Mat unscaled=6.708e+11 1=4.707e+07 2=4.019e+06 4=3.662e+06 10=3.662e+06
601/1530 simple caso29a Base unscaled=9.395e+18 1=2.057e+10 2=4.684e+08 4=4.563e+08 10=4.563e+08
602/1530 simple caso29a Flat-GM unscaled=6.590e+12 1=3.520e+08 2=7.847e+07 4=8.410e+07 10=8.410e+07
603/1530 simple caso29a Flat-L2 unscaled=1.679e+19 1=1.038e+10 2=1.627e+08 4=2.009e+08 10=2.009e+08
604/1530 simple caso29a Role-Hybrid unscaled=6.590e+12 1=3.520e+08 2=7.847e+07 4=8.410e+07 10=8.410e+07
605/1530 simple caso29a SA-Mat unscaled=6.590e+12 1=3.520e+08 2=7.847e+07 4=8.410e+07 10=8.410e+07
606/1530 simple caso29b Base unscaled=3.963e+19 1=3.184e+11 2=5.145e+09 4=5.839e+09 10=5.839e+09
607/1530 simple caso29b Flat-GM unscaled=1.279e+14 1=5.735e+09 2=1.172e+09 4=1.238e+09 10=1.238e+09
608/1530 simple caso29b Flat-L2 unscaled=3.963e+19 1=1.688e+11 2=2.658e+09 4=2.643e+09 10=2.643e+09
609/1530 simple caso29b Role-Hybrid unscaled=1.279e+14 1=5.735e+09 2=1.172e+09 4=1.238e+09 10=1.238e+09
610/1530 simple caso29b SA-Mat unscaled=1.279e+14 1=5.735e+09 2=1.172e+09 4=1.238e+09 10=1.238e+09
611/1530 simple caso29c Base unscaled=9.395e+18 1=2.045e+10 2=4.655e+08 4=4.534e+08 10=4.534e+08
612/1530 simple caso29c Flat-GM unscaled=6.590e+12 1=3.519e+08 2=7.844e+07 4=8.407e+07 10=8.407e+07
613/1530 simple caso29c Flat-L2 unscaled=1.679e+19 1=1.028e+10 2=1.607e+08 4=1.985e+08 10=1.985e+08
614/1530 simple caso29c Role-Hybrid unscaled=6.590e+12 1=3.519e+08 2=7.844e+07 4=8.407e+07 10=8.407e+07
615/1530 simple caso29c SA-Mat unscaled=6.590e+12 1=3.519e+08 2=7.844e+07 4=8.407e+07 10=8.407e+07
616/1530 simple caso29d Base unscaled=9.395e+18 1=4.383e+09 2=3.729e+07 4=3.703e+07 10=3.703e+07
617/1530 simple caso29d Flat-GM unscaled=5.654e+11 1=1.219e+08 2=8.719e+06 4=7.355e+06 10=7.355e+06
618/1530 simple caso29d Flat-L2 unscaled=1.679e+19 1=7.821e+09 2=8.455e+06 4=8.702e+06 10=8.702e+06
619/1530 simple caso29d Role-Hybrid unscaled=5.654e+11 1=1.219e+08 2=8.719e+06 4=7.355e+06 10=7.355e+06
620/1530 simple caso29d SA-Mat unscaled=5.654e+11 1=1.219e+08 2=8.719e+06 4=7.355e+06 10=7.355e+06
621/1530 simple caso29e Base unscaled=9.395e+18 1=1.545e+11 2=2.579e+09 4=2.948e+09 10=2.948e+09
622/1530 simple caso29e Flat-GM unscaled=2.839e+13 1=3.436e+09 2=4.134e+08 4=4.480e+08 10=4.480e+08
623/1530 simple caso29e Flat-L2 unscaled=2.235e+19 1=7.206e+10 2=4.910e+08 4=4.891e+08 10=4.891e+08
624/1530 simple caso29e Role-Hybrid unscaled=2.839e+13 1=3.436e+09 2=4.134e+08 4=4.480e+08 10=4.480e+08
625/1530 simple caso29e SA-Mat unscaled=2.839e+13 1=3.436e+09 2=4.134e+08 4=4.480e+08 10=4.480e+08
626/1530 simple caso29f Base unscaled=9.395e+18 1=7.069e+09 2=1.063e+08 4=1.018e+08 10=1.018e+08
627/1530 simple caso29f Flat-GM unscaled=9.437e+11 1=8.678e+07 2=9.014e+06 4=8.557e+06 10=8.557e+06
628/1530 simple caso29f Flat-L2 unscaled=1.300e+19 1=6.541e+09 2=4.896e+07 4=5.946e+07 10=5.946e+07
629/1530 simple caso29f Role-Hybrid unscaled=9.437e+11 1=8.678e+07 2=9.014e+06 4=8.557e+06 10=8.557e+06
630/1530 simple caso29f SA-Mat unscaled=9.437e+11 1=8.678e+07 2=9.014e+06 4=8.557e+06 10=8.557e+06
631/1530 simple caso30a Base unscaled=9.817e+18 1=1.383e+10 2=2.077e+08 4=2.383e+08 10=2.383e+08
632/1530 simple caso30a Flat-GM unscaled=3.345e+12 1=1.983e+08 2=4.618e+07 4=5.003e+07 10=5.003e+07
633/1530 simple caso30a Flat-L2 unscaled=1.452e+19 1=7.296e+09 2=1.055e+08 4=1.050e+08 10=1.050e+08
634/1530 simple caso30a Role-Hybrid unscaled=3.345e+12 1=1.983e+08 2=4.618e+07 4=5.003e+07 10=5.003e+07
635/1530 simple caso30a SA-Mat unscaled=3.345e+12 1=1.983e+08 2=4.618e+07 4=5.003e+07 10=5.003e+07
636/1530 simple caso30b Base unscaled=1.731e+19 1=8.423e+10 2=1.021e+09 4=1.088e+09 10=1.088e+09
637/1530 simple caso30b Flat-GM unscaled=6.583e+13 1=2.407e+09 2=4.119e+08 4=4.240e+08 10=4.240e+08
638/1530 simple caso30b Flat-L2 unscaled=3.724e+19 1=4.139e+10 2=1.469e+08 4=1.396e+08 10=1.396e+08
639/1530 simple caso30b Role-Hybrid unscaled=6.583e+13 1=2.407e+09 2=4.119e+08 4=4.240e+08 10=4.240e+08
640/1530 simple caso30b SA-Mat unscaled=6.583e+13 1=2.407e+09 2=4.119e+08 4=4.240e+08 10=4.240e+08
641/1530 simple caso30c Base unscaled=9.599e+18 1=1.390e+10 2=2.063e+08 4=2.367e+08 10=2.367e+08
642/1530 simple caso30c Flat-GM unscaled=3.345e+12 1=1.983e+08 2=4.618e+07 4=5.003e+07 10=5.003e+07
643/1530 simple caso30c Flat-L2 unscaled=1.452e+19 1=7.407e+09 2=1.042e+08 4=1.038e+08 10=1.038e+08
644/1530 simple caso30c Role-Hybrid unscaled=3.345e+12 1=1.983e+08 2=4.618e+07 4=5.003e+07 10=5.003e+07
645/1530 simple caso30c SA-Mat unscaled=3.345e+12 1=1.983e+08 2=4.618e+07 4=5.003e+07 10=5.003e+07
646/1530 simple caso30d Base unscaled=2.386e+19 1=1.113e+10 2=1.725e+07 4=1.776e+07 10=1.776e+07
647/1530 simple caso30d Flat-GM unscaled=6.228e+11 1=9.006e+07 2=5.840e+06 4=5.275e+06 10=5.275e+06
648/1530 simple caso30d Flat-L2 unscaled=2.803e+19 1=1.305e+10 2=2.951e+07 4=2.828e+07 10=2.828e+07
649/1530 simple caso30d Role-Hybrid unscaled=6.228e+11 1=9.006e+07 2=5.840e+06 4=5.275e+06 10=5.275e+06
650/1530 simple caso30d SA-Mat unscaled=6.228e+11 1=9.006e+07 2=5.840e+06 4=5.275e+06 10=5.275e+06
651/1530 simple caso30e Base unscaled=9.469e+18 1=1.370e+10 2=2.149e+08 4=2.423e+08 10=2.423e+08
652/1530 simple caso30e Flat-GM unscaled=5.956e+12 1=3.474e+08 2=7.763e+07 4=8.386e+07 10=8.386e+07
653/1530 simple caso30e Flat-L2 unscaled=1.283e+19 1=5.973e+09 2=4.610e+07 4=4.536e+07 10=4.536e+07
654/1530 simple caso30e Role-Hybrid unscaled=5.956e+12 1=3.474e+08 2=7.763e+07 4=8.386e+07 10=8.386e+07
655/1530 simple caso30e SA-Mat unscaled=5.956e+12 1=3.474e+08 2=7.763e+07 4=8.386e+07 10=8.386e+07
