[32m[success] SystemController creado[0m
> Archivo LP guardado en: /home/mathiasr/Escritorio/generator-aware-row-scaling/results-revision/research-audit/identifiability-confirmatory/R1_S3_coupling/lp/coupling_S3_seed20260909_Base.lp
[PREPROC PHASES] metadata_s=1.1823e-05 diagnostico_s=1.7693e-05 aplicacion_s=2.0531e-05
Archivo LP guardado en: /home/mathiasr/Escritorio/generator-aware-row-scaling/results-revision/research-audit/identifiability-confirmatory/R1_S3_coupling/lp/coupling_S3_seed20260909_SAMat.lp
[PREPROC] modo plano: 43 filas tratadas como un unico bloque sin roles (kernel geomean por fila)
[PREPROC PHASES] metadata_s=4.937e-06 diagnostico_s=6.623e-06 aplicacion_s=9.486e-06
Archivo LP guardado en: /home/mathiasr/Escritorio/generator-aware-row-scaling/results-revision/research-audit/identifiability-confirmatory/R1_S3_coupling/lp/coupling_S3_seed20260909_FlatGM.lp
[PREPROC] modo plano: 43 filas tratadas como un unico bloque sin roles (kernel geomean por fila)
[PREPROC PHASES] metadata_s=7.37e-07 diagnostico_s=6.043e-06 aplicacion_s=7.952e-06
Archivo LP guardado en: /home/mathiasr/Escritorio/generator-aware-row-scaling/results-revision/research-audit/identifiability-confirmatory/R1_S3_coupling/lp/coupling_S3_seed20260909_FlatL2.lp
[PREPROC PHASES] metadata_s=1.1577e-05 diagnostico_s=1.0224e-05 aplicacion_s=1.1649e-05
Archivo LP guardado en: /home/mathiasr/Escritorio/generator-aware-row-scaling/results-revision/research-audit/identifiability-confirmatory/R1_S3_coupling/lp/coupling_S3_seed20260909_RoleHybrid.lp
[PREPROC PHASES] metadata_s=1.1433e-05 diagnostico_s=9.947e-06 aplicacion_s=1.9708e-05
Archivo LP guardado en: /home/mathiasr/Escritorio/generator-aware-row-scaling/results-revision/research-audit/identifiability-confirmatory/R1_S3_coupling/lp/coupling_S3_seed20260909_SAMatpermB.lp
Archivo LP guardado en: /home/mathiasr/Escritorio/generator-aware-row-scaling/results-revision/research-audit/identifiability-confirmatory/R1_S3_coupling/lp/coupling_S3_seed20260910_Base.lp
[PREPROC PHASES] metadata_s=1.2064e-05 diagnostico_s=1.0303e-05 aplicacion_s=1.1645e-05
Archivo LP guardado en: /home/mathiasr/Escritorio/generator-aware-row-scaling/results-revision/research-audit/identifiability-confirmatory/R1_S3_coupling/lp/coupling_S3_seed20260910_SAMat.lp
[PREPROC] modo plano: 43 filas tratadas como un unico bloque sin roles (kernel geomean por fila)
[PREPROC PHASES] metadata_s=2.177e-06 diagnostico_s=1.2342e-05 aplicacion_s=2.2396e-05
Archivo LP guardado en: /home/mathiasr/Escritorio/generator-aware-row-scaling/results-revision/research-audit/identifiability-confirmatory/R1_S3_coupling/lp/coupling_S3_seed20260910_FlatGM.lp
[PREPROC] modo plano: 43 filas tratadas como un unico bloque sin roles (kernel geomean por fila)
[PREPROC PHASES] metadata_s=1.861e-06 diagnostico_s=1.1457e-05 aplicacion_s=1.8793e-05
Archivo LP guardado en: /home/mathiasr/Escritorio/generator-aware-row-scaling/results-revision/research-audit/identifiability-confirmatory/R1_S3_coupling/lp/coupling_S3_seed20260910_FlatL2.lp
[PREPROC PHASES] metadata_s=2.7055e-05 diagnostico_s=3.7725e-05 aplicacion_s=2.6324e-05
Archivo LP guardado en: /home/mathiasr/Escritorio/generator-aware-row-scaling/results-revision/research-audit/identifiability-confirmatory/R1_S3_coupling/lp/coupling_S3_seed20260910_RoleHybrid.lp
[PREPROC PHASES] metadata_s=2.3604e-05 diagnostico_s=2.0106e-05 aplicacion_s=3.851e-05
Archivo LP guardado en: /home/mathiasr/Escritorio/generator-aware-row-scaling/results-revision/research-audit/identifiability-confirmatory/R1_S3_coupling/lp/coupling_S3_seed20260910_SAMatpermB.lp
Archivo LP guardado en: /home/mathiasr/Escritorio/generator-aware-row-scaling/results-revision/research-audit/identifiability-confirmatory/R1_S3_coupling/lp/coupling_S3_seed20260911_Base.lp
[PREPROC PHASES] metadata_s=2.1653e-05 diagnostico_s=1.7638e-05 aplicacion_s=2.0436e-05
Archivo LP guardado en: /home/mathiasr/Escritorio/generator-aware-row-scaling/results-revision/research-audit/identifiability-confirmatory/R1_S3_coupling/lp/coupling_S3_seed20260911_SAMat.lp
[PREPROC] modo plano: 43 filas tratadas como un unico bloque sin roles (kernel geomean por fila)
[PREPROC PHASES] metadata_s=1.346e-06 diagnostico_s=8.954e-06 aplicacion_s=1.4884e-05
Archivo LP guardado en: /home/mathiasr/Escritorio/generator-aware-row-scaling/results-revision/research-audit/identifiability-confirmatory/R1_S3_coupling/lp/coupling_S3_seed20260911_FlatGM.lp
[PREPROC] modo plano: 43 filas tratadas como un unico bloque sin roles (kernel geomean por fila)
[PREPROC PHASES] metadata_s=1.165e-06 diagnostico_s=8.371e-06 aplicacion_s=1.4358e-05
Archivo LP guardado en: /home/mathiasr/Escritorio/generator-aware-row-scaling/results-revision/research-audit/identifiability-confirmatory/R1_S3_coupling/lp/coupling_S3_seed20260911_FlatL2.lp
[PREPROC PHASES] metadata_s=1.9187e-05 diagnostico_s=1.5275e-05 aplicacion_s=1.6676e-05
Archivo LP guardado en: /home/mathiasr/Escritorio/generator-aware-row-scaling/results-revision/research-audit/identifiability-confirmatory/R1_S3_coupling/lp/coupling_S3_seed20260911_RoleHybrid.lp
[PREPROC PHASES] metadata_s=1.211e-05 diagnostico_s=1.0477e-05 aplicacion_s=2.7266e-05
Archivo LP guardado en: /home/mathiasr/Escritorio/generator-aware-row-scaling/results-revision/research-audit/identifiability-confirmatory/R1_S3_coupling/lp/coupling_S3_seed20260911_SAMatpermB.lp
Archivo LP guardado en: /home/mathiasr/Escritorio/generator-aware-row-scaling/results-revision/research-audit/identifiability-confirmatory/R1_S3_coupling/lp/coupling_S3_seed20260912_Base.lp
[PREPROC PHASES] metadata_s=1.149e-05 diagnostico_s=9.71e-06 aplicacion_s=1.1264e-05
Archivo LP guardado en: /home/mathiasr/Escritorio/generator-aware-row-scaling/results-revision/research-audit/identifiability-confirmatory/R1_S3_coupling/lp/coupling_S3_seed20260912_SAMat.lp
[PREPROC] modo plano: 43 filas tratadas como un unico bloque sin roles (kernel geomean por fila)
[PREPROC PHASES] metadata_s=1.703e-06 diagnostico_s=5.883e-06 aplicacion_s=8.253e-06
Archivo LP guardado en: /home/mathiasr/Escritorio/generator-aware-row-scaling/results-revision/research-audit/identifiability-confirmatory/R1_S3_coupling/lp/coupling_S3_seed20260912_FlatGM.lp
[PREPROC] modo plano: 43 filas tratadas como un unico bloque sin roles (kernel geomean por fila)
[PREPROC PHASES] metadata_s=7.03e-07 diagnostico_s=4.928e-06 aplicacion_s=8.428e-06
Archivo LP guardado en: /home/mathiasr/Escritorio/generator-aware-row-scaling/results-revision/research-audit/identifiability-confirmatory/R1_S3_coupling/lp/coupling_S3_seed20260912_FlatL2.lp
[PREPROC PHASES] metadata_s=1.1921e-05 diagnostico_s=9.599e-06 aplicacion_s=9.983e-06
Archivo LP guardado en: /home/mathiasr/Escritorio/generator-aware-row-scaling/results-revision/research-audit/identifiability-confirmatory/R1_S3_coupling/lp/coupling_S3_seed20260912_RoleHybrid.lp
[PREPROC PHASES] metadata_s=1.2055e-05 diagnostico_s=9.605e-06 aplicacion_s=1.818e-05
Archivo LP guardado en: /home/mathiasr/Escritorio/generator-aware-row-scaling/results-revision/research-audit/identifiability-confirmatory/R1_S3_coupling/lp/coupling_S3_seed20260912_SAMatpermB.lp
Archivo LP guardado en: /home/mathiasr/Escritorio/generator-aware-row-scaling/results-revision/research-audit/identifiability-confirmatory/R1_S3_coupling/lp/coupling_S3_seed20260913_Base.lp
[PREPROC PHASES] metadata_s=1.3733e-05 diagnostico_s=1.0086e-05 aplicacion_s=1.1035e-05
Archivo LP guardado en: /home/mathiasr/Escritorio/generator-aware-row-scaling/results-revision/research-audit/identifiability-confirmatory/R1_S3_coupling/lp/coupling_S3_seed20260913_SAMat.lp
[PREPROC] modo plano: 43 filas tratadas como un unico bloque sin roles (kernel geomean por fila)
[PREPROC PHASES] metadata_s=8.87e-07 diagnostico_s=4.898e-06 aplicacion_s=8.31e-06
Archivo LP guardado en: /home/mathiasr/Escritorio/generator-aware-row-scaling/results-revision/research-audit/identifiability-confirmatory/R1_S3_coupling/lp/coupling_S3_seed20260913_FlatGM.lp
[PREPROC] modo plano: 43 filas tratadas como un unico bloque sin roles (kernel geomean por fila)
[PREPROC PHASES] metadata_s=7.86e-07 diagnostico_s=4.961e-06 aplicacion_s=8.782e-06
Archivo LP guardado en: /home/mathiasr/Escritorio/generator-aware-row-scaling/results-revision/research-audit/identifiability-confirmatory/R1_S3_coupling/lp/coupling_S3_seed20260913_FlatL2.lp
[PREPROC PHASES] metadata_s=1.3787e-05 diagnostico_s=9.759e-06 aplicacion_s=9.473e-06
Archivo LP guardado en: /home/mathiasr/Escritorio/generator-aware-row-scaling/results-revision/research-audit/identifiability-confirmatory/R1_S3_coupling/lp/coupling_S3_seed20260913_RoleHybrid.lp
[PREPROC PHASES] metadata_s=1.5083e-05 diagnostico_s=1.2382e-05 aplicacion_s=2.7311e-05
Archivo LP guardado en: /home/mathiasr/Escritorio/generator-aware-row-scaling/results-revision/research-audit/identifiability-confirmatory/R1_S3_coupling/lp/coupling_S3_seed20260913_SAMatpermB.lp
Archivo LP guardado en: /home/mathiasr/Escritorio/generator-aware-row-scaling/results-revision/research-audit/identifiability-confirmatory/R1_S3_coupling/lp/coupling_S3_seed20260914_Base.lp
[PREPROC PHASES] metadata_s=1.4934e-05 diagnostico_s=1.273e-05 aplicacion_s=1.6508e-05
Archivo LP guardado en: /home/mathiasr/Escritorio/generator-aware-row-scaling/results-revision/research-audit/identifiability-confirmatory/R1_S3_coupling/lp/coupling_S3_seed20260914_SAMat.lp
[PREPROC] modo plano: 43 filas tratadas como un unico bloque sin roles (kernel geomean por fila)
[PREPROC PHASES] metadata_s=1.39e-06 diagnostico_s=7.293e-06 aplicacion_s=1.1466e-05
Archivo LP guardado en: /home/mathiasr/Escritorio/generator-aware-row-scaling/results-revision/research-audit/identifiability-confirmatory/R1_S3_coupling/lp/coupling_S3_seed20260914_FlatGM.lp
[PREPROC] modo plano: 43 filas tratadas como un unico bloque sin roles (kernel geomean por fila)
[PREPROC PHASES] metadata_s=9.24e-07 diagnostico_s=6.145e-06 aplicacion_s=1.0545e-05
Archivo LP guardado en: /home/mathiasr/Escritorio/generator-aware-row-scaling/results-revision/research-audit/identifiability-confirmatory/R1_S3_coupling/lp/coupling_S3_seed20260914_FlatL2.lp
[PREPROC PHASES] metadata_s=1.4253e-05 diagnostico_s=1.1131e-05 aplicacion_s=1.2193e-05
Archivo LP guardado en: /home/mathiasr/Escritorio/generator-aware-row-scaling/results-revision/research-audit/identifiability-confirmatory/R1_S3_coupling/lp/coupling_S3_seed20260914_RoleHybrid.lp
[PREPROC PHASES] metadata_s=1.3899e-05 diagnostico_s=1.0718e-05 aplicacion_s=2.2819e-05
Archivo LP guardado en: /home/mathiasr/Escritorio/generator-aware-row-scaling/results-revision/research-audit/identifiability-confirmatory/R1_S3_coupling/lp/coupling_S3_seed20260914_SAMatpermB.lp
Archivo LP guardado en: /home/mathiasr/Escritorio/generator-aware-row-scaling/results-revision/research-audit/identifiability-confirmatory/R1_S3_coupling/lp/coupling_S3_seed20260915_Base.lp
[PREPROC PHASES] metadata_s=1.5065e-05 diagnostico_s=1.1666e-05 aplicacion_s=1.2604e-05
Archivo LP guardado en: /home/mathiasr/Escritorio/generator-aware-row-scaling/results-revision/research-audit/identifiability-confirmatory/R1_S3_coupling/lp/coupling_S3_seed20260915_SAMat.lp
[PREPROC] modo plano: 43 filas tratadas como un unico bloque sin roles (kernel geomean por fila)
[PREPROC PHASES] metadata_s=9.03e-07 diagnostico_s=6.319e-06 aplicacion_s=1.0093e-05
Archivo LP guardado en: /home/mathiasr/Escritorio/generator-aware-row-scaling/results-revision/research-audit/identifiability-confirmatory/R1_S3_coupling/lp/coupling_S3_seed20260915_FlatGM.lp
[PREPROC] modo plano: 43 filas tratadas como un unico bloque sin roles (kernel geomean por fila)
[PREPROC PHASES] metadata_s=7.27e-07 diagnostico_s=5.717e-06 aplicacion_s=9.404e-06
Archivo LP guardado en: /home/mathiasr/Escritorio/generator-aware-row-scaling/results-revision/research-audit/identifiability-confirmatory/R1_S3_coupling/lp/coupling_S3_seed20260915_FlatL2.lp
[PREPROC PHASES] metadata_s=1.4391e-05 diagnostico_s=1.201e-05 aplicacion_s=1.233e-05
Archivo LP guardado en: /home/mathiasr/Escritorio/generator-aware-row-scaling/results-revision/research-audit/identifiability-confirmatory/R1_S3_coupling/lp/coupling_S3_seed20260915_RoleHybrid.lp
[PREPROC PHASES] metadata_s=1.4254e-05 diagnostico_s=1.0753e-05 aplicacion_s=2.2243e-05
Archivo LP guardado en: /home/mathiasr/Escritorio/generator-aware-row-scaling/results-revision/research-audit/identifiability-confirmatory/R1_S3_coupling/lp/coupling_S3_seed20260915_SAMatpermB.lp
Archivo LP guardado en: /home/mathiasr/Escritorio/generator-aware-row-scaling/results-revision/research-audit/identifiability-confirmatory/R1_S3_coupling/lp/coupling_S3_seed20260916_Base.lp
[PREPROC PHASES] metadata_s=1.3953e-05 diagnostico_s=1.1295e-05 aplicacion_s=1.2285e-05
Archivo LP guardado en: /home/mathiasr/Escritorio/generator-aware-row-scaling/results-revision/research-audit/identifiability-confirmatory/R1_S3_coupling/lp/coupling_S3_seed20260916_SAMat.lp
[PREPROC] modo plano: 43 filas tratadas como un unico bloque sin roles (kernel geomean por fila)
[PREPROC PHASES] metadata_s=9.22e-07 diagnostico_s=6.539e-06 aplicacion_s=9.673e-06
Archivo LP guardado en: /home/mathiasr/Escritorio/generator-aware-row-scaling/results-revision/research-audit/identifiability-confirmatory/R1_S3_coupling/lp/coupling_S3_seed20260916_FlatGM.lp
[PREPROC] modo plano: 43 filas tratadas como un unico bloque sin roles (kernel geomean por fila)
[PREPROC PHASES] metadata_s=7.88e-07 diagnostico_s=6.118e-06 aplicacion_s=9.242e-06
Archivo LP guardado en: /home/mathiasr/Escritorio/generator-aware-row-scaling/results-revision/research-audit/identifiability-confirmatory/R1_S3_coupling/lp/coupling_S3_seed20260916_FlatL2.lp
[PREPROC PHASES] metadata_s=1.3951e-05 diagnostico_s=1.1135e-05 aplicacion_s=1.1613e-05
Archivo LP guardado en: /home/mathiasr/Escritorio/generator-aware-row-scaling/results-revision/research-audit/identifiability-confirmatory/R1_S3_coupling/lp/coupling_S3_seed20260916_RoleHybrid.lp
[PREPROC PHASES] metadata_s=1.4204e-05 diagnostico_s=1.0581e-05 aplicacion_s=2.0953e-05
Archivo LP guardado en: /home/mathiasr/Escritorio/generator-aware-row-scaling/results-revision/research-audit/identifiability-confirmatory/R1_S3_coupling/lp/coupling_S3_seed20260916_SAMatpermB.lp
Archivo LP guardado en: /home/mathiasr/Escritorio/generator-aware-row-scaling/results-revision/research-audit/identifiability-confirmatory/R1_S3_coupling/lp/coupling_S3_seed20260917_Base.lp
[PREPROC PHASES] metadata_s=1.4011e-05 diagnostico_s=1.1173e-05 aplicacion_s=1.2798e-05
Archivo LP guardado en: /home/mathiasr/Escritorio/generator-aware-row-scaling/results-revision/research-audit/identifiability-confirmatory/R1_S3_coupling/lp/coupling_S3_seed20260917_SAMat.lp
[PREPROC] modo plano: 43 filas tratadas como un unico bloque sin roles (kernel geomean por fila)
[PREPROC PHASES] metadata_s=8.6e-07 diagnostico_s=5.751e-06 aplicacion_s=1.0222e-05
Archivo LP guardado en: /home/mathiasr/Escritorio/generator-aware-row-scaling/results-revision/research-audit/identifiability-confirmatory/R1_S3_coupling/lp/coupling_S3_seed20260917_FlatGM.lp
[PREPROC] modo plano: 43 filas tratadas como un unico bloque sin roles (kernel geomean por fila)
[PREPROC PHASES] metadata_s=7.64e-07 diagnostico_s=5.665e-06 aplicacion_s=9.519e-06
Archivo LP guardado en: /home/mathiasr/Escritorio/generator-aware-row-scaling/results-revision/research-audit/identifiability-confirmatory/R1_S3_coupling/lp/coupling_S3_seed20260917_FlatL2.lp
[PREPROC PHASES] metadata_s=1.3395e-05 diagnostico_s=1.1024e-05 aplicacion_s=1.1305e-05
Archivo LP guardado en: /home/mathiasr/Escritorio/generator-aware-row-scaling/results-revision/research-audit/identifiability-confirmatory/R1_S3_coupling/lp/coupling_S3_seed20260917_RoleHybrid.lp
[PREPROC PHASES] metadata_s=1.2287e-05 diagnostico_s=9.283e-06 aplicacion_s=1.8189e-05
Archivo LP guardado en: /home/mathiasr/Escritorio/generator-aware-row-scaling/results-revision/research-audit/identifiability-confirmatory/R1_S3_coupling/lp/coupling_S3_seed20260917_SAMatpermB.lp
Archivo LP guardado en: /home/mathiasr/Escritorio/generator-aware-row-scaling/results-revision/research-audit/identifiability-confirmatory/R1_S3_coupling/lp/coupling_S3_seed20260918_Base.lp
[PREPROC PHASES] metadata_s=1.1645e-05 diagnostico_s=9.261e-06 aplicacion_s=1.1251e-05
Archivo LP guardado en: /home/mathiasr/Escritorio/generator-aware-row-scaling/results-revision/research-audit/identifiability-confirmatory/R1_S3_coupling/lp/coupling_S3_seed20260918_SAMat.lp
[PREPROC] modo plano: 43 filas tratadas como un unico bloque sin roles (kernel geomean por fila)
[PREPROC PHASES] metadata_s=7.16e-07 diagnostico_s=5.077e-06 aplicacion_s=8.706e-06
Archivo LP guardado en: /home/mathiasr/Escritorio/generator-aware-row-scaling/results-revision/research-audit/identifiability-confirmatory/R1_S3_coupling/lp/coupling_S3_seed20260918_FlatGM.lp
[PREPROC] modo plano: 43 filas tratadas como un unico bloque sin roles (kernel geomean por fila)
[PREPROC PHASES] metadata_s=6.55e-07 diagnostico_s=4.663e-06 aplicacion_s=8.134e-06
Archivo LP guardado en: /home/mathiasr/Escritorio/generator-aware-row-scaling/results-revision/research-audit/identifiability-confirmatory/R1_S3_coupling/lp/coupling_S3_seed20260918_FlatL2.lp
[PREPROC PHASES] metadata_s=1.1378e-05 diagnostico_s=9.317e-06 aplicacion_s=9.482e-06
Archivo LP guardado en: /home/mathiasr/Escritorio/generator-aware-row-scaling/results-revision/research-audit/identifiability-confirmatory/R1_S3_coupling/lp/coupling_S3_seed20260918_RoleHybrid.lp
[PREPROC PHASES] metadata_s=1.0163e-05 diagnostico_s=7.788e-06 aplicacion_s=1.6043e-05
Archivo LP guardado en: /home/mathiasr/Escritorio/generator-aware-row-scaling/results-revision/research-audit/identifiability-confirmatory/R1_S3_coupling/lp/coupling_S3_seed20260918_SAMatpermB.lp
[32m[success] Benchmark sintético: 60 corridas (instancia × variante). CSV: /home/mathiasr/Escritorio/generator-aware-row-scaling/results-revision/research-audit/identifiability-confirmatory/R1_S3_coupling/metrics.csv[0m
> [32m[success] Saliendo del programa...[0m
[32m[success] SystemController destruido[0m
