LP Base has 23763 rows; 16561 cols; 57555 nonzeros
Coefficient ranges:
  Matrix  [6e-04, 1e+10]
  Cost    [5e-04, 1e+02]
  Bound   [1e+00, 1e+10]
  RHS     [5e+00, 1e+10]
WARNING: Problem has some excessively large column bounds
WARNING: Problem has some excessively large row bounds
WARNING:    Consider scaling the    bounds by 1e-5, or setting the user_bound_scale option to -14
Presolving model
23395 rows, 16551 cols, 57161 nonzeros 0s
Dependent equations search running on 2512 equations with time limit of 3.00s
Dependent equations search removed 0 rows and 0 nonzeros in 0.00s (limit = 3.00s)
22307 rows, 15471 cols, 54985 nonzeros 0s
Presolve reductions: rows 22307(-1456); columns 15471(-1090); nonzeros 54985(-2570) 
Solving the presolved LP
Using dual simplex solver
  Iteration        Objective     Infeasibilities num(sum)
          0    -2.0000000000e+03 Ph1: 3(1500); Du: 1(2) 0.1s
      12337    -1.2985487706e+06 Pr: 4876(1.95272e+10); Du: 0(2.25289e-07) 5.6s
      17360    -7.2635840008e+05 Pr: 3776(1.71275e+09) 11.1s
      20599    -5.7689585183e+05 Pr: 1854(2.36888e+09) 16.2s
      22338    -5.4765986516e+05 Pr: 0(0) 18.8s
      22338    -5.4765986516e+05 Pr: 0(0) 18.8s

Performed postsolve
Solving the original LP from the solution after postsolve

Model name          : Base
Model status        : Optimal
Simplex   iterations: 22338
Objective value     : -5.4765986516e+05
P-D objective error :  2.7633900133e-15
HiGHS run time      :         18.89
