[32m[success] SystemController creado[0m
> Archivo LP guardado en: /home/mathiasr/Escritorio/generator-aware-row-scaling/results-revision/research-audit/identifiability-confirmatory/R2_S3_mixed/lp/mixed_S3_seed20260909_Base.lp
[PREPROC PHASES] metadata_s=7.568e-06 diagnostico_s=7.639e-06 aplicacion_s=9.039e-06
Archivo LP guardado en: /home/mathiasr/Escritorio/generator-aware-row-scaling/results-revision/research-audit/identifiability-confirmatory/R2_S3_mixed/lp/mixed_S3_seed20260909_SAMat.lp
[PREPROC] modo plano: 43 filas tratadas como un unico bloque sin roles (kernel geomean por fila)
[PREPROC PHASES] metadata_s=9.22e-07 diagnostico_s=4.175e-06 aplicacion_s=5.703e-06
Archivo LP guardado en: /home/mathiasr/Escritorio/generator-aware-row-scaling/results-revision/research-audit/identifiability-confirmatory/R2_S3_mixed/lp/mixed_S3_seed20260909_FlatGM.lp
[PREPROC] modo plano: 43 filas tratadas como un unico bloque sin roles (kernel geomean por fila)
[PREPROC PHASES] metadata_s=4.46e-07 diagnostico_s=3.521e-06 aplicacion_s=5.681e-06
Archivo LP guardado en: /home/mathiasr/Escritorio/generator-aware-row-scaling/results-revision/research-audit/identifiability-confirmatory/R2_S3_mixed/lp/mixed_S3_seed20260909_FlatL2.lp
[PREPROC PHASES] metadata_s=7.6e-06 diagnostico_s=6.747e-06 aplicacion_s=6.445e-06
Archivo LP guardado en: /home/mathiasr/Escritorio/generator-aware-row-scaling/results-revision/research-audit/identifiability-confirmatory/R2_S3_mixed/lp/mixed_S3_seed20260909_RoleHybrid.lp
[PREPROC PHASES] metadata_s=7.609e-06 diagnostico_s=6.307e-06 aplicacion_s=1.2116e-05
Archivo LP guardado en: /home/mathiasr/Escritorio/generator-aware-row-scaling/results-revision/research-audit/identifiability-confirmatory/R2_S3_mixed/lp/mixed_S3_seed20260909_SAMatpermB.lp
Archivo LP guardado en: /home/mathiasr/Escritorio/generator-aware-row-scaling/results-revision/research-audit/identifiability-confirmatory/R2_S3_mixed/lp/mixed_S3_seed20260910_Base.lp
[PREPROC PHASES] metadata_s=7.143e-06 diagnostico_s=6.085e-06 aplicacion_s=6.932e-06
Archivo LP guardado en: /home/mathiasr/Escritorio/generator-aware-row-scaling/results-revision/research-audit/identifiability-confirmatory/R2_S3_mixed/lp/mixed_S3_seed20260910_SAMat.lp
[PREPROC] modo plano: 43 filas tratadas como un unico bloque sin roles (kernel geomean por fila)
[PREPROC PHASES] metadata_s=4.42e-07 diagnostico_s=3.691e-06 aplicacion_s=5.51e-06
Archivo LP guardado en: /home/mathiasr/Escritorio/generator-aware-row-scaling/results-revision/research-audit/identifiability-confirmatory/R2_S3_mixed/lp/mixed_S3_seed20260910_FlatGM.lp
[PREPROC] modo plano: 43 filas tratadas como un unico bloque sin roles (kernel geomean por fila)
[PREPROC PHASES] metadata_s=3.99e-07 diagnostico_s=3.244e-06 aplicacion_s=5.316e-06
Archivo LP guardado en: /home/mathiasr/Escritorio/generator-aware-row-scaling/results-revision/research-audit/identifiability-confirmatory/R2_S3_mixed/lp/mixed_S3_seed20260910_FlatL2.lp
[PREPROC PHASES] metadata_s=7.706e-06 diagnostico_s=5.979e-06 aplicacion_s=6.186e-06
Archivo LP guardado en: /home/mathiasr/Escritorio/generator-aware-row-scaling/results-revision/research-audit/identifiability-confirmatory/R2_S3_mixed/lp/mixed_S3_seed20260910_RoleHybrid.lp
[PREPROC PHASES] metadata_s=7.29e-06 diagnostico_s=5.671e-06 aplicacion_s=1.1176e-05
Archivo LP guardado en: /home/mathiasr/Escritorio/generator-aware-row-scaling/results-revision/research-audit/identifiability-confirmatory/R2_S3_mixed/lp/mixed_S3_seed20260910_SAMatpermB.lp
Archivo LP guardado en: /home/mathiasr/Escritorio/generator-aware-row-scaling/results-revision/research-audit/identifiability-confirmatory/R2_S3_mixed/lp/mixed_S3_seed20260911_Base.lp
[PREPROC PHASES] metadata_s=7.424e-06 diagnostico_s=6.5e-06 aplicacion_s=6.64e-06
Archivo LP guardado en: /home/mathiasr/Escritorio/generator-aware-row-scaling/results-revision/research-audit/identifiability-confirmatory/R2_S3_mixed/lp/mixed_S3_seed20260911_SAMat.lp
[PREPROC] modo plano: 43 filas tratadas como un unico bloque sin roles (kernel geomean por fila)
[PREPROC PHASES] metadata_s=4.64e-07 diagnostico_s=2.999e-06 aplicacion_s=5.171e-06
Archivo LP guardado en: /home/mathiasr/Escritorio/generator-aware-row-scaling/results-revision/research-audit/identifiability-confirmatory/R2_S3_mixed/lp/mixed_S3_seed20260911_FlatGM.lp
[PREPROC] modo plano: 43 filas tratadas como un unico bloque sin roles (kernel geomean por fila)
[PREPROC PHASES] metadata_s=3.96e-07 diagnostico_s=3.365e-06 aplicacion_s=5.286e-06
Archivo LP guardado en: /home/mathiasr/Escritorio/generator-aware-row-scaling/results-revision/research-audit/identifiability-confirmatory/R2_S3_mixed/lp/mixed_S3_seed20260911_FlatL2.lp
[PREPROC PHASES] metadata_s=7.266e-06 diagnostico_s=6.801e-06 aplicacion_s=6.039e-06
Archivo LP guardado en: /home/mathiasr/Escritorio/generator-aware-row-scaling/results-revision/research-audit/identifiability-confirmatory/R2_S3_mixed/lp/mixed_S3_seed20260911_RoleHybrid.lp
[PREPROC PHASES] metadata_s=7.364e-06 diagnostico_s=6.277e-06 aplicacion_s=1.1049e-05
Archivo LP guardado en: /home/mathiasr/Escritorio/generator-aware-row-scaling/results-revision/research-audit/identifiability-confirmatory/R2_S3_mixed/lp/mixed_S3_seed20260911_SAMatpermB.lp
Archivo LP guardado en: /home/mathiasr/Escritorio/generator-aware-row-scaling/results-revision/research-audit/identifiability-confirmatory/R2_S3_mixed/lp/mixed_S3_seed20260912_Base.lp
[PREPROC PHASES] metadata_s=7.72e-06 diagnostico_s=5.862e-06 aplicacion_s=6.764e-06
Archivo LP guardado en: /home/mathiasr/Escritorio/generator-aware-row-scaling/results-revision/research-audit/identifiability-confirmatory/R2_S3_mixed/lp/mixed_S3_seed20260912_SAMat.lp
[PREPROC] modo plano: 43 filas tratadas como un unico bloque sin roles (kernel geomean por fila)
[PREPROC PHASES] metadata_s=4.07e-07 diagnostico_s=3.585e-06 aplicacion_s=5.772e-06
Archivo LP guardado en: /home/mathiasr/Escritorio/generator-aware-row-scaling/results-revision/research-audit/identifiability-confirmatory/R2_S3_mixed/lp/mixed_S3_seed20260912_FlatGM.lp
[PREPROC] modo plano: 43 filas tratadas como un unico bloque sin roles (kernel geomean por fila)
[PREPROC PHASES] metadata_s=3.51e-07 diagnostico_s=3.274e-06 aplicacion_s=5.528e-06
Archivo LP guardado en: /home/mathiasr/Escritorio/generator-aware-row-scaling/results-revision/research-audit/identifiability-confirmatory/R2_S3_mixed/lp/mixed_S3_seed20260912_FlatL2.lp
[PREPROC PHASES] metadata_s=7.102e-06 diagnostico_s=5.85e-06 aplicacion_s=6.144e-06
Archivo LP guardado en: /home/mathiasr/Escritorio/generator-aware-row-scaling/results-revision/research-audit/identifiability-confirmatory/R2_S3_mixed/lp/mixed_S3_seed20260912_RoleHybrid.lp
[PREPROC PHASES] metadata_s=7.094e-06 diagnostico_s=5.773e-06 aplicacion_s=1.1458e-05
Archivo LP guardado en: /home/mathiasr/Escritorio/generator-aware-row-scaling/results-revision/research-audit/identifiability-confirmatory/R2_S3_mixed/lp/mixed_S3_seed20260912_SAMatpermB.lp
Archivo LP guardado en: /home/mathiasr/Escritorio/generator-aware-row-scaling/results-revision/research-audit/identifiability-confirmatory/R2_S3_mixed/lp/mixed_S3_seed20260913_Base.lp
[PREPROC PHASES] metadata_s=7.183e-06 diagnostico_s=6.212e-06 aplicacion_s=6.796e-06
Archivo LP guardado en: /home/mathiasr/Escritorio/generator-aware-row-scaling/results-revision/research-audit/identifiability-confirmatory/R2_S3_mixed/lp/mixed_S3_seed20260913_SAMat.lp
[PREPROC] modo plano: 43 filas tratadas como un unico bloque sin roles (kernel geomean por fila)
[PREPROC PHASES] metadata_s=4.15e-07 diagnostico_s=3.048e-06 aplicacion_s=5.413e-06
Archivo LP guardado en: /home/mathiasr/Escritorio/generator-aware-row-scaling/results-revision/research-audit/identifiability-confirmatory/R2_S3_mixed/lp/mixed_S3_seed20260913_FlatGM.lp
[PREPROC] modo plano: 43 filas tratadas como un unico bloque sin roles (kernel geomean por fila)
[PREPROC PHASES] metadata_s=4.08e-07 diagnostico_s=3.317e-06 aplicacion_s=5.002e-06
Archivo LP guardado en: /home/mathiasr/Escritorio/generator-aware-row-scaling/results-revision/research-audit/identifiability-confirmatory/R2_S3_mixed/lp/mixed_S3_seed20260913_FlatL2.lp
[PREPROC PHASES] metadata_s=7.15e-06 diagnostico_s=5.945e-06 aplicacion_s=5.841e-06
Archivo LP guardado en: /home/mathiasr/Escritorio/generator-aware-row-scaling/results-revision/research-audit/identifiability-confirmatory/R2_S3_mixed/lp/mixed_S3_seed20260913_RoleHybrid.lp
[PREPROC PHASES] metadata_s=7.414e-06 diagnostico_s=5.935e-06 aplicacion_s=1.0649e-05
Archivo LP guardado en: /home/mathiasr/Escritorio/generator-aware-row-scaling/results-revision/research-audit/identifiability-confirmatory/R2_S3_mixed/lp/mixed_S3_seed20260913_SAMatpermB.lp
Archivo LP guardado en: /home/mathiasr/Escritorio/generator-aware-row-scaling/results-revision/research-audit/identifiability-confirmatory/R2_S3_mixed/lp/mixed_S3_seed20260914_Base.lp
[PREPROC PHASES] metadata_s=7.328e-06 diagnostico_s=6.104e-06 aplicacion_s=6.389e-06
Archivo LP guardado en: /home/mathiasr/Escritorio/generator-aware-row-scaling/results-revision/research-audit/identifiability-confirmatory/R2_S3_mixed/lp/mixed_S3_seed20260914_SAMat.lp
[PREPROC] modo plano: 43 filas tratadas como un unico bloque sin roles (kernel geomean por fila)
[PREPROC PHASES] metadata_s=3.86e-07 diagnostico_s=2.932e-06 aplicacion_s=5.037e-06
Archivo LP guardado en: /home/mathiasr/Escritorio/generator-aware-row-scaling/results-revision/research-audit/identifiability-confirmatory/R2_S3_mixed/lp/mixed_S3_seed20260914_FlatGM.lp
[PREPROC] modo plano: 43 filas tratadas como un unico bloque sin roles (kernel geomean por fila)
[PREPROC PHASES] metadata_s=3.54e-07 diagnostico_s=3.291e-06 aplicacion_s=5.335e-06
Archivo LP guardado en: /home/mathiasr/Escritorio/generator-aware-row-scaling/results-revision/research-audit/identifiability-confirmatory/R2_S3_mixed/lp/mixed_S3_seed20260914_FlatL2.lp
[PREPROC PHASES] metadata_s=7.398e-06 diagnostico_s=5.802e-06 aplicacion_s=5.533e-06
Archivo LP guardado en: /home/mathiasr/Escritorio/generator-aware-row-scaling/results-revision/research-audit/identifiability-confirmatory/R2_S3_mixed/lp/mixed_S3_seed20260914_RoleHybrid.lp
[PREPROC PHASES] metadata_s=9.756e-06 diagnostico_s=5.841e-06 aplicacion_s=1.0726e-05
Archivo LP guardado en: /home/mathiasr/Escritorio/generator-aware-row-scaling/results-revision/research-audit/identifiability-confirmatory/R2_S3_mixed/lp/mixed_S3_seed20260914_SAMatpermB.lp
Archivo LP guardado en: /home/mathiasr/Escritorio/generator-aware-row-scaling/results-revision/research-audit/identifiability-confirmatory/R2_S3_mixed/lp/mixed_S3_seed20260915_Base.lp
[PREPROC PHASES] metadata_s=7.228e-06 diagnostico_s=6.52e-06 aplicacion_s=6.443e-06
Archivo LP guardado en: /home/mathiasr/Escritorio/generator-aware-row-scaling/results-revision/research-audit/identifiability-confirmatory/R2_S3_mixed/lp/mixed_S3_seed20260915_SAMat.lp
[PREPROC] modo plano: 43 filas tratadas como un unico bloque sin roles (kernel geomean por fila)
[PREPROC PHASES] metadata_s=4.35e-07 diagnostico_s=2.986e-06 aplicacion_s=5.261e-06
Archivo LP guardado en: /home/mathiasr/Escritorio/generator-aware-row-scaling/results-revision/research-audit/identifiability-confirmatory/R2_S3_mixed/lp/mixed_S3_seed20260915_FlatGM.lp
[PREPROC] modo plano: 43 filas tratadas como un unico bloque sin roles (kernel geomean por fila)
[PREPROC PHASES] metadata_s=4.29e-07 diagnostico_s=3.36e-06 aplicacion_s=5.404e-06
Archivo LP guardado en: /home/mathiasr/Escritorio/generator-aware-row-scaling/results-revision/research-audit/identifiability-confirmatory/R2_S3_mixed/lp/mixed_S3_seed20260915_FlatL2.lp
[PREPROC PHASES] metadata_s=7.252e-06 diagnostico_s=6.373e-06 aplicacion_s=5.853e-06
Archivo LP guardado en: /home/mathiasr/Escritorio/generator-aware-row-scaling/results-revision/research-audit/identifiability-confirmatory/R2_S3_mixed/lp/mixed_S3_seed20260915_RoleHybrid.lp
[PREPROC PHASES] metadata_s=7.238e-06 diagnostico_s=6.215e-06 aplicacion_s=1.0853e-05
Archivo LP guardado en: /home/mathiasr/Escritorio/generator-aware-row-scaling/results-revision/research-audit/identifiability-confirmatory/R2_S3_mixed/lp/mixed_S3_seed20260915_SAMatpermB.lp
Archivo LP guardado en: /home/mathiasr/Escritorio/generator-aware-row-scaling/results-revision/research-audit/identifiability-confirmatory/R2_S3_mixed/lp/mixed_S3_seed20260916_Base.lp
[PREPROC PHASES] metadata_s=7.526e-06 diagnostico_s=6.177e-06 aplicacion_s=6.482e-06
Archivo LP guardado en: /home/mathiasr/Escritorio/generator-aware-row-scaling/results-revision/research-audit/identifiability-confirmatory/R2_S3_mixed/lp/mixed_S3_seed20260916_SAMat.lp
[PREPROC] modo plano: 43 filas tratadas como un unico bloque sin roles (kernel geomean por fila)
[PREPROC PHASES] metadata_s=4.38e-07 diagnostico_s=2.923e-06 aplicacion_s=5.212e-06
Archivo LP guardado en: /home/mathiasr/Escritorio/generator-aware-row-scaling/results-revision/research-audit/identifiability-confirmatory/R2_S3_mixed/lp/mixed_S3_seed20260916_FlatGM.lp
[PREPROC] modo plano: 43 filas tratadas como un unico bloque sin roles (kernel geomean por fila)
[PREPROC PHASES] metadata_s=3.4e-07 diagnostico_s=3.307e-06 aplicacion_s=5.266e-06
Archivo LP guardado en: /home/mathiasr/Escritorio/generator-aware-row-scaling/results-revision/research-audit/identifiability-confirmatory/R2_S3_mixed/lp/mixed_S3_seed20260916_FlatL2.lp
[PREPROC PHASES] metadata_s=7.182e-06 diagnostico_s=5.962e-06 aplicacion_s=5.99e-06
Archivo LP guardado en: /home/mathiasr/Escritorio/generator-aware-row-scaling/results-revision/research-audit/identifiability-confirmatory/R2_S3_mixed/lp/mixed_S3_seed20260916_RoleHybrid.lp
[PREPROC PHASES] metadata_s=7.173e-06 diagnostico_s=5.985e-06 aplicacion_s=1.0702e-05
Archivo LP guardado en: /home/mathiasr/Escritorio/generator-aware-row-scaling/results-revision/research-audit/identifiability-confirmatory/R2_S3_mixed/lp/mixed_S3_seed20260916_SAMatpermB.lp
Archivo LP guardado en: /home/mathiasr/Escritorio/generator-aware-row-scaling/results-revision/research-audit/identifiability-confirmatory/R2_S3_mixed/lp/mixed_S3_seed20260917_Base.lp
[PREPROC PHASES] metadata_s=7.415e-06 diagnostico_s=6.327e-06 aplicacion_s=6.822e-06
Archivo LP guardado en: /home/mathiasr/Escritorio/generator-aware-row-scaling/results-revision/research-audit/identifiability-confirmatory/R2_S3_mixed/lp/mixed_S3_seed20260917_SAMat.lp
[PREPROC] modo plano: 43 filas tratadas como un unico bloque sin roles (kernel geomean por fila)
[PREPROC PHASES] metadata_s=3.92e-07 diagnostico_s=2.867e-06 aplicacion_s=5.286e-06
Archivo LP guardado en: /home/mathiasr/Escritorio/generator-aware-row-scaling/results-revision/research-audit/identifiability-confirmatory/R2_S3_mixed/lp/mixed_S3_seed20260917_FlatGM.lp
[PREPROC] modo plano: 43 filas tratadas como un unico bloque sin roles (kernel geomean por fila)
[PREPROC PHASES] metadata_s=3.8e-07 diagnostico_s=3.349e-06 aplicacion_s=5.505e-06
Archivo LP guardado en: /home/mathiasr/Escritorio/generator-aware-row-scaling/results-revision/research-audit/identifiability-confirmatory/R2_S3_mixed/lp/mixed_S3_seed20260917_FlatL2.lp
[PREPROC PHASES] metadata_s=7.496e-06 diagnostico_s=6.238e-06 aplicacion_s=6.052e-06
Archivo LP guardado en: /home/mathiasr/Escritorio/generator-aware-row-scaling/results-revision/research-audit/identifiability-confirmatory/R2_S3_mixed/lp/mixed_S3_seed20260917_RoleHybrid.lp
[PREPROC PHASES] metadata_s=7.391e-06 diagnostico_s=5.892e-06 aplicacion_s=1.0771e-05
Archivo LP guardado en: /home/mathiasr/Escritorio/generator-aware-row-scaling/results-revision/research-audit/identifiability-confirmatory/R2_S3_mixed/lp/mixed_S3_seed20260917_SAMatpermB.lp
Archivo LP guardado en: /home/mathiasr/Escritorio/generator-aware-row-scaling/results-revision/research-audit/identifiability-confirmatory/R2_S3_mixed/lp/mixed_S3_seed20260918_Base.lp
[PREPROC PHASES] metadata_s=7.692e-06 diagnostico_s=6.171e-06 aplicacion_s=6.307e-06
Archivo LP guardado en: /home/mathiasr/Escritorio/generator-aware-row-scaling/results-revision/research-audit/identifiability-confirmatory/R2_S3_mixed/lp/mixed_S3_seed20260918_SAMat.lp
[PREPROC] modo plano: 43 filas tratadas como un unico bloque sin roles (kernel geomean por fila)
[PREPROC PHASES] metadata_s=8.53e-07 diagnostico_s=3.992e-06 aplicacion_s=6.813e-06
Archivo LP guardado en: /home/mathiasr/Escritorio/generator-aware-row-scaling/results-revision/research-audit/identifiability-confirmatory/R2_S3_mixed/lp/mixed_S3_seed20260918_FlatGM.lp
[PREPROC] modo plano: 43 filas tratadas como un unico bloque sin roles (kernel geomean por fila)
[PREPROC PHASES] metadata_s=4.51e-07 diagnostico_s=3.414e-06 aplicacion_s=5.612e-06
Archivo LP guardado en: /home/mathiasr/Escritorio/generator-aware-row-scaling/results-revision/research-audit/identifiability-confirmatory/R2_S3_mixed/lp/mixed_S3_seed20260918_FlatL2.lp
[PREPROC PHASES] metadata_s=7.493e-06 diagnostico_s=6.947e-06 aplicacion_s=7.633e-06
Archivo LP guardado en: /home/mathiasr/Escritorio/generator-aware-row-scaling/results-revision/research-audit/identifiability-confirmatory/R2_S3_mixed/lp/mixed_S3_seed20260918_RoleHybrid.lp
[PREPROC PHASES] metadata_s=7.293e-06 diagnostico_s=6.378e-06 aplicacion_s=1.1951e-05
Archivo LP guardado en: /home/mathiasr/Escritorio/generator-aware-row-scaling/results-revision/research-audit/identifiability-confirmatory/R2_S3_mixed/lp/mixed_S3_seed20260918_SAMatpermB.lp
[32m[success] Benchmark sintético: 60 corridas (instancia × variante). CSV: /home/mathiasr/Escritorio/generator-aware-row-scaling/results-revision/research-audit/identifiability-confirmatory/R2_S3_mixed/metrics.csv[0m
> [32m[success] Saliendo del programa...[0m
[32m[success] SystemController destruido[0m
