LP Base has 23763 rows; 16561 cols; 57555 nonzeros
Coefficient ranges:
  Matrix  [2e-04, 1e+10]
  Cost    [1e-04, 1e+02]
  Bound   [1e+00, 1e+10]
  RHS     [5e+00, 8e+09]
WARNING: Problem has some excessively large column bounds
WARNING: Problem has some excessively large row bounds
WARNING:    Consider scaling the    bounds by 1e-5, or setting the user_bound_scale option to -14
Presolving model
23395 rows, 16551 cols, 57161 nonzeros 0s
Dependent equations search running on 2512 equations with time limit of 3.00s
Dependent equations search removed 0 rows and 0 nonzeros in 0.00s (limit = 3.00s)
22280 rows, 15471 cols, 54931 nonzeros 0s
Presolve reductions: rows 22280(-1483); columns 15471(-1090); nonzeros 54931(-2624) 
Solving the presolved LP
Using dual simplex solver
  Iteration        Objective     Infeasibilities num(sum)
          0    -1.0000000000e+03 Ph1: 3(2500); Du: 1(1) 0.1s
       8834    -7.1586708831e+05 Pr: 1693(1.10258e+09); Du: 0(3.07231e-07) 5.3s
      14017    -7.0046039904e+05 Pr: 1432(8.08733e+08); Du: 0(4.48175e-07) 10.4s
      17712    -6.7016938273e+05 Pr: 0(0) 13.7s
      17712    -6.7016938273e+05 Pr: 0(0) 13.7s

Performed postsolve
Solving the original LP from the solution after postsolve

Model name          : Base
Model status        : Optimal
Simplex   iterations: 17712
Objective value     : -6.7016938273e+05
P-D objective error :  1.0162044733e-14
HiGHS run time      :         13.79
