LP Base has 23763 rows; 16561 cols; 57555 nonzeros
Coefficient ranges:
  Matrix  [2e-04, 1e+10]
  Cost    [2e-04, 1e+02]
  Bound   [1e+00, 1e+10]
  RHS     [5e+00, 1e+10]
WARNING: Problem has some excessively large column bounds
WARNING: Problem has some excessively large row bounds
WARNING:    Consider scaling the    bounds by 1e-5, or setting the user_bound_scale option to -14
Presolving model
23395 rows, 16551 cols, 57161 nonzeros 0s
Dependent equations search running on 2512 equations with time limit of 3.00s
Dependent equations search removed 0 rows and 0 nonzeros in 0.00s (limit = 3.00s)
22248 rows, 15471 cols, 54867 nonzeros 0s
Presolve reductions: rows 22248(-1515); columns 15471(-1090); nonzeros 54867(-2688) 
Solving the presolved LP
Using dual simplex solver
  Iteration        Objective     Infeasibilities num(sum)
          0    -1.0000000000e+03 Ph1: 3(1750); Du: 1(1) 0.2s
      10291    -5.3920090738e+05 Pr: 5186(3.9239e+11); Du: 0(2.35217e-07) 5.3s
      13740    -4.4925222220e+05 Pr: 3644(1.1741e+09); Du: 0(1.60943e-07) 10.4s
      17246    -3.7169128655e+05 Pr: 2737(3.86911e+10) 15.4s
      20220    -3.4479479312e+05 Pr: 0(0); Du: 0(4.35987e-08) 18.9s
      20220    -3.4479479312e+05 Pr: 0(0); Du: 0(4.35987e-08) 18.9s
Using primal simplex solver
  Iteration        Objective     Infeasibilities num(sum)
      20220    -3.4479479312e+05 Pr: 0(0); Du: 1(0.000357161) 19.0s
      20221    -3.4479479336e+05 Pr: 0(0) 19.0s

Performed postsolve
Solving the original LP from the solution after postsolve

Model name          : Base
Model status        : Optimal
Simplex   iterations: 20221
Objective value     : -3.4479479336e+05
P-D objective error :  2.5322703950e-16
HiGHS run time      :         19.11
