LP Base has 23763 rows; 16561 cols; 57555 nonzeros
Coefficient ranges:
  Matrix  [3e-04, 1e+10]
  Cost    [3e-04, 1e+02]
  Bound   [1e+00, 1e+10]
  RHS     [5e+00, 1e+10]
WARNING: Problem has some excessively large column bounds
WARNING: Problem has some excessively large row bounds
WARNING:    Consider scaling the    bounds by 1e-5, or setting the user_bound_scale option to -14
Presolving model
23395 rows, 16543 cols, 57137 nonzeros 0s
Dependent equations search running on 2504 equations with time limit of 3.00s
Dependent equations search removed 0 rows and 0 nonzeros in 0.00s (limit = 3.00s)
22291 rows, 15447 cols, 54937 nonzeros 0s
Presolve reductions: rows 22291(-1472); columns 15447(-1114); nonzeros 54937(-2618) 
Solving the presolved LP
Using dual simplex solver
  Iteration        Objective     Infeasibilities num(sum)
          0    -2.0000000000e+03 Ph1: 3(1500); Du: 1(2) 0.1s
       9167    -1.6209889066e+06 Pr: 1996(5.78961e+09); Du: 0(1.00004e-07) 5.2s
      14941    -1.3731278475e+06 Pr: 4523(4.7075e+10) 10.3s
      19583    -1.0666118876e+06 Pr: 0(0); Du: 0(6.72218e-08) 13.9s
      19583    -1.0666118876e+06 Pr: 0(0); Du: 0(6.72218e-08) 13.9s
Using primal simplex solver
  Iteration        Objective     Infeasibilities num(sum)
      19583    -1.0666118876e+06 Pr: 0(0); Du: 1(9.87857e-07) 13.9s
      19586    -1.0666118889e+06 Pr: 0(0) 13.9s

Performed postsolve
Solving the original LP from the solution after postsolve

Model name          : Base
Model status        : Optimal
Simplex   iterations: 19586
Objective value     : -1.0666118889e+06
P-D objective error :  2.0519244603e-14
HiGHS run time      :         13.98
