LP Base has 10080 rows; 6120 cols; 22679 nonzeros
Coefficient ranges:
  Matrix  [6e-04, 1e+10]
  Cost    [1e+00, 1e+02]
  Bound   [1e+00, 4e+09]
  RHS     [1e+01, 1e+10]
WARNING: Problem has some excessively large column bounds
WARNING: Problem has some excessively large row bounds
WARNING:    Consider scaling the    bounds by 1e-4, or setting the user_bound_scale option to -14
Presolving model
9671 rows, 6119 cols, 22220 nonzeros 0s
Dependent equations search running on 720 equations with time limit of 3.00s
Dependent equations search removed 0 rows and 0 nonzeros in 0.00s (limit = 3.00s)
9198 rows, 5759 cols, 21274 nonzeros 0s
Presolve reductions: rows 9198(-882); columns 5759(-361); nonzeros 21274(-1405) 
Solving the presolved LP
Using dual simplex solver
  Iteration        Objective     Infeasibilities num(sum)
          0     0.0000000000e+00 Pr: 1751(8.17249e+07) 0.1s
       4971     3.6712048545e+04 Pr: 0(0) 0.8s
       4971     3.6712048545e+04 Pr: 0(0) 0.8s

Performed postsolve
Solving the original LP from the solution after postsolve

Model name          : Base
Model status        : Optimal
Simplex   iterations: 4971
Objective value     :  3.6712048545e+04
P-D objective error :  1.9818721126e-15
HiGHS run time      :          0.84
