[32m[success] SystemController creado[0m
> [32m[success] El programa se ha iniciado correctamente[0m
> > 
========== DEBUG CONSTRUCTOR RioNegroBoneteNoLineal ==========
volumenesBonete.size()         = 118
valoresBellman.size()          = 118
derivadasValoresBellman.size() = 118
volumenesBonete.front() = 1487
volumenesBonete.back()  = 10239.8139534883
==============================================================

[info] RioNegroNoLineal: activación de tramos de altura horaria
[32m[success] Se ha creado el agente 'Río Negro Bonete No Lineal' exitosamente[0m
> > [34m[info] Agregando agente Salto Grande[0m
[34m[info] Ingrese costo de agua de Salto Grande:[0m
[34m[info] Ingrese volumen inicial de Salto Grande:[0m
[34m[info] Ingrese aportes de Salto Grande en una sola línea (360 valores):[0m
[info] SaltoGrande: activación de tramos de altura horaria
[32m[success] Se ha creado el agente 'Salto Grande' exitosamente[0m
> > [34m[info] Agregando agente Unidad Térmica Simple[0m
[34m[info] Ingrese potencia máxima de la unidad térmica simple:[0m
[34m[info] Ingrese costo variable de la unidad térmica simple:[0m
[32m[success] Se ha creado el agente 'Unidad Térmica Simple' exitosamente[0m
> > [34m[info] Agregando agente Demanda Fija[0m
[34m[info] Ingrese demandas en una sola línea (360 valores):[0m
[32m[success] Se ha creado el agente 'Demanda Fija' exitosamente[0m
> > [34m[info] Creando despacho de mercado[0m
[34m[info] Modo: despacho de mercado con demanda total explícita[0m
[34m[info] Ingrese cantidad de tramos del despacho de mercado:[0m
[34m[info] Ingrese porcentajes acumulados de los tramos en una sola línea (4 valores):[0m
[34m[info] Ingrese costos marginales de los tramos en una sola línea (4 valores):[0m
[34m[info] Ingrese demanda total en una sola línea (360 valores):[0m
[32m[success] Se ha creado el despacho de mercado exitosamente[0m
> > [32m[success] Solver 'DummyLp' configurado | timeout=1800s | mipgap=0.0001[0m
> 
========== DEBUG RANGO BONETE ==========
volumenInicialBonete [m3] = 6924357000
v0 [hm3]                  = 6924.357
vRef1 [hm3]               = 5885.70345
vRef2 [hm3]               = 6924.357
vRef3 [hm3]               = 7963.01055
min volumen Bellman [hm3] = 1487
max volumen Bellman [hm3] = 10239.8139534883
========================================


========== DEBUG Bonete Bellman ==========
volumenesBonete.size()          = 118
valoresBellman.size()           = 118
derivadasValoresBellman.size()  = 118
v0 [hm3]       = 6924.357
i0             = 73
vCorte0 [hm3]  = 6948.15742397138
B0 = B(vCorte0)= 69644773.1656573
Corte 1:
  vRef1 [hm3]       = 5885.70345
  i1                = 59
  vCorte1 [hm3]     = 5900.81216457961
  B1                = 68600224.5985158
  q1 [costo/hm3]    = 1452.47617551772
  coef1 [costo/m3]  = 0.00145247617551772
  rhs1              = 9615337.65239853
Corte 2:
  vRef2 [hm3]       = 6924.357
  i2                = 73
  vCorte2 [hm3]     = 6948.15742397138
  B2                = 69644773.1656573
  q2 [costo/hm3]    = 542.18328901865
  coef2 [costo/m3]  = 0.00054218328901865
  rhs2              = 3767174.84474815
Corte 3:
  vRef3 [hm3]       = 7963.01055
  i3                = 87
  vCorte3 [hm3]     = 7995.50268336315
  B3                = 70027535.0714231
  q3 [costo/hm3]    = 244.34608828572
  coef3 [costo/m3]  = 0.00024434608828572
  rhs3              = 1570907.89879196
Variable final usada: a1_v1h(360)
Variable delta usada: a1_delta1h
Restriccion 1 esperada: a1_delta1h + (0.00145247617551772) * a1_v1h(360) >= 9615337.65239853
Restriccion 2 esperada: a1_delta1h + (0.00054218328901865) * a1_v1h(360) >= 3767174.84474815
Restriccion 3 esperada: a1_delta1h + (0.00024434608828572) * a1_v1h(360) >= 1570907.89879196
==========================================

[DEBUG Despacho] j=0 idGen=1 coefParticipacionDespacho=1
[DEBUG Despacho] j=1 idGen=2 coefParticipacionDespacho=0.5
[DEBUG Despacho] j=2 idGen=3 coefParticipacionDespacho=1

[DEBUG Despacho] Cantidad de generadores = 3
[DEBUG Despacho] j=0 puntero=0x56376ae56fd0 idGen=1 coefParticipacionDespacho=1
[DEBUG Despacho] j=1 puntero=0x56376ae51a80 idGen=2 coefParticipacionDespacho=0.5
[DEBUG Despacho] j=2 puntero=0x56376ae52780 idGen=3 coefParticipacionDespacho=1

------------------------------------------------------------
  PREPROCESAMIENTO MIP - Diagnostico Numerico
------------------------------------------------------------
Rango de coeficientes (toda la matriz):
  max |coef| = 7.929e+09
  min |coef| = 2.443e-04
  proxy rango= 3.245e+13

Diagnostico por bloque:
Bloque              max|coef|      min|coef|      kappa_aprox   vars    alpha     beta      cols      disc_omit aux_omit  escalado
------------------------------------------------------------------------------------------------------------------------------
a1_                 6.928e+09      2.443e-04      2.84e+13      9361    1.00e+00  1.00e+00  0         0         0         no
a2_                 7.929e+09      5.638e-04      1.41e+13      5040    1.00e+00  1.00e+00  0         0         0         no
a3_                 sin filas      sin filas      N/A           360     1.00e+00  1.00e+00  0         0         0         no  (sin filas locales; aporta g3 al despacho)
sin_agente          1.000e+00      1.000e+00      1.00e+00      0       1.00e+00  1.00e+00  0         0         0         no

Restriccion(es) global(es): 2160 fila(s)
  acoplamiento balance = 360 fila(s)
  global no acoplante  = 1800 fila(s)
  rho aprox (solo acoplamiento) = 1.000e+00
  gamma acoplamiento   = 1.000000
  gamma candidato      = 1.000000
  filas acop. escaladas= no
  filas normaliz. fisica= 0
  motivo gamma=1       = rho bajo; no se escala la fila de acoplamiento

ADVERTENCIAS:
  [!] Rango de coeficientes elevado (32449452681063). Riesgo de sensibilidad numerica.
  [!] Bloque 'a1_' internamente mal escalado (kappa~28351369815666). Conviene comparar equilibrado interno por filas/columnas.
  [!] Bloque 'a2_' internamente mal escalado (kappa~14062562381640). Conviene comparar equilibrado interno por filas/columnas.

[Modo diagnostico: no se modifico el modelo]
------------------------------------------------------------

[32m[success] Diagnostico completado (modelo sin modificar).[0m
> [pipeline] Preprocesamiento seleccionado: Ninguno
[pipeline] Modelo interno sin modificaciones de preprocesamiento.
Archivo LP guardado en: /home/mathiasr/Escritorio/generator-aware-row-scaling/results-revision/research-audit/fixed-basis-final-20260914/fresh/full/instance020/Base.lp
[32m[success] Se ha guardado el modelo exitosamente[0m
> [32m[success] Saliendo del programa...[0m
[32m[success] SystemController destruido[0m
