LP Base has 23763 rows; 16561 cols; 57555 nonzeros
Coefficient ranges:
  Matrix  [2e-04, 8e+09]
  Cost    [1e-04, 1e+02]
  Bound   [1e+00, 1e+10]
  RHS     [5e+00, 7e+09]
WARNING: Problem has some excessively large column bounds
WARNING: Problem has some excessively large row bounds
WARNING:    Consider scaling the    bounds by 1e-5, or setting the user_bound_scale option to -14
Presolving model
23395 rows, 16551 cols, 57161 nonzeros 0s
Dependent equations search running on 2512 equations with time limit of 3.00s
Dependent equations search removed 0 rows and 0 nonzeros in 0.00s (limit = 3.00s)
22299 rows, 15471 cols, 54969 nonzeros 0s
Presolve reductions: rows 22299(-1464); columns 15471(-1090); nonzeros 54969(-2586) 
Solving the presolved LP
Using dual simplex solver
  Iteration        Objective     Infeasibilities num(sum)
          0    -1.0000000000e+03 Ph1: 3(2000); Du: 1(1) 0.1s
       9754    -8.4666642645e+05 Pr: 1053(3.48907e+08); Du: 0(6.32237e-07) 5.2s
      14597    -8.4284399642e+05 Pr: 654(9.92285e+08); Du: 0(4.17906e-07) 10.3s
      16439    -8.4966036948e+05 Pr: 0(0) 12.6s
      16439    -8.4966036948e+05 Pr: 0(0) 12.6s

Performed postsolve
Solving the original LP from the solution after postsolve

Model name          : Base
Model status        : Optimal
Simplex   iterations: 16439
Objective value     : -8.4966036948e+05
P-D objective error :  2.8087842846e-15
HiGHS run time      :         12.60
