[32m[success] SystemController creado[0m
> Archivo LP guardado en: /home/mathiasr/Escritorio/generator-aware-row-scaling/results-revision/research-audit/identifiability-final/R2_S6_coupling_uniform/lp/coupling_uniform_S6_seed20260909_Base.lp
[PREPROC PHASES] metadata_s=5.2337e-05 diagnostico_s=4.887e-05 aplicacion_s=5.7977e-05
Archivo LP guardado en: /home/mathiasr/Escritorio/generator-aware-row-scaling/results-revision/research-audit/identifiability-final/R2_S6_coupling_uniform/lp/coupling_uniform_S6_seed20260909_SAMat.lp
[PREPROC] modo plano: 43 filas tratadas como un unico bloque sin roles (kernel geomean por fila)
[PREPROC PHASES] metadata_s=1.586e-06 diagnostico_s=3.0586e-05 aplicacion_s=3.399e-05
Archivo LP guardado en: /home/mathiasr/Escritorio/generator-aware-row-scaling/results-revision/research-audit/identifiability-final/R2_S6_coupling_uniform/lp/coupling_uniform_S6_seed20260909_FlatGM.lp
[PREPROC] modo plano: 43 filas tratadas como un unico bloque sin roles (kernel geomean por fila)
[PREPROC PHASES] metadata_s=1.569e-06 diagnostico_s=3.0869e-05 aplicacion_s=3.3071e-05
Archivo LP guardado en: /home/mathiasr/Escritorio/generator-aware-row-scaling/results-revision/research-audit/identifiability-final/R2_S6_coupling_uniform/lp/coupling_uniform_S6_seed20260909_FlatL2.lp
[PREPROC PHASES] metadata_s=4.9983e-05 diagnostico_s=4.7471e-05 aplicacion_s=4.5089e-05
Archivo LP guardado en: /home/mathiasr/Escritorio/generator-aware-row-scaling/results-revision/research-audit/identifiability-final/R2_S6_coupling_uniform/lp/coupling_uniform_S6_seed20260909_RoleHybrid.lp
[PREPROC PHASES] metadata_s=5.0326e-05 diagnostico_s=4.6457e-05 aplicacion_s=5.8073e-05
Archivo LP guardado en: /home/mathiasr/Escritorio/generator-aware-row-scaling/results-revision/research-audit/identifiability-final/R2_S6_coupling_uniform/lp/coupling_uniform_S6_seed20260909_SAMatpermB.lp
Archivo LP guardado en: /home/mathiasr/Escritorio/generator-aware-row-scaling/results-revision/research-audit/identifiability-final/R2_S6_coupling_uniform/lp/coupling_uniform_S6_seed20260910_Base.lp
[PREPROC PHASES] metadata_s=5.0082e-05 diagnostico_s=4.7255e-05 aplicacion_s=4.6644e-05
Archivo LP guardado en: /home/mathiasr/Escritorio/generator-aware-row-scaling/results-revision/research-audit/identifiability-final/R2_S6_coupling_uniform/lp/coupling_uniform_S6_seed20260910_SAMat.lp
[PREPROC] modo plano: 43 filas tratadas como un unico bloque sin roles (kernel geomean por fila)
[PREPROC PHASES] metadata_s=1.593e-06 diagnostico_s=3.0893e-05 aplicacion_s=3.2645e-05
Archivo LP guardado en: /home/mathiasr/Escritorio/generator-aware-row-scaling/results-revision/research-audit/identifiability-final/R2_S6_coupling_uniform/lp/coupling_uniform_S6_seed20260910_FlatGM.lp
[PREPROC] modo plano: 43 filas tratadas como un unico bloque sin roles (kernel geomean por fila)
[PREPROC PHASES] metadata_s=1.466e-06 diagnostico_s=3.1141e-05 aplicacion_s=3.1191e-05
Archivo LP guardado en: /home/mathiasr/Escritorio/generator-aware-row-scaling/results-revision/research-audit/identifiability-final/R2_S6_coupling_uniform/lp/coupling_uniform_S6_seed20260910_FlatL2.lp
[PREPROC PHASES] metadata_s=5.0511e-05 diagnostico_s=4.6713e-05 aplicacion_s=4.3427e-05
Archivo LP guardado en: /home/mathiasr/Escritorio/generator-aware-row-scaling/results-revision/research-audit/identifiability-final/R2_S6_coupling_uniform/lp/coupling_uniform_S6_seed20260910_RoleHybrid.lp
[PREPROC PHASES] metadata_s=4.9455e-05 diagnostico_s=4.8551e-05 aplicacion_s=5.6742e-05
Archivo LP guardado en: /home/mathiasr/Escritorio/generator-aware-row-scaling/results-revision/research-audit/identifiability-final/R2_S6_coupling_uniform/lp/coupling_uniform_S6_seed20260910_SAMatpermB.lp
Archivo LP guardado en: /home/mathiasr/Escritorio/generator-aware-row-scaling/results-revision/research-audit/identifiability-final/R2_S6_coupling_uniform/lp/coupling_uniform_S6_seed20260911_Base.lp
[PREPROC PHASES] metadata_s=5.1767e-05 diagnostico_s=6.4821e-05 aplicacion_s=9.2942e-05
Archivo LP guardado en: /home/mathiasr/Escritorio/generator-aware-row-scaling/results-revision/research-audit/identifiability-final/R2_S6_coupling_uniform/lp/coupling_uniform_S6_seed20260911_SAMat.lp
[PREPROC] modo plano: 43 filas tratadas como un unico bloque sin roles (kernel geomean por fila)
[PREPROC PHASES] metadata_s=1.779e-06 diagnostico_s=3.4002e-05 aplicacion_s=3.6878e-05
Archivo LP guardado en: /home/mathiasr/Escritorio/generator-aware-row-scaling/results-revision/research-audit/identifiability-final/R2_S6_coupling_uniform/lp/coupling_uniform_S6_seed20260911_FlatGM.lp
[PREPROC] modo plano: 43 filas tratadas como un unico bloque sin roles (kernel geomean por fila)
[PREPROC PHASES] metadata_s=1.539e-06 diagnostico_s=3.329e-05 aplicacion_s=3.519e-05
Archivo LP guardado en: /home/mathiasr/Escritorio/generator-aware-row-scaling/results-revision/research-audit/identifiability-final/R2_S6_coupling_uniform/lp/coupling_uniform_S6_seed20260911_FlatL2.lp
[PREPROC PHASES] metadata_s=5.3771e-05 diagnostico_s=5.0699e-05 aplicacion_s=4.7163e-05
Archivo LP guardado en: /home/mathiasr/Escritorio/generator-aware-row-scaling/results-revision/research-audit/identifiability-final/R2_S6_coupling_uniform/lp/coupling_uniform_S6_seed20260911_RoleHybrid.lp
[PREPROC PHASES] metadata_s=5.3195e-05 diagnostico_s=5.0264e-05 aplicacion_s=6.0516e-05
Archivo LP guardado en: /home/mathiasr/Escritorio/generator-aware-row-scaling/results-revision/research-audit/identifiability-final/R2_S6_coupling_uniform/lp/coupling_uniform_S6_seed20260911_SAMatpermB.lp
Archivo LP guardado en: /home/mathiasr/Escritorio/generator-aware-row-scaling/results-revision/research-audit/identifiability-final/R2_S6_coupling_uniform/lp/coupling_uniform_S6_seed20260912_Base.lp
[PREPROC PHASES] metadata_s=5.2115e-05 diagnostico_s=4.8128e-05 aplicacion_s=4.983e-05
Archivo LP guardado en: /home/mathiasr/Escritorio/generator-aware-row-scaling/results-revision/research-audit/identifiability-final/R2_S6_coupling_uniform/lp/coupling_uniform_S6_seed20260912_SAMat.lp
[PREPROC] modo plano: 43 filas tratadas como un unico bloque sin roles (kernel geomean por fila)
[PREPROC PHASES] metadata_s=1.593e-06 diagnostico_s=2.9948e-05 aplicacion_s=3.2619e-05
Archivo LP guardado en: /home/mathiasr/Escritorio/generator-aware-row-scaling/results-revision/research-audit/identifiability-final/R2_S6_coupling_uniform/lp/coupling_uniform_S6_seed20260912_FlatGM.lp
[PREPROC] modo plano: 43 filas tratadas como un unico bloque sin roles (kernel geomean por fila)
[PREPROC PHASES] metadata_s=1.252e-06 diagnostico_s=2.9749e-05 aplicacion_s=3.3182e-05
Archivo LP guardado en: /home/mathiasr/Escritorio/generator-aware-row-scaling/results-revision/research-audit/identifiability-final/R2_S6_coupling_uniform/lp/coupling_uniform_S6_seed20260912_FlatL2.lp
[PREPROC PHASES] metadata_s=5.0199e-05 diagnostico_s=4.6334e-05 aplicacion_s=4.3447e-05
Archivo LP guardado en: /home/mathiasr/Escritorio/generator-aware-row-scaling/results-revision/research-audit/identifiability-final/R2_S6_coupling_uniform/lp/coupling_uniform_S6_seed20260912_RoleHybrid.lp
[PREPROC PHASES] metadata_s=5.0322e-05 diagnostico_s=4.6396e-05 aplicacion_s=5.6548e-05
Archivo LP guardado en: /home/mathiasr/Escritorio/generator-aware-row-scaling/results-revision/research-audit/identifiability-final/R2_S6_coupling_uniform/lp/coupling_uniform_S6_seed20260912_SAMatpermB.lp
Archivo LP guardado en: /home/mathiasr/Escritorio/generator-aware-row-scaling/results-revision/research-audit/identifiability-final/R2_S6_coupling_uniform/lp/coupling_uniform_S6_seed20260913_Base.lp
[PREPROC PHASES] metadata_s=5.0231e-05 diagnostico_s=4.7588e-05 aplicacion_s=5.1311e-05
Archivo LP guardado en: /home/mathiasr/Escritorio/generator-aware-row-scaling/results-revision/research-audit/identifiability-final/R2_S6_coupling_uniform/lp/coupling_uniform_S6_seed20260913_SAMat.lp
[PREPROC] modo plano: 43 filas tratadas como un unico bloque sin roles (kernel geomean por fila)
[PREPROC PHASES] metadata_s=1.502e-06 diagnostico_s=2.9528e-05 aplicacion_s=3.2685e-05
Archivo LP guardado en: /home/mathiasr/Escritorio/generator-aware-row-scaling/results-revision/research-audit/identifiability-final/R2_S6_coupling_uniform/lp/coupling_uniform_S6_seed20260913_FlatGM.lp
[PREPROC] modo plano: 43 filas tratadas como un unico bloque sin roles (kernel geomean por fila)
[PREPROC PHASES] metadata_s=1.349e-06 diagnostico_s=2.932e-05 aplicacion_s=3.0417e-05
Archivo LP guardado en: /home/mathiasr/Escritorio/generator-aware-row-scaling/results-revision/research-audit/identifiability-final/R2_S6_coupling_uniform/lp/coupling_uniform_S6_seed20260913_FlatL2.lp
[PREPROC PHASES] metadata_s=5.0311e-05 diagnostico_s=4.7684e-05 aplicacion_s=4.3402e-05
Archivo LP guardado en: /home/mathiasr/Escritorio/generator-aware-row-scaling/results-revision/research-audit/identifiability-final/R2_S6_coupling_uniform/lp/coupling_uniform_S6_seed20260913_RoleHybrid.lp
[PREPROC PHASES] metadata_s=5.4401e-05 diagnostico_s=5.6896e-05 aplicacion_s=6.6324e-05
Archivo LP guardado en: /home/mathiasr/Escritorio/generator-aware-row-scaling/results-revision/research-audit/identifiability-final/R2_S6_coupling_uniform/lp/coupling_uniform_S6_seed20260913_SAMatpermB.lp
Archivo LP guardado en: /home/mathiasr/Escritorio/generator-aware-row-scaling/results-revision/research-audit/identifiability-final/R2_S6_coupling_uniform/lp/coupling_uniform_S6_seed20260914_Base.lp
[PREPROC PHASES] metadata_s=6.0018e-05 diagnostico_s=5.5606e-05 aplicacion_s=5.2049e-05
Archivo LP guardado en: /home/mathiasr/Escritorio/generator-aware-row-scaling/results-revision/research-audit/identifiability-final/R2_S6_coupling_uniform/lp/coupling_uniform_S6_seed20260914_SAMat.lp
[PREPROC] modo plano: 43 filas tratadas como un unico bloque sin roles (kernel geomean por fila)
[PREPROC PHASES] metadata_s=1.78e-06 diagnostico_s=3.7142e-05 aplicacion_s=4.1021e-05
Archivo LP guardado en: /home/mathiasr/Escritorio/generator-aware-row-scaling/results-revision/research-audit/identifiability-final/R2_S6_coupling_uniform/lp/coupling_uniform_S6_seed20260914_FlatGM.lp
[PREPROC] modo plano: 43 filas tratadas como un unico bloque sin roles (kernel geomean por fila)
[PREPROC PHASES] metadata_s=1.566e-06 diagnostico_s=3.8491e-05 aplicacion_s=3.9988e-05
Archivo LP guardado en: /home/mathiasr/Escritorio/generator-aware-row-scaling/results-revision/research-audit/identifiability-final/R2_S6_coupling_uniform/lp/coupling_uniform_S6_seed20260914_FlatL2.lp
[PREPROC PHASES] metadata_s=5.9944e-05 diagnostico_s=6.3763e-05 aplicacion_s=4.8499e-05
Archivo LP guardado en: /home/mathiasr/Escritorio/generator-aware-row-scaling/results-revision/research-audit/identifiability-final/R2_S6_coupling_uniform/lp/coupling_uniform_S6_seed20260914_RoleHybrid.lp
[PREPROC PHASES] metadata_s=5.6363e-05 diagnostico_s=5.0993e-05 aplicacion_s=6.0436e-05
Archivo LP guardado en: /home/mathiasr/Escritorio/generator-aware-row-scaling/results-revision/research-audit/identifiability-final/R2_S6_coupling_uniform/lp/coupling_uniform_S6_seed20260914_SAMatpermB.lp
Archivo LP guardado en: /home/mathiasr/Escritorio/generator-aware-row-scaling/results-revision/research-audit/identifiability-final/R2_S6_coupling_uniform/lp/coupling_uniform_S6_seed20260915_Base.lp
[PREPROC PHASES] metadata_s=5.135e-05 diagnostico_s=4.844e-05 aplicacion_s=4.7841e-05
Archivo LP guardado en: /home/mathiasr/Escritorio/generator-aware-row-scaling/results-revision/research-audit/identifiability-final/R2_S6_coupling_uniform/lp/coupling_uniform_S6_seed20260915_SAMat.lp
[PREPROC] modo plano: 43 filas tratadas como un unico bloque sin roles (kernel geomean por fila)
[PREPROC PHASES] metadata_s=1.243e-06 diagnostico_s=2.9213e-05 aplicacion_s=3.2621e-05
Archivo LP guardado en: /home/mathiasr/Escritorio/generator-aware-row-scaling/results-revision/research-audit/identifiability-final/R2_S6_coupling_uniform/lp/coupling_uniform_S6_seed20260915_FlatGM.lp
[PREPROC] modo plano: 43 filas tratadas como un unico bloque sin roles (kernel geomean por fila)
[PREPROC PHASES] metadata_s=1.287e-06 diagnostico_s=2.9093e-05 aplicacion_s=3.0917e-05
Archivo LP guardado en: /home/mathiasr/Escritorio/generator-aware-row-scaling/results-revision/research-audit/identifiability-final/R2_S6_coupling_uniform/lp/coupling_uniform_S6_seed20260915_FlatL2.lp
[PREPROC PHASES] metadata_s=4.8952e-05 diagnostico_s=4.5689e-05 aplicacion_s=4.2274e-05
Archivo LP guardado en: /home/mathiasr/Escritorio/generator-aware-row-scaling/results-revision/research-audit/identifiability-final/R2_S6_coupling_uniform/lp/coupling_uniform_S6_seed20260915_RoleHybrid.lp
[PREPROC PHASES] metadata_s=4.9228e-05 diagnostico_s=4.4908e-05 aplicacion_s=5.4923e-05
Archivo LP guardado en: /home/mathiasr/Escritorio/generator-aware-row-scaling/results-revision/research-audit/identifiability-final/R2_S6_coupling_uniform/lp/coupling_uniform_S6_seed20260915_SAMatpermB.lp
Archivo LP guardado en: /home/mathiasr/Escritorio/generator-aware-row-scaling/results-revision/research-audit/identifiability-final/R2_S6_coupling_uniform/lp/coupling_uniform_S6_seed20260916_Base.lp
[PREPROC PHASES] metadata_s=4.9402e-05 diagnostico_s=4.6743e-05 aplicacion_s=4.584e-05
Archivo LP guardado en: /home/mathiasr/Escritorio/generator-aware-row-scaling/results-revision/research-audit/identifiability-final/R2_S6_coupling_uniform/lp/coupling_uniform_S6_seed20260916_SAMat.lp
[PREPROC] modo plano: 43 filas tratadas como un unico bloque sin roles (kernel geomean por fila)
[PREPROC PHASES] metadata_s=1.353e-06 diagnostico_s=3.1646e-05 aplicacion_s=3.2509e-05
Archivo LP guardado en: /home/mathiasr/Escritorio/generator-aware-row-scaling/results-revision/research-audit/identifiability-final/R2_S6_coupling_uniform/lp/coupling_uniform_S6_seed20260916_FlatGM.lp
[PREPROC] modo plano: 43 filas tratadas como un unico bloque sin roles (kernel geomean por fila)
[PREPROC PHASES] metadata_s=1.357e-06 diagnostico_s=2.8955e-05 aplicacion_s=3.2011e-05
Archivo LP guardado en: /home/mathiasr/Escritorio/generator-aware-row-scaling/results-revision/research-audit/identifiability-final/R2_S6_coupling_uniform/lp/coupling_uniform_S6_seed20260916_FlatL2.lp
[PREPROC PHASES] metadata_s=5.1179e-05 diagnostico_s=4.831e-05 aplicacion_s=4.3842e-05
Archivo LP guardado en: /home/mathiasr/Escritorio/generator-aware-row-scaling/results-revision/research-audit/identifiability-final/R2_S6_coupling_uniform/lp/coupling_uniform_S6_seed20260916_RoleHybrid.lp
[PREPROC PHASES] metadata_s=5.2892e-05 diagnostico_s=4.4984e-05 aplicacion_s=5.5523e-05
Archivo LP guardado en: /home/mathiasr/Escritorio/generator-aware-row-scaling/results-revision/research-audit/identifiability-final/R2_S6_coupling_uniform/lp/coupling_uniform_S6_seed20260916_SAMatpermB.lp
Archivo LP guardado en: /home/mathiasr/Escritorio/generator-aware-row-scaling/results-revision/research-audit/identifiability-final/R2_S6_coupling_uniform/lp/coupling_uniform_S6_seed20260917_Base.lp
[PREPROC PHASES] metadata_s=4.8671e-05 diagnostico_s=4.8637e-05 aplicacion_s=4.4445e-05
Archivo LP guardado en: /home/mathiasr/Escritorio/generator-aware-row-scaling/results-revision/research-audit/identifiability-final/R2_S6_coupling_uniform/lp/coupling_uniform_S6_seed20260917_SAMat.lp
[PREPROC] modo plano: 43 filas tratadas como un unico bloque sin roles (kernel geomean por fila)
[PREPROC PHASES] metadata_s=1.344e-06 diagnostico_s=2.9653e-05 aplicacion_s=3.1665e-05
Archivo LP guardado en: /home/mathiasr/Escritorio/generator-aware-row-scaling/results-revision/research-audit/identifiability-final/R2_S6_coupling_uniform/lp/coupling_uniform_S6_seed20260917_FlatGM.lp
[PREPROC] modo plano: 43 filas tratadas como un unico bloque sin roles (kernel geomean por fila)
[PREPROC PHASES] metadata_s=1.206e-06 diagnostico_s=3.2161e-05 aplicacion_s=3.0986e-05
Archivo LP guardado en: /home/mathiasr/Escritorio/generator-aware-row-scaling/results-revision/research-audit/identifiability-final/R2_S6_coupling_uniform/lp/coupling_uniform_S6_seed20260917_FlatL2.lp
[PREPROC PHASES] metadata_s=4.9242e-05 diagnostico_s=4.5881e-05 aplicacion_s=4.2297e-05
Archivo LP guardado en: /home/mathiasr/Escritorio/generator-aware-row-scaling/results-revision/research-audit/identifiability-final/R2_S6_coupling_uniform/lp/coupling_uniform_S6_seed20260917_RoleHybrid.lp
[PREPROC PHASES] metadata_s=4.9226e-05 diagnostico_s=4.5542e-05 aplicacion_s=5.5273e-05
Archivo LP guardado en: /home/mathiasr/Escritorio/generator-aware-row-scaling/results-revision/research-audit/identifiability-final/R2_S6_coupling_uniform/lp/coupling_uniform_S6_seed20260917_SAMatpermB.lp
Archivo LP guardado en: /home/mathiasr/Escritorio/generator-aware-row-scaling/results-revision/research-audit/identifiability-final/R2_S6_coupling_uniform/lp/coupling_uniform_S6_seed20260918_Base.lp
[PREPROC PHASES] metadata_s=4.9016e-05 diagnostico_s=4.5308e-05 aplicacion_s=4.5314e-05
Archivo LP guardado en: /home/mathiasr/Escritorio/generator-aware-row-scaling/results-revision/research-audit/identifiability-final/R2_S6_coupling_uniform/lp/coupling_uniform_S6_seed20260918_SAMat.lp
[PREPROC] modo plano: 43 filas tratadas como un unico bloque sin roles (kernel geomean por fila)
[PREPROC PHASES] metadata_s=1.425e-06 diagnostico_s=2.8527e-05 aplicacion_s=3.1772e-05
Archivo LP guardado en: /home/mathiasr/Escritorio/generator-aware-row-scaling/results-revision/research-audit/identifiability-final/R2_S6_coupling_uniform/lp/coupling_uniform_S6_seed20260918_FlatGM.lp
[PREPROC] modo plano: 43 filas tratadas como un unico bloque sin roles (kernel geomean por fila)
[PREPROC PHASES] metadata_s=1.336e-06 diagnostico_s=2.9317e-05 aplicacion_s=3.239e-05
Archivo LP guardado en: /home/mathiasr/Escritorio/generator-aware-row-scaling/results-revision/research-audit/identifiability-final/R2_S6_coupling_uniform/lp/coupling_uniform_S6_seed20260918_FlatL2.lp
[PREPROC PHASES] metadata_s=4.9643e-05 diagnostico_s=4.5092e-05 aplicacion_s=4.2689e-05
Archivo LP guardado en: /home/mathiasr/Escritorio/generator-aware-row-scaling/results-revision/research-audit/identifiability-final/R2_S6_coupling_uniform/lp/coupling_uniform_S6_seed20260918_RoleHybrid.lp
[PREPROC PHASES] metadata_s=4.9106e-05 diagnostico_s=4.5292e-05 aplicacion_s=5.5809e-05
Archivo LP guardado en: /home/mathiasr/Escritorio/generator-aware-row-scaling/results-revision/research-audit/identifiability-final/R2_S6_coupling_uniform/lp/coupling_uniform_S6_seed20260918_SAMatpermB.lp
[32m[success] Benchmark sintético: 60 corridas (instancia × variante). CSV: /home/mathiasr/Escritorio/generator-aware-row-scaling/results-revision/research-audit/identifiability-final/R2_S6_coupling_uniform/metrics.csv[0m
> [32m[success] Saliendo del programa...[0m
[32m[success] SystemController destruido[0m
