[32m[success] SystemController creado[0m
> Archivo LP guardado en: /home/mathiasr/Escritorio/generator-aware-row-scaling/results-revision/research-audit/identifiability-final/R1_S3_coupling_uniform/lp/coupling_uniform_S3_seed20260909_Base.lp
[PREPROC PHASES] metadata_s=7.051e-05 diagnostico_s=6.4739e-05 aplicacion_s=7.1051e-05
Archivo LP guardado en: /home/mathiasr/Escritorio/generator-aware-row-scaling/results-revision/research-audit/identifiability-final/R1_S3_coupling_uniform/lp/coupling_uniform_S3_seed20260909_SAMat.lp
[PREPROC] modo plano: 43 filas tratadas como un unico bloque sin roles (kernel geomean por fila)
[PREPROC PHASES] metadata_s=2.105e-06 diagnostico_s=4.0533e-05 aplicacion_s=4.3153e-05
Archivo LP guardado en: /home/mathiasr/Escritorio/generator-aware-row-scaling/results-revision/research-audit/identifiability-final/R1_S3_coupling_uniform/lp/coupling_uniform_S3_seed20260909_FlatGM.lp
[PREPROC] modo plano: 43 filas tratadas como un unico bloque sin roles (kernel geomean por fila)
[PREPROC PHASES] metadata_s=1.91e-06 diagnostico_s=3.9332e-05 aplicacion_s=4.5894e-05
Archivo LP guardado en: /home/mathiasr/Escritorio/generator-aware-row-scaling/results-revision/research-audit/identifiability-final/R1_S3_coupling_uniform/lp/coupling_uniform_S3_seed20260909_FlatL2.lp
[PREPROC PHASES] metadata_s=6.5761e-05 diagnostico_s=5.956e-05 aplicacion_s=5.2721e-05
Archivo LP guardado en: /home/mathiasr/Escritorio/generator-aware-row-scaling/results-revision/research-audit/identifiability-final/R1_S3_coupling_uniform/lp/coupling_uniform_S3_seed20260909_RoleHybrid.lp
[PREPROC PHASES] metadata_s=6.0353e-05 diagnostico_s=5.3848e-05 aplicacion_s=6.8802e-05
Archivo LP guardado en: /home/mathiasr/Escritorio/generator-aware-row-scaling/results-revision/research-audit/identifiability-final/R1_S3_coupling_uniform/lp/coupling_uniform_S3_seed20260909_SAMatpermB.lp
Archivo LP guardado en: /home/mathiasr/Escritorio/generator-aware-row-scaling/results-revision/research-audit/identifiability-final/R1_S3_coupling_uniform/lp/coupling_uniform_S3_seed20260910_Base.lp
[PREPROC PHASES] metadata_s=5.3305e-05 diagnostico_s=4.8382e-05 aplicacion_s=4.6761e-05
Archivo LP guardado en: /home/mathiasr/Escritorio/generator-aware-row-scaling/results-revision/research-audit/identifiability-final/R1_S3_coupling_uniform/lp/coupling_uniform_S3_seed20260910_SAMat.lp
[PREPROC] modo plano: 43 filas tratadas como un unico bloque sin roles (kernel geomean por fila)
[PREPROC PHASES] metadata_s=1.396e-06 diagnostico_s=2.8989e-05 aplicacion_s=3.0067e-05
Archivo LP guardado en: /home/mathiasr/Escritorio/generator-aware-row-scaling/results-revision/research-audit/identifiability-final/R1_S3_coupling_uniform/lp/coupling_uniform_S3_seed20260910_FlatGM.lp
[PREPROC] modo plano: 43 filas tratadas como un unico bloque sin roles (kernel geomean por fila)
[PREPROC PHASES] metadata_s=1.323e-06 diagnostico_s=2.821e-05 aplicacion_s=2.7871e-05
Archivo LP guardado en: /home/mathiasr/Escritorio/generator-aware-row-scaling/results-revision/research-audit/identifiability-final/R1_S3_coupling_uniform/lp/coupling_uniform_S3_seed20260910_FlatL2.lp
[PREPROC PHASES] metadata_s=5.0997e-05 diagnostico_s=4.7749e-05 aplicacion_s=4.1393e-05
Archivo LP guardado en: /home/mathiasr/Escritorio/generator-aware-row-scaling/results-revision/research-audit/identifiability-final/R1_S3_coupling_uniform/lp/coupling_uniform_S3_seed20260910_RoleHybrid.lp
[PREPROC PHASES] metadata_s=4.9163e-05 diagnostico_s=4.3901e-05 aplicacion_s=5.3265e-05
Archivo LP guardado en: /home/mathiasr/Escritorio/generator-aware-row-scaling/results-revision/research-audit/identifiability-final/R1_S3_coupling_uniform/lp/coupling_uniform_S3_seed20260910_SAMatpermB.lp
Archivo LP guardado en: /home/mathiasr/Escritorio/generator-aware-row-scaling/results-revision/research-audit/identifiability-final/R1_S3_coupling_uniform/lp/coupling_uniform_S3_seed20260911_Base.lp
[PREPROC PHASES] metadata_s=4.9617e-05 diagnostico_s=4.5677e-05 aplicacion_s=4.3488e-05
Archivo LP guardado en: /home/mathiasr/Escritorio/generator-aware-row-scaling/results-revision/research-audit/identifiability-final/R1_S3_coupling_uniform/lp/coupling_uniform_S3_seed20260911_SAMat.lp
[PREPROC] modo plano: 43 filas tratadas como un unico bloque sin roles (kernel geomean por fila)
[PREPROC PHASES] metadata_s=1.433e-06 diagnostico_s=2.7507e-05 aplicacion_s=2.9092e-05
Archivo LP guardado en: /home/mathiasr/Escritorio/generator-aware-row-scaling/results-revision/research-audit/identifiability-final/R1_S3_coupling_uniform/lp/coupling_uniform_S3_seed20260911_FlatGM.lp
[PREPROC] modo plano: 43 filas tratadas como un unico bloque sin roles (kernel geomean por fila)
[PREPROC PHASES] metadata_s=1.235e-06 diagnostico_s=2.7379e-05 aplicacion_s=2.9908e-05
Archivo LP guardado en: /home/mathiasr/Escritorio/generator-aware-row-scaling/results-revision/research-audit/identifiability-final/R1_S3_coupling_uniform/lp/coupling_uniform_S3_seed20260911_FlatL2.lp
[PREPROC PHASES] metadata_s=4.9312e-05 diagnostico_s=4.874e-05 aplicacion_s=3.8924e-05
Archivo LP guardado en: /home/mathiasr/Escritorio/generator-aware-row-scaling/results-revision/research-audit/identifiability-final/R1_S3_coupling_uniform/lp/coupling_uniform_S3_seed20260911_RoleHybrid.lp
[PREPROC PHASES] metadata_s=4.8625e-05 diagnostico_s=4.3884e-05 aplicacion_s=5.2902e-05
Archivo LP guardado en: /home/mathiasr/Escritorio/generator-aware-row-scaling/results-revision/research-audit/identifiability-final/R1_S3_coupling_uniform/lp/coupling_uniform_S3_seed20260911_SAMatpermB.lp
Archivo LP guardado en: /home/mathiasr/Escritorio/generator-aware-row-scaling/results-revision/research-audit/identifiability-final/R1_S3_coupling_uniform/lp/coupling_uniform_S3_seed20260912_Base.lp
[PREPROC PHASES] metadata_s=4.9001e-05 diagnostico_s=4.4719e-05 aplicacion_s=4.2151e-05
Archivo LP guardado en: /home/mathiasr/Escritorio/generator-aware-row-scaling/results-revision/research-audit/identifiability-final/R1_S3_coupling_uniform/lp/coupling_uniform_S3_seed20260912_SAMat.lp
[PREPROC] modo plano: 43 filas tratadas como un unico bloque sin roles (kernel geomean por fila)
[PREPROC PHASES] metadata_s=1.49e-06 diagnostico_s=2.8417e-05 aplicacion_s=2.7655e-05
Archivo LP guardado en: /home/mathiasr/Escritorio/generator-aware-row-scaling/results-revision/research-audit/identifiability-final/R1_S3_coupling_uniform/lp/coupling_uniform_S3_seed20260912_FlatGM.lp
[PREPROC] modo plano: 43 filas tratadas como un unico bloque sin roles (kernel geomean por fila)
[PREPROC PHASES] metadata_s=1.216e-06 diagnostico_s=2.7981e-05 aplicacion_s=2.7746e-05
Archivo LP guardado en: /home/mathiasr/Escritorio/generator-aware-row-scaling/results-revision/research-audit/identifiability-final/R1_S3_coupling_uniform/lp/coupling_uniform_S3_seed20260912_FlatL2.lp
[PREPROC PHASES] metadata_s=4.9312e-05 diagnostico_s=4.44e-05 aplicacion_s=3.7978e-05
Archivo LP guardado en: /home/mathiasr/Escritorio/generator-aware-row-scaling/results-revision/research-audit/identifiability-final/R1_S3_coupling_uniform/lp/coupling_uniform_S3_seed20260912_RoleHybrid.lp
[PREPROC PHASES] metadata_s=5.3263e-05 diagnostico_s=4.3389e-05 aplicacion_s=5.1902e-05
Archivo LP guardado en: /home/mathiasr/Escritorio/generator-aware-row-scaling/results-revision/research-audit/identifiability-final/R1_S3_coupling_uniform/lp/coupling_uniform_S3_seed20260912_SAMatpermB.lp
Archivo LP guardado en: /home/mathiasr/Escritorio/generator-aware-row-scaling/results-revision/research-audit/identifiability-final/R1_S3_coupling_uniform/lp/coupling_uniform_S3_seed20260913_Base.lp
[PREPROC PHASES] metadata_s=4.9437e-05 diagnostico_s=4.6181e-05 aplicacion_s=4.1861e-05
Archivo LP guardado en: /home/mathiasr/Escritorio/generator-aware-row-scaling/results-revision/research-audit/identifiability-final/R1_S3_coupling_uniform/lp/coupling_uniform_S3_seed20260913_SAMat.lp
[PREPROC] modo plano: 43 filas tratadas como un unico bloque sin roles (kernel geomean por fila)
[PREPROC PHASES] metadata_s=1.44e-06 diagnostico_s=2.8671e-05 aplicacion_s=2.8135e-05
Archivo LP guardado en: /home/mathiasr/Escritorio/generator-aware-row-scaling/results-revision/research-audit/identifiability-final/R1_S3_coupling_uniform/lp/coupling_uniform_S3_seed20260913_FlatGM.lp
[PREPROC] modo plano: 43 filas tratadas como un unico bloque sin roles (kernel geomean por fila)
[PREPROC PHASES] metadata_s=1.244e-06 diagnostico_s=2.795e-05 aplicacion_s=2.8772e-05
Archivo LP guardado en: /home/mathiasr/Escritorio/generator-aware-row-scaling/results-revision/research-audit/identifiability-final/R1_S3_coupling_uniform/lp/coupling_uniform_S3_seed20260913_FlatL2.lp
[PREPROC PHASES] metadata_s=4.9372e-05 diagnostico_s=4.613e-05 aplicacion_s=3.9389e-05
Archivo LP guardado en: /home/mathiasr/Escritorio/generator-aware-row-scaling/results-revision/research-audit/identifiability-final/R1_S3_coupling_uniform/lp/coupling_uniform_S3_seed20260913_RoleHybrid.lp
[PREPROC PHASES] metadata_s=4.9262e-05 diagnostico_s=4.57e-05 aplicacion_s=5.1438e-05
Archivo LP guardado en: /home/mathiasr/Escritorio/generator-aware-row-scaling/results-revision/research-audit/identifiability-final/R1_S3_coupling_uniform/lp/coupling_uniform_S3_seed20260913_SAMatpermB.lp
Archivo LP guardado en: /home/mathiasr/Escritorio/generator-aware-row-scaling/results-revision/research-audit/identifiability-final/R1_S3_coupling_uniform/lp/coupling_uniform_S3_seed20260914_Base.lp
[PREPROC PHASES] metadata_s=4.9303e-05 diagnostico_s=4.4131e-05 aplicacion_s=3.9687e-05
Archivo LP guardado en: /home/mathiasr/Escritorio/generator-aware-row-scaling/results-revision/research-audit/identifiability-final/R1_S3_coupling_uniform/lp/coupling_uniform_S3_seed20260914_SAMat.lp
[PREPROC] modo plano: 43 filas tratadas como un unico bloque sin roles (kernel geomean por fila)
[PREPROC PHASES] metadata_s=1.343e-06 diagnostico_s=2.7365e-05 aplicacion_s=2.8329e-05
Archivo LP guardado en: /home/mathiasr/Escritorio/generator-aware-row-scaling/results-revision/research-audit/identifiability-final/R1_S3_coupling_uniform/lp/coupling_uniform_S3_seed20260914_FlatGM.lp
[PREPROC] modo plano: 43 filas tratadas como un unico bloque sin roles (kernel geomean por fila)
[PREPROC PHASES] metadata_s=1.205e-06 diagnostico_s=2.7006e-05 aplicacion_s=2.6574e-05
Archivo LP guardado en: /home/mathiasr/Escritorio/generator-aware-row-scaling/results-revision/research-audit/identifiability-final/R1_S3_coupling_uniform/lp/coupling_uniform_S3_seed20260914_FlatL2.lp
[PREPROC PHASES] metadata_s=4.926e-05 diagnostico_s=4.5538e-05 aplicacion_s=3.8957e-05
Archivo LP guardado en: /home/mathiasr/Escritorio/generator-aware-row-scaling/results-revision/research-audit/identifiability-final/R1_S3_coupling_uniform/lp/coupling_uniform_S3_seed20260914_RoleHybrid.lp
[PREPROC PHASES] metadata_s=4.9507e-05 diagnostico_s=4.4727e-05 aplicacion_s=5.7989e-05
Archivo LP guardado en: /home/mathiasr/Escritorio/generator-aware-row-scaling/results-revision/research-audit/identifiability-final/R1_S3_coupling_uniform/lp/coupling_uniform_S3_seed20260914_SAMatpermB.lp
Archivo LP guardado en: /home/mathiasr/Escritorio/generator-aware-row-scaling/results-revision/research-audit/identifiability-final/R1_S3_coupling_uniform/lp/coupling_uniform_S3_seed20260915_Base.lp
[PREPROC PHASES] metadata_s=5.0399e-05 diagnostico_s=4.9727e-05 aplicacion_s=4.1228e-05
Archivo LP guardado en: /home/mathiasr/Escritorio/generator-aware-row-scaling/results-revision/research-audit/identifiability-final/R1_S3_coupling_uniform/lp/coupling_uniform_S3_seed20260915_SAMat.lp
[PREPROC] modo plano: 43 filas tratadas como un unico bloque sin roles (kernel geomean por fila)
[PREPROC PHASES] metadata_s=1.483e-06 diagnostico_s=2.8482e-05 aplicacion_s=2.6978e-05
Archivo LP guardado en: /home/mathiasr/Escritorio/generator-aware-row-scaling/results-revision/research-audit/identifiability-final/R1_S3_coupling_uniform/lp/coupling_uniform_S3_seed20260915_FlatGM.lp
[PREPROC] modo plano: 43 filas tratadas como un unico bloque sin roles (kernel geomean por fila)
[PREPROC PHASES] metadata_s=1.4e-06 diagnostico_s=3.061e-05 aplicacion_s=3.0835e-05
Archivo LP guardado en: /home/mathiasr/Escritorio/generator-aware-row-scaling/results-revision/research-audit/identifiability-final/R1_S3_coupling_uniform/lp/coupling_uniform_S3_seed20260915_FlatL2.lp
[PREPROC PHASES] metadata_s=5.0793e-05 diagnostico_s=4.5752e-05 aplicacion_s=4.0358e-05
Archivo LP guardado en: /home/mathiasr/Escritorio/generator-aware-row-scaling/results-revision/research-audit/identifiability-final/R1_S3_coupling_uniform/lp/coupling_uniform_S3_seed20260915_RoleHybrid.lp
[PREPROC PHASES] metadata_s=4.9483e-05 diagnostico_s=4.3849e-05 aplicacion_s=5.203e-05
Archivo LP guardado en: /home/mathiasr/Escritorio/generator-aware-row-scaling/results-revision/research-audit/identifiability-final/R1_S3_coupling_uniform/lp/coupling_uniform_S3_seed20260915_SAMatpermB.lp
Archivo LP guardado en: /home/mathiasr/Escritorio/generator-aware-row-scaling/results-revision/research-audit/identifiability-final/R1_S3_coupling_uniform/lp/coupling_uniform_S3_seed20260916_Base.lp
[PREPROC PHASES] metadata_s=4.9353e-05 diagnostico_s=4.6536e-05 aplicacion_s=4.2157e-05
Archivo LP guardado en: /home/mathiasr/Escritorio/generator-aware-row-scaling/results-revision/research-audit/identifiability-final/R1_S3_coupling_uniform/lp/coupling_uniform_S3_seed20260916_SAMat.lp
[PREPROC] modo plano: 43 filas tratadas como un unico bloque sin roles (kernel geomean por fila)
[PREPROC PHASES] metadata_s=1.383e-06 diagnostico_s=2.8452e-05 aplicacion_s=2.7163e-05
Archivo LP guardado en: /home/mathiasr/Escritorio/generator-aware-row-scaling/results-revision/research-audit/identifiability-final/R1_S3_coupling_uniform/lp/coupling_uniform_S3_seed20260916_FlatGM.lp
[PREPROC] modo plano: 43 filas tratadas como un unico bloque sin roles (kernel geomean por fila)
[PREPROC PHASES] metadata_s=1.261e-06 diagnostico_s=2.7332e-05 aplicacion_s=2.9152e-05
Archivo LP guardado en: /home/mathiasr/Escritorio/generator-aware-row-scaling/results-revision/research-audit/identifiability-final/R1_S3_coupling_uniform/lp/coupling_uniform_S3_seed20260916_FlatL2.lp
[PREPROC PHASES] metadata_s=4.8226e-05 diagnostico_s=4.4625e-05 aplicacion_s=4.3121e-05
Archivo LP guardado en: /home/mathiasr/Escritorio/generator-aware-row-scaling/results-revision/research-audit/identifiability-final/R1_S3_coupling_uniform/lp/coupling_uniform_S3_seed20260916_RoleHybrid.lp
[PREPROC PHASES] metadata_s=4.9065e-05 diagnostico_s=4.4438e-05 aplicacion_s=5.1465e-05
Archivo LP guardado en: /home/mathiasr/Escritorio/generator-aware-row-scaling/results-revision/research-audit/identifiability-final/R1_S3_coupling_uniform/lp/coupling_uniform_S3_seed20260916_SAMatpermB.lp
Archivo LP guardado en: /home/mathiasr/Escritorio/generator-aware-row-scaling/results-revision/research-audit/identifiability-final/R1_S3_coupling_uniform/lp/coupling_uniform_S3_seed20260917_Base.lp
[PREPROC PHASES] metadata_s=4.8662e-05 diagnostico_s=4.5624e-05 aplicacion_s=4.3415e-05
Archivo LP guardado en: /home/mathiasr/Escritorio/generator-aware-row-scaling/results-revision/research-audit/identifiability-final/R1_S3_coupling_uniform/lp/coupling_uniform_S3_seed20260917_SAMat.lp
[PREPROC] modo plano: 43 filas tratadas como un unico bloque sin roles (kernel geomean por fila)
[PREPROC PHASES] metadata_s=1.365e-06 diagnostico_s=2.822e-05 aplicacion_s=2.8979e-05
Archivo LP guardado en: /home/mathiasr/Escritorio/generator-aware-row-scaling/results-revision/research-audit/identifiability-final/R1_S3_coupling_uniform/lp/coupling_uniform_S3_seed20260917_FlatGM.lp
[PREPROC] modo plano: 43 filas tratadas como un unico bloque sin roles (kernel geomean por fila)
[PREPROC PHASES] metadata_s=1.167e-06 diagnostico_s=2.7927e-05 aplicacion_s=2.7759e-05
Archivo LP guardado en: /home/mathiasr/Escritorio/generator-aware-row-scaling/results-revision/research-audit/identifiability-final/R1_S3_coupling_uniform/lp/coupling_uniform_S3_seed20260917_FlatL2.lp
[PREPROC PHASES] metadata_s=4.8805e-05 diagnostico_s=4.4678e-05 aplicacion_s=3.92e-05
Archivo LP guardado en: /home/mathiasr/Escritorio/generator-aware-row-scaling/results-revision/research-audit/identifiability-final/R1_S3_coupling_uniform/lp/coupling_uniform_S3_seed20260917_RoleHybrid.lp
[PREPROC PHASES] metadata_s=4.8873e-05 diagnostico_s=4.4085e-05 aplicacion_s=5.214e-05
Archivo LP guardado en: /home/mathiasr/Escritorio/generator-aware-row-scaling/results-revision/research-audit/identifiability-final/R1_S3_coupling_uniform/lp/coupling_uniform_S3_seed20260917_SAMatpermB.lp
Archivo LP guardado en: /home/mathiasr/Escritorio/generator-aware-row-scaling/results-revision/research-audit/identifiability-final/R1_S3_coupling_uniform/lp/coupling_uniform_S3_seed20260918_Base.lp
[PREPROC PHASES] metadata_s=4.9539e-05 diagnostico_s=4.4249e-05 aplicacion_s=4.3912e-05
Archivo LP guardado en: /home/mathiasr/Escritorio/generator-aware-row-scaling/results-revision/research-audit/identifiability-final/R1_S3_coupling_uniform/lp/coupling_uniform_S3_seed20260918_SAMat.lp
[PREPROC] modo plano: 43 filas tratadas como un unico bloque sin roles (kernel geomean por fila)
[PREPROC PHASES] metadata_s=1.201e-06 diagnostico_s=2.7538e-05 aplicacion_s=2.949e-05
Archivo LP guardado en: /home/mathiasr/Escritorio/generator-aware-row-scaling/results-revision/research-audit/identifiability-final/R1_S3_coupling_uniform/lp/coupling_uniform_S3_seed20260918_FlatGM.lp
[PREPROC] modo plano: 43 filas tratadas como un unico bloque sin roles (kernel geomean por fila)
[PREPROC PHASES] metadata_s=1.198e-06 diagnostico_s=2.6577e-05 aplicacion_s=2.8054e-05
Archivo LP guardado en: /home/mathiasr/Escritorio/generator-aware-row-scaling/results-revision/research-audit/identifiability-final/R1_S3_coupling_uniform/lp/coupling_uniform_S3_seed20260918_FlatL2.lp
[PREPROC PHASES] metadata_s=4.9154e-05 diagnostico_s=4.4269e-05 aplicacion_s=4.0447e-05
Archivo LP guardado en: /home/mathiasr/Escritorio/generator-aware-row-scaling/results-revision/research-audit/identifiability-final/R1_S3_coupling_uniform/lp/coupling_uniform_S3_seed20260918_RoleHybrid.lp
[PREPROC PHASES] metadata_s=4.8462e-05 diagnostico_s=4.3844e-05 aplicacion_s=5.2391e-05
Archivo LP guardado en: /home/mathiasr/Escritorio/generator-aware-row-scaling/results-revision/research-audit/identifiability-final/R1_S3_coupling_uniform/lp/coupling_uniform_S3_seed20260918_SAMatpermB.lp
[32m[success] Benchmark sintético: 60 corridas (instancia × variante). CSV: /home/mathiasr/Escritorio/generator-aware-row-scaling/results-revision/research-audit/identifiability-final/R1_S3_coupling_uniform/metrics.csv[0m
> [32m[success] Saliendo del programa...[0m
[32m[success] SystemController destruido[0m
