[32m[success] SystemController creado[0m
> Archivo LP guardado en: /home/mathiasr/Escritorio/generator-aware-row-scaling/results-revision/research-audit/identifiability-confirmatory/R2_S6_coupling_uniform/lp/coupling_uniform_S6_seed20260909_Base.lp
[PREPROC PHASES] metadata_s=7.081e-06 diagnostico_s=6.52e-06 aplicacion_s=1.1936e-05
Archivo LP guardado en: /home/mathiasr/Escritorio/generator-aware-row-scaling/results-revision/research-audit/identifiability-confirmatory/R2_S6_coupling_uniform/lp/coupling_uniform_S6_seed20260909_SAMat.lp
[PREPROC] modo plano: 43 filas tratadas como un unico bloque sin roles (kernel geomean por fila)
[PREPROC PHASES] metadata_s=9.52e-07 diagnostico_s=3.707e-06 aplicacion_s=5.477e-06
Archivo LP guardado en: /home/mathiasr/Escritorio/generator-aware-row-scaling/results-revision/research-audit/identifiability-confirmatory/R2_S6_coupling_uniform/lp/coupling_uniform_S6_seed20260909_FlatGM.lp
[PREPROC] modo plano: 43 filas tratadas como un unico bloque sin roles (kernel geomean por fila)
[PREPROC PHASES] metadata_s=3.95e-07 diagnostico_s=3.694e-06 aplicacion_s=5.375e-06
Archivo LP guardado en: /home/mathiasr/Escritorio/generator-aware-row-scaling/results-revision/research-audit/identifiability-confirmatory/R2_S6_coupling_uniform/lp/coupling_uniform_S6_seed20260909_FlatL2.lp
[PREPROC PHASES] metadata_s=7.145e-06 diagnostico_s=5.896e-06 aplicacion_s=6.548e-06
Archivo LP guardado en: /home/mathiasr/Escritorio/generator-aware-row-scaling/results-revision/research-audit/identifiability-confirmatory/R2_S6_coupling_uniform/lp/coupling_uniform_S6_seed20260909_RoleHybrid.lp
[PREPROC PHASES] metadata_s=6.874e-06 diagnostico_s=5.484e-06 aplicacion_s=1.2592e-05
Archivo LP guardado en: /home/mathiasr/Escritorio/generator-aware-row-scaling/results-revision/research-audit/identifiability-confirmatory/R2_S6_coupling_uniform/lp/coupling_uniform_S6_seed20260909_SAMatpermB.lp
Archivo LP guardado en: /home/mathiasr/Escritorio/generator-aware-row-scaling/results-revision/research-audit/identifiability-confirmatory/R2_S6_coupling_uniform/lp/coupling_uniform_S6_seed20260910_Base.lp
[PREPROC PHASES] metadata_s=8.033e-06 diagnostico_s=5.52e-06 aplicacion_s=6.709e-06
Archivo LP guardado en: /home/mathiasr/Escritorio/generator-aware-row-scaling/results-revision/research-audit/identifiability-confirmatory/R2_S6_coupling_uniform/lp/coupling_uniform_S6_seed20260910_SAMat.lp
[PREPROC] modo plano: 43 filas tratadas como un unico bloque sin roles (kernel geomean por fila)
[PREPROC PHASES] metadata_s=4.91e-07 diagnostico_s=3.664e-06 aplicacion_s=5.325e-06
Archivo LP guardado en: /home/mathiasr/Escritorio/generator-aware-row-scaling/results-revision/research-audit/identifiability-confirmatory/R2_S6_coupling_uniform/lp/coupling_uniform_S6_seed20260910_FlatGM.lp
[PREPROC] modo plano: 43 filas tratadas como un unico bloque sin roles (kernel geomean por fila)
[PREPROC PHASES] metadata_s=4.18e-07 diagnostico_s=3.287e-06 aplicacion_s=5.211e-06
Archivo LP guardado en: /home/mathiasr/Escritorio/generator-aware-row-scaling/results-revision/research-audit/identifiability-confirmatory/R2_S6_coupling_uniform/lp/coupling_uniform_S6_seed20260910_FlatL2.lp
[PREPROC PHASES] metadata_s=6.902e-06 diagnostico_s=5.22e-06 aplicacion_s=6.146e-06
Archivo LP guardado en: /home/mathiasr/Escritorio/generator-aware-row-scaling/results-revision/research-audit/identifiability-confirmatory/R2_S6_coupling_uniform/lp/coupling_uniform_S6_seed20260910_RoleHybrid.lp
[PREPROC PHASES] metadata_s=7.27e-06 diagnostico_s=5.209e-06 aplicacion_s=1.1094e-05
Archivo LP guardado en: /home/mathiasr/Escritorio/generator-aware-row-scaling/results-revision/research-audit/identifiability-confirmatory/R2_S6_coupling_uniform/lp/coupling_uniform_S6_seed20260910_SAMatpermB.lp
Archivo LP guardado en: /home/mathiasr/Escritorio/generator-aware-row-scaling/results-revision/research-audit/identifiability-confirmatory/R2_S6_coupling_uniform/lp/coupling_uniform_S6_seed20260911_Base.lp
[PREPROC PHASES] metadata_s=6.944e-06 diagnostico_s=5.696e-06 aplicacion_s=5.94e-06
Archivo LP guardado en: /home/mathiasr/Escritorio/generator-aware-row-scaling/results-revision/research-audit/identifiability-confirmatory/R2_S6_coupling_uniform/lp/coupling_uniform_S6_seed20260911_SAMat.lp
[PREPROC] modo plano: 43 filas tratadas como un unico bloque sin roles (kernel geomean por fila)
[PREPROC PHASES] metadata_s=4.51e-07 diagnostico_s=3.497e-06 aplicacion_s=4.956e-06
Archivo LP guardado en: /home/mathiasr/Escritorio/generator-aware-row-scaling/results-revision/research-audit/identifiability-confirmatory/R2_S6_coupling_uniform/lp/coupling_uniform_S6_seed20260911_FlatGM.lp
[PREPROC] modo plano: 43 filas tratadas como un unico bloque sin roles (kernel geomean por fila)
[PREPROC PHASES] metadata_s=3.61e-07 diagnostico_s=3.222e-06 aplicacion_s=5.192e-06
Archivo LP guardado en: /home/mathiasr/Escritorio/generator-aware-row-scaling/results-revision/research-audit/identifiability-confirmatory/R2_S6_coupling_uniform/lp/coupling_uniform_S6_seed20260911_FlatL2.lp
[PREPROC PHASES] metadata_s=7.357e-06 diagnostico_s=6.115e-06 aplicacion_s=5.83e-06
Archivo LP guardado en: /home/mathiasr/Escritorio/generator-aware-row-scaling/results-revision/research-audit/identifiability-confirmatory/R2_S6_coupling_uniform/lp/coupling_uniform_S6_seed20260911_RoleHybrid.lp
[PREPROC PHASES] metadata_s=7.064e-06 diagnostico_s=5.477e-06 aplicacion_s=1.0726e-05
Archivo LP guardado en: /home/mathiasr/Escritorio/generator-aware-row-scaling/results-revision/research-audit/identifiability-confirmatory/R2_S6_coupling_uniform/lp/coupling_uniform_S6_seed20260911_SAMatpermB.lp
Archivo LP guardado en: /home/mathiasr/Escritorio/generator-aware-row-scaling/results-revision/research-audit/identifiability-confirmatory/R2_S6_coupling_uniform/lp/coupling_uniform_S6_seed20260912_Base.lp
[PREPROC PHASES] metadata_s=6.985e-06 diagnostico_s=5.506e-06 aplicacion_s=6.823e-06
Archivo LP guardado en: /home/mathiasr/Escritorio/generator-aware-row-scaling/results-revision/research-audit/identifiability-confirmatory/R2_S6_coupling_uniform/lp/coupling_uniform_S6_seed20260912_SAMat.lp
[PREPROC] modo plano: 43 filas tratadas como un unico bloque sin roles (kernel geomean por fila)
[PREPROC PHASES] metadata_s=3.91e-07 diagnostico_s=3.074e-06 aplicacion_s=5.119e-06
Archivo LP guardado en: /home/mathiasr/Escritorio/generator-aware-row-scaling/results-revision/research-audit/identifiability-confirmatory/R2_S6_coupling_uniform/lp/coupling_uniform_S6_seed20260912_FlatGM.lp
[PREPROC] modo plano: 43 filas tratadas como un unico bloque sin roles (kernel geomean por fila)
[PREPROC PHASES] metadata_s=3.36e-07 diagnostico_s=3.669e-06 aplicacion_s=5.282e-06
Archivo LP guardado en: /home/mathiasr/Escritorio/generator-aware-row-scaling/results-revision/research-audit/identifiability-confirmatory/R2_S6_coupling_uniform/lp/coupling_uniform_S6_seed20260912_FlatL2.lp
[PREPROC PHASES] metadata_s=7.447e-06 diagnostico_s=5.373e-06 aplicacion_s=6.461e-06
Archivo LP guardado en: /home/mathiasr/Escritorio/generator-aware-row-scaling/results-revision/research-audit/identifiability-confirmatory/R2_S6_coupling_uniform/lp/coupling_uniform_S6_seed20260912_RoleHybrid.lp
[PREPROC PHASES] metadata_s=7.03e-06 diagnostico_s=5.32e-06 aplicacion_s=1.1226e-05
Archivo LP guardado en: /home/mathiasr/Escritorio/generator-aware-row-scaling/results-revision/research-audit/identifiability-confirmatory/R2_S6_coupling_uniform/lp/coupling_uniform_S6_seed20260912_SAMatpermB.lp
Archivo LP guardado en: /home/mathiasr/Escritorio/generator-aware-row-scaling/results-revision/research-audit/identifiability-confirmatory/R2_S6_coupling_uniform/lp/coupling_uniform_S6_seed20260913_Base.lp
[PREPROC PHASES] metadata_s=7.052e-06 diagnostico_s=5.851e-06 aplicacion_s=6.557e-06
Archivo LP guardado en: /home/mathiasr/Escritorio/generator-aware-row-scaling/results-revision/research-audit/identifiability-confirmatory/R2_S6_coupling_uniform/lp/coupling_uniform_S6_seed20260913_SAMat.lp
[PREPROC] modo plano: 43 filas tratadas como un unico bloque sin roles (kernel geomean por fila)
[PREPROC PHASES] metadata_s=3.5e-07 diagnostico_s=2.964e-06 aplicacion_s=5.012e-06
Archivo LP guardado en: /home/mathiasr/Escritorio/generator-aware-row-scaling/results-revision/research-audit/identifiability-confirmatory/R2_S6_coupling_uniform/lp/coupling_uniform_S6_seed20260913_FlatGM.lp
[PREPROC] modo plano: 43 filas tratadas como un unico bloque sin roles (kernel geomean por fila)
[PREPROC PHASES] metadata_s=3.74e-07 diagnostico_s=3.426e-06 aplicacion_s=5.31e-06
Archivo LP guardado en: /home/mathiasr/Escritorio/generator-aware-row-scaling/results-revision/research-audit/identifiability-confirmatory/R2_S6_coupling_uniform/lp/coupling_uniform_S6_seed20260913_FlatL2.lp
[PREPROC PHASES] metadata_s=6.962e-06 diagnostico_s=5.97e-06 aplicacion_s=6.04e-06
Archivo LP guardado en: /home/mathiasr/Escritorio/generator-aware-row-scaling/results-revision/research-audit/identifiability-confirmatory/R2_S6_coupling_uniform/lp/coupling_uniform_S6_seed20260913_RoleHybrid.lp
[PREPROC PHASES] metadata_s=7.092e-06 diagnostico_s=5.593e-06 aplicacion_s=1.1128e-05
Archivo LP guardado en: /home/mathiasr/Escritorio/generator-aware-row-scaling/results-revision/research-audit/identifiability-confirmatory/R2_S6_coupling_uniform/lp/coupling_uniform_S6_seed20260913_SAMatpermB.lp
Archivo LP guardado en: /home/mathiasr/Escritorio/generator-aware-row-scaling/results-revision/research-audit/identifiability-confirmatory/R2_S6_coupling_uniform/lp/coupling_uniform_S6_seed20260914_Base.lp
[PREPROC PHASES] metadata_s=7.104e-06 diagnostico_s=5.65e-06 aplicacion_s=5.931e-06
Archivo LP guardado en: /home/mathiasr/Escritorio/generator-aware-row-scaling/results-revision/research-audit/identifiability-confirmatory/R2_S6_coupling_uniform/lp/coupling_uniform_S6_seed20260914_SAMat.lp
[PREPROC] modo plano: 43 filas tratadas como un unico bloque sin roles (kernel geomean por fila)
[PREPROC PHASES] metadata_s=3.6e-07 diagnostico_s=3.091e-06 aplicacion_s=4.87e-06
Archivo LP guardado en: /home/mathiasr/Escritorio/generator-aware-row-scaling/results-revision/research-audit/identifiability-confirmatory/R2_S6_coupling_uniform/lp/coupling_uniform_S6_seed20260914_FlatGM.lp
[PREPROC] modo plano: 43 filas tratadas como un unico bloque sin roles (kernel geomean por fila)
[PREPROC PHASES] metadata_s=3.32e-07 diagnostico_s=3.419e-06 aplicacion_s=5.078e-06
Archivo LP guardado en: /home/mathiasr/Escritorio/generator-aware-row-scaling/results-revision/research-audit/identifiability-confirmatory/R2_S6_coupling_uniform/lp/coupling_uniform_S6_seed20260914_FlatL2.lp
[PREPROC PHASES] metadata_s=6.921e-06 diagnostico_s=5.316e-06 aplicacion_s=5.475e-06
Archivo LP guardado en: /home/mathiasr/Escritorio/generator-aware-row-scaling/results-revision/research-audit/identifiability-confirmatory/R2_S6_coupling_uniform/lp/coupling_uniform_S6_seed20260914_RoleHybrid.lp
[PREPROC PHASES] metadata_s=7.081e-06 diagnostico_s=5.226e-06 aplicacion_s=9.983e-06
Archivo LP guardado en: /home/mathiasr/Escritorio/generator-aware-row-scaling/results-revision/research-audit/identifiability-confirmatory/R2_S6_coupling_uniform/lp/coupling_uniform_S6_seed20260914_SAMatpermB.lp
Archivo LP guardado en: /home/mathiasr/Escritorio/generator-aware-row-scaling/results-revision/research-audit/identifiability-confirmatory/R2_S6_coupling_uniform/lp/coupling_uniform_S6_seed20260915_Base.lp
[PREPROC PHASES] metadata_s=7.155e-06 diagnostico_s=5.504e-06 aplicacion_s=6.641e-06
Archivo LP guardado en: /home/mathiasr/Escritorio/generator-aware-row-scaling/results-revision/research-audit/identifiability-confirmatory/R2_S6_coupling_uniform/lp/coupling_uniform_S6_seed20260915_SAMat.lp
[PREPROC] modo plano: 43 filas tratadas como un unico bloque sin roles (kernel geomean por fila)
[PREPROC PHASES] metadata_s=4.51e-07 diagnostico_s=3.058e-06 aplicacion_s=5.603e-06
Archivo LP guardado en: /home/mathiasr/Escritorio/generator-aware-row-scaling/results-revision/research-audit/identifiability-confirmatory/R2_S6_coupling_uniform/lp/coupling_uniform_S6_seed20260915_FlatGM.lp
[PREPROC] modo plano: 43 filas tratadas como un unico bloque sin roles (kernel geomean por fila)
[PREPROC PHASES] metadata_s=3.05e-07 diagnostico_s=3.415e-06 aplicacion_s=5.315e-06
Archivo LP guardado en: /home/mathiasr/Escritorio/generator-aware-row-scaling/results-revision/research-audit/identifiability-confirmatory/R2_S6_coupling_uniform/lp/coupling_uniform_S6_seed20260915_FlatL2.lp
[PREPROC PHASES] metadata_s=6.931e-06 diagnostico_s=5.455e-06 aplicacion_s=6.135e-06
Archivo LP guardado en: /home/mathiasr/Escritorio/generator-aware-row-scaling/results-revision/research-audit/identifiability-confirmatory/R2_S6_coupling_uniform/lp/coupling_uniform_S6_seed20260915_RoleHybrid.lp
[PREPROC PHASES] metadata_s=7.064e-06 diagnostico_s=5.222e-06 aplicacion_s=1.0556e-05
Archivo LP guardado en: /home/mathiasr/Escritorio/generator-aware-row-scaling/results-revision/research-audit/identifiability-confirmatory/R2_S6_coupling_uniform/lp/coupling_uniform_S6_seed20260915_SAMatpermB.lp
Archivo LP guardado en: /home/mathiasr/Escritorio/generator-aware-row-scaling/results-revision/research-audit/identifiability-confirmatory/R2_S6_coupling_uniform/lp/coupling_uniform_S6_seed20260916_Base.lp
[PREPROC PHASES] metadata_s=7.12e-06 diagnostico_s=5.38e-06 aplicacion_s=6.543e-06
Archivo LP guardado en: /home/mathiasr/Escritorio/generator-aware-row-scaling/results-revision/research-audit/identifiability-confirmatory/R2_S6_coupling_uniform/lp/coupling_uniform_S6_seed20260916_SAMat.lp
[PREPROC] modo plano: 43 filas tratadas como un unico bloque sin roles (kernel geomean por fila)
[PREPROC PHASES] metadata_s=4.2e-07 diagnostico_s=3.512e-06 aplicacion_s=4.883e-06
Archivo LP guardado en: /home/mathiasr/Escritorio/generator-aware-row-scaling/results-revision/research-audit/identifiability-confirmatory/R2_S6_coupling_uniform/lp/coupling_uniform_S6_seed20260916_FlatGM.lp
[PREPROC] modo plano: 43 filas tratadas como un unico bloque sin roles (kernel geomean por fila)
[PREPROC PHASES] metadata_s=3.59e-07 diagnostico_s=3.166e-06 aplicacion_s=5.288e-06
Archivo LP guardado en: /home/mathiasr/Escritorio/generator-aware-row-scaling/results-revision/research-audit/identifiability-confirmatory/R2_S6_coupling_uniform/lp/coupling_uniform_S6_seed20260916_FlatL2.lp
[PREPROC PHASES] metadata_s=7.074e-06 diagnostico_s=5.247e-06 aplicacion_s=6.063e-06
Archivo LP guardado en: /home/mathiasr/Escritorio/generator-aware-row-scaling/results-revision/research-audit/identifiability-confirmatory/R2_S6_coupling_uniform/lp/coupling_uniform_S6_seed20260916_RoleHybrid.lp
[PREPROC PHASES] metadata_s=7.145e-06 diagnostico_s=5.066e-06 aplicacion_s=1.0656e-05
Archivo LP guardado en: /home/mathiasr/Escritorio/generator-aware-row-scaling/results-revision/research-audit/identifiability-confirmatory/R2_S6_coupling_uniform/lp/coupling_uniform_S6_seed20260916_SAMatpermB.lp
Archivo LP guardado en: /home/mathiasr/Escritorio/generator-aware-row-scaling/results-revision/research-audit/identifiability-confirmatory/R2_S6_coupling_uniform/lp/coupling_uniform_S6_seed20260917_Base.lp
[PREPROC PHASES] metadata_s=8.378e-06 diagnostico_s=5.472e-06 aplicacion_s=6.346e-06
Archivo LP guardado en: /home/mathiasr/Escritorio/generator-aware-row-scaling/results-revision/research-audit/identifiability-confirmatory/R2_S6_coupling_uniform/lp/coupling_uniform_S6_seed20260917_SAMat.lp
[PREPROC] modo plano: 43 filas tratadas como un unico bloque sin roles (kernel geomean por fila)
[PREPROC PHASES] metadata_s=4.22e-07 diagnostico_s=3.574e-06 aplicacion_s=5.19e-06
Archivo LP guardado en: /home/mathiasr/Escritorio/generator-aware-row-scaling/results-revision/research-audit/identifiability-confirmatory/R2_S6_coupling_uniform/lp/coupling_uniform_S6_seed20260917_FlatGM.lp
[PREPROC] modo plano: 43 filas tratadas como un unico bloque sin roles (kernel geomean por fila)
[PREPROC PHASES] metadata_s=3.71e-07 diagnostico_s=3.557e-06 aplicacion_s=5.205e-06
Archivo LP guardado en: /home/mathiasr/Escritorio/generator-aware-row-scaling/results-revision/research-audit/identifiability-confirmatory/R2_S6_coupling_uniform/lp/coupling_uniform_S6_seed20260917_FlatL2.lp
[PREPROC PHASES] metadata_s=7.381e-06 diagnostico_s=5.535e-06 aplicacion_s=6.215e-06
Archivo LP guardado en: /home/mathiasr/Escritorio/generator-aware-row-scaling/results-revision/research-audit/identifiability-confirmatory/R2_S6_coupling_uniform/lp/coupling_uniform_S6_seed20260917_RoleHybrid.lp
[PREPROC PHASES] metadata_s=6.916e-06 diagnostico_s=5.159e-06 aplicacion_s=1.0975e-05
Archivo LP guardado en: /home/mathiasr/Escritorio/generator-aware-row-scaling/results-revision/research-audit/identifiability-confirmatory/R2_S6_coupling_uniform/lp/coupling_uniform_S6_seed20260917_SAMatpermB.lp
Archivo LP guardado en: /home/mathiasr/Escritorio/generator-aware-row-scaling/results-revision/research-audit/identifiability-confirmatory/R2_S6_coupling_uniform/lp/coupling_uniform_S6_seed20260918_Base.lp
[PREPROC PHASES] metadata_s=7.001e-06 diagnostico_s=5.121e-06 aplicacion_s=6.462e-06
Archivo LP guardado en: /home/mathiasr/Escritorio/generator-aware-row-scaling/results-revision/research-audit/identifiability-confirmatory/R2_S6_coupling_uniform/lp/coupling_uniform_S6_seed20260918_SAMat.lp
[PREPROC] modo plano: 43 filas tratadas como un unico bloque sin roles (kernel geomean por fila)
[PREPROC PHASES] metadata_s=4.07e-07 diagnostico_s=2.973e-06 aplicacion_s=4.974e-06
Archivo LP guardado en: /home/mathiasr/Escritorio/generator-aware-row-scaling/results-revision/research-audit/identifiability-confirmatory/R2_S6_coupling_uniform/lp/coupling_uniform_S6_seed20260918_FlatGM.lp
[PREPROC] modo plano: 43 filas tratadas como un unico bloque sin roles (kernel geomean por fila)
[PREPROC PHASES] metadata_s=4.03e-07 diagnostico_s=3.348e-06 aplicacion_s=5.355e-06
Archivo LP guardado en: /home/mathiasr/Escritorio/generator-aware-row-scaling/results-revision/research-audit/identifiability-confirmatory/R2_S6_coupling_uniform/lp/coupling_uniform_S6_seed20260918_FlatL2.lp
[PREPROC PHASES] metadata_s=6.938e-06 diagnostico_s=5.269e-06 aplicacion_s=5.788e-06
Archivo LP guardado en: /home/mathiasr/Escritorio/generator-aware-row-scaling/results-revision/research-audit/identifiability-confirmatory/R2_S6_coupling_uniform/lp/coupling_uniform_S6_seed20260918_RoleHybrid.lp
[PREPROC PHASES] metadata_s=6.863e-06 diagnostico_s=5.539e-06 aplicacion_s=1.0894e-05
Archivo LP guardado en: /home/mathiasr/Escritorio/generator-aware-row-scaling/results-revision/research-audit/identifiability-confirmatory/R2_S6_coupling_uniform/lp/coupling_uniform_S6_seed20260918_SAMatpermB.lp
[32m[success] Benchmark sintético: 60 corridas (instancia × variante). CSV: /home/mathiasr/Escritorio/generator-aware-row-scaling/results-revision/research-audit/identifiability-confirmatory/R2_S6_coupling_uniform/metrics.csv[0m
> [32m[success] Saliendo del programa...[0m
[32m[success] SystemController destruido[0m
