[32m[success] SystemController creado[0m
> [32m[success] El programa se ha iniciado correctamente[0m
> > [34m[info] Agregando agente Salto Grande[0m
[34m[info] Ingrese costo de agua de Salto Grande:[0m
[34m[info] Ingrese volumen inicial de Salto Grande:[0m
[34m[info] Ingrese aportes de Salto Grande en una sola línea (360 valores):[0m
[info] SaltoGrande: activación de tramos de altura horaria
[32m[success] Se ha creado el agente 'Salto Grande' exitosamente[0m
> > [34m[info] Agregando agente Unidad Térmica Simple[0m
[34m[info] Ingrese potencia máxima de la unidad térmica simple:[0m
[34m[info] Ingrese costo variable de la unidad térmica simple:[0m
[32m[success] Se ha creado el agente 'Unidad Térmica Simple' exitosamente[0m
> > [34m[info] Agregando agente Demanda Fija[0m
[34m[info] Ingrese demandas en una sola línea (360 valores):[0m
[32m[success] Se ha creado el agente 'Demanda Fija' exitosamente[0m
> > [34m[info] Creando despacho de mercado[0m
[34m[info] Modo: despacho de mercado con demanda total explícita[0m
[34m[info] Ingrese cantidad de tramos del despacho de mercado:[0m
[34m[info] Ingrese porcentajes acumulados de los tramos en una sola línea (4 valores):[0m
[34m[info] Ingrese costos marginales de los tramos en una sola línea (4 valores):[0m
[34m[info] Ingrese demanda total en una sola línea (360 valores):[0m
[32m[success] Se ha creado el despacho de mercado exitosamente[0m
> > Set parameter WLSAccessID
Set parameter WLSSecret
Set parameter LicenseID to value 2849920
Academic license 2849920 - for non-commercial use only - registered to ma___@fing.edu.uy
[32m[success] Solver 'Gurobi' configurado | timeout=1800s | mipgap=0.001[0m
> [DEBUG Despacho] j=0 idGen=1 coefParticipacionDespacho=0.5
[DEBUG Despacho] j=1 idGen=2 coefParticipacionDespacho=1

[DEBUG Despacho] Cantidad de generadores = 2
[DEBUG Despacho] j=0 puntero=0xf87300 idGen=1 coefParticipacionDespacho=0.5
[DEBUG Despacho] j=1 puntero=0xf87510 idGen=2 coefParticipacionDespacho=1
[PREPROC] modo plano: 10080 filas tratadas como un unico bloque sin roles (kernel geomean por fila)
[PREPROC PHASES] metadata_s=8.7216e-05 diagnostico_s=0.001477681 aplicacion_s=0.001924066

------------------------------------------------------------
  PREPROCESAMIENTO MIP - Diagnostico Numerico
------------------------------------------------------------
Rango de coeficientes (toda la matriz):
  max |coef| = 3.375e+07
  min |coef| = 1.123e-05
  proxy rango= 3.005e+12

Diagnostico por bloque:
Bloque              max|coef|      min|coef|      kappa_aprox   vars    alpha     beta      cols      disc_omit aux_omit  escalado
------------------------------------------------------------------------------------------------------------------------------
plano               3.375e+07      1.123e-05      3.01e+12      0       1.01e-01  1.00e+00  0         0         0         SI  (filas=7920, alpha_min=1.12e-05, alpha_max=4.21e+01)

Restriccion(es) global(es): 0 fila(s)
  acoplamiento balance = 0 fila(s)
  global no acoplante  = 0 fila(s)
  rho aprox (solo acoplamiento) = 0.000e+00
  gamma acoplamiento   = 1.000000
  gamma candidato      = 1.000000
  filas acop. escaladas= no
  filas normaliz. fisica= 0
  motivo gamma=1       = rho bajo; no se escala la fila de acoplamiento

ADVERTENCIAS:
  [!] Rango de coeficientes elevado (3005012082467). Riesgo de sensibilidad numerica.
  [!] Bloque 'plano' internamente mal escalado (kappa~3005012082467). Conviene comparar equilibrado interno por filas/columnas.
------------------------------------------------------------

------------------------------------------------------------
  COMPARACION NUMERICA ANTES / DESPUES
------------------------------------------------------------
Indicador                   antes           despues         despues/antes
----------------------------------------------------------------------------
rango global                1.406e+13       3.005e+12       2.137e-01
rho acoplamiento            0.000e+00       0.000e+00       0.000e+00
gamma aplicado              1.000000        1.000000        1.000000

Bloques locales:
Bloque              kappa antes     kappa despues   alpha       beta        filas       cols        disc_omit   aux_omit    escalado
------------------------------------------------------------------------------------------------------------------------------------
plano               1.406e+13       3.005e+12       1.006e-01   1.000e+00   7920        0           0           0           SI

Interpretacion: valores despues/antes menores que 1 indican mejora del proxy.
rho se calcula solo con filas de acoplamiento; las cotas de demanda sobre g quedan fuera.
El escalamiento local activo fue solo por fila: alpha_r = 1/sqrt(M_r*m_r).
------------------------------------------------------------

[PREPROC TIME] variante=matricial_plano tiempo_s=0.007128542 u=2 K=4 epsMin=1e-09 epsMax=1000000000
[32m[success] Preprocesamiento aplicado.[0m
> [MODELO] rows=10080 cols=6120 nnz=22679
[pipeline] Preprocesamiento seleccionado: Ninguno
[pipeline] Modelo interno sin modificaciones de preprocesamiento.
[pipeline] Estrategia de resolucion seleccionada: Monolitica
[pipeline] Resolviendo monoliticamente.
Set parameter TimeLimit to value 1800
Set parameter MIPGap to value 0.001
Set parameter Seed to value 42
Set parameter Threads to value 16
Gurobi Optimizer version 13.0.1 build v13.0.1rc0 (linux64 - "Debian GNU/Linux 12 (bookworm)")

CPU model: Intel(R) Xeon(R) Gold 6138 CPU @ 2.00GHz, instruction set [SSE2|AVX|AVX2|AVX512]
Thread count: 40 physical cores, 40 logical processors, using up to 16 threads

Non-default parameters:
TimeLimit  1800
MIPGap  0.001
Seed  42
Threads  16

Academic license 2849920 - for non-commercial use only - registered to ma___@fing.edu.uy
Optimize a model with 10080 rows, 6120 columns and 22679 nonzeros (Min)
Model fingerprint: 0xc6332c67
Model has 721 linear objective coefficients
Variable types: 4680 continuous, 1440 integer (1440 binary)
Coefficient statistics:
  Matrix range     [1e-05, 9e+04]
  Objective range  [4e-04, 1e+02]
  Bounds range     [1e+00, 4e+09]
  RHS range        [9e+01, 3e+07]
Warning: Model contains large bounds
         Consider reformulating model or setting NumericFocus parameter
         to avoid numerical issues.

Found heuristic solution: objective 1.281304e+09
Presolve removed 862 rows and 401 columns
Presolve time: 0.09s
Presolved: 9218 rows, 5719 columns, 21889 nonzeros
Found heuristic solution: objective 1.279301e+09
Variable types: 4296 continuous, 1423 integer (1423 binary)

Root relaxation: objective 9.198400e+06, 7530 iterations, 0.14 seconds (0.19 work units)

    Nodes    |    Current Node    |     Objective Bounds      |     Work
 Expl Unexpl |  Obj  Depth IntInf | Incumbent    BestBd   Gap | It/Node Time

     0     0 9198399.84    0 1409 1.2793e+09 9198399.84  99.3%     -    0s
     0     0 9198553.13    0 1409 1.2793e+09 9198553.13  99.3%     -    0s
H    0     0                    7.060018e+07 9198553.13  87.0%     -    0s
     0     0 9571870.26    0 1398 7.0600e+07 9571870.26  86.4%     -    0s
     0     0 9609849.25    0 1399 7.0600e+07 9609849.25  86.4%     -    0s
     0     0 9609849.25    0 1399 7.0600e+07 9609849.25  86.4%     -    1s
H    0     0                    7.058474e+07 9707612.57  86.2%     -    1s
     0     0 9729584.14    0 1396 7.0585e+07 9729584.14  86.2%     -    1s
H    0     0                    7.054372e+07 9729584.14  86.2%     -    1s
     0     0 9753764.08    0 1396 7.0544e+07 9753764.08  86.2%     -    1s
H    0     0                    6.906072e+07 9753764.08  85.9%     -    1s
H    0     2                    6.903667e+07 9753764.08  85.9%     -    1s
     0     2 9753764.08    0 1396 6.9037e+07 9753764.08  85.9%     -    1s
H    3     8                    6.881838e+07 9753764.08  85.8%   720    2s
H    7    14                    6.862156e+07 1.0298e+07  85.0%   692    2s
H    8    14                    6.855379e+07 1.0337e+07  84.9%   610    2s
H   10    14                    6.830907e+07 1.0337e+07  84.9%   507    2s
H  162   175                    6.822503e+07 1.0584e+07  84.5%   295    3s
H  163   175                    6.787398e+07 1.0584e+07  84.4%   293    3s
H  374   393                    5.271078e+07 1.0584e+07  79.9%   174    4s
   477   409 2.3330e+07   22 1186 5.2711e+07 1.0609e+07  79.9%   187    5s
H  570   480                    5.234649e+07 1.0626e+07  79.7%   195    5s
H  597   494                    5.211304e+07 1.0626e+07  79.6%   188    6s
H  598   494                    5.209028e+07 1.0626e+07  79.6%   187    6s
H  600   494                    5.201591e+07 1.0626e+07  79.6%   187    6s
H 1368  1059                    5.179218e+07 1.0634e+07  79.5%   135    8s
H 1379  1043                    5.151518e+07 1.0634e+07  79.4%   134    8s
H 1385  1043                    5.148901e+07 1.0634e+07  79.3%   134    8s
  2268  1791 2.6598e+07    6 1396 5.1489e+07 1.0634e+07  79.3%   119   13s
H 2271  1703                    5.145433e+07 1.0634e+07  79.3%   119   14s
  2275  1706 3.0081e+07   14 1402 5.1454e+07 1.0634e+07  79.3%   118   15s
H 2389  1697                    5.141486e+07 1.0634e+07  79.3%   123   18s
H 2390  1615                    5.138120e+07 1.0634e+07  79.3%   123   18s
  2857  1925     cutoff   26      5.1381e+07 1.0634e+07  79.3%   125   20s
H 2919  1869                    5.128707e+07 1.0634e+07  79.3%   124   20s
H 2922  1794                    5.122640e+07 1.0634e+07  79.2%   124   20s
H 2931  1722                    5.121157e+07 1.0634e+07  79.2%   124   20s
H 2997  1700                    5.112556e+07 1.0634e+07  79.2%   124   21s
H 3003  1636                    5.100245e+07 1.0634e+07  79.1%   124   21s
H 3367  1807                    5.099836e+07 1.0634e+07  79.1%   117   21s
H 3368  1749                    5.088412e+07 1.0634e+07  79.1%   117   21s
H 3949  2084                    5.087245e+07 1.0634e+07  79.1%   113   23s
H 3950  2032                    5.079502e+07 1.0634e+07  79.1%   113   23s
H 3952  1983                    5.074718e+07 1.0634e+07  79.0%   113   23s
H 3962  1933                    5.073332e+07 1.0634e+07  79.0%   114   23s
H 3971  1886                    5.064704e+07 1.0634e+07  79.0%   113   23s
H 4476  2059                    5.057255e+07 1.0634e+07  79.0%   108   23s
H 5245  2675                    5.038035e+07 1.0634e+07  78.9%   101   24s
H 5251  2675                    5.022804e+07 1.0634e+07  78.8%   101   24s
H 6055  3626                    4.944837e+07 1.0634e+07  78.5%  94.2   25s
H 6057  3626                    4.924231e+07 1.0634e+07  78.4%  94.3   25s
H 6173  3626                    4.892435e+07 1.0634e+07  78.3%  93.9   25s
H 6296  3761                    4.192059e+07 1.0634e+07  74.6%  92.3   25s
H 7434  4852                    4.122778e+07 1.0634e+07  74.2%  86.3   26s
H 7439  4852                    4.111344e+07 1.0634e+07  74.1%  86.4   26s
H 7648  2549                    3.196544e+07 1.0634e+07  66.7%  85.2   26s
* 8320  1688             579    2.994116e+07 1.0634e+07  64.5%  84.9   27s
* 8322  1633             579    2.988235e+07 1.0634e+07  64.4%  84.9   27s
* 8481   886             551    2.607522e+07 1.1369e+07  56.4%  86.7   27s
H 9824  1190                    2.607025e+07 1.1446e+07  56.1%  88.7   29s
H 9834  1181                    2.602924e+07 1.1446e+07  56.0%  88.7   29s
  9851  1547 1.9865e+07  168  761 2.6029e+07 1.1446e+07  56.0%  89.4   30s
H10928  1935                    2.588221e+07 1.1446e+07  55.8%  87.7   30s
H10969  1903                    2.580942e+07 1.1446e+07  55.7%  87.6   30s
H11128  1631                    2.539422e+07 1.1446e+07  54.9%  87.3   30s
H11161  1905                    2.536033e+07 1.1446e+07  54.9%  87.4   31s
*11304  1614             489    2.496598e+07 1.1446e+07  54.2%  86.5   31s
*11731  1210             482    2.444018e+07 1.1446e+07  53.2%  85.6   31s
H12960  2377                    2.437158e+07 1.1747e+07  51.8%  86.8   33s
H13066  2370                    2.436470e+07 1.1747e+07  51.8%  86.1   33s
H13158  2345                    2.432252e+07 1.1747e+07  51.7%  85.6   33s
H13611  2340                    2.431778e+07 1.1780e+07  51.6%  84.3   33s
*13794  1579             479    2.216447e+07 1.1780e+07  46.9%  83.6   33s
*14395  1451             459    1.476283e+07 1.1847e+07  19.8%  84.7   34s
*14740   751             459    1.446882e+07 1.1957e+07  17.4%  84.0   34s
*14792   751             459    1.427052e+07 1.1970e+07  16.1%  86.8   34s
 14919   699     cutoff  343      1.4271e+07 1.2235e+07  14.3%  94.9   35s
*15362   712             448    1.419059e+07 1.2251e+07  13.7%   112   36s
*15775   867             449    1.385732e+07 1.2305e+07  11.2%   119   37s
*16194   912             452    1.308789e+07 1.2308e+07  5.96%   126   38s
*16195   912             452    1.308300e+07 1.2308e+07  5.92%   126   38s
*16378   912             454    1.238902e+07 1.2308e+07  0.65%   128   38s

Cutting planes:
  Implied bound: 688
  Projected implied bound: 12
  MIR: 292
  Flow cover: 303
  RLT: 303
  Relax-and-lift: 37
  PSD: 1

Explored 17187 nodes (2142850 simplex iterations) in 38.42 seconds (53.13 work units)
Thread count was 16 (of 40 available processors)

Solution count 10: 1.2389e+07 1.3083e+07 1.30879e+07 ... 2.43178e+07

Optimal solution found (tolerance 1.00e-03)
Best objective 1.238902070934e+07, best bound 1.238902070934e+07, gap 0.0000%

User-callback calls 42886, time in user-callback 0.00 sec
[NUM-KAPPA] kappa_solver=12290873 kappa_exact=-1 is_mip=1
[NUM-EFIC] work=53 root_gap=1 root_time=2
[pipeline] Tiempo de resolucion: 38.464960 s
[SOLVE] tiempo_solver_s=38.464973292000003 status=OPTIMAL gap=0.000000000000000 obj=12389020.709343306720257 best_bound=12389020.709343306720257 nodos=17187.000000000000000 iter=2142850.000000000000000 primal_integral=0.677298793710300
[VERIF ORIGINAL] etapa=solver_desescalado max_le=1.84741111297626e-12 (a1_cota_altura_1(94)) max_ge=1.30385160446167e-08 (falla_tramo(113,4)) max_eq=2.86847352981567e-07 (a1_balance(146)) max_lb=0 () max_ub=3.92901711165905e-10 (a1_x4h(140)) max_int=0 () avg_viol=1.18125200021656e-09 p95_viol=5.6843418860808e-14 p99_viol=1.49011611938477e-08 max_viol_rel=5.30917532159947e-11 max_viol_relact=1.6723309875365e-14 viol_le_count=0 viol_ge_count=0 viol_eq_count=0 viol_lb_count=0 viol_ub_count=0 viol_int_count=0 missing_values=0 obj_original_recalc=12389020.7093433
[32m[success] Resultados guardados correctamente en /clusteruy/home/mathiasr/generator-aware-row-scaling/results-revision/final-variants/gurobi_sgtm_01pct/resultados/instance092_matricial_plano.csv[0m
[32m[success] Archivo CSV generado correctamente[0m

[POST DEBUG] ===== INICIO POSTPROCESAMIENTO GLOBAL =====

[SG POST] ===== Diagnóstico SaltoGrande =====
[SG POST] periodos = 360
[SG POST] periodosPotenciaRealMayorMIP = 203
[SG POST] periodosPotenciaRealMenorMIP = 157
[SG POST] periodosConWhile = 203
[SG POST] cantidadWhile = 2976173
[SG POST] periodosConErrorFinal = 157
[SG POST] sumaGMip = 562003.792043772
[SG POST] sumaGRealInicial = 554381.108628082
[SG POST] sumaGRealFinal = 548529.498211418
[SG POST] sumaDeltaGInicial = -7622.68341569046
[SG POST] sumaDeltaGFinal = -13474.2938323545
[SG POST] maxAbsDeltaGInicial = 177.470077469036
[SG POST] maxAbsDeltaGFinal = 177.470077469036
[SG POST] sumaDeltaX = -29761.7300006496
[SG POST] sumaDeltaY = 29761.729999997
[SG POST] ===================================

[POST DEBUG] --- DESPUÉS DE AGENTES ---
[POST DEBUG] Agentes | g1 antes=562003.792043772 despues=562003.792043772 delta=0
[POST DEBUG] Agentes | g2 antes=54779.5812638167 despues=54779.5812638167 delta=0
[POST DEBUG] Agentes | g antes=335781.477285703 despues=335781.477285703 delta=0
[POST DEBUG] Agentes | costoFalla antes=6911062.58296161 despues=6911062.58296161 delta=0
[POST DEBUG] --- DESPUÉS DE DESPACHO ---
[POST DEBUG] Despacho | g1 antes=562003.792043772 despues=562003.792043772 delta=0
[POST DEBUG] Despacho | g2 antes=54779.5812638167 despues=54779.5812638167 delta=0
[POST DEBUG] Despacho | g antes=335781.477285703 despues=335781.477285703 delta=-3.49245965480804e-10
[POST DEBUG] Despacho | costoFalla antes=6911062.58296161 despues=6911062.58296161 delta=0
[POST DEBUG] --- TOTAL ANTES VS FINAL ---
[POST DEBUG] Final | g1 antes=562003.792043772 despues=562003.792043772 delta=0
[POST DEBUG] Final | g2 antes=54779.5812638167 despues=54779.5812638167 delta=0
[POST DEBUG] Final | g antes=335781.477285703 despues=335781.477285703 delta=-3.49245965480804e-10
[POST DEBUG] Final | costoFalla antes=6911062.58296161 despues=6911062.58296161 delta=0
[POST DEBUG] valorFOOriginal = 12389020.7093433
[POST DEBUG] valorFOPostProcesado = 12389020.7093433
[POST DEBUG] deltaFO = -3.16649675369263e-08
[POST DEBUG] ===== FIN POSTPROCESAMIENTO GLOBAL =====

[32m[success] Post-procesamiento completado. Nuevo valor F.O.: 12389020.709343275055289[0m
[VERIF ORIGINAL] etapa=postprocesado max_le=43.5521348687307 (a1_salto_grande_tangente_4(7)) max_ge=1.49011611938477e-08 (falla_tramo(304,3)) max_eq=2.84090638160706e-05 (a1_balance(7)) max_lb=0 () max_ub=5.0931703299284e-11 (a1_x4h(309)) max_int=0 () avg_viol=0.481221381747447 p95_viol=1.72365456819532e-05 p99_viol=15.221327848696 max_viol_rel=9.43725478185266 max_viol_relact=0.0217541302569025 viol_le_count=466 viol_ge_count=0 viol_eq_count=202 viol_lb_count=0 viol_ub_count=0 viol_int_count=0 missing_values=0 obj_original_recalc=12389020.7093433
[32m[success] Resultados guardados correctamente en /clusteruy/home/mathiasr/generator-aware-row-scaling/results-revision/final-variants/gurobi_sgtm_01pct/resultados/instance092_matricial_plano_postprocesado.csv[0m
> [32m[success] Saliendo del programa...[0m
[32m[success] SystemController destruido[0m
