[32m[success] SystemController creado[0m
> [32m[success] El programa se ha iniciado correctamente[0m
> > [34m[info] Agregando agente Salto Grande[0m
[34m[info] Ingrese costo de agua de Salto Grande:[0m
[34m[info] Ingrese volumen inicial de Salto Grande:[0m
[34m[info] Ingrese aportes de Salto Grande en una sola línea (360 valores):[0m
[info] SaltoGrande: activación de tramos de altura horaria
[32m[success] Se ha creado el agente 'Salto Grande' exitosamente[0m
> > [34m[info] Agregando agente Unidad Térmica Simple[0m
[34m[info] Ingrese potencia máxima de la unidad térmica simple:[0m
[34m[info] Ingrese costo variable de la unidad térmica simple:[0m
[32m[success] Se ha creado el agente 'Unidad Térmica Simple' exitosamente[0m
> > [34m[info] Agregando agente Demanda Fija[0m
[34m[info] Ingrese demandas en una sola línea (360 valores):[0m
[32m[success] Se ha creado el agente 'Demanda Fija' exitosamente[0m
> > [34m[info] Creando despacho de mercado[0m
[34m[info] Modo: despacho de mercado con demanda total explícita[0m
[34m[info] Ingrese cantidad de tramos del despacho de mercado:[0m
[34m[info] Ingrese porcentajes acumulados de los tramos en una sola línea (4 valores):[0m
[34m[info] Ingrese costos marginales de los tramos en una sola línea (4 valores):[0m
[34m[info] Ingrese demanda total en una sola línea (360 valores):[0m
[32m[success] Se ha creado el despacho de mercado exitosamente[0m
> > Set parameter WLSAccessID
Set parameter WLSSecret
Set parameter LicenseID to value 2849920
Academic license 2849920 - for non-commercial use only - registered to ma___@fing.edu.uy
[32m[success] Solver 'Gurobi' configurado | timeout=1800s | mipgap=0.001[0m
> [DEBUG Despacho] j=0 idGen=1 coefParticipacionDespacho=0.5
[DEBUG Despacho] j=1 idGen=2 coefParticipacionDespacho=1

[DEBUG Despacho] Cantidad de generadores = 2
[DEBUG Despacho] j=0 puntero=0x6cb300 idGen=1 coefParticipacionDespacho=0.5
[DEBUG Despacho] j=1 puntero=0x6cb510 idGen=2 coefParticipacionDespacho=1
[PREPROC] modo plano: 10080 filas tratadas como un unico bloque sin roles (kernel geomean por fila)
[PREPROC PHASES] metadata_s=9.9606e-05 diagnostico_s=0.001085274 aplicacion_s=0.001873315

------------------------------------------------------------
  PREPROCESAMIENTO MIP - Diagnostico Numerico
------------------------------------------------------------
Rango de coeficientes (toda la matriz):
  max |coef| = 3.583e+07
  min |coef| = 9.260e-06
  proxy rango= 3.870e+12

Diagnostico por bloque:
Bloque              max|coef|      min|coef|      kappa_aprox   vars    alpha     beta      cols      disc_omit aux_omit  escalado
------------------------------------------------------------------------------------------------------------------------------
plano               3.583e+07      9.260e-06      3.87e+12      0       9.60e-02  1.00e+00  0         0         0         SI  (filas=7920, alpha_min=9.26e-06, alpha_max=4.10e+01)

Restriccion(es) global(es): 0 fila(s)
  acoplamiento balance = 0 fila(s)
  global no acoplante  = 0 fila(s)
  rho aprox (solo acoplamiento) = 0.000e+00
  gamma acoplamiento   = 1.000000
  gamma candidato      = 1.000000
  filas acop. escaladas= no
  filas normaliz. fisica= 0
  motivo gamma=1       = rho bajo; no se escala la fila de acoplamiento

ADVERTENCIAS:
  [!] Rango de coeficientes elevado (3869831092315). Riesgo de sensibilidad numerica.
  [!] Bloque 'plano' internamente mal escalado (kappa~3869831092315). Conviene comparar equilibrado interno por filas/columnas.
------------------------------------------------------------

------------------------------------------------------------
  COMPARACION NUMERICA ANTES / DESPUES
------------------------------------------------------------
Indicador                   antes           despues         despues/antes
----------------------------------------------------------------------------
rango global                1.956e+13       3.870e+12       1.978e-01
rho acoplamiento            0.000e+00       0.000e+00       0.000e+00
gamma aplicado              1.000000        1.000000        1.000000

Bloques locales:
Bloque              kappa antes     kappa despues   alpha       beta        filas       cols        disc_omit   aux_omit    escalado
------------------------------------------------------------------------------------------------------------------------------------
plano               1.956e+13       3.870e+12       9.603e-02   1.000e+00   7920        0           0           0           SI

Interpretacion: valores despues/antes menores que 1 indican mejora del proxy.
rho se calcula solo con filas de acoplamiento; las cotas de demanda sobre g quedan fuera.
El escalamiento local activo fue solo por fila: alpha_r = 1/sqrt(M_r*m_r).
------------------------------------------------------------

[PREPROC TIME] variante=matricial_plano tiempo_s=0.006795027 u=2 K=4 epsMin=1e-09 epsMax=1000000000
[32m[success] Preprocesamiento aplicado.[0m
> [MODELO] rows=10080 cols=6120 nnz=22679
[pipeline] Preprocesamiento seleccionado: Ninguno
[pipeline] Modelo interno sin modificaciones de preprocesamiento.
[pipeline] Estrategia de resolucion seleccionada: Monolitica
[pipeline] Resolviendo monoliticamente.
Set parameter TimeLimit to value 1800
Set parameter MIPGap to value 0.001
Set parameter Seed to value 42
Set parameter Threads to value 16
Gurobi Optimizer version 13.0.1 build v13.0.1rc0 (linux64 - "Debian GNU/Linux 12 (bookworm)")

CPU model: Intel(R) Xeon(R) Gold 6138 CPU @ 2.00GHz, instruction set [SSE2|AVX|AVX2|AVX512]
Thread count: 40 physical cores, 40 logical processors, using up to 16 threads

Non-default parameters:
TimeLimit  1800
MIPGap  0.001
Seed  42
Threads  16

Academic license 2849920 - for non-commercial use only - registered to ma___@fing.edu.uy
Optimize a model with 10080 rows, 6120 columns and 22679 nonzeros (Min)
Model fingerprint: 0x45159b9a
Model has 721 linear objective coefficients
Variable types: 4680 continuous, 1440 integer (1440 binary)
Coefficient statistics:
  Matrix range     [9e-06, 1e+05]
  Objective range  [3e-03, 1e+02]
  Bounds range     [1e+00, 4e+09]
  RHS range        [6e+01, 4e+07]
Warning: Model contains large bounds
         Consider reformulating model or setting NumericFocus parameter
         to avoid numerical issues.

Found heuristic solution: objective 9.077364e+08
Presolve removed 1314 rows and 584 columns
Presolve time: 0.10s
Presolved: 8766 rows, 5536 columns, 20892 nonzeros
Found heuristic solution: objective 8.779484e+08
Variable types: 4122 continuous, 1414 integer (1414 binary)

Root relaxation: objective 2.709043e+07, 7321 iterations, 0.40 seconds (0.53 work units)

    Nodes    |    Current Node    |     Objective Bounds      |     Work
 Expl Unexpl |  Obj  Depth IntInf | Incumbent    BestBd   Gap | It/Node Time

     0     0 2.7090e+07    0 1354 8.7795e+08 2.7090e+07  96.9%     -    0s
H    0     0                    1.232262e+08 2.7090e+07  78.0%     -    0s
     0     0 2.8199e+07    0 1353 1.2323e+08 2.8199e+07  77.1%     -    1s
H    0     0                    1.222993e+08 2.8199e+07  76.9%     -    1s
     0     0 2.8260e+07    0 1353 1.2230e+08 2.8260e+07  76.9%     -    1s
     0     0 2.8260e+07    0 1353 1.2230e+08 2.8260e+07  76.9%     -    1s
     0     0 2.8369e+07    0 1356 1.2230e+08 2.8369e+07  76.8%     -    2s
     0     0 2.8389e+07    0 1356 1.2230e+08 2.8389e+07  76.8%     -    2s
     0     0 2.8389e+07    0 1356 1.2230e+08 2.8389e+07  76.8%     -    2s
H    0     2                    1.222992e+08 2.8389e+07  76.8%     -    3s
     0     2 2.8389e+07    0 1356 1.2230e+08 2.8389e+07  76.8%     -    3s
H    3     2                    1.220817e+08 2.8389e+07  76.7%   627    3s
H    5     2                    1.220184e+08 2.8389e+07  76.7%   980    3s
H    7     4                    1.219238e+08 2.8389e+07  76.7%  1068    4s
H    9     6                    1.219155e+08 2.8389e+07  76.7%   981    4s
H   10     6                    1.218305e+08 2.8389e+07  76.7%   883    4s
H   13     6                    1.218166e+08 2.8389e+07  76.7%   943    4s
H   14     6                    1.218139e+08 2.8389e+07  76.7%   876    4s
H   25     6                    1.217368e+08 2.8389e+07  76.7%  1007    5s
H   26     6                    1.208809e+08 2.8389e+07  76.5%   968    5s
H   31     6                    1.208585e+08 2.8389e+07  76.5%  1044    5s
H   37    20                    1.207522e+08 2.8389e+07  76.5%  1054    5s
H   42    20                    1.205633e+08 2.8389e+07  76.5%   928    5s
H  101    14                    1.205479e+08 2.8389e+07  76.5%  1031    8s
H  144    54                    1.205474e+08 2.8389e+07  76.4%   922    9s
H  148    54                    1.199713e+08 2.8389e+07  76.3%   905    9s
H  156    54                    1.198522e+08 2.8389e+07  76.3%   885    9s
   165    74 9.6603e+07   22 1054 1.1985e+08 2.8389e+07  76.3%   840   10s
H  178    74                    1.198519e+08 2.8389e+07  76.3%   789   10s
H  187    74                    1.198513e+08 2.8389e+07  76.3%   766   10s
H  196    89                    1.198505e+08 2.8389e+07  76.3%   745   10s
H  197    89                    1.198495e+08 2.8389e+07  76.3%   741   10s
H  198    89                    1.198494e+08 2.8389e+07  76.3%   738   10s
H  200    89                    1.198488e+08 2.8389e+07  76.3%   731   10s
H  206    89                    1.198470e+08 2.8389e+07  76.3%   717   10s
  1191   920 9.7902e+07   56  931 1.1985e+08 2.8389e+07  76.3%   204   15s
H 1246   976                    1.198469e+08 2.8389e+07  76.3%   204   15s
H 2098  1751                    1.198467e+08 2.8389e+07  76.3%   143   17s
H 2196  1751                    1.198466e+08 2.8389e+07  76.3%   138   17s
H 2443  1359                    1.186000e+08 2.8389e+07  76.1%   129   19s
  2444  1348 1.0290e+08   31 1356 1.1860e+08 2.8389e+07  76.1%   129   23s
  2447  1350 1.1626e+08   54 1350 1.1860e+08 2.8389e+07  76.1%   129   26s
H 2448  1285                    1.185382e+08 2.8389e+07  76.1%   132   26s
H 2553  1275                    1.182576e+08 2.8389e+07  76.0%   137   29s
H 2563  1210                    1.182011e+08 2.8389e+07  76.0%   136   29s
  2619  1258 2.8389e+07   22 1331 1.1820e+08 2.8389e+07  76.0%   136   30s
H 2836  1300                    1.181310e+08 2.8389e+07  76.0%   137   31s
H 2842  1243                    1.180938e+08 2.8389e+07  76.0%   137   31s
H 3369  1463                    1.178376e+08 2.8389e+07  75.9%   131   32s
H 3372  1413                    1.173232e+08 2.8389e+07  75.8%   131   32s
H 3384  1361                    1.172462e+08 2.8389e+07  75.8%   131   32s
  3841  1540     cutoff   40      1.1725e+08 2.8389e+07  75.8%   128   35s
H 3843  1491                    1.169400e+08 2.8389e+07  75.7%   128   35s
H 3886  1426                    1.167732e+08 2.8389e+07  75.7%   127   35s
H 4563  1639                    1.166274e+08 2.8389e+07  75.7%   128   37s
H 4570  1596                    1.166253e+08 2.8389e+07  75.7%   128   37s
H 4577  1569                    1.165717e+08 2.8389e+07  75.6%   128   37s
H 4581  1441                    1.160398e+08 2.8389e+07  75.5%   128   37s
H 5495  2118                    1.159169e+08 2.8462e+07  75.4%   128   39s
H 5497  2118                    1.159098e+08 2.8470e+07  75.4%   128   39s
H 5503  2092                    1.157141e+08 2.8470e+07  75.4%   128   39s
  5625  2124 2.8470e+07   53 1220 1.1571e+08 2.8470e+07  75.4%   128   40s
H 6251  2618                    1.157092e+08 2.8478e+07  75.4%   124   41s
H 7144  3554                    1.155910e+08 2.8480e+07  75.4%   117   42s
H 7146  3516                    1.154787e+08 2.8481e+07  75.3%   117   42s
H 7157  3437                    1.151211e+08 2.8481e+07  75.3%   118   42s
H 8326  4118                    1.151207e+08 2.8565e+07  75.2%   110   44s
H 8335  4115                    1.151126e+08 2.8565e+07  75.2%   110   44s
  8342  4278 1.0854e+08   65  933 1.1511e+08 2.8565e+07  75.2%   110   45s
H 9775  5110                    1.151076e+08 2.8587e+07  75.2%   107   46s
H 9779  5109                    1.151021e+08 2.8587e+07  75.2%   107   46s
H 9788  5109                    1.150990e+08 2.8587e+07  75.2%   107   46s
H 9847  5142                    1.150989e+08 2.8637e+07  75.1%   108   48s
H 9849  5137                    1.150795e+08 2.8637e+07  75.1%   108   48s
H10105  5412                    1.148226e+08 2.8650e+07  75.0%   107   48s
H10540  5604                    1.148199e+08 2.8756e+07  75.0%   107   49s
H10585  5604                    1.148174e+08 2.8756e+07  75.0%   107   49s
H10631  5541                    1.145897e+08 2.8756e+07  74.9%   107   49s
*11371  3143             480    1.102013e+08 2.8824e+07  73.8%   108   49s
*11401  1606             506    1.075922e+08 2.8824e+07  73.2%   108   49s
*11402  1562             506    1.074753e+08 2.8824e+07  73.2%   108   49s
H11636  1123                    1.066409e+08 2.8824e+07  73.0%   108   50s
H11691  1016                    1.063363e+08 2.8842e+07  72.9%   107   50s
H11766   984                    1.062095e+08 2.8842e+07  72.8%   108   50s
H12988  1871                    1.058371e+08 2.8896e+07  72.7%   107   52s
*14897  3987             436    1.058177e+08 2.9205e+07  72.4%   102   54s
*15468  3831             521    1.054641e+08 2.9205e+07  72.3%   100   54s
*15927  4753             438    1.054028e+08 2.9244e+07  72.3%   100   54s
*15928  4750             439    1.054002e+08 2.9244e+07  72.3%   100   54s
*15930  4737             438    1.053909e+08 2.9244e+07  72.3%   100   54s
*16175  3556             531    1.025181e+08 2.9244e+07  71.5%  98.8   54s
 16704  3917 2.9245e+07  108 1100 1.0252e+08 2.9245e+07  71.5%  96.8   55s
*16790  3667             405    1.002524e+08 2.9281e+07  70.8%  96.7   55s
*18065  3068             531    8.952170e+07 2.9344e+07  67.2%  93.8   55s
*18066  3068             531    8.952132e+07 2.9344e+07  67.2%  93.8   55s
H18526  2323                    8.933322e+07 2.9344e+07  67.2%  93.0   56s
H18540  2210                    8.910482e+07 2.9369e+07  67.0%  93.2   56s
H18544  1947                    8.741634e+07 2.9369e+07  66.4%  93.6   56s
H18813  1705                    8.706562e+07 2.9369e+07  66.3%  94.7   56s
*19423  2364             502    8.644491e+07 2.9412e+07  66.0%  97.2   57s
*19430  2338             503    8.629917e+07 2.9412e+07  65.9%  97.1   57s
*19431  2338             503    8.627700e+07 2.9412e+07  65.9%  97.1   57s
H19437  2338                    8.623352e+07 2.9412e+07  65.9%  97.1   57s
*19441  2338             504    8.621203e+07 2.9412e+07  65.9%  97.1   57s
*20000  2827             491    8.161324e+07 2.9416e+07  64.0%  96.9   58s
*20001  2712             491    8.118768e+07 2.9416e+07  63.8%  96.9   58s
*20023  2694             491    8.114322e+07 2.9416e+07  63.7%  96.8   58s
*20029  2668             492    8.107155e+07 2.9416e+07  63.7%  96.7   58s
*20030  2664             492    8.103494e+07 2.9416e+07  63.7%  96.7   58s
*20032  2632             492    8.085294e+07 2.9416e+07  63.6%  96.7   58s
*21354  2652             496    7.943318e+07 2.9494e+07  62.9%  95.9   59s
*21368  2651             497    7.943121e+07 2.9494e+07  62.9%  95.8   59s
*21369  2651             497    7.943098e+07 2.9494e+07  62.9%  95.8   59s
H21937  2242                    7.616761e+07 2.9494e+07  61.3%  97.5   59s
*21953  2242             518    7.616689e+07 2.9494e+07  61.3%  97.5   59s
H22002  1880                    7.599571e+07 2.9494e+07  61.2%  97.8   60s
H22025  1439                    7.547906e+07 2.9528e+07  60.9%  98.3   60s
H22145  1401                    7.525234e+07 2.9528e+07  60.8%  99.5   60s
H23074  1975                    7.252123e+07 2.9547e+07  59.3%   102   61s
*23095  1947             555    7.248155e+07 2.9547e+07  59.2%   101   61s
H23565  1400                    7.241758e+07 2.9552e+07  59.2%   102   62s
H23999  2878                    7.233414e+07 2.9679e+07  59.0%   104   64s
H24226  2273                    7.144059e+07 2.9721e+07  58.4%   103   64s
 25581  3370 2.9724e+07  155  970 7.1441e+07 2.9724e+07  58.4%   101   65s
*26071  2869             476    7.020233e+07 2.9773e+07  57.6%   101   65s
*27213  2452             517    6.833019e+07 2.9773e+07  56.4%  97.8   65s
H28927  1465                    6.831948e+07 2.9947e+07  56.2%  98.5   66s
H28929  1447                    6.831304e+07 2.9947e+07  56.2%  98.5   66s
*29048  1246             476    6.508844e+07 2.9947e+07  54.0%  98.4   67s
*29049  1246             476    6.508774e+07 2.9947e+07  54.0%  98.4   67s
*29051  1246             476    6.505315e+07 2.9947e+07  54.0%  98.4   67s
*29052  1246             476    6.505256e+07 2.9947e+07  54.0%  98.4   67s
*30332  2192             473    6.490537e+07 2.9957e+07  53.8%  97.6   68s
*30334  2192             474    6.489656e+07 2.9957e+07  53.8%  97.6   68s
*30342  2192             474    6.489598e+07 2.9957e+07  53.8%  97.6   68s
*31512  2339             517    5.793735e+07 3.0068e+07  48.1%  95.6   69s
*31513  2339             517    5.793638e+07 3.0068e+07  48.1%  95.6   69s
*31519  2339             517    5.656002e+07 3.0068e+07  46.8%  95.5   69s
*31528  2339             518    5.621853e+07 3.0068e+07  46.5%  95.5   69s
 33640  1183     cutoff  276      5.6219e+07 3.0196e+07  46.3%  93.0   70s
*34509  1183             531    5.225375e+07 3.0243e+07  42.1%  94.5   70s
*34510  1183             531    5.224583e+07 3.0243e+07  42.1%  94.5   70s
*35056  1124             509    5.187426e+07 3.0243e+07  41.7%  94.1   71s
*35059  1124             509    5.152792e+07 3.0243e+07  41.3%  94.0   71s
*35903   935             512    5.150129e+07 3.0316e+07  41.1%  95.1   72s
*36011   935             512    4.391123e+07 3.0316e+07  31.0%  95.9   72s
*36028   935             512    4.374278e+07 3.0316e+07  30.7%  95.9   72s
*36489   858             523    3.749760e+07 3.0670e+07  18.2%  97.5   73s
*36490   858             523    3.671723e+07 3.0670e+07  16.5%  97.5   73s
*37330   858             527    3.588423e+07 3.0670e+07  14.5%  98.3   73s
*37351   858             529    3.579938e+07 3.0670e+07  14.3%  98.2   73s
*37749   523             530    3.411014e+07 3.0753e+07  9.84%  99.1   73s
*37750   523             530    3.393028e+07 3.0753e+07  9.37%  99.1   73s
*37858   523             529    3.386348e+07 3.0796e+07  9.06%  99.0   73s
*37859   523             529    3.366874e+07 3.0796e+07  8.53%  99.0   73s
*37864   523             531    3.366643e+07 3.0796e+07  8.53%  99.0   73s
*37876   523             530    3.363549e+07 3.0796e+07  8.44%  99.0   73s
*37880   523             533    3.359277e+07 3.0796e+07  8.33%  99.0   73s
*37881   523             533    3.356195e+07 3.0796e+07  8.24%  99.0   73s
*38833   269             548    3.157963e+07 3.1051e+07  1.67%   102   74s
*38834   269             548    3.153261e+07 3.1051e+07  1.53%   102   74s
*38837   269             549    3.152720e+07 3.1051e+07  1.51%   102   74s
*38844   269             548    3.148943e+07 3.1051e+07  1.39%   102   74s
*38994   269             544    3.147307e+07 3.1059e+07  1.32%   102   74s
*39016   269             544    3.143546e+07 3.1059e+07  1.20%   102   74s
 39241    73     cutoff  459      3.1435e+07 3.1184e+07  0.80%   102   75s
*39332    73             550    3.127337e+07 3.1185e+07  0.28%   101   75s
*39333    73             550    3.127295e+07 3.1185e+07  0.28%   101   75s
*39837    73             551    3.127169e+07 3.1272e+07  0.00%   101   75s

Explored 39862 nodes (4051769 simplex iterations) in 75.59 seconds (87.04 work units)
Thread count was 16 (of 40 available processors)

Solution count 10: 3.12717e+07 3.1273e+07 3.12734e+07 ... 3.35619e+07

Optimal solution found (tolerance 1.00e-03)
Best objective 3.127169378843e+07, best bound 3.127169378843e+07, gap 0.0000%

User-callback calls 92097, time in user-callback 0.01 sec
[NUM-KAPPA] kappa_solver=20143832 kappa_exact=-1 is_mip=1
[NUM-EFIC] work=87 root_gap=1 root_time=3
[pipeline] Tiempo de resolucion: 75.662887 s
[SOLVE] tiempo_solver_s=75.662903498999995 status=OPTIMAL gap=0.000000000000167 obj=31271693.788428314030170 best_bound=31271693.788428261876106 nodos=39862.000000000000000 iter=4051769.000000000000000 primal_integral=0.689330840786043
[VERIF ORIGINAL] etapa=solver_desescalado max_le=2.27373675443232e-13 (a1_salto_grande_tangente_3(128)) max_ge=9.31322574615479e-10 (falla_tramo(67,4)) max_eq=4.76837158203125e-07 (a1_balance(1)) max_lb=0 () max_ub=0 () max_int=0 () avg_viol=1.31057011690338e-09 p95_viol=5.6843418860808e-14 p99_viol=3.35276126861572e-08 max_viol_rel=2.74447131687339e-13 max_viol_relact=2.21779307760259e-16 viol_le_count=0 viol_ge_count=0 viol_eq_count=0 viol_lb_count=0 viol_ub_count=0 viol_int_count=0 missing_values=0 obj_original_recalc=31271693.7884283
[32m[success] Resultados guardados correctamente en /clusteruy/home/mathiasr/generator-aware-row-scaling/results-revision/final-variants/gurobi_sgtm_01pct/resultados/instance058_matricial_plano.csv[0m
[32m[success] Archivo CSV generado correctamente[0m

[POST DEBUG] ===== INICIO POSTPROCESAMIENTO GLOBAL =====

[SG POST] ===== Diagnóstico SaltoGrande =====
[SG POST] periodos = 360
[SG POST] periodosPotenciaRealMayorMIP = 64
[SG POST] periodosPotenciaRealMenorMIP = 294
[SG POST] periodosConWhile = 64
[SG POST] cantidadWhile = 1048753
[SG POST] periodosConErrorFinal = 294
[SG POST] sumaGMip = 382371.193573526
[SG POST] sumaGRealInicial = 365709.757586364
[SG POST] sumaGRealFinal = 363584.585016589
[SG POST] sumaDeltaGInicial = -16661.4359871612
[SG POST] sumaDeltaGFinal = -18786.6085569362
[SG POST] maxAbsDeltaGInicial = 159.107571350022
[SG POST] maxAbsDeltaGFinal = 159.107571350022
[SG POST] sumaDeltaX = -10487.5300002289
[SG POST] sumaDeltaY = 10487.5299999979
[SG POST] ===================================

[POST DEBUG] --- DESPUÉS DE AGENTES ---
[POST DEBUG] Agentes | g1 antes=382371.193573526 despues=382371.193573526 delta=0
[POST DEBUG] Agentes | g2 antes=49043.1791054611 despues=49043.1791054611 delta=0
[POST DEBUG] Agentes | g antes=240228.775892224 despues=240228.775892224 delta=0
[POST DEBUG] Agentes | costoFalla antes=26786626.3091676 despues=26786626.3091676 delta=0
[POST DEBUG] --- DESPUÉS DE DESPACHO ---
[POST DEBUG] Despacho | g1 antes=382371.193573526 despues=382371.193573526 delta=0
[POST DEBUG] Despacho | g2 antes=49043.1791054611 despues=49043.1791054611 delta=0
[POST DEBUG] Despacho | g antes=240228.775892224 despues=240228.775892224 delta=0
[POST DEBUG] Despacho | costoFalla antes=26786626.3091676 despues=26786626.3091676 delta=0
[POST DEBUG] --- TOTAL ANTES VS FINAL ---
[POST DEBUG] Final | g1 antes=382371.193573526 despues=382371.193573526 delta=0
[POST DEBUG] Final | g2 antes=49043.1791054611 despues=49043.1791054611 delta=0
[POST DEBUG] Final | g antes=240228.775892224 despues=240228.775892224 delta=0
[POST DEBUG] Final | costoFalla antes=26786626.3091676 despues=26786626.3091676 delta=0
[POST DEBUG] valorFOOriginal = 31271693.7884283
[POST DEBUG] valorFOPostProcesado = 31271693.7884283
[POST DEBUG] deltaFO = -3.72529029846191e-09
[POST DEBUG] ===== FIN POSTPROCESAMIENTO GLOBAL =====

[32m[success] Post-procesamiento completado. Nuevo valor F.O.: 31271693.788428310304880[0m
[VERIF ORIGINAL] etapa=postprocesado max_le=39.0506508782523 (a1_salto_grande_tangente_4(32)) max_ge=9.31322574615479e-10 (falla_tramo(67,4)) max_eq=2.53748148679733e-05 (a1_balance(32)) max_lb=0 () max_ub=0 () max_int=0 () avg_viol=0.182962124573989 p95_viol=4.65661287307739e-10 p99_viol=5.24413558311767 max_viol_rel=8.99069942088431 max_viol_relact=0.0202732940306083 viol_le_count=190 viol_ge_count=0 viol_eq_count=62 viol_lb_count=0 viol_ub_count=0 viol_int_count=0 missing_values=0 obj_original_recalc=31271693.7884283
[32m[success] Resultados guardados correctamente en /clusteruy/home/mathiasr/generator-aware-row-scaling/results-revision/final-variants/gurobi_sgtm_01pct/resultados/instance058_matricial_plano_postprocesado.csv[0m
> [32m[success] Saliendo del programa...[0m
[32m[success] SystemController destruido[0m
