[32m[success] SystemController creado[0m
> [32m[success] El programa se ha iniciado correctamente[0m
> > [34m[info] Agregando agente Salto Grande[0m
[34m[info] Ingrese costo de agua de Salto Grande:[0m
[34m[info] Ingrese volumen inicial de Salto Grande:[0m
[34m[info] Ingrese aportes de Salto Grande en una sola línea (360 valores):[0m
[info] SaltoGrande: activación de tramos de altura horaria
[32m[success] Se ha creado el agente 'Salto Grande' exitosamente[0m
> > [34m[info] Agregando agente Unidad Térmica Simple[0m
[34m[info] Ingrese potencia máxima de la unidad térmica simple:[0m
[34m[info] Ingrese costo variable de la unidad térmica simple:[0m
[32m[success] Se ha creado el agente 'Unidad Térmica Simple' exitosamente[0m
> > [34m[info] Agregando agente Demanda Fija[0m
[34m[info] Ingrese demandas en una sola línea (360 valores):[0m
[32m[success] Se ha creado el agente 'Demanda Fija' exitosamente[0m
> > [34m[info] Creando despacho de mercado[0m
[34m[info] Modo: despacho de mercado con demanda total explícita[0m
[34m[info] Ingrese cantidad de tramos del despacho de mercado:[0m
[34m[info] Ingrese porcentajes acumulados de los tramos en una sola línea (4 valores):[0m
[34m[info] Ingrese costos marginales de los tramos en una sola línea (4 valores):[0m
[34m[info] Ingrese demanda total en una sola línea (360 valores):[0m
[32m[success] Se ha creado el despacho de mercado exitosamente[0m
> > Set parameter WLSAccessID
Set parameter WLSSecret
Set parameter LicenseID to value 2849920
Academic license 2849920 - for non-commercial use only - registered to ma___@fing.edu.uy
[32m[success] Solver 'Gurobi' configurado | timeout=1800s | mipgap=0.001[0m
> [DEBUG Despacho] j=0 idGen=1 coefParticipacionDespacho=0.5
[DEBUG Despacho] j=1 idGen=2 coefParticipacionDespacho=1

[DEBUG Despacho] Cantidad de generadores = 2
[DEBUG Despacho] j=0 puntero=0x6ed300 idGen=1 coefParticipacionDespacho=0.5
[DEBUG Despacho] j=1 puntero=0x6ed510 idGen=2 coefParticipacionDespacho=1
[PREPROC] modo plano: 10080 filas tratadas como un unico bloque sin roles (kernel geomean por fila)
[PREPROC PHASES] metadata_s=8.1279e-05 diagnostico_s=0.001086956 aplicacion_s=0.001785441

------------------------------------------------------------
  PREPROCESAMIENTO MIP - Diagnostico Numerico
------------------------------------------------------------
Rango de coeficientes (toda la matriz):
  max |coef| = 3.513e+07
  min |coef| = 8.404e-06
  proxy rango= 4.180e+12

Diagnostico por bloque:
Bloque              max|coef|      min|coef|      kappa_aprox   vars    alpha     beta      cols      disc_omit aux_omit  escalado
------------------------------------------------------------------------------------------------------------------------------
plano               3.513e+07      8.404e-06      4.18e+12      0       9.46e-02  1.00e+00  0         0         0         SI  (filas=7920, alpha_min=8.40e-06, alpha_max=4.12e+01)

Restriccion(es) global(es): 0 fila(s)
  acoplamiento balance = 0 fila(s)
  global no acoplante  = 0 fila(s)
  rho aprox (solo acoplamiento) = 0.000e+00
  gamma acoplamiento   = 1.000000
  gamma candidato      = 1.000000
  filas acop. escaladas= no
  filas normaliz. fisica= 0
  motivo gamma=1       = rho bajo; no se escala la fila de acoplamiento

ADVERTENCIAS:
  [!] Rango de coeficientes elevado (4180494263954). Riesgo de sensibilidad numerica.
  [!] Bloque 'plano' internamente mal escalado (kappa~4180494263954). Conviene comparar equilibrado interno por filas/columnas.
------------------------------------------------------------

------------------------------------------------------------
  COMPARACION NUMERICA ANTES / DESPUES
------------------------------------------------------------
Indicador                   antes           despues         despues/antes
----------------------------------------------------------------------------
rango global                2.404e+13       4.180e+12       1.739e-01
rho acoplamiento            0.000e+00       0.000e+00       0.000e+00
gamma aplicado              1.000000        1.000000        1.000000

Bloques locales:
Bloque              kappa antes     kappa despues   alpha       beta        filas       cols        disc_omit   aux_omit    escalado
------------------------------------------------------------------------------------------------------------------------------------
plano               2.404e+13       4.180e+12       9.459e-02   1.000e+00   7920        0           0           0           SI

Interpretacion: valores despues/antes menores que 1 indican mejora del proxy.
rho se calcula solo con filas de acoplamiento; las cotas de demanda sobre g quedan fuera.
El escalamiento local activo fue solo por fila: alpha_r = 1/sqrt(M_r*m_r).
------------------------------------------------------------

[PREPROC TIME] variante=matricial_plano tiempo_s=0.006018208 u=2 K=4 epsMin=1e-09 epsMax=1000000000
[32m[success] Preprocesamiento aplicado.[0m
> [MODELO] rows=10080 cols=6120 nnz=22679
[pipeline] Preprocesamiento seleccionado: Ninguno
[pipeline] Modelo interno sin modificaciones de preprocesamiento.
[pipeline] Estrategia de resolucion seleccionada: Monolitica
[pipeline] Resolviendo monoliticamente.
Set parameter TimeLimit to value 1800
Set parameter MIPGap to value 0.001
Set parameter Seed to value 42
Set parameter Threads to value 16
Gurobi Optimizer version 13.0.1 build v13.0.1rc0 (linux64 - "Debian GNU/Linux 12 (bookworm)")

CPU model: Intel(R) Xeon(R) Gold 6138 CPU @ 2.00GHz, instruction set [SSE2|AVX|AVX2|AVX512]
Thread count: 40 physical cores, 40 logical processors, using up to 16 threads

Non-default parameters:
TimeLimit  1800
MIPGap  0.001
Seed  42
Threads  16

Academic license 2849920 - for non-commercial use only - registered to ma___@fing.edu.uy
Optimize a model with 10080 rows, 6120 columns and 22679 nonzeros (Min)
Model fingerprint: 0x9b23f4a1
Model has 721 linear objective coefficients
Variable types: 4680 continuous, 1440 integer (1440 binary)
Coefficient statistics:
  Matrix range     [8e-06, 1e+05]
  Objective range  [9e-04, 1e+02]
  Bounds range     [1e+00, 4e+09]
  RHS range        [8e+01, 4e+07]
Warning: Model contains large bounds
         Consider reformulating model or setting NumericFocus parameter
         to avoid numerical issues.

Found heuristic solution: objective 8.441214e+08
Presolve removed 1394 rows and 616 columns
Presolve time: 0.17s
Presolved: 8686 rows, 5504 columns, 20826 nonzeros
Variable types: 4177 continuous, 1327 integer (1327 binary)

Root relaxation: objective 7.261740e+07, 7661 iterations, 0.34 seconds (0.39 work units)

    Nodes    |    Current Node    |     Objective Bounds      |     Work
 Expl Unexpl |  Obj  Depth IntInf | Incumbent    BestBd   Gap | It/Node Time

     0     0 7.2617e+07    0 1190 8.4412e+08 7.2617e+07  91.4%     -    0s
H    0     0                    1.781172e+08 7.2617e+07  59.2%     -    0s
     0     0 7.3431e+07    0 1177 1.7812e+08 7.3431e+07  58.8%     -    1s
     0     0 7.3504e+07    0 1172 1.7812e+08 7.3504e+07  58.7%     -    1s
     0     0 7.3504e+07    0 1172 1.7812e+08 7.3504e+07  58.7%     -    1s
     0     0 7.3504e+07    0 1172 1.7812e+08 7.3504e+07  58.7%     -    1s
     0     0 7.3772e+07    0 1153 1.7812e+08 7.3772e+07  58.6%     -    1s
     0     0 7.3790e+07    0 1153 1.7812e+08 7.3790e+07  58.6%     -    1s
     0     0 7.3790e+07    0 1153 1.7812e+08 7.3790e+07  58.6%     -    1s
H    0     0                    1.781113e+08 7.3790e+07  58.6%     -    1s
     0     0 7.3900e+07    0 1174 1.7811e+08 7.3900e+07  58.5%     -    1s
     0     0 7.3914e+07    0 1174 1.7811e+08 7.3914e+07  58.5%     -    1s
     0     0 7.3914e+07    0 1174 1.7811e+08 7.3914e+07  58.5%     -    1s
H    0     0                    1.727059e+08 7.3914e+07  57.2%     -    2s
     0     0 7.3990e+07    0 1149 1.7271e+08 7.3990e+07  57.2%     -    2s
H    0     0                    1.726959e+08 7.3991e+07  57.2%     -    2s
     0     0 7.4000e+07    0 1149 1.7270e+08 7.4000e+07  57.1%     -    2s
     0     0 7.4000e+07    0 1149 1.7270e+08 7.4000e+07  57.1%     -    2s
     0     0 7.4011e+07    0 1135 1.7270e+08 7.4011e+07  57.1%     -    2s
     0     0 7.4027e+07    0 1149 1.7270e+08 7.4027e+07  57.1%     -    2s
     0     0 7.4027e+07    0 1133 1.7270e+08 7.4027e+07  57.1%     -    2s
     0     0 7.4029e+07    0 1133 1.7270e+08 7.4029e+07  57.1%     -    2s
     0     0 7.4029e+07    0 1133 1.7270e+08 7.4029e+07  57.1%     -    2s
H    0     0                    1.725565e+08 7.4032e+07  57.1%     -    3s
     0     2 7.4032e+07    0 1133 1.7256e+08 7.4032e+07  57.1%     -    3s
H   15     2                    1.725121e+08 7.4597e+07  56.8%   464    3s
H   17     2                    1.724626e+08 7.4610e+07  56.7%   537    4s
H   21     2                    1.723798e+08 7.4636e+07  56.7%   651    4s
H   29     2                    1.721467e+08 7.4709e+07  56.6%   680    4s
H   33     2                    1.718509e+08 7.4736e+07  56.5%   724    5s
H   46     2                    1.718384e+08 7.4862e+07  56.4%   738    5s
H   52     2                    1.702924e+08 7.4901e+07  56.0%   780    5s
H  206    44                    1.702780e+08 7.5898e+07  55.4%   545    9s
   587   409 1.6450e+08  103  336 1.7028e+08 7.5935e+07  55.4%   283   10s
H 1030   754                    1.689871e+08 7.5935e+07  55.1%   184   10s
H 2064  1738                    1.685955e+08 7.5935e+07  55.0%   114   11s
H 2074  1738                    1.685928e+08 7.5935e+07  55.0%   113   11s
H 2083  1737                    1.685777e+08 7.5935e+07  55.0%   114   11s
* 2239  1815             226    1.672351e+08 7.5935e+07  54.6%   108   11s
* 2241  1720             227    1.659071e+08 7.5935e+07  54.2%   108   11s
* 2243  1607             228    1.652417e+08 7.5935e+07  54.0%   108   11s
  2383  1566 1.6128e+08   75 1147 1.6524e+08 7.5935e+07  54.0%   105   16s
  2393  1573 1.6466e+08   94 1095 1.6524e+08 7.5935e+07  54.0%   104   20s
  2494  1550 1.3332e+08   42  813 1.6524e+08 7.5965e+07  54.0%   135   25s
H 3374  1746                    1.634230e+08 7.6473e+07  53.2%   154   29s
H 3661  1877                    1.614577e+08 7.6521e+07  52.6%   147   29s
  3988  1799 1.5133e+08  108   81 1.6146e+08 7.6536e+07  52.6%   138   30s
* 4013  1719             188    1.586350e+08 7.6536e+07  51.8%   138   30s
* 4269  1580             194    1.578174e+08 7.6709e+07  51.4%   137   30s
* 4271  1515             194    1.576720e+08 7.6709e+07  51.3%   138   30s
H 4542  1344                    1.563336e+08 7.6709e+07  50.9%   133   31s
* 4627  1374             201    1.557332e+08 7.6732e+07  50.7%   133   31s
* 4713  1291             203    1.557299e+08 7.6732e+07  50.7%   131   31s
* 4849  1280             202    1.557272e+08 7.6732e+07  50.7%   128   31s
* 4928  1204             178    1.453607e+08 7.6732e+07  47.2%   126   31s
* 5157   934             180    1.452676e+08 7.6976e+07  47.0%   124   31s
* 5159   934             181    1.452488e+08 7.6976e+07  47.0%   123   31s
* 5160   934             181    1.452401e+08 7.6976e+07  47.0%   123   31s
H 5400   996                    1.427801e+08 7.7201e+07  45.9%   121   32s
H 5923  1165                    1.427354e+08 7.7201e+07  45.9%   112   32s
H 5961  1163                    1.426975e+08 7.7201e+07  45.9%   112   32s
H 5974  1162                    1.426395e+08 7.7201e+07  45.9%   112   32s
* 6345  1408             314    1.393638e+08 7.7201e+07  44.6%   107   32s
* 6354  1408             314    1.393618e+08 7.7201e+07  44.6%   107   32s
* 6592  1082             248    1.267610e+08 7.7201e+07  39.1%   104   32s
* 6841   909             356    1.208338e+08 7.7832e+07  35.6%   102   33s
* 6842   909             356    1.208329e+08 7.7832e+07  35.6%   102   33s
* 6843   909             355    1.208321e+08 7.7832e+07  35.6%   102   33s
* 6927   909             268    1.108547e+08 7.7858e+07  29.8%   103   33s
* 6928   909             268    1.089164e+08 7.7858e+07  28.5%   103   33s
* 7865  1367             246    1.078048e+08 7.8128e+07  27.5%   100   33s
* 8073  1341             218    1.071029e+08 7.8128e+07  27.1%  97.5   33s
* 8351   838             270    1.017429e+08 7.8304e+07  23.0%  96.2   34s
* 8352   838             270    1.015053e+08 7.8304e+07  22.9%  96.2   34s
  8993  1396 9.3051e+07  198   96 1.0151e+08 7.8829e+07  22.3%   101   35s
* 9140  1389             246    1.014751e+08 7.8829e+07  22.3%  99.4   35s
* 9478  1629             265    1.006004e+08 7.8829e+07  21.6%  97.1   35s
* 9576  1256             284    9.345108e+07 7.8829e+07  15.6%  96.2   35s
*10013   958             284    8.999302e+07 7.8829e+07  12.4%  95.6   35s
*10055   958             318    8.955747e+07 7.8829e+07  12.0%  95.5   35s
*10056   958             318    8.904226e+07 7.8829e+07  11.5%  95.5   35s
*10277   972             257    8.725372e+07 7.8829e+07  9.66%  96.5   35s
*10345   972             258    8.617002e+07 7.9002e+07  8.32%  97.2   35s
*10371   972             314    8.464945e+07 7.9034e+07  6.63%  97.6   35s
*10372   972             314    8.464710e+07 7.9034e+07  6.63%  97.6   35s
*10376   972             312    8.412033e+07 7.9034e+07  6.05%  97.7   35s
*10512   911             317    8.360539e+07 7.9041e+07  5.46%   100   35s
*10514   911             318    8.340494e+07 7.9041e+07  5.23%   100   35s
*10515   911             318    8.320472e+07 7.9041e+07  5.00%   100   35s
*10521   911             321    8.306935e+07 7.9041e+07  4.85%   100   35s
*10526   911             321    8.299404e+07 7.9041e+07  4.76%   100   35s
*10532   911             326    8.296271e+07 7.9041e+07  4.73%   100   35s
*10535   911             328    8.264486e+07 7.9041e+07  4.36%   100   35s
*11315   994             278    8.263373e+07 7.9358e+07  3.96%   101   36s
*11364   994             286    8.255470e+07 7.9358e+07  3.87%   101   36s
*11605   979             292    8.254593e+07 7.9358e+07  3.86%   101   36s
*11861  1056             284    8.251168e+07 7.9623e+07  3.50%   104   37s
*12206  1056             303    8.246039e+07 7.9623e+07  3.44%   105   37s
*12220  1056             307    8.239078e+07 7.9623e+07  3.36%   105   37s
*12308   971             279    8.225172e+07 7.9725e+07  3.07%   105   37s
*12311   971             278    8.217248e+07 7.9725e+07  2.98%   105   37s
*12540   971             272    8.195352e+07 7.9725e+07  2.72%   104   37s
*13047   818             300    8.186451e+07 7.9951e+07  2.34%   109   38s
*13049   818             299    8.185811e+07 7.9951e+07  2.33%   109   38s
*13098   870             296    8.185295e+07 7.9984e+07  2.28%   109   38s
*13103   870             296    8.183776e+07 7.9984e+07  2.26%   109   38s
*13120   870             296    8.179891e+07 7.9984e+07  2.22%   108   38s
*13437   870             293    8.179722e+07 8.0020e+07  2.17%   109   38s
*13448   870             295    8.157654e+07 8.0020e+07  1.91%   109   38s
*13450   870             296    8.157552e+07 8.0020e+07  1.91%   109   38s
*13451   870             296    8.102284e+07 8.0020e+07  1.24%   109   38s
*13772    85             296    8.076465e+07 8.0020e+07  0.92%   107   38s
*13778    85             296    8.062472e+07 8.0020e+07  0.75%   107   38s

Cutting planes:
  Implied bound: 561
  MIR: 103
  Flow cover: 810
  RLT: 516
  Relax-and-lift: 66

Explored 14457 nodes (1525662 simplex iterations) in 39.09 seconds (40.77 work units)
Thread count was 16 (of 40 available processors)

Solution count 10: 8.06247e+07 8.06247e+07 8.07646e+07 ... 8.18529e+07

Optimal solution found (tolerance 1.00e-03)
Best objective 8.062471761402e+07, best bound 8.062471761402e+07, gap 0.0000%

User-callback calls 37905, time in user-callback 0.00 sec
[NUM-KAPPA] kappa_solver=352192 kappa_exact=-1 is_mip=1
[NUM-EFIC] work=41 root_gap=1 root_time=3
[pipeline] Tiempo de resolucion: 39.233568 s
[SOLVE] tiempo_solver_s=39.233583211999999 status=OPTIMAL gap=0.000000000000000 obj=80624717.614019393920898 best_bound=80624717.614019393920898 nodos=14457.000000000000000 iter=1525662.000000000000000 primal_integral=0.481636137860049
[VERIF ORIGINAL] etapa=solver_desescalado max_le=1.30739863379858e-12 (a1_cota_altura_1(349)) max_ge=5.93718141317368e-09 (falla_tramo(347,2)) max_eq=2.83122062683105e-07 (a1_balance(6)) max_lb=0 () max_ub=1.83717929758132e-10 (a1_x4h(348)) max_int=0 () avg_viol=1.32887373609467e-09 p95_viol=1.27897692436818e-13 p99_viol=3.39187681674941e-08 max_viol_rel=2.79101186606567e-11 max_viol_relact=9.64491709259337e-15 viol_le_count=0 viol_ge_count=0 viol_eq_count=0 viol_lb_count=0 viol_ub_count=0 viol_int_count=0 missing_values=0 obj_original_recalc=80624717.6140193
[32m[success] Resultados guardados correctamente en /clusteruy/home/mathiasr/generator-aware-row-scaling/results-revision/final-variants/gurobi_sgtm_01pct/resultados/instance072_matricial_plano.csv[0m
[32m[success] Archivo CSV generado correctamente[0m

[POST DEBUG] ===== INICIO POSTPROCESAMIENTO GLOBAL =====

[SG POST] ===== Diagnóstico SaltoGrande =====
[SG POST] periodos = 360
[SG POST] periodosPotenciaRealMayorMIP = 61
[SG POST] periodosPotenciaRealMenorMIP = 261
[SG POST] periodosConWhile = 61
[SG POST] cantidadWhile = 262120
[SG POST] periodosConErrorFinal = 261
[SG POST] sumaGMip = 260785.397634144
[SG POST] sumaGRealInicial = 244730.020370129
[SG POST] sumaGRealFinal = 244147.419951488
[SG POST] sumaDeltaGInicial = -16055.3772640143
[SG POST] sumaDeltaGFinal = -16637.9776826559
[SG POST] maxAbsDeltaGInicial = 174.430913843999
[SG POST] maxAbsDeltaGFinal = 174.430913843999
[SG POST] sumaDeltaX = -2621.20000005552
[SG POST] sumaDeltaY = 2621.19999999996
[SG POST] ===================================

[POST DEBUG] --- DESPUÉS DE AGENTES ---
[POST DEBUG] Agentes | g1 antes=260785.397634144 despues=260785.397634144 delta=0
[POST DEBUG] Agentes | g2 antes=68247.5477961467 despues=68247.5477961467 delta=0
[POST DEBUG] Agentes | g antes=198640.246613219 despues=198640.246613219 delta=0
[POST DEBUG] Agentes | costoFalla antes=73799962.8344047 despues=73799962.8344047 delta=0
[POST DEBUG] --- DESPUÉS DE DESPACHO ---
[POST DEBUG] Despacho | g1 antes=260785.397634144 despues=260785.397634144 delta=0
[POST DEBUG] Despacho | g2 antes=68247.5477961467 despues=68247.5477961467 delta=0
[POST DEBUG] Despacho | g antes=198640.246613219 despues=198640.246613219 delta=0
[POST DEBUG] Despacho | costoFalla antes=73799962.8344047 despues=73799962.8344047 delta=0
[POST DEBUG] --- TOTAL ANTES VS FINAL ---
[POST DEBUG] Final | g1 antes=260785.397634144 despues=260785.397634144 delta=0
[POST DEBUG] Final | g2 antes=68247.5477961467 despues=68247.5477961467 delta=0
[POST DEBUG] Final | g antes=198640.246613219 despues=198640.246613219 delta=0
[POST DEBUG] Final | costoFalla antes=73799962.8344047 despues=73799962.8344047 delta=0
[POST DEBUG] valorFOOriginal = 80624717.6140194
[POST DEBUG] valorFOPostProcesado = 80624717.6140193
[POST DEBUG] deltaFO = -5.96046447753906e-08
[POST DEBUG] ===== FIN POSTPROCESAMIENTO GLOBAL =====

[32m[success] Post-procesamiento completado. Nuevo valor F.O.: 80624717.614019334316254[0m
[VERIF ORIGINAL] etapa=postprocesado max_le=15.5101879540318 (a1_salto_grande_tangente_2(6)) max_ge=5.93718141317368e-09 (falla_tramo(347,2)) max_eq=7.09155574440956e-06 (a1_balance(6)) max_lb=0 () max_ub=1.83717929758132e-10 (a1_x4h(348)) max_int=0 () avg_viol=0.0714491339309863 p95_viol=2.3283064365387e-10 p99_viol=1.51116623764653 max_viol_rel=2.43524700276049 max_viol_relact=0.0117782621778483 viol_le_count=154 viol_ge_count=0 viol_eq_count=49 viol_lb_count=0 viol_ub_count=0 viol_int_count=0 missing_values=0 obj_original_recalc=80624717.6140193
[32m[success] Resultados guardados correctamente en /clusteruy/home/mathiasr/generator-aware-row-scaling/results-revision/final-variants/gurobi_sgtm_01pct/resultados/instance072_matricial_plano_postprocesado.csv[0m
> [32m[success] Saliendo del programa...[0m
[32m[success] SystemController destruido[0m
