[32m[success] SystemController creado[0m
> [32m[success] El programa se ha iniciado correctamente[0m
> > [34m[info] Agregando agente Salto Grande[0m
[34m[info] Ingrese costo de agua de Salto Grande:[0m
[34m[info] Ingrese volumen inicial de Salto Grande:[0m
[34m[info] Ingrese aportes de Salto Grande en una sola línea (360 valores):[0m
[info] SaltoGrande: activación de tramos de altura horaria
[32m[success] Se ha creado el agente 'Salto Grande' exitosamente[0m
> > [34m[info] Agregando agente Unidad Térmica Simple[0m
[34m[info] Ingrese potencia máxima de la unidad térmica simple:[0m
[34m[info] Ingrese costo variable de la unidad térmica simple:[0m
[32m[success] Se ha creado el agente 'Unidad Térmica Simple' exitosamente[0m
> > [34m[info] Agregando agente Demanda Fija[0m
[34m[info] Ingrese demandas en una sola línea (360 valores):[0m
[32m[success] Se ha creado el agente 'Demanda Fija' exitosamente[0m
> > [34m[info] Creando despacho de mercado[0m
[34m[info] Modo: despacho de mercado con demanda total explícita[0m
[34m[info] Ingrese cantidad de tramos del despacho de mercado:[0m
[34m[info] Ingrese porcentajes acumulados de los tramos en una sola línea (4 valores):[0m
[34m[info] Ingrese costos marginales de los tramos en una sola línea (4 valores):[0m
[34m[info] Ingrese demanda total en una sola línea (360 valores):[0m
[32m[success] Se ha creado el despacho de mercado exitosamente[0m
> > Set parameter WLSAccessID
Set parameter WLSSecret
Set parameter LicenseID to value 2849920
Academic license 2849920 - for non-commercial use only - registered to ma___@fing.edu.uy
[32m[success] Solver 'Gurobi' configurado | timeout=1800s | mipgap=0.001[0m
> [DEBUG Despacho] j=0 idGen=1 coefParticipacionDespacho=0.5
[DEBUG Despacho] j=1 idGen=2 coefParticipacionDespacho=1

[DEBUG Despacho] Cantidad de generadores = 2
[DEBUG Despacho] j=0 puntero=0x19e5300 idGen=1 coefParticipacionDespacho=0.5
[DEBUG Despacho] j=1 puntero=0x19e5510 idGen=2 coefParticipacionDespacho=1
[PREPROC] modo plano: 10080 filas tratadas como un unico bloque sin roles (kernel geomean por fila)
[PREPROC PHASES] metadata_s=7.8142e-05 diagnostico_s=0.001023666 aplicacion_s=0.000918216

------------------------------------------------------------
  PREPROCESAMIENTO MIP - Diagnostico Numerico
------------------------------------------------------------
Rango de coeficientes (toda la matriz):
  max |coef| = 1.249e+10
  min |coef| = 1.964e-04
  proxy rango= 6.361e+13

Diagnostico por bloque:
Bloque              max|coef|      min|coef|      kappa_aprox   vars    alpha     beta      cols      disc_omit aux_omit  escalado
------------------------------------------------------------------------------------------------------------------------------
plano               1.249e+10      1.964e-04      6.36e+13      0       8.02e-03  1.00e+00  0         0         0         SI  (filas=3600, alpha_min=1.96e-04, alpha_max=3.78e-01)

Restriccion(es) global(es): 0 fila(s)
  acoplamiento balance = 0 fila(s)
  global no acoplante  = 0 fila(s)
  rho aprox (solo acoplamiento) = 0.000e+00
  gamma acoplamiento   = 1.000000
  gamma candidato      = 1.000000
  filas acop. escaladas= no
  filas normaliz. fisica= 0
  motivo gamma=1       = rho bajo; no se escala la fila de acoplamiento

ADVERTENCIAS:
  [!] Rango de coeficientes elevado (63613105154966). Riesgo de sensibilidad numerica.
  [!] Bloque 'plano' internamente mal escalado (kappa~63613105154966). Conviene comparar equilibrado interno por filas/columnas.
------------------------------------------------------------

------------------------------------------------------------
  COMPARACION NUMERICA ANTES / DESPUES
------------------------------------------------------------
Indicador                   antes           despues         despues/antes
----------------------------------------------------------------------------
rango global                2.118e+13       6.361e+13       3.004e+00
rho acoplamiento            0.000e+00       0.000e+00       0.000e+00
gamma aplicado              1.000000        1.000000        1.000000

Bloques locales:
Bloque              kappa antes     kappa despues   alpha       beta        filas       cols        disc_omit   aux_omit    escalado
------------------------------------------------------------------------------------------------------------------------------------
plano               2.118e+13       6.361e+13       8.020e-03   1.000e+00   3600        0           0           0           SI

Interpretacion: valores despues/antes menores que 1 indican mejora del proxy.
rho se calcula solo con filas de acoplamiento; las cotas de demanda sobre g quedan fuera.
El escalamiento local activo fue solo por fila: alpha_r = 1/sqrt(M_r*m_r).
------------------------------------------------------------

[PREPROC TIME] variante=matricial_plano_l2 tiempo_s=0.004986448 u=2 K=4 epsMin=1e-09 epsMax=1000000000
[32m[success] Preprocesamiento aplicado.[0m
> [MODELO] rows=10080 cols=6120 nnz=22679
[pipeline] Preprocesamiento seleccionado: Ninguno
[pipeline] Modelo interno sin modificaciones de preprocesamiento.
[pipeline] Estrategia de resolucion seleccionada: Monolitica
[pipeline] Resolviendo monoliticamente.
Set parameter TimeLimit to value 1800
Set parameter MIPGap to value 0.001
Set parameter Seed to value 42
Set parameter Threads to value 16
Gurobi Optimizer version 13.0.1 build v13.0.1rc0 (linux64 - "Debian GNU/Linux 12 (bookworm)")

CPU model: Intel(R) Xeon(R) Gold 6138 CPU @ 2.00GHz, instruction set [SSE2|AVX|AVX2|AVX512]
Thread count: 40 physical cores, 40 logical processors, using up to 16 threads

Non-default parameters:
TimeLimit  1800
MIPGap  0.001
Seed  42
Threads  16

Academic license 2849920 - for non-commercial use only - registered to ma___@fing.edu.uy
Optimize a model with 10080 rows, 6120 columns and 22679 nonzeros (Min)
Model fingerprint: 0xf7e347be
Model has 721 linear objective coefficients
Variable types: 4680 continuous, 1440 integer (1440 binary)
Coefficient statistics:
  Matrix range     [2e-04, 1e+10]
  Objective range  [3e-04, 1e+02]
  Bounds range     [1e+00, 4e+09]
  RHS range        [4e+01, 1e+10]
Warning: Model contains large matrix coefficient range
Warning: Model contains large rhs
Warning: Model contains large bounds
         Consider reformulating model or setting NumericFocus parameter
         to avoid numerical issues.

Found heuristic solution: objective 3.560078e+08
Presolve removed 1484 rows and 534 columns
Presolve time: 0.13s
Presolved: 8596 rows, 5586 columns, 20665 nonzeros
Variable types: 4184 continuous, 1402 integer (1402 binary)

Root relaxation: objective -8.382208e+05, 8521 iterations, 0.39 seconds (0.49 work units)

    Nodes    |    Current Node    |     Objective Bounds      |     Work
 Expl Unexpl |  Obj  Depth IntInf | Incumbent    BestBd   Gap | It/Node Time

     0     0 -838220.81    0  963 3.5601e+08 -838220.81   100%     -    0s
H    0     0                    1.396911e+07 -838220.81   106%     -    0s
H    0     0                    1727280.1957 -836010.14   148%     -    0s
     0     0 -836010.14    0  982 1727280.20 -836010.14   148%     -    0s
     0     0 -835310.86    0  985 1727280.20 -835310.86   148%     -    1s
     0     0 -835307.30    0  985 1727280.20 -835307.30   148%     -    1s
     0     0 -835307.18    0  985 1727280.20 -835307.18   148%     -    1s
H    0     0                    1727226.4108 -835307.18   148%     -    1s
H    0     0                    1727077.6501 -835307.18   148%     -    1s
     0     0 -834540.71    0  988 1727077.65 -834540.71   148%     -    1s
H    0     0                    1032010.1952 -834540.71   181%     -    1s
     0     0 -834273.38    0  989 1032010.20 -834273.38   181%     -    1s
H    0     0                    1031704.2172 -834248.98   181%     -    1s
     0     0 -834248.98    0  989 1031704.22 -834248.98   181%     -    1s
H    0     0                    1031430.1521 -834248.98   181%     -    1s
     0     0 -833946.00    0  989 1031430.15 -833946.00   181%     -    1s
     0     0 -833946.00    0  989 1031430.15 -833946.00   181%     -    1s
     0     2 -833946.00    0  989 1031430.15 -833946.00   181%     -    2s
H   15    28                    1031430.1520 -833946.00   181%   289    2s
H  578   555                    1021304.7609 -832363.78   182%  18.8    3s
* 1034   953              58    993306.30285 -831291.67   184%  14.1    3s
* 1039   953              57    993070.37165 -831291.67   184%  14.2    3s
* 1057   945              63    984922.91688 -831291.67   184%  14.2    3s
* 1098   957              62    974293.75991 -831104.42   185%  14.1    4s
* 1100   927              63    936616.85082 -831104.42   189%  14.1    4s
* 1102   927              64    923413.35253 -831104.42   190%  14.1    4s
  1271   878 -830987.07   46  948 923413.353 -830987.07   190%  20.6    5s
* 1273   878              74    914034.46992 -830931.49   191%  20.6    5s
* 1274   878              74    911714.38659 -830931.49   191%  20.5    5s
H 1397   876                    895886.74368 -830841.71   193%  20.4    5s
* 1732   998              98    886696.40734 -830148.24   194%  17.3    5s
H 2433   972                    695072.34585 -828823.95   219%  14.1    6s
H 2453   972                    662010.90786 -828823.95   225%  14.0    6s
* 2568   923             145    654281.88473 -828511.37   227%  14.3    6s
  2706   577 615474.209  111 1156 654281.885 -828511.37   227%  14.6   10s
  2722   581 -828511.37   17 1122 654281.885 -828511.37   227%  20.4   15s
H 2834   526                    647532.69988 -828511.37   228%  26.0   16s
H 2960   486                    647528.41657 -828511.37   228%  27.3   16s
H 2970   456                    644302.96755 -828511.37   229%  27.3   16s
H 3131   423                    643864.89962 -828511.37   229%  26.9   17s
H 3141   395                    637249.30209 -828511.37   230%  26.8   17s
H 3469   471                    637168.80028 -828511.37   230%  25.1   18s
H 3637   499                    637078.01320 -828511.37   230%  24.1   18s
H 3641   477                    637078.01275 -828511.37   230%  24.1   18s
H 3644   457                    637066.37941 -828511.37   230%  24.1   18s
H 3650   436                    637066.17150 -828488.98   230%  24.1   18s
* 3949   578             109    631906.26096 -828345.54   231%  22.8   18s
* 3959   578             113    616588.71547 -828345.54   234%  22.7   18s
H 4036   590                    608057.93265 -828173.94   236%  22.8   18s
* 4178   681             124    599572.30305 -827898.23   238%  22.5   19s
* 4179   681             124    599313.40054 -827898.23   238%  22.5   19s
* 4185   681             125    599040.30835 -827898.23   238%  22.5   19s
* 4352   772             125    598972.89893 -827898.23   238%  22.6   19s
* 4357   772             125    598958.70926 -827898.23   238%  22.6   19s
* 4358   772             125    598699.80674 -827898.23   238%  22.6   19s
* 4481   898             145    567140.41449 -827898.23   246%  22.4   19s
* 4714   897             148    549910.25390 -827898.23   251%  21.8   19s
* 4765   897             158    537280.52558 -827898.23   254%  21.7   19s
  5029   913 518680.133   57  171 537280.526 -827353.40   254%  21.3   20s
* 5128   905             132    519469.22098 -827001.39   259%  21.4   20s
H 5264   787                    518789.99169 -827001.39   259%  21.9   20s
H 5657   744                    518449.49008 -826419.49   259%  22.4   21s
* 6119  1020             128    518196.73663 -826342.30   259%  21.5   21s
* 6165  1020             129    507255.49094 -826342.30   263%  21.7   21s
* 6375  1084             143    470113.57442 -826063.37   276%  21.3   21s
* 7417   645             146    468042.83988 -825902.06   276%  20.9   22s
H 7617   568                    467787.29251 -825897.50   277%  20.8   22s
* 7976   782             150    441987.66956 -825580.65   287%  20.9   22s
* 8091   782             148    441914.63191 -825580.65   287%  20.7   22s
* 8165   877             181    296388.77901 -825580.65   379%  20.8   22s
* 8166   877             181    296190.30921 -825580.65   379%  20.8   22s
* 8642  1196             171    295628.42598 -825331.43   379%  21.7   23s
* 8644  1196             171    295609.99389 -825331.43   379%  21.7   23s
* 8645  1196             171    295495.82851 -825331.43   379%  21.7   23s
* 8892  1196             174    250202.74097 -825331.43   430%  22.3   23s
* 9576  1158             206    200414.60032 -825331.43   512%  21.6   23s
* 9578  1158             207    184154.52259 -825331.43   548%  21.6   23s
* 9579  1158             207    177078.67723 -825331.43   566%  21.6   23s
* 9584  1158             208    177072.42868 -825331.43   566%  21.6   23s
* 9639  1158             208    165292.68035 -825331.43   599%  21.5   23s
H 9646  1158                    154541.22645 -825331.43   634%  21.5   23s
* 9648  1158             209    154080.11483 -825331.43   636%  21.5   23s
H10257  1011                    113418.68144 -825216.26   828%  21.1   23s
*10259  1011             280    113173.01921 -825216.26   829%  21.1   23s
*10261  1011             280    81982.521278 -825216.26  1107%  21.1   23s
H10439   938                    74770.138088 -824775.25  1203%  21.4   23s
*10462   938             280    70507.885354 -824775.25  1270%  21.3   23s
*10469   938             281    70504.178914 -824775.25  1270%  21.3   23s
*10840  1100             288    64878.870065 -824541.16  1371%  21.1   24s
*10843  1100             288    58819.243433 -824541.16  1502%  21.1   24s
*11116   920             263    55078.020726 -821960.25  1592%  20.9   24s
 11242   878 -821911.69  225  994 55078.0207 -821911.69  1592%  21.0   25s
H11260   882                    48865.164036 -821829.59  1782%  21.0   25s
H11440  1105                    48865.163970 -821762.78  1782%  20.8   25s
*11914  1237             312    48354.344428 -821762.78  1799%  20.2   25s
*11918  1237             313    42664.512872 -821762.78  2026%  20.2   25s
*12080  1237             313    31739.743390 -821762.78  2689%  20.0   25s
*12082  1237             313    18128.800104 -821762.78  4633%  20.0   25s
*12324  1237             304    12634.414485 -821762.78  6604%  19.7   25s
*12341  1237             306    9558.2361421 -821762.78  8697%  19.7   25s
*13185  1922             375    -9575.119921 -821762.78  8482%  19.3   26s
*13721  1844             414    -26699.94001 -821762.78  2978%  18.9   26s
*14976  2378             453    -65362.39674 -821348.71  1157%  18.2   27s
*15049  2436             439    -70729.76303 -821348.71  1061%  18.1   27s
*15056  2436             439    -71185.54296 -821348.71  1054%  18.1   27s
*15062  2435             439    -72596.90538 -821348.71  1031%  18.1   27s
*15325  2842             526    -121436.6737 -821348.71   576%  18.0   27s
*15333  2842             527    -121587.8274 -821348.71   576%  18.0   27s
*15588  2640             555    -180678.1630 -820247.59   354%  18.0   27s
H17175  2635                    -206915.1667 -819416.05   296%  17.4   29s
*18134  3313             555    -216401.9376 -819416.05   279%  16.8   29s
*18488  3797             576    -225912.1492 -819272.61   263%  16.7   29s
*18490  3794             576    -226429.3203 -819272.61   262%  16.7   29s
*18500  3788             574    -226820.8140 -819272.61   261%  16.7   29s
*18713  3585             555    -236000.2469 -819272.61   247%  16.7   29s
*18720  3583             555    -236041.5736 -819272.61   247%  16.6   29s
*19448  3251             571    -291382.5860 -819272.61   181%  16.3   29s
 20585  4629 -659063.86  353  672 -291382.59 -818939.90   181%  16.2   30s
*20971  4454             558    -308802.0491 -818939.90   165%  16.1   30s
H21477  3881                    -353508.9906 -818939.90   132%  15.8   30s
*21492  3721             578    -370313.1313 -818939.90   121%  15.8   30s
*21625  3209             678    -434678.6324 -818939.90  88.4%  15.8   30s
*21648  2961             679    -457129.8595 -818939.90  79.1%  15.8   30s
*21649  1991             679    -572442.6688 -818939.90  43.1%  15.8   30s
*23106  1082             741    -579805.3073 -818181.47  41.1%  15.4   30s
*23107  1000             741    -646449.4318 -818181.47  26.6%  15.4   30s
*24685  1180             748    -652319.2522 -814698.64  24.9%  14.7   30s
*24686  1180             748    -652828.0005 -814698.64  24.8%  14.7   30s
*24688  1180             748    -653356.8518 -814698.64  24.7%  14.7   30s
*25429   820             760    -665081.3344 -812113.63  22.1%  14.5   30s
*25431   820             761    -674576.6167 -812113.63  20.4%  14.5   30s
*25432   820             762    -674670.3212 -812113.63  20.4%  14.5   30s
*25508   820             765    -691480.6900 -812113.63  17.4%  14.5   30s
*25512   820             766    -691491.8916 -812113.63  17.4%  14.4   30s
*25518   820             766    -691504.4172 -812113.63  17.4%  14.4   30s
*26255   830             764    -692105.7884 -809239.33  16.9%  14.2   31s
*27189  1277             776    -694691.4825 -809239.33  16.5%  13.8   31s
*28417  1277             776    -720029.0863 -806667.62  12.0%  13.5   31s
*30326  1335             753    -731331.9892 -804313.32  10.0%  13.0   31s
*30484  1335             823    -790990.2112 -804313.32  1.68%  13.0   31s
*30547  1335             828    -792814.2318 -804313.32  1.45%  12.9   31s
*31749   246             822    -799096.7137 -803367.62  0.53%  12.6   31s

Cutting planes:
  Gomory: 92
  Implied bound: 147
  MIR: 106
  Flow cover: 592
  RLT: 266
  Relax-and-lift: 14

Explored 32696 nodes (413945 simplex iterations) in 32.04 seconds (31.77 work units)
Thread count was 16 (of 40 available processors)

Solution count 10: -799097 -792814 -790990 ... -691481
No other solutions better than -799097

Optimal solution found (tolerance 1.00e-03)
Best objective -7.990967136831e+05, best bound -7.990967136831e+05, gap 0.0000%

User-callback calls 72496, time in user-callback 0.01 sec
[NUM-KAPPA] kappa_solver=34758 kappa_exact=-1 is_mip=1
[NUM-EFIC] work=32 root_gap=2 root_time=2
[pipeline] Tiempo de resolucion: 32.085267 s
[SOLVE] tiempo_solver_s=32.085279288999999 status=OPTIMAL gap=0.000000000000000 obj=-799096.713683085399680 best_bound=-799096.713683085399680 nodos=32696.000000000000000 iter=413945.000000000000000 primal_integral=0.952109467983748
[VERIF ORIGINAL] etapa=solver_desescalado max_le=5.6843418860808e-14 (a1_salto_grande_tangente_2(2)) max_ge=0 () max_eq=4.91738319396973e-07 (a1_balance(23)) max_lb=0 () max_ub=0 () max_int=3.87359688103217e-07 (a1_varphi41(18)) avg_viol=4.57586486347586e-09 p95_viol=9.06386077303971e-14 p99_viol=1.75479799509047e-07 max_viol_rel=3.69482222595252e-13 max_viol_relact=2.59717768552693e-16 viol_le_count=0 viol_ge_count=0 viol_eq_count=0 viol_lb_count=0 viol_ub_count=0 viol_int_count=0 missing_values=0 obj_original_recalc=-799096.713683085
[32m[success] Resultados guardados correctamente en /clusteruy/home/mathiasr/generator-aware-row-scaling/results-revision/final-variants/gurobi_sgtm_01pct/resultados/instance046_matricial_plano_l2.csv[0m
[32m[success] Archivo CSV generado correctamente[0m

[POST DEBUG] ===== INICIO POSTPROCESAMIENTO GLOBAL =====

[SG POST] ===== Diagnóstico SaltoGrande =====
[SG POST] periodos = 360
[SG POST] periodosPotenciaRealMayorMIP = 296
[SG POST] periodosPotenciaRealMenorMIP = 62
[SG POST] periodosConWhile = 296
[SG POST] cantidadWhile = 1486922
[SG POST] periodosConErrorFinal = 62
[SG POST] sumaGMip = 224900
[SG POST] sumaGRealInicial = 228061.507006513
[SG POST] sumaGRealFinal = 224744.699704677
[SG POST] sumaDeltaGInicial = 3161.50700651292
[SG POST] sumaDeltaGFinal = -155.300295323212
[SG POST] maxAbsDeltaGInicial = 31.4795984440952
[SG POST] maxAbsDeltaGFinal = 7.09235090803838
[SG POST] sumaDeltaX = -14869.2200003009
[SG POST] sumaDeltaY = 14869.2200000005
[SG POST] ===================================

[POST DEBUG] --- DESPUÉS DE AGENTES ---
[POST DEBUG] Agentes | g1 antes=224900 despues=224900 delta=0
[POST DEBUG] Agentes | g2 antes=0 despues=0 delta=0
[POST DEBUG] Agentes | g antes=112450 despues=112450 delta=0
[POST DEBUG] Agentes | costoFalla antes=0 despues=0 delta=0
[POST DEBUG] --- DESPUÉS DE DESPACHO ---
[POST DEBUG] Despacho | g1 antes=224900 despues=224900 delta=0
[POST DEBUG] Despacho | g2 antes=0 despues=0 delta=0
[POST DEBUG] Despacho | g antes=112450 despues=112450 delta=0
[POST DEBUG] Despacho | costoFalla antes=0 despues=0 delta=0
[POST DEBUG] --- TOTAL ANTES VS FINAL ---
[POST DEBUG] Final | g1 antes=224900 despues=224900 delta=0
[POST DEBUG] Final | g2 antes=0 despues=0 delta=0
[POST DEBUG] Final | g antes=112450 despues=112450 delta=0
[POST DEBUG] Final | costoFalla antes=0 despues=0 delta=0
[POST DEBUG] valorFOOriginal = -799096.713683085
[POST DEBUG] valorFOPostProcesado = -799096.713683085
[POST DEBUG] deltaFO = 0
[POST DEBUG] ===== FIN POSTPROCESAMIENTO GLOBAL =====

[32m[success] Post-procesamiento completado. Nuevo valor F.O.: -799096.713683085399680[0m
[VERIF ORIGINAL] etapa=postprocesado max_le=22.2465606753522 (a1_salto_grande_tangente_3(67)) max_ge=0 () max_eq=1.15688890218735e-05 (a1_balance(67)) max_lb=0 () max_ub=0 () max_int=3.87359688103217e-07 (a1_varphi41(18)) avg_viol=0.323023473408619 p95_viol=1.00512767168921 p99_viol=11.3784580356633 max_viol_rel=4.13917354054544 max_viol_relact=0.0156667977008968 viol_le_count=916 viol_ge_count=0 viol_eq_count=222 viol_lb_count=0 viol_ub_count=0 viol_int_count=0 missing_values=0 obj_original_recalc=-799096.713683085
[32m[success] Resultados guardados correctamente en /clusteruy/home/mathiasr/generator-aware-row-scaling/results-revision/final-variants/gurobi_sgtm_01pct/resultados/instance046_matricial_plano_l2_postprocesado.csv[0m
> [32m[success] Saliendo del programa...[0m
[32m[success] SystemController destruido[0m
