[32m[success] SystemController creado[0m
> [32m[success] El programa se ha iniciado correctamente[0m
> > [34m[info] Agregando agente Salto Grande[0m
[34m[info] Ingrese costo de agua de Salto Grande:[0m
[34m[info] Ingrese volumen inicial de Salto Grande:[0m
[34m[info] Ingrese aportes de Salto Grande en una sola línea (360 valores):[0m
[info] SaltoGrande: activación de tramos de altura horaria
[32m[success] Se ha creado el agente 'Salto Grande' exitosamente[0m
> > [34m[info] Agregando agente Unidad Térmica Simple[0m
[34m[info] Ingrese potencia máxima de la unidad térmica simple:[0m
[34m[info] Ingrese costo variable de la unidad térmica simple:[0m
[32m[success] Se ha creado el agente 'Unidad Térmica Simple' exitosamente[0m
> > [34m[info] Agregando agente Demanda Fija[0m
[34m[info] Ingrese demandas en una sola línea (360 valores):[0m
[32m[success] Se ha creado el agente 'Demanda Fija' exitosamente[0m
> > [34m[info] Creando despacho de mercado[0m
[34m[info] Modo: despacho de mercado con demanda total explícita[0m
[34m[info] Ingrese cantidad de tramos del despacho de mercado:[0m
[34m[info] Ingrese porcentajes acumulados de los tramos en una sola línea (4 valores):[0m
[34m[info] Ingrese costos marginales de los tramos en una sola línea (4 valores):[0m
[34m[info] Ingrese demanda total en una sola línea (360 valores):[0m
[32m[success] Se ha creado el despacho de mercado exitosamente[0m
> > Set parameter WLSAccessID
Set parameter WLSSecret
Set parameter LicenseID to value 2849920
Academic license 2849920 - for non-commercial use only - registered to ma___@fing.edu.uy
[32m[success] Solver 'Gurobi' configurado | timeout=1800s | mipgap=0.001[0m
> [DEBUG Despacho] j=0 idGen=1 coefParticipacionDespacho=0.5
[DEBUG Despacho] j=1 idGen=2 coefParticipacionDespacho=1

[DEBUG Despacho] Cantidad de generadores = 2
[DEBUG Despacho] j=0 puntero=0x1879300 idGen=1 coefParticipacionDespacho=0.5
[DEBUG Despacho] j=1 puntero=0x1879510 idGen=2 coefParticipacionDespacho=1

------------------------------------------------------------
  PREPROCESAMIENTO MIP - Diagnostico Numerico
------------------------------------------------------------
Rango de coeficientes (toda la matriz):
  max |coef| = 1.224e+10
  min |coef| = 4.831e-04
  proxy rango= 2.535e+13

Diagnostico por bloque:
Bloque              max|coef|      min|coef|      kappa_aprox   vars    alpha     beta      cols      disc_omit aux_omit  escalado
------------------------------------------------------------------------------------------------------------------------------
a1_                 1.224e+10      4.831e-04      2.53e+13      5040    1.00e+00  1.00e+00  0         0         0         no
a2_                 sin filas      sin filas      N/A           360     1.00e+00  1.00e+00  0         0         0         no  (sin filas locales; aporta g2 al despacho)

Restriccion(es) global(es): 2160 fila(s)
  acoplamiento balance = 360 fila(s)
  global no acoplante  = 1800 fila(s)
  rho aprox (solo acoplamiento) = 1.000e+00
  gamma acoplamiento   = 1.000000
  gamma candidato      = 1.000000
  filas acop. escaladas= no
  filas normaliz. fisica= 0
  motivo gamma=1       = rho bajo; no se escala la fila de acoplamiento

ADVERTENCIAS:
  [!] Rango de coeficientes elevado (25345489906322). Riesgo de sensibilidad numerica.
  [!] Bloque 'a1_' internamente mal escalado (kappa~25345489906322). Conviene comparar equilibrado interno por filas/columnas.

[Modo diagnostico: no se modifico el modelo]
------------------------------------------------------------

[32m[success] Diagnostico completado (modelo sin modificar).[0m
> [MODELO] rows=10080 cols=6120 nnz=22679
[pipeline] Preprocesamiento seleccionado: Ninguno
[pipeline] Modelo interno sin modificaciones de preprocesamiento.
[pipeline] Estrategia de resolucion seleccionada: Monolitica
[pipeline] Resolviendo monoliticamente.
Set parameter TimeLimit to value 1800
Set parameter MIPGap to value 0.001
Set parameter Seed to value 42
Set parameter Threads to value 16
Gurobi Optimizer version 13.0.1 build v13.0.1rc0 (linux64 - "Debian GNU/Linux 12 (bookworm)")

CPU model: Intel(R) Xeon(R) Gold 6138 CPU @ 2.00GHz, instruction set [SSE2|AVX|AVX2|AVX512]
Thread count: 40 physical cores, 40 logical processors, using up to 16 threads

Non-default parameters:
TimeLimit  1800
MIPGap  0.001
Seed  42
Threads  16

Academic license 2849920 - for non-commercial use only - registered to ma___@fing.edu.uy
Optimize a model with 10080 rows, 6120 columns and 22679 nonzeros (Min)
Model fingerprint: 0x546e7295
Model has 721 linear objective coefficients
Variable types: 4680 continuous, 1440 integer (1440 binary)
Coefficient statistics:
  Matrix range     [5e-04, 1e+10]
  Objective range  [3e-03, 1e+02]
  Bounds range     [1e+00, 4e+09]
  RHS range        [1e+01, 1e+10]
Warning: Model contains large matrix coefficient range
Warning: Model contains large rhs
Warning: Model contains large bounds
         Consider reformulating model or setting NumericFocus parameter
         to avoid numerical issues.

Found heuristic solution: objective 5.159521e+08
Presolve removed 1269 rows and 444 columns
Presolve time: 0.08s
Presolved: 8811 rows, 5676 columns, 21116 nonzeros
Found heuristic solution: objective 5.158920e+08
Variable types: 4251 continuous, 1425 integer (1425 binary)

Root relaxation: objective -2.549378e+06, 6734 iterations, 0.10 seconds (0.11 work units)

    Nodes    |    Current Node    |     Objective Bounds      |     Work
 Expl Unexpl |  Obj  Depth IntInf | Incumbent    BestBd   Gap | It/Node Time

     0     0 -2549377.8    0   37 5.1589e+08 -2549377.8   100%     -    0s
H    0     0                    1.364632e+07 -2549377.8   119%     -    0s
H    0     0                    1.268500e+07 -2549377.8   120%     -    0s
     0     0 -2546797.2    0   34 1.2685e+07 -2546797.2   120%     -    0s
H    0     0                    1.159966e+07 -2546212.1   122%     -    0s
     0     0 -2546212.1    0   34 1.1600e+07 -2546212.1   122%     -    0s
H    0     0                    1.040075e+07 -2546212.1   124%     -    0s
     0     0 -2546212.1    0   35 1.0401e+07 -2546212.1   124%     -    0s
H    0     0                    9705400.4199 -2546212.1   126%     -    0s
H    0     0                    9650007.3238 -2546212.1   126%     -    0s
H    0     0                    9309086.9623 -2546212.1   127%     -    0s
H    0     0                    -2539851.284 -2546212.1  0.25%     -    0s
     0     0          -    0      -2539851.3 -2542066.0  0.09%     -    0s

Cutting planes:
  Gomory: 23
  Implied bound: 12
  MIR: 3
  Flow cover: 9
  RLT: 2
  BQP: 1

Explored 1 nodes (6842 simplex iterations) in 0.42 seconds (0.34 work units)
Thread count was 16 (of 40 available processors)

Solution count 9: -2.53985e+06 9.30909e+06 9.7054e+06 ... 5.15952e+08

Optimal solution found (tolerance 1.00e-03)
Best objective -2.539851283771e+06, best bound -2.542065983962e+06, gap 0.0872%

User-callback calls 638, time in user-callback 0.00 sec
[NUM-KAPPA] kappa_solver=6844029.243540 kappa_exact=-1.000000 is_mip=1
[NUM-EFIC] work=0.339407 root_gap=0.001921 root_time=0.415346
[pipeline] Tiempo de resolucion: 0.497966 s
[SOLVE] tiempo_solver_s=0.497982465000000 status=OPTIMAL gap=0.087198026346217 obj=-2539851.283770546317101 best_bound=-2542065.983962123282254 nodos=1.000000000000000 iter=6842.000000000000000 primal_integral=0.714376515558913
[VERIF ORIGINAL] etapa=solver_desescalado max_le=5.6843418860808e-14 (a1_salto_grande_tangente_2(2)) max_ge=0 () max_eq=2.36555933952332e-07 (a1_balance(191)) max_lb=0 () max_ub=0 () max_int=0 () avg_viol=2.75230059793504e-09 p95_viol=3.37729844090969e-14 p99_viol=1.2572854757309e-07 max_viol_rel=2.23820961764432e-13 max_viol_relact=1.71641841843889e-16 viol_le_count=0 viol_ge_count=0 viol_eq_count=0 viol_lb_count=0 viol_ub_count=0 viol_int_count=0 missing_values=0 obj_original_recalc=-2539851.28377055
[32m[success] Resultados guardados correctamente en /clusteruy/home/mathiasr/generator-aware-row-scaling/results-revision/final-variants/gurobi_sgtm_01pct/resultados/instance005_base.csv[0m
[32m[success] Archivo CSV generado correctamente[0m

[POST DEBUG] ===== INICIO POSTPROCESAMIENTO GLOBAL =====

[SG POST] ===== Diagnóstico SaltoGrande =====
[SG POST] periodos = 360
[SG POST] periodosPotenciaRealMayorMIP = 356
[SG POST] periodosPotenciaRealMenorMIP = 3
[SG POST] periodosConWhile = 356
[SG POST] cantidadWhile = 3830485
[SG POST] periodosConErrorFinal = 3
[SG POST] sumaGMip = 190761.120019752
[SG POST] sumaGRealInicial = 199777.481753034
[SG POST] sumaGRealFinal = 190793.766913253
[SG POST] sumaDeltaGInicial = 9016.361733281
[SG POST] sumaDeltaGFinal = 32.6468935003007
[SG POST] maxAbsDeltaGInicial = 65.9629489161118
[SG POST] maxAbsDeltaGFinal = 1.19035668736433
[SG POST] sumaDeltaX = -38304.8500006373
[SG POST] sumaDeltaY = 38304.8499999965
[SG POST] ===================================

[POST DEBUG] --- DESPUÉS DE AGENTES ---
[POST DEBUG] Agentes | g1 antes=190761.120019752 despues=190761.120019752 delta=0
[POST DEBUG] Agentes | g2 antes=57588.4399901238 despues=57588.4399901238 delta=0
[POST DEBUG] Agentes | g antes=152969 despues=152969 delta=0
[POST DEBUG] Agentes | costoFalla antes=0 despues=0 delta=0
[POST DEBUG] --- DESPUÉS DE DESPACHO ---
[POST DEBUG] Despacho | g1 antes=190761.120019752 despues=190761.120019752 delta=0
[POST DEBUG] Despacho | g2 antes=57588.4399901238 despues=57588.4399901238 delta=0
[POST DEBUG] Despacho | g antes=152969 despues=152969 delta=0
[POST DEBUG] Despacho | costoFalla antes=0 despues=0 delta=0
[POST DEBUG] --- TOTAL ANTES VS FINAL ---
[POST DEBUG] Final | g1 antes=190761.120019752 despues=190761.120019752 delta=0
[POST DEBUG] Final | g2 antes=57588.4399901238 despues=57588.4399901238 delta=0
[POST DEBUG] Final | g antes=152969 despues=152969 delta=0
[POST DEBUG] Final | costoFalla antes=0 despues=0 delta=0
[POST DEBUG] valorFOOriginal = -2539851.28377055
[POST DEBUG] valorFOPostProcesado = -2539851.28377055
[POST DEBUG] deltaFO = 0
[POST DEBUG] ===== FIN POSTPROCESAMIENTO GLOBAL =====

[32m[success] Post-procesamiento completado. Nuevo valor F.O.: -2539851.283770546317101[0m
[VERIF ORIGINAL] etapa=postprocesado max_le=45.1254100212382 (a1_salto_grande_tangente_2(179)) max_ge=0 () max_eq=2.32541933655739e-05 (a1_balance(211)) max_lb=0 () max_ub=0 () max_int=0 () avg_viol=1.04393792657226 p95_viol=6.25026890136195 p99_viol=30.206894358255 max_viol_rel=10.7379183999898 max_viol_relact=0.0351088810418238 viol_le_count=2360 viol_ge_count=0 viol_eq_count=187 viol_lb_count=0 viol_ub_count=0 viol_int_count=0 missing_values=0 obj_original_recalc=-2539851.28377055
[32m[success] Resultados guardados correctamente en /clusteruy/home/mathiasr/generator-aware-row-scaling/results-revision/final-variants/gurobi_sgtm_01pct/resultados/instance005_base_postprocesado.csv[0m
> [32m[success] Saliendo del programa...[0m
[32m[success] SystemController destruido[0m
