[32m[success] SystemController creado[0m
> [32m[success] El programa se ha iniciado correctamente[0m
> > [34m[info] Agregando agente Salto Grande[0m
[34m[info] Ingrese costo de agua de Salto Grande:[0m
[34m[info] Ingrese volumen inicial de Salto Grande:[0m
[34m[info] Ingrese aportes de Salto Grande en una sola línea (360 valores):[0m
[info] SaltoGrande: activación de tramos de altura horaria
[32m[success] Se ha creado el agente 'Salto Grande' exitosamente[0m
> > [34m[info] Agregando agente Unidad Térmica Simple[0m
[34m[info] Ingrese potencia máxima de la unidad térmica simple:[0m
[34m[info] Ingrese costo variable de la unidad térmica simple:[0m
[32m[success] Se ha creado el agente 'Unidad Térmica Simple' exitosamente[0m
> > [34m[info] Agregando agente Demanda Fija[0m
[34m[info] Ingrese demandas en una sola línea (360 valores):[0m
[32m[success] Se ha creado el agente 'Demanda Fija' exitosamente[0m
> > [34m[info] Creando despacho de mercado[0m
[34m[info] Modo: despacho de mercado con demanda total explícita[0m
[34m[info] Ingrese cantidad de tramos del despacho de mercado:[0m
[34m[info] Ingrese porcentajes acumulados de los tramos en una sola línea (4 valores):[0m
[34m[info] Ingrese costos marginales de los tramos en una sola línea (4 valores):[0m
[34m[info] Ingrese demanda total en una sola línea (360 valores):[0m
[32m[success] Se ha creado el despacho de mercado exitosamente[0m
> > Set parameter WLSAccessID
Set parameter WLSSecret
Set parameter LicenseID to value 2849920
Academic license 2849920 - for non-commercial use only - registered to ma___@fing.edu.uy
[32m[success] Solver 'Gurobi' configurado | timeout=1800s | mipgap=0.001[0m
> [DEBUG Despacho] j=0 idGen=1 coefParticipacionDespacho=0.5
[DEBUG Despacho] j=1 idGen=2 coefParticipacionDespacho=1

[DEBUG Despacho] Cantidad de generadores = 2
[DEBUG Despacho] j=0 puntero=0x15eb300 idGen=1 coefParticipacionDespacho=0.5
[DEBUG Despacho] j=1 puntero=0x15eb510 idGen=2 coefParticipacionDespacho=1
[PREPROC] modo plano: 10080 filas tratadas como un unico bloque sin roles (kernel geomean por fila)
[PREPROC PHASES] metadata_s=8.0613e-05 diagnostico_s=0.001015702 aplicacion_s=0.001615947

------------------------------------------------------------
  PREPROCESAMIENTO MIP - Diagnostico Numerico
------------------------------------------------------------
Rango de coeficientes (toda la matriz):
  max |coef| = 1.592e+07
  min |coef| = 9.630e-06
  proxy rango= 1.653e+12

Diagnostico por bloque:
Bloque              max|coef|      min|coef|      kappa_aprox   vars    alpha     beta      cols      disc_omit aux_omit  escalado
------------------------------------------------------------------------------------------------------------------------------
plano               1.592e+07      9.630e-06      1.65e+12      0       9.56e-02  1.00e+00  0         0         0         SI  (filas=7200, alpha_min=9.63e-06, alpha_max=5.93e+01)

Restriccion(es) global(es): 0 fila(s)
  acoplamiento balance = 0 fila(s)
  global no acoplante  = 0 fila(s)
  rho aprox (solo acoplamiento) = 0.000e+00
  gamma acoplamiento   = 1.000000
  gamma candidato      = 1.000000
  filas acop. escaladas= no
  filas normaliz. fisica= 0
  motivo gamma=1       = rho bajo; no se escala la fila de acoplamiento

ADVERTENCIAS:
  [!] Rango de coeficientes elevado (1652972805142). Riesgo de sensibilidad numerica.
  [!] Bloque 'plano' internamente mal escalado (kappa~1652972805142). Conviene comparar equilibrado interno por filas/columnas.
------------------------------------------------------------

------------------------------------------------------------
  COMPARACION NUMERICA ANTES / DESPUES
------------------------------------------------------------
Indicador                   antes           despues         despues/antes
----------------------------------------------------------------------------
rango global                3.798e+13       1.653e+12       4.352e-02
rho acoplamiento            0.000e+00       0.000e+00       0.000e+00
gamma aplicado              1.000000        1.000000        1.000000

Bloques locales:
Bloque              kappa antes     kappa despues   alpha       beta        filas       cols        disc_omit   aux_omit    escalado
------------------------------------------------------------------------------------------------------------------------------------
plano               3.798e+13       1.653e+12       9.564e-02   1.000e+00   7200        0           0           0           SI

Interpretacion: valores despues/antes menores que 1 indican mejora del proxy.
rho se calcula solo con filas de acoplamiento; las cotas de demanda sobre g quedan fuera.
El escalamiento local activo fue solo por fila: alpha_r = 1/sqrt(M_r*m_r).
------------------------------------------------------------

[PREPROC TIME] variante=matricial_plano tiempo_s=0.00568722 u=2 K=4 epsMin=1e-09 epsMax=1000000000
[32m[success] Preprocesamiento aplicado.[0m
> [MODELO] rows=10080 cols=6120 nnz=22679
[pipeline] Preprocesamiento seleccionado: Ninguno
[pipeline] Modelo interno sin modificaciones de preprocesamiento.
[pipeline] Estrategia de resolucion seleccionada: Monolitica
[pipeline] Resolviendo monoliticamente.
Set parameter TimeLimit to value 1800
Set parameter MIPGap to value 0.001
Set parameter Seed to value 42
Set parameter Threads to value 16
Gurobi Optimizer version 13.0.1 build v13.0.1rc0 (linux64 - "Debian GNU/Linux 12 (bookworm)")

CPU model: Intel(R) Xeon(R) Gold 6138 CPU @ 2.00GHz, instruction set [SSE2|AVX|AVX2|AVX512]
Thread count: 40 physical cores, 40 logical processors, using up to 16 threads

Non-default parameters:
TimeLimit  1800
MIPGap  0.001
Seed  42
Threads  16

Academic license 2849920 - for non-commercial use only - registered to ma___@fing.edu.uy
Optimize a model with 10080 rows, 6120 columns and 22679 nonzeros (Min)
Model fingerprint: 0x04f66df5
Model has 721 linear objective coefficients
Variable types: 4680 continuous, 1440 integer (1440 binary)
Coefficient statistics:
  Matrix range     [1e-05, 1e+05]
  Objective range  [5e-04, 1e+02]
  Bounds range     [1e+00, 4e+09]
  RHS range        [9e+01, 2e+07]
Warning: Model contains large bounds
         Consider reformulating model or setting NumericFocus parameter
         to avoid numerical issues.

Found heuristic solution: objective 2.889965e+08
Presolve removed 1455 rows and 437 columns
Presolve time: 0.07s
Presolved: 8625 rows, 5683 columns, 20964 nonzeros
Variable types: 4259 continuous, 1424 integer (1424 binary)

Root relaxation: objective -1.614832e+06, 7192 iterations, 0.18 seconds (0.22 work units)

    Nodes    |    Current Node    |     Objective Bounds      |     Work
 Expl Unexpl |  Obj  Depth IntInf | Incumbent    BestBd   Gap | It/Node Time

     0     0 -1614832.1    0  480 2.8900e+08 -1614832.1   101%     -    0s
     0     0 -1614827.9    0  480 2.8900e+08 -1614827.9   101%     -    0s
H    0     0                    -1557763.234 -1614827.9  3.66%     -    0s
     0     0 -1613339.2    0  576 -1557763.2 -1613339.2  3.57%     -    0s
     0     0 -1612950.8    0  568 -1557763.2 -1612950.8  3.54%     -    0s
     0     0 -1612486.1    0  568 -1557763.2 -1612486.1  3.51%     -    0s
     0     0 -1612374.6    0  568 -1557763.2 -1612374.6  3.51%     -    0s
     0     0 -1607271.2    0  455 -1557763.2 -1607271.2  3.18%     -    0s
     0     0 -1607136.5    0  454 -1557763.2 -1607136.5  3.17%     -    0s
H    0     0                    -1580452.917 -1607136.5  1.69%     -    0s
     0     0 -1607128.1    0  454 -1580452.9 -1607128.1  1.69%     -    0s
     0     0 -1607127.6    0  454 -1580452.9 -1607127.6  1.69%     -    0s
     0     0 -1607050.0    0  473 -1580452.9 -1607050.0  1.68%     -    1s
     0     0 -1606983.2    0  474 -1580452.9 -1606983.2  1.68%     -    1s
     0     0 -1606983.2    0  474 -1580452.9 -1606983.2  1.68%     -    1s
     0     0 -1606983.2    0  474 -1580452.9 -1606983.2  1.68%     -    1s
     0     0 -1606974.9    0  475 -1580452.9 -1606974.9  1.68%     -    1s
     0     0 -1606974.9    0  475 -1580452.9 -1606974.9  1.68%     -    1s
     0     0 -1606974.9    0  475 -1580452.9 -1606974.9  1.68%     -    1s
     0     0 -1606974.9    0  475 -1580452.9 -1606974.9  1.68%     -    1s
     0     0 -1606974.9    0  475 -1580452.9 -1606974.9  1.68%     -    1s
     0     2 -1606974.9    0  474 -1580452.9 -1606974.9  1.68%     -    1s
H  459   223                    -1580686.940 -1603234.2  1.43%   6.9    2s
  1610  1021 -1601444.1  140  191 -1580686.9 -1603164.5  1.42%   5.1    5s
H 1775   907                    -1591025.466 -1603164.5  0.76%   5.0    7s
H 2016   934                    -1591311.321 -1603163.4  0.74%   4.9    9s
H 2581  1328                    -1591528.349 -1603163.4  0.73%   4.8    9s
H 2883  1040                    -1598363.625 -1603163.4  0.30%   4.8   11s
H 2900   970                    -1599354.715 -1600054.8  0.04%   4.7   14s

Cutting planes:
  Gomory: 8
  Implied bound: 10
  Projected implied bound: 14
  MIR: 8
  Flow cover: 122
  Relax-and-lift: 47

Explored 2900 nodes (32821 simplex iterations) in 14.18 seconds (10.48 work units)
Thread count was 16 (of 40 available processors)

Solution count 9: -1.59935e+06 -1.59836e+06 -1.59153e+06 ... 2.88997e+08

Optimal solution found (tolerance 1.00e-03)
Best objective -1.599354715127e+06, best bound -1.600054845569e+06, gap 0.0438%

User-callback calls 9521, time in user-callback 0.00 sec
[NUM-KAPPA] kappa_solver=15715056 kappa_exact=-1 is_mip=1
[NUM-EFIC] work=10 root_gap=0 root_time=2
[pipeline] Tiempo de resolucion: 14.274478 s
[SOLVE] tiempo_solver_s=14.274489458000000 status=OPTIMAL gap=0.043775807527691 obj=-1599354.715126993833110 best_bound=-1600054.845568772871047 nodos=2900.000000000000000 iter=32821.000000000000000 primal_integral=0.031972084246545
[VERIF ORIGINAL] etapa=solver_desescalado max_le=5.6843418860808e-14 (a1_salto_grande_tangente_2(8)) max_ge=0 () max_eq=6.33299350738525e-07 (a1_balance(289)) max_lb=0 () max_ub=0 () max_int=0 () avg_viol=3.69240096102235e-09 p95_viol=6.08402217494586e-14 p99_viol=1.17737799882887e-07 max_viol_rel=4.11226608321158e-13 max_viol_relact=2.35255496751235e-16 viol_le_count=0 viol_ge_count=0 viol_eq_count=0 viol_lb_count=0 viol_ub_count=0 viol_int_count=0 missing_values=0 obj_original_recalc=-1599354.71512699
[32m[success] Resultados guardados correctamente en /clusteruy/home/mathiasr/generator-aware-row-scaling/results-revision/final-variants/gurobi_sgtm_01pct/resultados/instance027_matricial_plano.csv[0m
[32m[success] Archivo CSV generado correctamente[0m

[POST DEBUG] ===== INICIO POSTPROCESAMIENTO GLOBAL =====

[SG POST] ===== Diagnóstico SaltoGrande =====
[SG POST] periodos = 360
[SG POST] periodosPotenciaRealMayorMIP = 360
[SG POST] periodosPotenciaRealMenorMIP = 0
[SG POST] periodosConWhile = 360
[SG POST] cantidadWhile = 4195188
[SG POST] periodosConErrorFinal = 0
[SG POST] sumaGMip = 197110.665961569
[SG POST] sumaGRealInicial = 206729.10387801
[SG POST] sumaGRealFinal = 197146.250325305
[SG POST] sumaDeltaGInicial = 9618.43791644033
[SG POST] sumaDeltaGFinal = 35.5843637353269
[SG POST] maxAbsDeltaGInicial = 96.6148656433921
[SG POST] maxAbsDeltaGFinal = 0.0999881072141307
[SG POST] sumaDeltaX = -41951.880000721
[SG POST] sumaDeltaY = 41951.8799999914
[SG POST] ===================================

[POST DEBUG] --- DESPUÉS DE AGENTES ---
[POST DEBUG] Agentes | g1 antes=197110.665961569 despues=197110.665961569 delta=0
[POST DEBUG] Agentes | g2 antes=5.66701921525278 despues=5.66701921525278 delta=0
[POST DEBUG] Agentes | g antes=98561 despues=98561 delta=0
[POST DEBUG] Agentes | costoFalla antes=0 despues=0 delta=0
[POST DEBUG] --- DESPUÉS DE DESPACHO ---
[POST DEBUG] Despacho | g1 antes=197110.665961569 despues=197110.665961569 delta=0
[POST DEBUG] Despacho | g2 antes=5.66701921525278 despues=5.66701921525278 delta=0
[POST DEBUG] Despacho | g antes=98561 despues=98561 delta=0
[POST DEBUG] Despacho | costoFalla antes=0 despues=0 delta=0
[POST DEBUG] --- TOTAL ANTES VS FINAL ---
[POST DEBUG] Final | g1 antes=197110.665961569 despues=197110.665961569 delta=0
[POST DEBUG] Final | g2 antes=5.66701921525278 despues=5.66701921525278 delta=0
[POST DEBUG] Final | g antes=98561 despues=98561 delta=0
[POST DEBUG] Final | costoFalla antes=0 despues=0 delta=0
[POST DEBUG] valorFOOriginal = -1599354.71512699
[POST DEBUG] valorFOPostProcesado = -1599354.71512699
[POST DEBUG] deltaFO = 0
[POST DEBUG] ===== FIN POSTPROCESAMIENTO GLOBAL =====

[32m[success] Post-procesamiento completado. Nuevo valor F.O.: -1599354.715126993833110[0m
[VERIF ORIGINAL] etapa=postprocesado max_le=72.299444768478 (a1_salto_grande_tangente_2(356)) max_ge=0 () max_eq=3.28496098518372e-05 (a1_balance(356)) max_lb=0 () max_ub=0 () max_int=0 () avg_viol=1.14848543698875 p95_viol=5.12372566322325 p99_viol=33.0046507934703 max_viol_rel=36.1596253026287 max_viol_relact=0.0698623393351293 viol_le_count=1871 viol_ge_count=0 viol_eq_count=274 viol_lb_count=0 viol_ub_count=0 viol_int_count=0 missing_values=0 obj_original_recalc=-1599354.71512699
[32m[success] Resultados guardados correctamente en /clusteruy/home/mathiasr/generator-aware-row-scaling/results-revision/final-variants/gurobi_sgtm_01pct/resultados/instance027_matricial_plano_postprocesado.csv[0m
> [32m[success] Saliendo del programa...[0m
[32m[success] SystemController destruido[0m
