[32m[success] SystemController creado[0m
> [32m[success] El programa se ha iniciado correctamente[0m
> > [34m[info] Agregando agente Salto Grande[0m
[34m[info] Ingrese costo de agua de Salto Grande:[0m
[34m[info] Ingrese volumen inicial de Salto Grande:[0m
[34m[info] Ingrese aportes de Salto Grande en una sola línea (360 valores):[0m
[info] SaltoGrande: activación de tramos de altura horaria
[32m[success] Se ha creado el agente 'Salto Grande' exitosamente[0m
> > [34m[info] Agregando agente Unidad Térmica Simple[0m
[34m[info] Ingrese potencia máxima de la unidad térmica simple:[0m
[34m[info] Ingrese costo variable de la unidad térmica simple:[0m
[32m[success] Se ha creado el agente 'Unidad Térmica Simple' exitosamente[0m
> > [34m[info] Agregando agente Demanda Fija[0m
[34m[info] Ingrese demandas en una sola línea (360 valores):[0m
[32m[success] Se ha creado el agente 'Demanda Fija' exitosamente[0m
> > [34m[info] Creando despacho de mercado[0m
[34m[info] Modo: despacho de mercado con demanda total explícita[0m
[34m[info] Ingrese cantidad de tramos del despacho de mercado:[0m
[34m[info] Ingrese porcentajes acumulados de los tramos en una sola línea (4 valores):[0m
[34m[info] Ingrese costos marginales de los tramos en una sola línea (4 valores):[0m
[34m[info] Ingrese demanda total en una sola línea (360 valores):[0m
[32m[success] Se ha creado el despacho de mercado exitosamente[0m
> > Set parameter WLSAccessID
Set parameter WLSSecret
Set parameter LicenseID to value 2849920
Academic license 2849920 - for non-commercial use only - registered to ma___@fing.edu.uy
[32m[success] Solver 'Gurobi' configurado | timeout=1800s | mipgap=0.001[0m
> [DEBUG Despacho] j=0 idGen=1 coefParticipacionDespacho=0.5
[DEBUG Despacho] j=1 idGen=2 coefParticipacionDespacho=1

[DEBUG Despacho] Cantidad de generadores = 2
[DEBUG Despacho] j=0 puntero=0x10d5300 idGen=1 coefParticipacionDespacho=0.5
[DEBUG Despacho] j=1 puntero=0x10d5510 idGen=2 coefParticipacionDespacho=1
[PREPROC] modo plano: 10080 filas tratadas como un unico bloque sin roles (kernel geomean por fila)
[PREPROC PHASES] metadata_s=0.000141358 diagnostico_s=0.001179733 aplicacion_s=0.001773532

------------------------------------------------------------
  PREPROCESAMIENTO MIP - Diagnostico Numerico
------------------------------------------------------------
Rango de coeficientes (toda la matriz):
  max |coef| = 2.838e+07
  min |coef| = 9.037e-06
  proxy rango= 3.140e+12

Diagnostico por bloque:
Bloque              max|coef|      min|coef|      kappa_aprox   vars    alpha     beta      cols      disc_omit aux_omit  escalado
------------------------------------------------------------------------------------------------------------------------------
plano               2.838e+07      9.037e-06      3.14e+12      0       9.98e-02  1.00e+00  0         0         0         SI  (filas=7920, alpha_min=9.04e-06, alpha_max=4.55e+01)

Restriccion(es) global(es): 0 fila(s)
  acoplamiento balance = 0 fila(s)
  global no acoplante  = 0 fila(s)
  rho aprox (solo acoplamiento) = 0.000e+00
  gamma acoplamiento   = 1.000000
  gamma candidato      = 1.000000
  filas acop. escaladas= no
  filas normaliz. fisica= 0
  motivo gamma=1       = rho bajo; no se escala la fila de acoplamiento

ADVERTENCIAS:
  [!] Rango de coeficientes elevado (3140316249625). Riesgo de sensibilidad numerica.
  [!] Bloque 'plano' internamente mal escalado (kappa~3140316249625). Conviene comparar equilibrado interno por filas/columnas.
------------------------------------------------------------

------------------------------------------------------------
  COMPARACION NUMERICA ANTES / DESPUES
------------------------------------------------------------
Indicador                   antes           despues         despues/antes
----------------------------------------------------------------------------
rango global                2.535e+13       3.140e+12       1.239e-01
rho acoplamiento            0.000e+00       0.000e+00       0.000e+00
gamma aplicado              1.000000        1.000000        1.000000

Bloques locales:
Bloque              kappa antes     kappa despues   alpha       beta        filas       cols        disc_omit   aux_omit    escalado
------------------------------------------------------------------------------------------------------------------------------------
plano               2.535e+13       3.140e+12       9.984e-02   1.000e+00   7920        0           0           0           SI

Interpretacion: valores despues/antes menores que 1 indican mejora del proxy.
rho se calcula solo con filas de acoplamiento; las cotas de demanda sobre g quedan fuera.
El escalamiento local activo fue solo por fila: alpha_r = 1/sqrt(M_r*m_r).
------------------------------------------------------------

[PREPROC TIME] variante=matricial_plano tiempo_s=0.00620975 u=2 K=4 epsMin=1e-09 epsMax=1000000000
[32m[success] Preprocesamiento aplicado.[0m
> [MODELO] rows=10080 cols=6120 nnz=22679
[pipeline] Preprocesamiento seleccionado: Ninguno
[pipeline] Modelo interno sin modificaciones de preprocesamiento.
[pipeline] Estrategia de resolucion seleccionada: Monolitica
[pipeline] Resolviendo monoliticamente.
Set parameter TimeLimit to value 1800
Set parameter MIPGap to value 0.001
Set parameter Seed to value 42
Set parameter Threads to value 16
Gurobi Optimizer version 13.0.1 build v13.0.1rc0 (linux64 - "Debian GNU/Linux 12 (bookworm)")

CPU model: Intel(R) Xeon(R) Gold 6138 CPU @ 2.00GHz, instruction set [SSE2|AVX|AVX2|AVX512]
Thread count: 40 physical cores, 40 logical processors, using up to 16 threads

Non-default parameters:
TimeLimit  1800
MIPGap  0.001
Seed  42
Threads  16

Academic license 2849920 - for non-commercial use only - registered to ma___@fing.edu.uy
Optimize a model with 10080 rows, 6120 columns and 22679 nonzeros (Min)
Model fingerprint: 0x8c135fec
Model has 721 linear objective coefficients
Variable types: 4680 continuous, 1440 integer (1440 binary)
Coefficient statistics:
  Matrix range     [9e-06, 1e+05]
  Objective range  [3e-03, 1e+02]
  Bounds range     [1e+00, 4e+09]
  RHS range        [9e+01, 3e+07]
Warning: Model contains large bounds
         Consider reformulating model or setting NumericFocus parameter
         to avoid numerical issues.

Found heuristic solution: objective 6.002862e+08
Presolve removed 1168 rows and 390 columns
Presolve time: 0.08s
Presolved: 8912 rows, 5730 columns, 21367 nonzeros
Variable types: 4305 continuous, 1425 integer (1425 binary)

Root relaxation: objective 1.699947e+05, 7126 iterations, 0.32 seconds (0.40 work units)

    Nodes    |    Current Node    |     Objective Bounds      |     Work
 Expl Unexpl |  Obj  Depth IntInf | Incumbent    BestBd   Gap | It/Node Time

     0     0 169994.691    0  927 6.0029e+08 169994.691   100%     -    0s
H    0     0                    9301474.8575 169994.691  98.2%     -    0s
H    0     0                    472675.41959 181552.619  61.6%     -    0s
     0     0 214298.392    0 1047 472675.420 214298.392  54.7%     -    0s
     0     0 214692.588    0 1054 472675.420 214692.588  54.6%     -    1s
     0     0 214695.445    0 1054 472675.420 214695.445  54.6%     -    1s
H    0     0                    466338.31252 214695.445  54.0%     -    1s
     0     0 222494.132    0 1197 466338.313 222494.132  52.3%     -    1s
     0     0 222779.051    0 1198 466338.313 222779.051  52.2%     -    1s
     0     0 222779.051    0 1198 466338.313 222779.051  52.2%     -    1s
     0     0 225693.676    0 1252 466338.313 225693.676  51.6%     -    1s
     0     0 225961.555    0 1256 466338.313 225961.555  51.5%     -    1s
     0     0 225961.555    0 1257 466338.313 225961.555  51.5%     -    1s
     0     0 239051.291    0 1261 466338.313 239051.291  48.7%     -    2s
     0     0 244353.005    0 1259 466338.313 244353.005  47.6%     -    2s
     0     0 245399.344    0 1259 466338.313 245399.344  47.4%     -    2s
     0     0 252006.403    0 1258 466338.313 252006.403  46.0%     -    2s
H    0     0                    464458.97482 252006.403  45.7%     -    2s
H    0     0                    460328.35395 252006.403  45.3%     -    2s
H    0     0                    459529.86007 252006.403  45.2%     -    2s
     0     0 252943.590    0 1258 459529.860 252943.590  45.0%     -    2s
     0     0 252943.590    0 1258 459529.860 252943.590  45.0%     -    2s
     0     2 252943.590    0 1258 459529.860 252943.590  45.0%     -    2s
    15     6 252943.590    8 1246 459529.860 252943.590  45.0%  1189    5s
H  360   273                    446672.87174 252943.590  43.4%   110    7s
H  362   273                    444053.81478 252943.590  43.0%   110    7s
   895   648 279245.827   40  783 444053.815 252943.590  43.0%  82.2   10s
H 1373   939                    443167.56392 252943.590  42.9%  71.1   12s
H 1389   911                    442404.01592 252943.590  42.8%  72.3   12s
H 1404   903                    442038.50692 252943.590  42.8%  72.0   12s
H 1434   904                    436653.96657 252943.590  42.1%  72.6   12s
  2377  1352 329463.565  116  735 436653.967 262045.020  40.0%  64.5   15s
H 2488  1375                    435380.01960 262512.747  39.7%  66.2   15s
H 2818  1370                    432593.74813 270551.090  37.5%  66.6   17s
H 2818  1308                    431157.31999 270551.090  37.3%  66.6   18s
  2821  1308 386856.637  190 1021 431157.320 270551.090  37.3%  66.6   20s
  2830  1314 422797.565   59 1306 431157.320 270551.090  37.3%  66.3   25s
  3531  1396 429866.159   51  324 431157.320 270551.090  37.3%  75.9   30s
  5175  1856     cutoff   89      431157.320 279513.374  35.2%  70.4   35s
  7247  2596 295846.411   61  644 431157.320 295846.411  31.4%  68.8   40s
H 7327  1927                    418575.99634 296387.683  29.2%  69.3   40s
H 7645  1795                    417122.03124 296387.683  28.9%  68.2   40s
H 7648  1477                    411858.28408 298593.021  27.5%  68.2   40s
H 7649  1468                    411825.75299 298593.021  27.5%  68.3   40s
H 7671  1449                    411505.88625 298593.021  27.4%  68.8   40s
  8836  2055     cutoff   70      411505.886 305198.365  25.8%  64.4   45s
  8969  2107 315823.931   75  536 411505.886 305198.365  25.8%  64.9   50s
H 9017  2084                    410993.59076 305198.365  25.7%  64.9   51s
H 9197  2190                    410991.86884 305198.365  25.7%  64.4   52s
H 9198  2183                    410895.15488 305198.365  25.7%  64.4   52s
H 9316  2205                    410891.51141 305198.365  25.7%  63.9   53s
  9757  2378 321885.827   86  499 410891.511 312399.054  24.0%  63.3   55s
 13913  4013 360494.045  139  387 410891.511 322278.311  21.6%  57.1   60s
 16860  5494 390102.505  145  317 410891.511 327969.618  20.2%  58.5   65s
 21292  7458 407648.588  208  177 410891.511 336313.094  18.2%  56.5   70s
 24191  7770 373373.706  157  273 410891.511 340959.520  17.0%  57.1   75s
 29711  9732 408728.241  228   90 410891.511 345491.222  15.9%  55.7   81s
 34558 12423 390226.787  190  148 410891.511 349682.816  14.9%  53.6   86s
 38835 14429 389700.344  156  276 410891.511 353343.110  14.0%  52.4   90s
 43127 16248 407489.638  283  114 410891.511 356092.658  13.3%  51.1  110s
 49078 18172     cutoff  176      410891.511 359882.278  12.4%  50.6  115s
 53352 19876 376223.905  162  287 410891.511 362178.884  11.9%  52.1  120s
 57948 21668 399746.754  154  335 410891.511 364543.457  11.3%  53.0  125s
 62760 22741     cutoff  224      410891.511 366899.936  10.7%  53.3  130s
 67002 24814 383702.414  138  215 410891.511 367716.039  10.5%  53.3  135s
 71450 26358 401230.615  129  234 410891.511 369296.205  10.1%  53.3  140s
 77303 28280     cutoff  155      410891.511 370608.404  9.80%  53.5  146s
 81262 29520     cutoff  195      410891.511 371727.043  9.53%  54.1  151s
 85818 31240 infeasible  102      410891.511 372645.594  9.31%  54.2  157s
 88634 32409 399670.488  104  373 410891.511 373135.148  9.19%  54.5  160s
 93147 33565 395541.755  119  328 410891.511 374004.595  8.98%  54.5  166s
 96072 35366 407977.934  129  286 410891.511 374529.097  8.85%  54.5  170s
 100958 36887 389608.475   78  397 410891.511 375238.526  8.68%  54.4  175s
 105508 38681 403061.569  128  258 410891.511 375734.156  8.56%  54.3  180s
 108683 40605 395077.215  146  353 410891.511 376087.325  8.47%  54.2  185s
 114403 41783 infeasible  115      410891.511 376705.042  8.32%  54.2  190s
 119384 43756 410552.034  220  108 410891.511 377172.172  8.21%  54.3  196s
 125879 45675 405075.521   88  385 410891.511 377708.161  8.08%  53.8  201s
 128598 47693 407332.069  212   72 410891.511 377890.529  8.03%  53.7  205s
 135594 49717 400891.582   93  301 410891.511 378458.101  7.89%  53.4  211s
 139886 51663 395717.821  126  314 410891.511 378794.531  7.81%  53.2  215s
 143762 53411 382875.996  118  338 410891.511 379044.836  7.75%  53.2  220s
 148401 55372 404866.915  170   81 410891.511 379328.477  7.68%  53.1  225s
 150924 57651 406306.093  110  269 410891.511 379438.142  7.65%  53.0  231s
 157861 58620 410502.201  155  261 410891.511 379730.682  7.58%  52.7  235s
 162240 60153 384791.369  101  389 410891.511 379933.676  7.53%  52.7  240s
 169185 63272 407790.246  155  219 410891.511 380392.344  7.42%  52.2  246s
 172959 66529 398528.891   96  358 410891.511 380533.569  7.39%  52.1  253s
 178152 67104 401883.420  136  326 410891.511 380753.960  7.33%  51.8  255s
 182779 69003 389416.683  206  165 410891.511 380953.499  7.29%  51.7  260s
 187445 71000 405128.136  127  303 410891.511 381122.065  7.25%  51.4  265s
 193304 72759 infeasible  129      410891.511 381352.040  7.19%  51.2  270s
 199045 75215 407649.208  128  174 410891.511 381554.212  7.14%  51.1  276s
H201050 75118                    410771.88477 381621.309  7.10%  51.0  278s
 201071 75255 393114.796   98  330 410771.885 381621.309  7.10%  51.0  280s
 203701 76750 386808.294  111  379 410771.885 381714.784  7.07%  51.1  286s
 210005 78473 395271.210  122  340 410771.885 381863.944  7.04%  51.0  290s
 215018 81139 395252.215  123  356 410771.885 382093.674  6.98%  50.8  296s
 219599 82563 404870.283  135  321 410771.885 382222.887  6.95%  50.7  300s
 225772 84671 389700.777  105  305 410771.885 382397.612  6.91%  50.6  306s
 230208 86215 400115.377  152  139 410771.885 382570.234  6.87%  50.5  310s
 234873 87888 400205.210  125  266 410771.885 382736.391  6.83%  50.3  315s
 240909 89663 392303.196  126  275 410771.885 382909.473  6.78%  50.1  320s
 245988 91736 404584.494  117  309 410771.885 383036.155  6.75%  50.0  326s
 250768 93561 405552.375  128  245 410771.885 383189.547  6.71%  49.9  330s
 257123 95356 392884.496  115  317 410771.885 383384.158  6.67%  49.9  335s
 259813 96780 399981.580  142  174 410771.885 383443.407  6.65%  49.9  340s
 265980 98991 395380.335  106  377 410771.885 383617.610  6.61%  49.7  345s
 272237 101233 409743.548  144  319 410771.885 383769.819  6.57%  49.5  350s
 276591 102807 387846.207  113  308 410771.885 383903.274  6.54%  49.3  355s
 280947 103905 infeasible  112      410771.885 383984.070  6.52%  49.4  361s
 284141 105429 396076.203  120  349 410771.885 384065.641  6.50%  49.3  365s
 290352 107753     cutoff  140      410771.885 384210.757  6.47%  49.2  371s
 296564 109499 398027.548  109  274 410771.885 384382.882  6.42%  49.1  376s
 298744 110358 407633.203  165   92 410771.885 384455.503  6.41%  49.1  380s
 304841 112149     cutoff  123      410771.885 384610.898  6.37%  49.2  386s
 310298 113448 385656.049  109  388 410771.885 384760.170  6.33%  49.2  390s
 314818 115605 397340.178  145  231 410771.885 384848.383  6.31%  49.2  395s
 320998 117918 402999.768  133  353 410771.885 385003.343  6.27%  49.1  402s
 325770 118985 394813.293  134  345 410771.885 385113.341  6.25%  49.1  405s
 329192 120554 387558.626  111  359 410771.885 385220.181  6.22%  49.1  411s
 333827 122034 391773.944  122  337 410771.885 385332.096  6.19%  49.1  416s
 338447 123746 390082.381  104  375 410771.885 385464.789  6.16%  49.1  420s
 343269 126257 392537.289   92  373 410771.885 385560.836  6.14%  49.1  428s
 348099 126448 406495.339  171  100 410771.885 385658.862  6.11%  49.1  430s
 352725 127993 409487.480  101  257 410771.885 385795.063  6.08%  49.1  436s
 355724 129072 396552.865  113  249 410771.885 385866.277  6.06%  49.2  440s
 360504 131018     cutoff  135      410771.885 385975.240  6.04%  49.2  446s
 364491 131966 392522.274  107  376 410771.885 386060.028  6.02%  49.1  450s
 369766 133684 403344.867  135  343 410771.885 386180.660  5.99%  49.1  455s
 374306 135331 392066.381  116  329 410771.885 386272.755  5.96%  49.1  460s
 376844 136323     cutoff  113      410771.885 386321.001  5.95%  49.0  465s
 381704 137854 395151.742  125  256 410771.885 386393.395  5.93%  49.1  470s
 386431 140016 406965.716   96  374 410771.885 386495.148  5.91%  49.1  476s
 391144 140710 409851.780  157  164 410771.885 386569.902  5.89%  49.2  480s
 395890 142390 405520.386  101  383 410771.885 386663.881  5.87%  49.2  485s
 400543 143869 410041.233  165  169 410771.885 386745.809  5.85%  49.2  490s
 404982 144988 395700.450  143  256 410771.885 386840.567  5.83%  49.3  495s
 409987 146769 409276.782  143  295 410771.885 386936.082  5.80%  49.2  500s
 415373 148500 408763.923  135  334 410771.885 387022.304  5.78%  49.3  505s
 419965 149983 395112.237  105  323 410771.885 387099.292  5.76%  49.3  510s
 424266 151576 403383.039  205   74 410771.885 387164.241  5.75%  49.3  515s
 428561 153525 410204.678  120  346 410771.885 387245.897  5.73%  49.4  520s
 433512 154685 398277.031  140  243 410771.885 387314.086  5.71%  49.4  525s
 439355 157040 393741.137  181  167 410771.885 387397.615  5.69%  49.3  531s
 443770 158571 405669.639  133  214 410771.885 387450.888  5.68%  49.3  536s
 448231 159942 400668.519  128  315 410771.885 387519.783  5.66%  49.3  540s
 451215 161657 407692.127  132  181 410771.885 387570.332  5.65%  49.3  546s
 458197 163170 405914.724  152  194 410771.885 387666.536  5.62%  49.3  550s
 463223 164543 infeasible  224      410771.885 387742.779  5.61%  49.3  555s
 467859 166073 400520.791  138  218 410771.885 387808.190  5.59%  49.3  560s
 472641 167611     cutoff  170      410771.885 387880.098  5.57%  49.3  566s
 473324 169441 401882.325  103  326 410771.885 387893.204  5.57%  49.3  570s
 479053 169589 410275.446  115  374 410771.885 387954.051  5.55%  49.3  576s
 479913 170057 404348.253  131  243 410771.885 387980.256  5.55%  49.3  580s
 485252 171709 410563.927  126  199 410771.885 388057.377  5.53%  49.3  586s
 489313 173736 406856.666  125  166 410771.885 388101.726  5.52%  49.3  591s
 493580 174459 399509.458   65  343 410771.885 388150.330  5.51%  49.3  595s
 498241 175916 403730.446  124  246 410771.885 388197.773  5.50%  49.3  600s
 503274 177526 408926.976  224  100 410771.885 388263.408  5.48%  49.4  605s
 506243 178588 392169.539   84  334 410771.885 388302.605  5.47%  49.4  611s
 509679 180164 398636.357  131  231 410771.885 388353.004  5.46%  49.4  616s
 512779 181030 406157.514  133  356 410771.885 388391.721  5.45%  49.4  620s
 517609 182865 394461.163  116  337 410771.885 388445.820  5.44%  49.4  625s
 524065 184390 405091.258  135  306 410771.885 388529.144  5.41%  49.4  631s
 528587 185842 409740.680  134  290 410771.885 388589.389  5.40%  49.5  636s
 531618 187064     cutoff  127      410771.885 388625.351  5.39%  49.5  640s
 536235 188517 406680.702  119  222 410771.885 388684.141  5.38%  49.5  645s
 541419 190260 409891.459  156  192 410771.885 388756.141  5.36%  49.5  651s
 545862 191967     cutoff  117      410771.885 388812.375  5.35%  49.5  656s
 550795 193570     cutoff  113      410771.885 388876.346  5.33%  49.5  661s
 555596 195251 407425.332  153  198 410771.885 388933.276  5.32%  49.5  665s
 558325 196930 396786.255   91  364 410771.885 388963.125  5.31%  49.5  671s
 565404 198564 408778.737  155  317 410771.885 389046.906  5.29%  49.4  676s
 570234 200238 404802.010  105  327 410771.885 389085.714  5.28%  49.4  681s
 574827 201871 402830.564  128  331 410771.885 389139.809  5.27%  49.3  686s
 579584 204087 400784.926  136  231 410771.885 389195.050  5.25%  49.3  693s
 583589 204278 410199.486  144  289 410771.885 389238.842  5.24%  49.3  695s
 588622 205791     cutoff   99      410771.885 389301.035  5.23%  49.4  701s
 591620 207106 396291.166  102  309 410771.885 389342.155  5.22%  49.4  705s
 596253 208113 409691.068  114  240 410771.885 389391.927  5.20%  49.5  711s
 600975 209539 396516.205   91  364 410771.885 389428.297  5.20%  49.5  716s
 601890 210630 409978.670  134  224 410771.885 389447.878  5.19%  49.6  720s
 608500 212541 409580.781  106  202 410771.885 389510.474  5.18%  49.6  725s
 613282 213841 398937.090  143  147 410771.885 389565.867  5.16%  49.6  730s
 617791 215318 401549.137  117  348 410771.885 389598.679  5.15%  49.6  735s
 622766 216599 401381.627  110  377 410771.885 389669.394  5.14%  49.7  740s
 628068 218282 409196.757  124  288 410771.885 389718.406  5.13%  49.6  746s
 631466 219832 397598.311   96  363 410771.885 389761.946  5.11%  49.7  751s
 636262 221349 407945.036  129  318 410771.885 389813.125  5.10%  49.7  756s
 640757 222256 infeasible  137      410771.885 389854.516  5.09%  49.7  760s
 644611 223292 409614.916  190   64 410771.885 389887.788  5.08%  49.8  765s
 649684 224630     cutoff  120      410771.885 389955.527  5.07%  49.8  770s
 652466 225457     cutoff  159      410771.885 389986.826  5.06%  49.8  775s
 656496 226746 408094.844  124  232 410771.885 390028.280  5.05%  49.9  780s
 661011 228118 393621.161  153  304 410771.885 390081.017  5.04%  50.0  785s
 665936 230486 407091.827  160  202 410771.885 390122.419  5.03%  50.0  792s
 670794 231516     cutoff  118      410771.885 390151.944  5.02%  50.0  796s
 673874 232523     cutoff  106      410771.885 390193.620  5.01%  50.1  800s
 677057 233342 399312.014  161  233 410771.885 390224.805  5.00%  50.1  805s
 681749 234857 397721.453  111  339 410771.885 390270.494  4.99%  50.1  811s
 686053 235692 404924.056  109  314 410771.885 390327.819  4.98%  50.1  815s
 690690 237086 infeasible  161      410771.885 390373.537  4.97%  50.2  820s
 695827 238823     cutoff  138      410771.885 390422.820  4.95%  50.2  825s
 700974 240341 396957.164   99  376 410771.885 390472.377  4.94%  50.2  831s
 703840 241404 407280.260  195   73 410771.885 390501.068  4.93%  50.3  836s
 708324 243048 395222.816  117  330 410771.885 390534.954  4.93%  50.3  842s
 711132 243811 404390.166  139  163 410771.885 390558.687  4.92%  50.3  845s
 716415 245264 400822.605   86  372 410771.885 390621.770  4.91%  50.3  850s
 720451 246831 400722.284  208  120 410771.885 390666.202  4.89%  50.3  855s
 725640 248325     cutoff  123      410771.885 390711.525  4.88%  50.3  860s
 730336 249766 407749.727  210  114 410771.885 390757.635  4.87%  50.3  866s
 732865 250939 infeasible  156      410771.885 390777.904  4.87%  50.4  870s
 738279 252530 410108.926  120  348 410771.885 390835.867  4.85%  50.4  875s
 742850 254012 392561.982   97  335 410771.885 390869.454  4.85%  50.4  880s
 747765 255346 409280.603  159  296 410771.885 390920.111  4.83%  50.4  885s
 752465 256652 409347.641  141  337 410771.885 390964.626  4.82%  50.5  891s
 756266 257840     cutoff  104      410771.885 391001.138  4.81%  50.5  895s
 761662 259371 409456.005   95  308 410771.885 391044.052  4.80%  50.5  901s
 762442 259991 406525.253  112  258 410771.885 391049.485  4.80%  50.5  905s
 767063 261531 401202.346  137  168 410771.885 391103.389  4.79%  50.5  910s
 772157 263313     cutoff  100      410771.885 391141.267  4.78%  50.5  915s
 775231 264434 409335.736  241   52 410771.885 391159.163  4.77%  50.6  921s
 779624 265316 403327.698  140  287 410771.885 391207.088  4.76%  50.6  926s
 784972 266988 397994.231  110  330 410771.885 391250.607  4.75%  50.6  930s
 789989 268423 399848.071  128  244 410771.885 391293.936  4.74%  50.7  936s
 794370 269690 397968.911  105  368 410771.885 391339.202  4.73%  50.7  941s
 798551 270550 404183.396  131  329 410771.885 391373.821  4.72%  50.7  945s
 803114 271982 409337.520  133  327 410771.885 391416.284  4.71%  50.7  950s
 807646 273238 406630.020  126  180 410771.885 391462.262  4.70%  50.7  955s
 811266 274754 408852.877  153  200 410771.885 391502.128  4.69%  50.8  960s
 816068 276409 399853.596  113  349 410771.885 391547.148  4.68%  50.8  966s
 820850 278166 408236.085   79  380 410771.885 391587.087  4.67%  50.8  971s
 825459 279274     cutoff  127      410771.885 391621.274  4.66%  50.7  976s
 830062 280520 402832.584  114  257 410771.885 391660.969  4.65%  50.8  981s
 834581 281849 407152.067  125  222 410771.885 391695.006  4.64%  50.8  986s
 839183 283110 404617.852  131  193 410771.885 391740.905  4.63%  50.8  992s
 841598 284339 399588.147  141  206 410771.885 391754.653  4.63%  50.8  996s
 846501 285180 399174.427  155  151 410771.885 391792.905  4.62%  50.7 1000s
 850444 286163 399976.372  132  333 410771.885 391825.661  4.61%  50.8 1005s
 853207 287646     cutoff  133      410771.885 391856.794  4.60%  50.8 1010s
 858101 289075 410377.025  103  279 410771.885 391889.351  4.60%  50.8 1016s
 861157 290397     cutoff  131      410771.885 391928.427  4.59%  50.8 1022s
 865948 291386 403577.050  133  331 410771.885 391952.966  4.58%  50.9 1026s
 870762 292966 401130.389   87  325 410771.885 392005.458  4.57%  50.9 1031s
 875548 294305 407240.061  149  204 410771.885 392039.517  4.56%  50.9 1036s
 880353 295855 406433.511  133  217 410771.885 392072.304  4.55%  50.9 1041s
 884278 296493 infeasible  101      410771.885 392097.619  4.55%  50.9 1045s
 887921 297885 403711.604  134  231 410771.885 392128.617  4.54%  51.0 1051s
 890950 298807 407532.938  147  220 410771.885 392163.564  4.53%  51.0 1055s
 896289 300298 399859.499  109  334 410771.885 392204.061  4.52%  51.0 1061s
 900861 301641 397826.453  116  351 410771.885 392241.556  4.51%  51.0 1066s
 903313 303182     cutoff  132      410771.885 392254.931  4.51%  51.0 1076s
 908695 303364 402882.850  145  226 410771.885 392294.540  4.50%  51.1 1082s
 909404 304397 408604.978  120  232 410771.885 392298.706  4.50%  51.1 1086s
 915665 305859 404698.493  102  225 410771.885 392354.467  4.48%  51.1 1091s
 919084 306951     cutoff  103      410771.885 392384.205  4.48%  51.1 1096s
 924002 307758 404510.702  119  265 410771.885 392419.266  4.47%  51.1 1100s
 929328 309150 403145.270  129  326 410771.885 392455.764  4.46%  51.1 1106s
 930027 309470 407289.361  150  207 410771.885 392463.871  4.46%  51.2 1110s
 934119 311227 401977.735  101  318 410771.885 392498.374  4.45%  51.2 1116s
 939029 312445     cutoff  104      410771.885 392535.380  4.44%  51.2 1121s
 943025 313244 408638.297  134  194 410771.885 392556.218  4.43%  51.2 1125s
 947795 314539     cutoff  112      410771.885 392598.257  4.42%  51.3 1130s
 952285 315913 408766.997  127  364 410771.885 392628.192  4.42%  51.3 1136s
 955291 317176 408020.934  148  303 410771.885 392641.773  4.41%  51.3 1140s
 959919 318449 399507.035  126  329 410771.885 392683.528  4.40%  51.3 1145s
 964852 319689 407761.599  134  337 410771.885 392720.605  4.39%  51.4 1150s
 968564 321723     cutoff  142      410771.885 392745.403  4.39%  51.4 1158s
 973018 321835 409480.639  105  357 410771.885 392775.909  4.38%  51.4 1160s
 976188 322636 409440.996  109  340 410771.885 392804.140  4.37%  51.4 1165s
 980791 324530 401611.200  121  252 410771.885 392837.452  4.37%  51.4 1170s
 985182 326031     cutoff  159      410771.885 392869.552  4.36%  51.4 1175s
 989853 328087 395779.734   53  425 410771.885 392905.059  4.35%  51.5 1183s
 993732 328220 410097.970  111  306 410771.885 392924.446  4.34%  51.5 1185s
 998833 329598     cutoff  181      410771.885 392958.371  4.34%  51.5 1190s
 1002902 330771 408765.034  218   63 410771.885 392985.520  4.33%  51.5 1196s
 1007082 332194 403943.006  105  270 410771.885 393016.298  4.32%  51.6 1201s
 1010897 332801     cutoff  125      410771.885 393053.324  4.31%  51.6 1205s
 1015398 333985     cutoff  131      410771.885 393080.781  4.31%  51.6 1212s
 1016227 333989 408943.643  143  195 410771.885 393088.571  4.30%  51.7 1217s
 1016661 334301 405967.212  128  238 410771.885 393088.571  4.30%  51.7 1222s
 1020347 335485     cutoff  213      410771.885 393114.384  4.30%  51.7 1226s
 1023113 336581 394972.683  192  114 410771.885 393134.735  4.29%  51.7 1231s
 1027901 337679 398650.166  117  280 410771.885 393168.024  4.29%  51.7 1235s
 1033513 339143 405920.171  130  301 410771.885 393204.240  4.28%  51.8 1241s
 1036214 339672 401780.284  136  231 410771.885 393222.536  4.27%  51.8 1245s
 1041264 340736 409318.006  111  366 410771.885 393259.161  4.26%  51.8 1250s
 1044575 342129 406688.823  111  264 410771.885 393282.671  4.26%  51.9 1255s
 1049946 343811 401329.694  205  252 410771.885 393318.567  4.25%  51.9 1261s
 1054318 344710 infeasible   94      410771.885 393345.963  4.24%  51.9 1265s
 1058825 345945 399788.137  151  146 410771.885 393379.726  4.23%  51.9 1270s
 1064321 347603     cutoff  157      410771.885 393410.981  4.23%  51.9 1276s
 1066704 348412 409427.986  106  202 410771.885 393422.745  4.22%  51.9 1280s
 1071749 349900 400716.682  113  242 410771.885 393460.876  4.21%  52.0 1285s
 1076232 350700 409526.502  133  211 410771.885 393487.014  4.21%  52.0 1290s
 1080583 351787 399148.465  127  319 410771.885 393515.367  4.20%  52.1 1296s
 1083761 352838 404110.144  102  228 410771.885 393534.514  4.20%  52.1 1300s
 1087833 354072 infeasible  150      410771.885 393558.189  4.19%  52.1 1306s
 1092874 355137 403490.923  120  342 410771.885 393590.332  4.18%  52.1 1311s
 1095845 356366 408367.849  139  200 410771.885 393614.089  4.18%  52.1 1315s
 1098755 357668 406800.675  131  367 410771.885 393631.225  4.17%  52.2 1321s
 1103167 358503 397624.199   57  422 410771.885 393648.892  4.17%  52.2 1325s
 1108309 359869 398945.985  140  315 410771.885 393692.023  4.16%  52.2 1330s
 1113421 361347     cutoff  113      410771.885 393722.483  4.15%  52.2 1335s
 1118089 362500 406424.801  117  236 410771.885 393753.667  4.14%  52.3 1341s
 1122334 363354 398057.191  135  274 410771.885 393779.139  4.14%  52.3 1345s
 1125957 364454 402074.796  117  243 410771.885 393801.498  4.13%  52.3 1350s
 1130171 365891 409715.707  132  335 410771.885 393828.659  4.12%  52.3 1356s
 1135515 367046 395668.753   93  358 410771.885 393860.615  4.12%  52.4 1361s
 1138679 367914     cutoff  211      410771.885 393879.593  4.11%  52.4 1365s
 1143737 369200 401001.934  114  336 410771.885 393908.160  4.11%  52.4 1370s
 1148028 370412 405331.757  123  227 410771.885 393936.068  4.10%  52.4 1375s
 1152275 371543 402817.645  152  159 410771.885 393962.580  4.09%  52.5 1380s
 1155947 372726 infeasible  193      410771.885 393985.007  4.09%  52.5 1386s
 1160599 374003 407188.897  139  332 410771.885 394007.209  4.08%  52.5 1391s
 1165208 375382 406143.023  151  226 410771.885 394035.529  4.07%  52.6 1397s
 1169256 376153 397224.041  100  341 410771.885 394050.835  4.07%  52.6 1400s
 1173818 377538 400624.328  177  120 410771.885 394079.095  4.06%  52.6 1406s
 1178219 378560 409487.942  118  299 410771.885 394106.850  4.06%  52.7 1411s
 1179310 379089 395715.889  128  285 410771.885 394112.402  4.06%  52.7 1415s
 1184195 380138 402520.638   95  399 410771.885 394137.373  4.05%  52.7 1420s
 1186664 381061     cutoff  119      410771.885 394150.721  4.05%  52.8 1425s
 1191839 382217 408459.318  115  331 410771.885 394180.244  4.04%  52.8 1431s
 1194967 383037 399768.865  113  336 410771.885 394201.965  4.03%  52.8 1435s
 1200037 384417 403470.714  106  279 410771.885 394229.285  4.03%  52.9 1440s
 1204775 385659 405340.215  169  133 410771.885 394251.716  4.02%  52.9 1446s
 1209406 386709 407616.298  155  128 410771.885 394277.525  4.02%  52.9 1451s
 1213935 387629     cutoff  129      410771.885 394300.442  4.01%  52.9 1456s
 1217182 388361 410288.009  123  203 410771.885 394316.492  4.01%  53.0 1460s
 1220703 389860 402498.963   84  347 410771.885 394336.136  4.00%  53.0 1465s
 1225980 391259 400617.865   81  389 410771.885 394367.784  3.99%  53.0 1471s
 1230873 392516     cutoff  128      410771.885 394392.722  3.99%  53.0 1476s
 1235396 393491 409921.166  152  313 410771.885 394422.421  3.98%  53.1 1481s
 1239745 394807 409697.508  218  127 410771.885 394451.273  3.97%  53.1 1487s
 1242697 395521 infeasible  116      410771.885 394467.223  3.97%  53.1 1490s
 1247833 396491 408796.511   98  355 410771.885 394492.355  3.96%  53.2 1497s
 1248637 397586 409782.149  107  228 410771.885 394495.724  3.96%  53.2 1500s
 1255680 398609 408834.221   98  373 410771.885 394540.541  3.95%  53.2 1506s
 1258328 399807     cutoff   77      410771.885 394553.441  3.95%  53.2 1510s
 1263487 401283 407259.539  134  210 410771.885 394577.484  3.94%  53.2 1515s
 1268451 402602 410068.986  128  300 410771.885 394605.764  3.94%  53.3 1520s
 1273867 403928 408019.625  124  242 410771.885 394639.095  3.93%  53.3 1525s
 1280197 405507 409110.036  156  199 410771.885 394672.247  3.92%  53.3 1531s
 1285116 406878 405004.157  114  337 410771.885 394697.892  3.91%  53.4 1535s
 1288068 407559 406183.040  112  293 410771.885 394710.035  3.91%  53.4 1540s
 1294815 409424 403871.543  105  372 410771.885 394746.037  3.90%  53.4 1546s
 1300015 410553 403233.094  102  249 410771.885 394770.059  3.90%  53.4 1550s
 1306465 412026 407547.874  100  325 410771.885 394805.044  3.89%  53.5 1555s
 1311911 413968 402371.228  117  225 410771.885 394837.241  3.88%  53.5 1562s
 1316366 414981 398581.187  150  242 410771.885 394855.996  3.87%  53.5 1566s
 1321868 416430 407840.974  125  276 410771.885 394887.615  3.87%  53.6 1570s
 1326860 417715 406663.266  144  206 410771.885 394913.271  3.86%  53.6 1575s
 1331397 418904 409274.788  107  242 410771.885 394931.817  3.86%  53.6 1580s
 1336185 420182 403266.976   84  320 410771.885 394950.789  3.85%  53.6 1585s
 1341132 421161 infeasible  156      410771.885 394977.911  3.84%  53.7 1590s
 1345722 422272 395944.252   83  359 410771.885 394999.525  3.84%  53.7 1595s
 1349337 423443 402586.164  114  256 410771.885 395023.388  3.83%  53.7 1600s
 1354334 424768 406014.405  113  253 410771.885 395047.743  3.83%  53.7 1605s
 1360442 426435 404764.899  121  185 410771.885 395076.130  3.82%  53.7 1610s
 1367047 427646 395453.564  145  199 410771.885 395101.765  3.81%  53.8 1615s
 1372410 429427 407477.071  137  316 410771.885 395128.917  3.81%  53.8 1620s
 1377233 430768 410080.074  108  345 410771.885 395150.485  3.80%  53.8 1625s
 1382367 431998 406247.286  123  211 410771.885 395170.928  3.80%  53.8 1630s
 1388630 433657 404569.945  146  244 410771.885 395198.067  3.79%  53.9 1635s
 1395738 435519 402170.929  131  343 410771.885 395233.759  3.78%  53.9 1641s
 1400126 436778 403370.885  122  265 410771.885 395251.499  3.78%  53.9 1645s
 1407461 438500     cutoff  124      410771.885 395284.225  3.77%  53.9 1651s
 1413959 439816 402474.371  106  285 410771.885 395311.952  3.76%  54.0 1656s
 1417915 440958     cutoff  122      410771.885 395328.495  3.76%  54.0 1661s
 1423516 442735 397227.099   84  373 410771.885 395353.799  3.75%  54.1 1666s
 1429001 444082 403500.255  100  270 410771.885 395374.046  3.75%  54.1 1670s
 1434721 445192 397988.437  122  261 410771.885 395402.640  3.74%  54.1 1676s
 1439062 446538 410001.043   99  292 410771.885 395427.147  3.74%  54.1 1681s
 1444062 447989 404218.431  117  218 410771.885 395448.050  3.73%  54.2 1685s
 1450531 449365 407876.012  103  267 410771.885 395469.591  3.73%  54.2 1691s
 1455078 450496 397591.507  110  314 410771.885 395494.389  3.72%  54.2 1695s
 1459593 451689 404100.844  132  207 410771.885 395516.829  3.71%  54.2 1700s
 1462089 452421 409989.508  119  333 410771.885 395527.389  3.71%  54.2 1706s
 1467090 453914 infeasible  135      410771.885 395549.538  3.71%  54.3 1711s
 1472088 454753 409971.518  120  248 410771.885 395569.524  3.70%  54.3 1715s
 1476702 456200 408272.844  118  339 410771.885 395593.817  3.70%  54.3 1721s
 1481057 456837     cutoff  118      410771.885 395611.497  3.69%  54.3 1725s
 1486362 458142 406991.079  106  257 410771.885 395632.362  3.69%  54.3 1730s
 1489777 459363 402787.817   92  379 410771.885 395648.490  3.68%  54.4 1735s
 1494180 460595     cutoff  119      410771.885 395669.796  3.68%  54.4 1740s
 1499406 461848 401639.386   96  280 410771.885 395690.619  3.67%  54.4 1745s
 1504173 462529 405946.837  136  328 410771.885 395707.269  3.67%  54.4 1750s
 1507086 463625 400961.816  119  328 410771.885 395717.595  3.66%  54.4 1756s
 1511803 464562 403852.685  130  230 410771.885 395739.662  3.66%  54.4 1760s
 1516750 465895 408343.158  148  221 410771.885 395757.192  3.66%  54.4 1765s
 1521748 467325 405092.679   97  227 410771.885 395781.283  3.65%  54.5 1771s
 1524777 468258 infeasible  135      410771.885 395792.126  3.65%  54.5 1775s
 1529754 469559 407095.576  116  189 410771.885 395815.171  3.64%  54.5 1781s
 1534755 470422 404545.373  120  257 410771.885 395837.941  3.64%  54.5 1786s
 1537424 471199 402103.859  199   78 410771.885 395846.908  3.63%  54.5 1790s
 1540764 471887 396832.844   62  389 410771.885 395861.346  3.63%  54.6 1795s
 1544337 472818 407966.741  143  308 410771.885 395874.229  3.63%  54.6 1800s

Cutting planes:
  Gomory: 98
  Implied bound: 885
  Projected implied bound: 170
  MIR: 529
  Mixing: 49
  Flow cover: 1857
  RLT: 75
  Relax-and-lift: 146

Explored 1544610 nodes (84302636 simplex iterations) in 1800.02 seconds (1754.27 work units)
Thread count was 16 (of 40 available processors)

Solution count 10: 410772 410892 411506 ... 436654

Time limit reached
Best objective 4.107718847670e+05, best bound 3.958742291922e+05, gap 3.6267%

User-callback calls 3386623, time in user-callback 0.34 sec
[NUM-KAPPA] kappa_solver=11769856 kappa_exact=-1 is_mip=1
[NUM-EFIC] work=1754 root_gap=0 root_time=3
[pipeline] Tiempo de resolucion: 1800.101619 s
[SOLVE] tiempo_solver_s=1800.101634282000077 status=TIME_LIMIT gap=3.626746651163566 obj=410771.884766950737685 best_bound=395874.229192243888974 nodos=1544610.000000000000000 iter=84302636.000000000000000 primal_integral=0.064609303437146
[VERIF ORIGINAL] etapa=solver_desescalado max_le=5.7220458984375e-06 (a1_activacion_4(150)) max_ge=0 () max_eq=3.57627868652344e-07 (a1_balance(67)) max_lb=0 () max_ub=0 () max_int=0 () avg_viol=3.75295382859255e-09 p95_viol=1.9422685682002e-12 p99_viol=7.67596065998061e-08 max_viol_rel=1.67865721323324e-11 max_viol_relact=1.74751695604419e-13 viol_le_count=4 viol_ge_count=0 viol_eq_count=0 viol_lb_count=0 viol_ub_count=0 viol_int_count=0 missing_values=0 obj_original_recalc=410771.88476695
[32m[success] Resultados guardados correctamente en /clusteruy/home/mathiasr/generator-aware-row-scaling/results-revision/final-variants/gurobi_sgtm_01pct/resultados/instance077_matricial_plano.csv[0m
[32m[success] Archivo CSV generado correctamente[0m

[POST DEBUG] ===== INICIO POSTPROCESAMIENTO GLOBAL =====

[SG POST] ===== Diagnóstico SaltoGrande =====
[SG POST] periodos = 360
[SG POST] periodosPotenciaRealMayorMIP = 262
[SG POST] periodosPotenciaRealMenorMIP = 95
[SG POST] periodosConWhile = 262
[SG POST] cantidadWhile = 1629852
[SG POST] periodosConErrorFinal = 95
[SG POST] sumaGMip = 299556.738401887
[SG POST] sumaGRealInicial = 301752.741409534
[SG POST] sumaGRealFinal = 298231.564618785
[SG POST] sumaDeltaGInicial = 2196.00300764759
[SG POST] sumaDeltaGFinal = -1325.17378310226
[SG POST] maxAbsDeltaGInicial = 46.2777113052073
[SG POST] maxAbsDeltaGFinal = 37.5631700098761
[SG POST] sumaDeltaX = -16298.5200003558
[SG POST] sumaDeltaY = 16298.5199999997
[SG POST] ===================================

[POST DEBUG] --- DESPUÉS DE AGENTES ---
[POST DEBUG] Agentes | g1 antes=299556.738401887 despues=299556.738401887 delta=0
[POST DEBUG] Agentes | g2 antes=24577.1307990566 despues=24577.1307990566 delta=0
[POST DEBUG] Agentes | g antes=174355.5 despues=174355.5 delta=0
[POST DEBUG] Agentes | costoFalla antes=0 despues=0 delta=0
[POST DEBUG] --- DESPUÉS DE DESPACHO ---
[POST DEBUG] Despacho | g1 antes=299556.738401887 despues=299556.738401887 delta=0
[POST DEBUG] Despacho | g2 antes=24577.1307990566 despues=24577.1307990566 delta=0
[POST DEBUG] Despacho | g antes=174355.5 despues=174355.5 delta=0
[POST DEBUG] Despacho | costoFalla antes=0 despues=0 delta=0
[POST DEBUG] --- TOTAL ANTES VS FINAL ---
[POST DEBUG] Final | g1 antes=299556.738401887 despues=299556.738401887 delta=0
[POST DEBUG] Final | g2 antes=24577.1307990566 despues=24577.1307990566 delta=0
[POST DEBUG] Final | g antes=174355.5 despues=174355.5 delta=0
[POST DEBUG] Final | costoFalla antes=0 despues=0 delta=0
[POST DEBUG] valorFOOriginal = 410771.884766951
[POST DEBUG] valorFOPostProcesado = 410771.88476695
[POST DEBUG] deltaFO = -4.65661287307739e-10
[POST DEBUG] ===== FIN POSTPROCESAMIENTO GLOBAL =====

[32m[success] Post-procesamiento completado. Nuevo valor F.O.: 410771.884766950272024[0m
[VERIF ORIGINAL] etapa=postprocesado max_le=27.9552876561703 (a1_salto_grande_tangente_4(67)) max_ge=0 () max_eq=1.76876783370972e-05 (a1_balance(67)) max_lb=0 () max_ub=0 () max_int=0 () avg_viol=0.444406861904257 p95_viol=1.35892474469263 p99_viol=11.1491111235367 max_viol_rel=5.13069770382648 max_viol_relact=0.0151574223067654 viol_le_count=1422 viol_ge_count=0 viol_eq_count=252 viol_lb_count=0 viol_ub_count=0 viol_int_count=0 missing_values=0 obj_original_recalc=410771.88476695
[32m[success] Resultados guardados correctamente en /clusteruy/home/mathiasr/generator-aware-row-scaling/results-revision/final-variants/gurobi_sgtm_01pct/resultados/instance077_matricial_plano_postprocesado.csv[0m
> [32m[success] Saliendo del programa...[0m
[32m[success] SystemController destruido[0m
