[32m[success] SystemController creado[0m
> [32m[success] El programa se ha iniciado correctamente[0m
> > [34m[info] Agregando agente Salto Grande[0m
[34m[info] Ingrese costo de agua de Salto Grande:[0m
[34m[info] Ingrese volumen inicial de Salto Grande:[0m
[34m[info] Ingrese aportes de Salto Grande en una sola línea (360 valores):[0m
[info] SaltoGrande: activación de tramos de altura horaria
[32m[success] Se ha creado el agente 'Salto Grande' exitosamente[0m
> > [34m[info] Agregando agente Unidad Térmica Simple[0m
[34m[info] Ingrese potencia máxima de la unidad térmica simple:[0m
[34m[info] Ingrese costo variable de la unidad térmica simple:[0m
[32m[success] Se ha creado el agente 'Unidad Térmica Simple' exitosamente[0m
> > [34m[info] Agregando agente Demanda Fija[0m
[34m[info] Ingrese demandas en una sola línea (360 valores):[0m
[32m[success] Se ha creado el agente 'Demanda Fija' exitosamente[0m
> > [34m[info] Creando despacho de mercado[0m
[34m[info] Modo: despacho de mercado con demanda total explícita[0m
[34m[info] Ingrese cantidad de tramos del despacho de mercado:[0m
[34m[info] Ingrese porcentajes acumulados de los tramos en una sola línea (4 valores):[0m
[34m[info] Ingrese costos marginales de los tramos en una sola línea (4 valores):[0m
[34m[info] Ingrese demanda total en una sola línea (360 valores):[0m
[32m[success] Se ha creado el despacho de mercado exitosamente[0m
> > Set parameter WLSAccessID
Set parameter WLSSecret
Set parameter LicenseID to value 2849920
Academic license 2849920 - for non-commercial use only - registered to ma___@fing.edu.uy
[32m[success] Solver 'Gurobi' configurado | timeout=1800s | mipgap=0.001[0m
> [DEBUG Despacho] j=0 idGen=1 coefParticipacionDespacho=0.5
[DEBUG Despacho] j=1 idGen=2 coefParticipacionDespacho=1

[DEBUG Despacho] Cantidad de generadores = 2
[DEBUG Despacho] j=0 puntero=0x2178300 idGen=1 coefParticipacionDespacho=0.5
[DEBUG Despacho] j=1 puntero=0x2178510 idGen=2 coefParticipacionDespacho=1
[PREPROC PHASES] metadata_s=0.005752266 diagnostico_s=0.0012188 aplicacion_s=0.001774051

------------------------------------------------------------
  PREPROCESAMIENTO MIP - Diagnostico Numerico
------------------------------------------------------------
Rango de coeficientes (toda la matriz):
  max |coef| = 3.375e+07
  min |coef| = 1.123e-05
  proxy rango= 3.005e+12

Diagnostico por bloque:
Bloque              max|coef|      min|coef|      kappa_aprox   vars    alpha     beta      cols      disc_omit aux_omit  escalado
------------------------------------------------------------------------------------------------------------------------------
a1_                 3.375e+07      1.123e-05      3.01e+12      5040    1.33e-01  1.00e+00  0         0         0         SI  (filas=6480, alpha_min=1.12e-05, alpha_max=4.21e+01)
a2_                 sin filas      sin filas      N/A           360     1.00e+00  1.00e+00  0         0         0         no  (sin filas locales; aporta g2 al despacho)

Restriccion(es) global(es): 2160 fila(s)
  acoplamiento balance = 360 fila(s)
  global no acoplante  = 1800 fila(s)
  rho aprox (solo acoplamiento) = 1.000e+00
  gamma acoplamiento   = 1.000000
  gamma candidato      = 1.000000
  filas acop. escaladas= no
  filas normaliz. fisica= 0
  motivo gamma=1       = rho bajo; no se escala la fila de acoplamiento

ADVERTENCIAS:
  [!] Rango de coeficientes elevado (3005012082467). Riesgo de sensibilidad numerica.
  [!] Bloque 'a1_' internamente mal escalado (kappa~3005012082467). Conviene comparar equilibrado interno por filas/columnas.
------------------------------------------------------------

------------------------------------------------------------
  COMPARACION NUMERICA ANTES / DESPUES
------------------------------------------------------------
Indicador                   antes           despues         despues/antes
----------------------------------------------------------------------------
rango global                1.406e+13       3.005e+12       2.137e-01
rho acoplamiento            1.000e+00       1.000e+00       1.000e+00
gamma aplicado              1.000000        1.000000        1.000000

Bloques locales:
Bloque              kappa antes     kappa despues   alpha       beta        filas       cols        disc_omit   aux_omit    escalado
------------------------------------------------------------------------------------------------------------------------------------
a1_                 1.406e+13       3.005e+12       1.329e-01   1.000e+00   6480        0           0           0           SI
a2_                 N/A             N/A             1.000e+00   1.000e+00   0           0           0           0           no

Interpretacion: valores despues/antes menores que 1 indican mejora del proxy.
rho se calcula solo con filas de acoplamiento; las cotas de demanda sobre g quedan fuera.
El escalamiento local activo fue estructurado: alpha_r interno y beta_i entre bloques.
------------------------------------------------------------

[PREPROC TIME] variante=role_hybrid tiempo_s=0.012287585 u=2 K=4 epsMin=1e-09 epsMax=1000000000
[32m[success] Preprocesamiento aplicado.[0m
> [MODELO] rows=10080 cols=6120 nnz=22679
[pipeline] Preprocesamiento seleccionado: Ninguno
[pipeline] Modelo interno sin modificaciones de preprocesamiento.
[pipeline] Estrategia de resolucion seleccionada: Monolitica
[pipeline] Resolviendo monoliticamente.
Set parameter TimeLimit to value 1800
Set parameter MIPGap to value 0.001
Set parameter Seed to value 42
Set parameter Threads to value 16
Gurobi Optimizer version 13.0.1 build v13.0.1rc0 (linux64 - "Debian GNU/Linux 12 (bookworm)")

CPU model: Intel(R) Xeon(R) Gold 6138 CPU @ 2.00GHz, instruction set [SSE2|AVX|AVX2|AVX512]
Thread count: 40 physical cores, 40 logical processors, using up to 16 threads

Non-default parameters:
TimeLimit  1800
MIPGap  0.001
Seed  42
Threads  16

Academic license 2849920 - for non-commercial use only - registered to ma___@fing.edu.uy
Optimize a model with 10080 rows, 6120 columns and 22679 nonzeros (Min)
Model fingerprint: 0x1e9b00f0
Model has 721 linear objective coefficients
Variable types: 4680 continuous, 1440 integer (1440 binary)
Coefficient statistics:
  Matrix range     [1e-05, 9e+04]
  Objective range  [4e-04, 1e+02]
  Bounds range     [1e+00, 4e+09]
  RHS range        [9e+01, 3e+07]
Warning: Model contains large bounds
         Consider reformulating model or setting NumericFocus parameter
         to avoid numerical issues.

Found heuristic solution: objective 1.281304e+09
Presolve removed 862 rows and 401 columns
Presolve time: 0.09s
Presolved: 9218 rows, 5719 columns, 21889 nonzeros
Found heuristic solution: objective 1.279301e+09
Variable types: 4296 continuous, 1423 integer (1423 binary)

Root relaxation: objective 9.198400e+06, 7403 iterations, 0.12 seconds (0.15 work units)

    Nodes    |    Current Node    |     Objective Bounds      |     Work
 Expl Unexpl |  Obj  Depth IntInf | Incumbent    BestBd   Gap | It/Node Time

     0     0 9198399.84    0 1409 1.2793e+09 9198399.84  99.3%     -    0s
     0     0 9198553.13    0 1409 1.2793e+09 9198553.13  99.3%     -    0s
H    0     0                    7.060018e+07 9198553.13  87.0%     -    0s
     0     0 9572046.79    0 1398 7.0600e+07 9572046.79  86.4%     -    0s
     0     0 9702903.62    0 1399 7.0600e+07 9702903.62  86.3%     -    1s
H    0     0                    7.059175e+07 9702903.62  86.3%     -    1s
     0     0 9745505.04    0 1396 7.0592e+07 9745505.04  86.2%     -    1s
H    0     0                    7.053470e+07 9745505.04  86.2%     -    1s
     0     0 9769537.48    0 1396 7.0535e+07 9769537.48  86.1%     -    1s
H    0     0                    6.906072e+07 9769537.48  85.9%     -    1s
H    0     2                    6.903658e+07 9769537.48  85.8%     -    1s
     0     2 9769537.48    0 1396 6.9037e+07 9769537.48  85.8%     -    1s
H    3     8                    6.883015e+07 9769537.48  85.8%   732    2s
H    7    16                    6.863584e+07 1.0287e+07  85.0%   680    2s
H    8    16                    6.857217e+07 1.0341e+07  84.9%   600    2s
H    9    16                    6.855778e+07 1.0341e+07  84.9%   537    2s
H  185   196                    6.846002e+07 1.0468e+07  84.7%   255    4s
H  190   196                    6.845832e+07 1.0468e+07  84.7%   249    4s
   459   455 1.1330e+07   36 1075 6.8458e+07 1.0468e+07  84.7%   155    5s
H  711   689                    5.284778e+07 1.0468e+07  80.2%   125    5s
H  797   691                    5.246170e+07 1.0494e+07  80.0%   134    6s
H  798   691                    5.212471e+07 1.0494e+07  79.9%   133    6s
H  805   691                    5.210911e+07 1.0494e+07  79.9%   132    6s
H 1432   926                    5.206177e+07 1.0494e+07  79.8%   114    8s
H 1665  1149                    5.163218e+07 1.0494e+07  79.7%   112    8s
H 1666  1145                    5.149859e+07 1.0494e+07  79.6%   112    8s
H 1670  1144                    5.143672e+07 1.0494e+07  79.6%   111    8s
H 1674  1143                    5.136698e+07 1.0494e+07  79.6%   111    8s
H 1680  1143                    5.135950e+07 1.0494e+07  79.6%   111    8s
H 1693  1138                    5.084998e+07 1.0494e+07  79.4%   111    8s
H 2369  1777                    4.997890e+07 1.0634e+07  78.7%   102    9s
  2506  1983 1.1906e+07  134  775 4.9979e+07 1.0634e+07  78.7%   100   10s
  3069  2243 2.9220e+07   24 1388 4.9979e+07 1.0634e+07  78.7%  91.2   15s
H 3069  2130                    4.992003e+07 1.0634e+07  78.7%  91.2   15s
H 3189  2118                    4.961622e+07 1.0634e+07  78.6%  97.6   19s
H 3190  2017                    4.951140e+07 1.0634e+07  78.5%  97.6   19s
H 3192  1919                    4.942340e+07 1.0634e+07  78.5%  97.5   19s
H 3193  1828                    4.925680e+07 1.0634e+07  78.4%  97.5   19s
  3391  1958 1.0634e+07   21 1310 4.9257e+07 1.0634e+07  78.4%  98.1   20s
H 3516  1925                    4.902265e+07 1.0634e+07  78.3%   104   21s
H 3522  1841                    4.902099e+07 1.0634e+07  78.3%   104   21s
H 3693  1910                    4.866279e+07 1.0634e+07  78.1%   109   22s
H 3746  1857                    4.831643e+07 1.0634e+07  78.0%   109   23s
H 3749  1785                    4.817555e+07 1.0634e+07  77.9%   109   23s
H 3763  1714                    4.816531e+07 1.0634e+07  77.9%   109   23s
H 3778  1645                    4.809446e+07 1.0634e+07  77.9%   109   23s
H 4098  1794                    4.789116e+07 1.0634e+07  77.8%   106   24s
H 4100  1734                    4.774259e+07 1.0634e+07  77.7%   106   24s
H 4257  1780                    4.756366e+07 1.0634e+07  77.6%   105   24s
H 4267  1724                    4.756000e+07 1.0634e+07  77.6%   106   24s
  4271  1859 1.1037e+07   37 1144 4.7560e+07 1.0634e+07  77.6%   106   25s
H 4570  1858                    4.737416e+07 1.0634e+07  77.6%   105   25s
H 4577  1808                    4.733681e+07 1.0634e+07  77.5%   105   25s
H 5018  1991                    4.704122e+07 1.0634e+07  77.4%   109   26s
H 5025  1947                    4.699712e+07 1.0634e+07  77.4%   109   26s
H 5030  1904                    4.698840e+07 1.0634e+07  77.4%   109   26s
H 5032  1866                    4.697870e+07 1.0634e+07  77.4%   109   26s
H 6051  2819                    4.686691e+07 1.0634e+07  77.3%   106   28s
H 6069  2819                    4.685041e+07 1.0634e+07  77.3%   107   28s
H 6153  2819                    4.683521e+07 1.0634e+07  77.3%   106   28s
H 6837  3385                    4.324319e+07 1.0634e+07  75.4%   103   29s
H 6861  2970                    3.723219e+07 1.0634e+07  71.4%   103   29s
  7263  3432 1.1356e+07   59 1021 3.7232e+07 1.0634e+07  71.4%   102   30s
H 7338  2769                    3.431823e+07 1.0634e+07  69.0%   102   30s
* 7634  1142             543    2.624912e+07 1.0634e+07  59.5%   102   30s
  9209  1240 1.1588e+07   77  994 2.6249e+07 1.1588e+07  55.9%   120   35s
H 9220  1226                    2.621155e+07 1.1627e+07  55.6%   120   35s
H10854  2274                    2.610645e+07 1.1688e+07  55.2%   117   36s
H10855  2232                    2.604710e+07 1.1690e+07  55.1%   117   36s
*11242  1233             541    2.121893e+07 1.1694e+07  44.9%   119   37s
*13316  1504             510    2.020232e+07 1.1800e+07  41.6%   124   39s
 13386  1424 1.2025e+07  165  773 2.0202e+07 1.1800e+07  41.6%   124   40s
*14051  1650             533    1.994229e+07 1.1999e+07  39.8%   125   40s
*14446  1885             506    1.974186e+07 1.2003e+07  39.2%   126   41s
*14685  1712             528    1.948061e+07 1.2012e+07  38.3%   126   41s
*15002  1470             471    1.936826e+07 1.2032e+07  37.9%   128   41s
*15155  1061             467    1.900697e+07 1.2071e+07  36.5%   131   42s
*15156  1048             467    1.899317e+07 1.2071e+07  36.4%   131   42s
*16340  1318             492    1.698179e+07 1.2176e+07  28.3%   137   43s
*16342  1318             493    1.692136e+07 1.2176e+07  28.0%   137   43s
*16925  1148             480    1.688035e+07 1.2207e+07  27.7%   141   44s
*17315  1194             463    1.554216e+07 1.2207e+07  21.5%   142   44s
 17669   689 1.2278e+07  304  231 1.5542e+07 1.2207e+07  21.5%   143   45s
*18833   300             450    1.511318e+07 1.2289e+07  18.7%   148   47s
*19264   420             455    1.470899e+07 1.2303e+07  16.4%   151   47s
*19266   420             456    1.429976e+07 1.2303e+07  14.0%   151   47s
*19715   544             449    1.392379e+07 1.2303e+07  11.6%   156   48s
*19717   544             450    1.327312e+07 1.2303e+07  7.31%   156   48s
*20243    69             437    1.297383e+07 1.2390e+07  4.50%   159   48s
H20785    28                    1.244218e+07 1.2397e+07  0.36%   158   49s

Cutting planes:
  Implied bound: 784
  Projected implied bound: 11
  MIR: 473
  Flow cover: 309
  RLT: 310
  Relax-and-lift: 37
  PSD: 1

Explored 20905 nodes (3357179 simplex iterations) in 49.39 seconds (71.85 work units)
Thread count was 16 (of 40 available processors)

Solution count 10: 1.24422e+07 1.29738e+07 1.32731e+07 ... 1.69214e+07

Optimal solution found (tolerance 1.00e-03)
Best objective 1.244218024452e+07, best bound 1.244218024452e+07, gap 0.0000%

User-callback calls 51379, time in user-callback 0.00 sec
[NUM-KAPPA] kappa_solver=10766576 kappa_exact=-1 is_mip=1
[NUM-EFIC] work=72 root_gap=1 root_time=2
[pipeline] Tiempo de resolucion: 49.430054 s
[SOLVE] tiempo_solver_s=49.430066853000000 status=OPTIMAL gap=0.000000000000030 obj=12442180.244524363428354 best_bound=12442180.244524359703064 nodos=20905.000000000000000 iter=3357179.000000000000000 primal_integral=0.642445897960095
[VERIF ORIGINAL] etapa=solver_desescalado max_le=7.95807864051312e-13 (a1_salto_grande_tangente_3(197)) max_ge=5.12227416038513e-09 (falla_tramo(41,3)) max_eq=1.66893005371094e-06 (a1_balance(11)) max_lb=0 () max_ub=5.16592990607023e-10 (a1_x4h(41)) max_int=0 () avg_viol=1.82790102983286e-09 p95_viol=5.6843418860808e-14 p99_viol=2.98023223876953e-08 max_viol_rel=2.34763319895137e-11 max_viol_relact=1.30053727140567e-14 viol_le_count=0 viol_ge_count=0 viol_eq_count=1 viol_lb_count=0 viol_ub_count=0 viol_int_count=0 missing_values=0 obj_original_recalc=12442180.2445243
[32m[success] Resultados guardados correctamente en /clusteruy/home/mathiasr/generator-aware-row-scaling/results-revision/final-variants/gurobi_sgtm_01pct/resultados/instance092_role_hybrid.csv[0m
[32m[success] Archivo CSV generado correctamente[0m

[POST DEBUG] ===== INICIO POSTPROCESAMIENTO GLOBAL =====

[SG POST] ===== Diagnóstico SaltoGrande =====
[SG POST] periodos = 360
[SG POST] periodosPotenciaRealMayorMIP = 201
[SG POST] periodosPotenciaRealMenorMIP = 158
[SG POST] periodosConWhile = 201
[SG POST] cantidadWhile = 2998162
[SG POST] periodosConErrorFinal = 158
[SG POST] sumaGMip = 562003.79204377
[SG POST] sumaGRealInicial = 554579.398391348
[SG POST] sumaGRealFinal = 548682.627135654
[SG POST] sumaDeltaGInicial = -7424.39365242336
[SG POST] sumaDeltaGFinal = -13321.1649081166
[SG POST] maxAbsDeltaGInicial = 177.470077469035
[SG POST] maxAbsDeltaGFinal = 177.470077469035
[SG POST] sumaDeltaX = -29981.6200006544
[SG POST] sumaDeltaY = 29981.619999997
[SG POST] ===================================

[POST DEBUG] --- DESPUÉS DE AGENTES ---
[POST DEBUG] Agentes | g1 antes=562003.79204377 despues=562003.79204377 delta=0
[POST DEBUG] Agentes | g2 antes=54726.7711180865 despues=54726.7711180865 delta=0
[POST DEBUG] Agentes | g antes=335728.667139972 despues=335728.667139972 delta=0
[POST DEBUG] Agentes | costoFalla antes=6969503.1327157 despues=6969503.1327157 delta=0
[POST DEBUG] --- DESPUÉS DE DESPACHO ---
[POST DEBUG] Despacho | g1 antes=562003.79204377 despues=562003.79204377 delta=0
[POST DEBUG] Despacho | g2 antes=54726.7711180865 despues=54726.7711180865 delta=0
[POST DEBUG] Despacho | g antes=335728.667139972 despues=335728.667139972 delta=0
[POST DEBUG] Despacho | costoFalla antes=6969503.1327157 despues=6969503.1327157 delta=0
[POST DEBUG] --- TOTAL ANTES VS FINAL ---
[POST DEBUG] Final | g1 antes=562003.79204377 despues=562003.79204377 delta=0
[POST DEBUG] Final | g2 antes=54726.7711180865 despues=54726.7711180865 delta=0
[POST DEBUG] Final | g antes=335728.667139972 despues=335728.667139972 delta=0
[POST DEBUG] Final | costoFalla antes=6969503.1327157 despues=6969503.1327157 delta=0
[POST DEBUG] valorFOOriginal = 12442180.2445244
[POST DEBUG] valorFOPostProcesado = 12442180.2445243
[POST DEBUG] deltaFO = -2.23517417907715e-08
[POST DEBUG] ===== FIN POSTPROCESAMIENTO GLOBAL =====

[32m[success] Post-procesamiento completado. Nuevo valor F.O.: 12442180.244524341076612[0m
[VERIF ORIGINAL] etapa=postprocesado max_le=43.5521348687307 (a1_salto_grande_tangente_4(7)) max_ge=5.12227416038513e-09 (falla_tramo(41,3)) max_eq=2.87517905235291e-05 (a1_balance(11)) max_lb=0 () max_ub=0 () max_int=0 () avg_viol=0.490102211707864 p95_viol=1.5963055193424e-05 p99_viol=15.374163617729 max_viol_rel=9.43725478185266 max_viol_relact=0.0217541302569025 viol_le_count=463 viol_ge_count=0 viol_eq_count=200 viol_lb_count=0 viol_ub_count=0 viol_int_count=0 missing_values=0 obj_original_recalc=12442180.2445243
[32m[success] Resultados guardados correctamente en /clusteruy/home/mathiasr/generator-aware-row-scaling/results-revision/final-variants/gurobi_sgtm_01pct/resultados/instance092_role_hybrid_postprocesado.csv[0m
> [32m[success] Saliendo del programa...[0m
[32m[success] SystemController destruido[0m
