[32m[success] SystemController creado[0m
> [32m[success] El programa se ha iniciado correctamente[0m
> > [34m[info] Agregando agente Salto Grande[0m
[34m[info] Ingrese costo de agua de Salto Grande:[0m
[34m[info] Ingrese volumen inicial de Salto Grande:[0m
[34m[info] Ingrese aportes de Salto Grande en una sola línea (360 valores):[0m
[info] SaltoGrande: activación de tramos de altura horaria
[32m[success] Se ha creado el agente 'Salto Grande' exitosamente[0m
> > [34m[info] Agregando agente Unidad Térmica Simple[0m
[34m[info] Ingrese potencia máxima de la unidad térmica simple:[0m
[34m[info] Ingrese costo variable de la unidad térmica simple:[0m
[32m[success] Se ha creado el agente 'Unidad Térmica Simple' exitosamente[0m
> > [34m[info] Agregando agente Demanda Fija[0m
[34m[info] Ingrese demandas en una sola línea (360 valores):[0m
[32m[success] Se ha creado el agente 'Demanda Fija' exitosamente[0m
> > [34m[info] Creando despacho de mercado[0m
[34m[info] Modo: despacho de mercado con demanda total explícita[0m
[34m[info] Ingrese cantidad de tramos del despacho de mercado:[0m
[34m[info] Ingrese porcentajes acumulados de los tramos en una sola línea (4 valores):[0m
[34m[info] Ingrese costos marginales de los tramos en una sola línea (4 valores):[0m
[34m[info] Ingrese demanda total en una sola línea (360 valores):[0m
[32m[success] Se ha creado el despacho de mercado exitosamente[0m
> > Set parameter WLSAccessID
Set parameter WLSSecret
Set parameter LicenseID to value 2849920
Academic license 2849920 - for non-commercial use only - registered to ma___@fing.edu.uy
[32m[success] Solver 'Gurobi' configurado | timeout=1800s | mipgap=0.001[0m
> [DEBUG Despacho] j=0 idGen=1 coefParticipacionDespacho=0.5
[DEBUG Despacho] j=1 idGen=2 coefParticipacionDespacho=1

[DEBUG Despacho] Cantidad de generadores = 2
[DEBUG Despacho] j=0 puntero=0x186c300 idGen=1 coefParticipacionDespacho=0.5
[DEBUG Despacho] j=1 puntero=0x186c510 idGen=2 coefParticipacionDespacho=1
[PREPROC PHASES] metadata_s=0.004784583 diagnostico_s=0.0010648 aplicacion_s=0.001662826

------------------------------------------------------------
  PREPROCESAMIENTO MIP - Diagnostico Numerico
------------------------------------------------------------
Rango de coeficientes (toda la matriz):
  max |coef| = 2.838e+07
  min |coef| = 9.037e-06
  proxy rango= 3.140e+12

Diagnostico por bloque:
Bloque              max|coef|      min|coef|      kappa_aprox   vars    alpha     beta      cols      disc_omit aux_omit  escalado
------------------------------------------------------------------------------------------------------------------------------
a1_                 2.838e+07      9.037e-06      3.14e+12      5040    1.32e-01  1.00e+00  0         0         0         SI  (filas=6480, alpha_min=9.04e-06, alpha_max=4.55e+01)
a2_                 sin filas      sin filas      N/A           360     1.00e+00  1.00e+00  0         0         0         no  (sin filas locales; aporta g2 al despacho)

Restriccion(es) global(es): 2160 fila(s)
  acoplamiento balance = 360 fila(s)
  global no acoplante  = 1800 fila(s)
  rho aprox (solo acoplamiento) = 1.000e+00
  gamma acoplamiento   = 1.000000
  gamma candidato      = 1.000000
  filas acop. escaladas= no
  filas normaliz. fisica= 0
  motivo gamma=1       = rho bajo; no se escala la fila de acoplamiento

ADVERTENCIAS:
  [!] Rango de coeficientes elevado (3140316249625). Riesgo de sensibilidad numerica.
  [!] Bloque 'a1_' internamente mal escalado (kappa~3140316249625). Conviene comparar equilibrado interno por filas/columnas.
------------------------------------------------------------

------------------------------------------------------------
  COMPARACION NUMERICA ANTES / DESPUES
------------------------------------------------------------
Indicador                   antes           despues         despues/antes
----------------------------------------------------------------------------
rango global                2.535e+13       3.140e+12       1.239e-01
rho acoplamiento            1.000e+00       1.000e+00       1.000e+00
gamma aplicado              1.000000        1.000000        1.000000

Bloques locales:
Bloque              kappa antes     kappa despues   alpha       beta        filas       cols        disc_omit   aux_omit    escalado
------------------------------------------------------------------------------------------------------------------------------------
a1_                 2.535e+13       3.140e+12       1.316e-01   1.000e+00   6480        0           0           0           SI
a2_                 N/A             N/A             1.000e+00   1.000e+00   0           0           0           0           no

Interpretacion: valores despues/antes menores que 1 indican mejora del proxy.
rho se calcula solo con filas de acoplamiento; las cotas de demanda sobre g quedan fuera.
El escalamiento local activo fue estructurado: alpha_r interno y beta_i entre bloques.
------------------------------------------------------------

[PREPROC TIME] variante=role_hybrid tiempo_s=0.01059779 u=2 K=4 epsMin=1e-09 epsMax=1000000000
[32m[success] Preprocesamiento aplicado.[0m
> [MODELO] rows=10080 cols=6120 nnz=22679
[pipeline] Preprocesamiento seleccionado: Ninguno
[pipeline] Modelo interno sin modificaciones de preprocesamiento.
[pipeline] Estrategia de resolucion seleccionada: Monolitica
[pipeline] Resolviendo monoliticamente.
Set parameter TimeLimit to value 1800
Set parameter MIPGap to value 0.001
Set parameter Seed to value 42
Set parameter Threads to value 16
Gurobi Optimizer version 13.0.1 build v13.0.1rc0 (linux64 - "Debian GNU/Linux 12 (bookworm)")

CPU model: Intel(R) Xeon(R) Gold 6138 CPU @ 2.00GHz, instruction set [SSE2|AVX|AVX2|AVX512]
Thread count: 40 physical cores, 40 logical processors, using up to 16 threads

Non-default parameters:
TimeLimit  1800
MIPGap  0.001
Seed  42
Threads  16

Academic license 2849920 - for non-commercial use only - registered to ma___@fing.edu.uy
Optimize a model with 10080 rows, 6120 columns and 22679 nonzeros (Min)
Model fingerprint: 0x75ce60e9
Model has 721 linear objective coefficients
Variable types: 4680 continuous, 1440 integer (1440 binary)
Coefficient statistics:
  Matrix range     [9e-06, 1e+05]
  Objective range  [3e-03, 1e+02]
  Bounds range     [1e+00, 4e+09]
  RHS range        [9e+01, 3e+07]
Warning: Model contains large bounds
         Consider reformulating model or setting NumericFocus parameter
         to avoid numerical issues.

Found heuristic solution: objective 6.002862e+08
Presolve removed 1168 rows and 390 columns
Presolve time: 0.08s
Presolved: 8912 rows, 5730 columns, 21367 nonzeros
Variable types: 4305 continuous, 1425 integer (1425 binary)

Root relaxation: objective 1.699947e+05, 6864 iterations, 0.27 seconds (0.36 work units)

    Nodes    |    Current Node    |     Objective Bounds      |     Work
 Expl Unexpl |  Obj  Depth IntInf | Incumbent    BestBd   Gap | It/Node Time

     0     0 169994.691    0  927 6.0029e+08 169994.691   100%     -    0s
H    0     0                    9301474.8575 169994.691  98.2%     -    0s
H    0     0                    456461.03277 216294.448  52.6%     -    0s
     0     0 216294.448    0 1047 456461.033 216294.448  52.6%     -    0s
     0     0 216646.448    0 1054 456461.033 216646.448  52.5%     -    0s
     0     0 216651.854    0 1054 456461.033 216651.854  52.5%     -    0s
H    0     0                    455501.23644 224860.329  50.6%     -    1s
     0     0 224860.329    0 1195 455501.236 224860.329  50.6%     -    1s
     0     0 225145.239    0 1196 455501.236 225145.239  50.6%     -    1s
     0     0 225145.239    0 1196 455501.236 225145.239  50.6%     -    1s
     0     0 227611.669    0 1277 455501.236 227611.669  50.0%     -    1s
     0     0 227722.708    0 1273 455501.236 227722.708  50.0%     -    1s
     0     0 227722.708    0 1275 455501.236 227722.708  50.0%     -    1s
     0     0 231143.605    0 1276 455501.236 231143.605  49.3%     -    2s
     0     0 231253.161    0 1277 455501.236 231253.161  49.2%     -    2s
     0     0 231253.870    0 1277 455501.236 231253.870  49.2%     -    2s
     0     0 231388.687    0 1276 455501.236 231388.687  49.2%     -    2s
     0     0 231789.854    0 1263 455501.236 231789.854  49.1%     -    2s
     0     0 231789.854    0 1263 455501.236 231789.854  49.1%     -    2s
     0     0 231789.854    0 1263 455501.236 231789.854  49.1%     -    2s
     0     2 232148.567    0 1263 455501.236 232148.567  49.0%     -    2s
H    7     2                    452644.12361 232908.675  48.5%  1044    4s
H    9     2                    446220.89063 233214.058  47.7%  1102    4s
H   11     2                    444181.15068 233521.221  47.4%  1111    4s
H   15     6                    436897.88260 234455.982  46.3%  1139    5s
H   79    72                    435340.41526 235503.349  45.9%   367    7s
H   83    72                    434100.46798 235503.349  45.7%   361    7s
H   88    72                    431412.72503 235503.349  45.4%   342    7s
   613   396 273429.479   37  835 431412.725 238413.384  44.7%  94.5   10s
H 1179   736                    429889.03836 250575.834  41.7%  93.6   12s
H 1199   736                    429061.35907 250575.834  41.6%  92.7   12s
H 1846  1068                    428838.52144 256579.617  40.2%  83.3   14s
H 1850  1029                    428169.95061 256579.617  40.1%  83.4   14s
H 1865   983                    427491.69700 256579.617  40.0%  83.1   14s
  1931  1029 336921.439  112  465 427491.697 256579.617  40.0%  81.8   15s
  2647  1443 356912.023   49 1012 427491.697 271675.073  36.4%  77.0   20s
  2656  1449 421642.812   74 1302 427491.697 271675.073  36.4%  76.7   25s
H 3032  1442                    426875.22871 271675.073  36.4%  88.7   29s
H 3039  1371                    425307.58930 271675.073  36.1%  88.6   29s
  3155  1430     cutoff   30      425307.589 271675.073  36.1%  88.6   30s
H 3926  1503                    424986.46949 271675.073  36.1%  82.9   32s
H 3934  1438                    424546.33676 271675.073  36.0%  82.9   32s
H 3939  1378                    424325.45622 271675.073  36.0%  82.8   32s
H 3963  1313                    423831.24317 271675.073  35.9%  83.2   32s
H 3968  1258                    422264.63147 271675.073  35.7%  83.2   32s
  4679  1436 420717.243   77  217 422264.631 271675.073  35.7%  79.3   35s
H 4884  1257                    419255.39352 271675.073  35.2%  79.2   35s
  6765  2206 410364.820   65  335 419255.394 271675.073  35.2%  70.4   40s
H 7582  1942                    413966.63914 271675.073  34.4%  69.0   41s
H 7636  1905                    413749.09164 271675.073  34.3%  69.0   42s
  9113  2458 413024.981  163   99 413749.092 271675.073  34.3%  65.4   45s
H 9118  2455                    413718.41044 271675.073  34.3%  65.4   45s
H 9437  2689                    413712.23769 272048.359  34.2%  64.7   46s
 11779  4508 407111.454  115  361 413712.238 282807.610  31.6%  60.2   50s
H12493  4527                    413623.90243 286286.397  30.8%  58.9   51s
H12506  4525                    413606.26819 286286.397  30.8%  58.9   51s
H12524  4580                    413346.18098 286286.397  30.7%  58.8   52s
H12671  4587                    413315.25799 286452.006  30.7%  58.8   53s
H12683  4495                    412715.74959 286452.006  30.6%  58.9   53s
 13526  5334 394290.624   81  348 412715.750 286452.006  30.6%  57.9   55s
 17145  7240 384181.251  143  233 412715.750 300326.080  27.2%  58.1   60s
 20489  8596 406702.924  206   95 412715.750 308798.975  25.2%  58.3   65s
H20904  8549                    412503.50895 308798.975  25.1%  58.1   65s
H25355 11079                    411750.54119 323442.320  21.4%  54.4   69s
*25365 11039             296    411583.65750 323442.320  21.4%  54.4   69s
 26030 11269 387990.362   98  332 411583.657 324266.687  21.2%  53.7   70s
H29361 13011                    411551.46348 329454.989  19.9%  51.0   72s
 31150 14352 403754.780  159  161 411551.463 330618.109  19.7%  49.8   75s
 36258 17518     cutoff  100      411551.463 333247.461  19.0%  47.3   80s
 41129 20937 399118.918  162  117 411551.463 335925.650  18.4%  46.5  103s
 44507 21214 375858.068  184  371 411551.463 336836.221  18.2%  45.8  105s
 44560 21252 377399.891  187  363 411551.463 337194.062  18.1%  45.8  110s
H44572 21138                    411199.20855 337194.062  18.0%  45.9  110s
H44579 21512                    411019.16797 337194.062  18.0%  45.9  112s
H44630 21473                    410908.06415 337194.062  17.9%  45.8  112s
H45248 21455                    410861.55249 337194.062  17.9%  45.7  112s
H46370 21977                    410806.36528 337611.577  17.8%  45.7  116s
H46371 21969                    410779.55286 337611.577  17.8%  45.7  116s
 51840 25541 377613.490  164  317 410779.553 339784.941  17.3%  44.0  121s
 56713 28579 infeasible   92      410779.553 342274.670  16.7%  43.9  125s
 61287 31015 402058.652  169  176 410779.553 343852.241  16.3%  44.3  130s
 67376 34368 372454.226  124  308 410779.553 346551.634  15.6%  43.1  135s
 74636 37061 367596.527  103  359 410779.553 348234.465  15.2%  42.7  140s
 77050 37814 396908.789  160  112 410779.553 349029.547  15.0%  42.9  145s
 77254 38132 359160.685  173  446 410779.553 349180.685  15.0%  42.9  150s
 80230 40378 366625.056  161  309 410779.553 349341.556  15.0%  42.8  155s
 85827 42329 401388.847  146  209 410779.553 351223.224  14.5%  42.1  161s
 86505 44107     cutoff  148      410779.553 351276.807  14.5%  42.1  165s
 93477 46491 405432.611  166   78 410779.553 352582.301  14.2%  41.1  170s
 100128 49512 396293.422  217  179 410779.553 353670.852  13.9%  41.5  176s
 106353 52755 392209.431  192  171 410779.553 355021.085  13.6%  41.1  181s
 112008 54782 398465.471  216  173 410779.553 355830.741  13.4%  40.7  185s
 118268 57634 364294.024  144  328 410779.553 356911.356  13.1%  40.4  191s
 122804 59065 387772.858  184  146 410779.553 357526.738  13.0%  40.6  195s
 127169 61173 391290.363  163  134 410779.553 358135.658  12.8%  40.7  200s
 133838 63986 382492.026  121  204 410779.553 358878.306  12.6%  40.4  205s
 140479 66493 403129.508  192  121 410779.553 359445.830  12.5%  40.2  211s
 145647 69058 381422.125  125  321 410779.553 359739.789  12.4%  39.9  215s
 152033 71881     cutoff  213      410779.553 360462.065  12.2%  39.4  221s
 157591 73942 405601.296  191  121 410779.553 360927.553  12.1%  39.1  225s
 164552 76826 404403.492  206  130 410779.553 361404.469  12.0%  38.6  230s
 169423 78822 398947.874  140  170 410779.553 361823.117  11.9%  38.3  236s
 175054 81817 406596.720  174  190 410779.553 362226.505  11.8%  38.0  240s
 181488 84289 363840.627  167  303 410779.553 362709.468  11.7%  37.8  245s
 188246 86979 405174.103  160  105 410779.553 363100.484  11.6%  37.6  250s
 194350 89380 407973.205  196   84 410779.553 363433.688  11.5%  37.5  256s
 199812 90989     cutoff  199      410779.553 363714.970  11.5%  37.3  260s
 205876 93948 378453.260  142  326 410779.553 364153.464  11.4%  37.2  265s
 211857 95971 407089.433  165  278 410779.553 364428.270  11.3%  36.9  270s
 217989 97742 408250.249  143  157 410779.553 364757.229  11.2%  36.8  275s
 223618 100409 366203.745   96  381 410779.553 365058.216  11.1%  36.5  280s
 230547 102907 392608.289  192  187 410779.553 365369.471  11.1%  36.4  285s
 235738 104872 389675.512  180  149 410779.553 365630.074  11.0%  36.2  290s
 242458 107268 368900.586  151  301 410779.553 365941.949  10.9%  36.0  295s
 248758 110025     cutoff  103      410779.553 366253.277  10.8%  35.8  300s
 255779 112738 410038.085  130  308 410779.553 366573.594  10.8%  35.5  306s
 261056 115124     cutoff  179      410779.553 366759.198  10.7%  35.3  310s
 268154 118206 392136.180  174  247 410779.553 367007.390  10.7%  35.0  315s
 274770 120069     cutoff  152      410779.553 367247.904  10.6%  34.8  320s
 278937 122834 384999.649  188  225 410779.553 367407.540  10.6%  34.7  325s
 287998 125329 395159.640  136  162 410779.553 367744.800  10.5%  34.4  330s
 295684 128782 395990.502  160  142 410779.553 368019.280  10.4%  34.1  336s
 301274 130916 388025.876  145  300 410779.553 368216.368  10.4%  33.9  340s
 307840 132624 402782.754  163  120 410779.553 368472.510  10.3%  33.9  345s
 313827 135698 396588.634  175  126 410779.553 368676.073  10.2%  33.7  350s
 321691 138434     cutoff  176      410779.553 368900.031  10.2%  33.4  355s
 325007 139672 398217.494  183  142 410779.553 368986.601  10.2%  33.3  360s
 332171 142124 402976.352  119  161 410779.553 369235.473  10.1%  33.2  366s
 337961 144856 392521.325  210  169 410779.553 369398.351  10.1%  33.1  371s
 343253 146949 392486.101  123  172 410779.553 369537.027  10.0%  33.0  375s
 349861 149049     cutoff  176      410779.553 369707.228  10.0%  32.9  380s
 356568 151941 373258.941  105  363 410779.553 369848.774  10.0%  32.8  385s
 361772 153779 408744.607  156  251 410779.553 370078.909  9.91%  32.7  390s
 368113 156239 404051.476  192  106 410779.553 370237.146  9.87%  32.5  395s
 374278 159051 395470.023  132  177 410779.553 370399.762  9.83%  32.5  401s
 381179 161834 404590.060  168  134 410779.553 370557.136  9.79%  32.3  406s
 384415 163611 383570.161  119  201 410779.553 370663.731  9.77%  32.3  410s
 392293 165897 410175.774  217   80 410779.553 370878.549  9.71%  32.2  415s
 399226 168569 395700.794  164  140 410779.553 371063.092  9.67%  32.0  420s
 406405 170753 399310.907  134  169 410779.553 371267.670  9.62%  31.9  425s
 412288 173617 408544.750  219   46 410779.553 371391.062  9.59%  31.8  430s
 418266 175866 398893.862  144  175 410779.553 371530.470  9.55%  31.7  435s
 424975 178699 388610.518  173  162 410779.553 371697.465  9.51%  31.5  441s
 428712 179660 380233.261  122  248 410779.553 371774.134  9.50%  31.5  445s
 436189 182694     cutoff  126      410779.553 371949.567  9.45%  31.3  451s
 443111 185634 398596.081  120  202 410779.553 372124.181  9.41%  31.2  455s
 448190 187748 393432.801  203  152 410779.553 372205.312  9.39%  31.1  460s
 454493 190098     cutoff  203      410779.553 372354.383  9.35%  31.0  465s
 461699 192810 385873.625  171  217 410779.553 372512.498  9.32%  30.9  470s
 467932 194582 408702.566  246   38 410779.553 372655.320  9.28%  30.9  475s
 475173 197267 393750.154  169  194 410779.553 372772.547  9.25%  30.8  480s
 481660 199673 404382.168  167  291 410779.553 372904.721  9.22%  30.8  485s
 488078 201690     cutoff  169      410779.553 373028.650  9.19%  30.7  491s
 490988 203481 381732.963  110  334 410779.553 373041.293  9.19%  30.7  495s
 499599 206205 388229.979  123  318 410779.553 373244.030  9.14%  30.6  500s
 507331 207888 406405.533  174   70 410779.553 373350.665  9.11%  30.5  506s
 511220 209804 401308.813  155  143 410779.553 373481.141  9.08%  30.5  510s
 518459 212138 399400.498  158   98 410779.553 373606.743  9.05%  30.5  516s
 525176 214770 398617.927  124  133 410779.553 373725.836  9.02%  30.5  521s
 531766 217383     cutoff  154      410779.553 373846.398  8.99%  30.4  526s
 538044 219618 394042.185  132  176 410779.553 373937.425  8.97%  30.3  531s
 541017 220581 409959.547  173  121 410779.553 373998.578  8.95%  30.3  535s
 547848 223146     cutoff  119      410779.553 374144.029  8.92%  30.2  540s
 553252 225574 399829.140  141  107 410779.553 374226.404  8.90%  30.1  545s
 561325 228250 398794.033  128  197 410779.553 374373.022  8.86%  30.0  550s
 567075 230000     cutoff  126      410779.553 374467.648  8.84%  30.0  555s
 573714 232403 398371.123  188  169 410779.553 374545.614  8.82%  29.9  560s
 579917 235200 396708.000  181  165 410779.553 374642.530  8.80%  29.8  565s
 587280 237585 396137.354  161  108 410779.553 374769.686  8.77%  29.8  571s
 593747 240129 410292.467  135  167 410779.553 374866.403  8.74%  29.7  575s
 600567 242597 406408.580  227  107 410779.553 375020.196  8.71%  29.6  580s
 607992 245048     cutoff  176      410779.553 375114.392  8.68%  29.6  585s
 613901 247224 396227.160  200  158 410779.553 375223.151  8.66%  29.5  590s
 618822 249837 407005.745  157   96 410779.553 375304.388  8.64%  29.4  596s
 627560 251911 399919.742  179  199 410779.553 375400.517  8.61%  29.3  600s
 633024 254488 397268.165  181   91 410779.553 375516.279  8.58%  29.3  605s
 640232 257741 391628.484  126  159 410779.553 375629.769  8.56%  29.2  611s
 646483 259540 396076.166  139  168 410779.553 375710.398  8.54%  29.1  615s
 652009 260774 401411.839  224   58 410779.553 375783.161  8.52%  29.1  620s
 656017 263075     cutoff  183      410779.553 375838.256  8.51%  29.1  625s
 661764 265508 398552.995  146  112 410779.553 375923.410  8.49%  29.0  630s
 669397 267745 406288.381  206   87 410779.553 376024.519  8.46%  29.0  635s
 676345 269833 388508.617  161  126 410779.553 376133.944  8.43%  28.9  640s
 682485 272378 383652.005  112  222 410779.553 376228.701  8.41%  28.9  646s
 689588 274545 408081.476  220   64 410779.553 376317.207  8.39%  28.8  650s
 695337 277056 400011.235  147  134 410779.553 376392.411  8.37%  28.8  655s
 701041 278487 404102.847  148  146 410779.553 376468.204  8.35%  28.7  660s
 706457 280606 398670.386  175   79 410779.553 376527.773  8.34%  28.7  665s
 713492 283454     cutoff  143      410779.553 376637.567  8.31%  28.7  670s
 719545 285122 406445.346  159   99 410779.553 376713.031  8.29%  28.7  675s
 726123 287953 404690.347  136  353 410779.553 376802.603  8.27%  28.6  681s
 731405 289996 399302.257  186  120 410779.553 376846.400  8.26%  28.6  685s
 739529 292362 409171.098  138  148 410779.553 376948.009  8.24%  28.6  690s
 745362 295079 396889.352  143  178 410779.553 377016.923  8.22%  28.5  696s
 751136 296543     cutoff  168      410779.553 377073.846  8.21%  28.5  700s
 757751 298851 infeasible  127      410779.553 377148.999  8.19%  28.5  705s
 763437 301376 385950.217  121  251 410779.553 377216.749  8.17%  28.5  710s
 770573 304614 395953.680  145  161 410779.553 377324.196  8.14%  28.4  716s
 778218 306664 388205.912  138  207 410779.553 377399.110  8.13%  28.3  720s
 785282 309387 408761.788  159  125 410779.553 377479.646  8.11%  28.2  725s
 790496 311560 380685.613  119  259 410779.553 377530.403  8.09%  28.2  730s
 796533 313991 392770.424  127  190 410779.553 377593.516  8.08%  28.2  735s
 803796 316347 406468.299  151  140 410779.553 377670.608  8.06%  28.1  740s
 809573 318539 404910.685  184   84 410779.553 377746.907  8.04%  28.1  745s
 816335 320720 386740.566  114  218 410779.553 377815.789  8.02%  28.1  751s
 823115 323100 406833.117  141  294 410779.553 377889.192  8.01%  28.1  755s
 829715 325457 409348.383  145  137 410779.553 377967.413  7.99%  28.1  760s
 834512 326963 395998.934  227  130 410779.553 378026.133  7.97%  28.1  765s
 839557 328951 400093.518  192  103 410779.553 378078.319  7.96%  28.1  771s
 845439 330529 381941.730  115  260 410779.553 378136.210  7.95%  28.0  775s
 850969 332831 409790.802  152  150 410779.553 378178.128  7.94%  28.1  780s
 857620 335062 401483.673  202   91 410779.553 378250.717  7.92%  28.0  786s
 863894 337316 388730.097  129  203 410779.553 378302.357  7.91%  28.0  791s
 871022 339707 385477.978  181  169 410779.553 378384.483  7.89%  28.0  795s
 876409 341608 379918.781  126  218 410779.553 378439.977  7.87%  28.0  800s
 883681 344874 379567.861  127  363 410779.553 378495.094  7.86%  27.9  805s
 889897 347139 385805.790  181  140 410779.553 378559.348  7.84%  27.9  810s
 896350 349289 406818.850  171  281 410779.553 378622.435  7.83%  27.9  815s
 902218 351306 386167.709   89  297 410779.553 378677.713  7.81%  27.8  820s
 908512 353433 390114.318  154  147 410779.553 378723.718  7.80%  27.8  825s
 915337 355863 384530.106  169  186 410779.553 378781.597  7.79%  27.8  831s
 922198 358485 389161.528  117  247 410779.553 378856.595  7.77%  27.8  835s
 928342 360330 406487.367  132  210 410779.553 378904.881  7.76%  27.8  840s
 935002 362903 408178.444  173  125 410779.553 378966.493  7.74%  27.7  845s
 941148 365369 402063.607  191  119 410779.553 379025.898  7.73%  27.7  850s
 948285 367449 398951.423  119  355 410779.553 379091.437  7.71%  27.7  855s
 954912 369872 404387.921  172   64 410779.553 379136.967  7.70%  27.6  860s
 959111 371702 403582.293  141  194 410779.553 379180.114  7.69%  27.6  866s
 964873 373409 409441.055   90  256 410779.553 379230.789  7.68%  27.6  870s
 968592 375532 409115.814  166   86 410779.553 379266.595  7.67%  27.6  876s
 975413 377522 404764.395  126  150 410779.553 379318.659  7.66%  27.5  880s
 982011 380390 393117.181  204  128 410779.553 379372.914  7.65%  27.5  886s
 989060 382489 396073.946  145  151 410779.553 379420.685  7.63%  27.5  890s
 994691 385230 402849.801  159   99 410779.553 379469.532  7.62%  27.5  895s
 1001557 387626 408252.952  142   97 410779.553 379519.110  7.61%  27.5  901s
 1006386 389383 395997.553  226   96 410779.553 379561.078  7.60%  27.4  905s
 1013182 391628 402911.283  158  113 410779.553 379614.564  7.59%  27.4  910s
 1020208 394198 397369.218  193  110 410779.553 379660.404  7.58%  27.4  915s
 1026261 396744 406061.978  238   41 410779.553 379710.469  7.56%  27.4  920s
 1032683 399015     cutoff  164      410779.553 379751.943  7.55%  27.4  925s
 1039339 401094 394313.802  146  203 410779.553 379801.374  7.54%  27.4  930s
 1044426 403105 infeasible  109      410779.553 379836.583  7.53%  27.4  935s
 1051641 405876 389332.286  181  122 410779.553 379889.866  7.52%  27.4  941s
 1056376 407361 388119.818  104  346 410779.553 379924.424  7.51%  27.4  945s
 1063459 409754 386869.383  207  166 410779.553 379989.716  7.50%  27.4  950s
 1069603 411363 396201.280  217  109 410779.553 380027.432  7.49%  27.4  955s
 1076131 414016 381413.717  175  155 410779.553 380090.197  7.47%  27.4  961s
 1080938 415957 409293.081  150  120 410779.553 380125.619  7.46%  27.3  965s
 1087759 418838 393292.690  163  198 410779.553 380175.539  7.45%  27.3  971s
 1093878 420734 388387.606  123  202 410779.553 380216.938  7.44%  27.3  975s
 1100762 423195     cutoff  150      410779.553 380274.101  7.43%  27.3  980s
 1107687 425479     cutoff  128      410779.553 380320.829  7.41%  27.3  986s
 1114394 428524     cutoff  174      410779.553 380366.053  7.40%  27.3  991s
 1120817 430797     cutoff  198      410779.553 380411.785  7.39%  27.2  996s
 1123430 431160 401774.385  114  205 410779.553 380423.291  7.39%  27.2 1000s
 1128329 433384 387185.966  129  214 410779.553 380459.754  7.38%  27.2 1006s
 1134793 435870     cutoff  182      410779.553 380502.314  7.37%  27.2 1011s
 1140812 438099 389228.862  130  191 410779.553 380540.879  7.36%  27.2 1016s
 1145629 439739 393027.889  135  182 410779.553 380562.242  7.36%  27.2 1020s
 1150570 442010 395559.923  153  166 410779.553 380593.936  7.35%  27.2 1025s
 1158683 444107     cutoff  204      410779.553 380651.509  7.33%  27.2 1030s
 1164620 446256 409632.294  215   56 410779.553 380691.251  7.32%  27.1 1035s
 1170715 448126 389709.921  136  194 410779.553 380719.014  7.32%  27.2 1040s
 1177077 450192 407053.232  237   50 410779.553 380763.721  7.31%  27.2 1045s
 1183050 452234 399716.020  145  175 410779.553 380795.274  7.30%  27.2 1050s
 1189727 454019     cutoff  125      410779.553 380832.996  7.29%  27.2 1055s
 1194484 455640     cutoff  133      410779.553 380879.306  7.28%  27.3 1060s
 1200815 458389 389289.572  186  134 410779.553 380920.963  7.27%  27.3 1066s
 1208028 460642 400698.503  143  119 410779.553 380960.390  7.26%  27.2 1070s
 1214071 462810     cutoff  126      410779.553 380997.420  7.25%  27.2 1076s
 1218523 464946 389171.052  120  230 410779.553 381028.304  7.24%  27.2 1080s
 1225129 466615 407272.468  192   80 410779.553 381066.088  7.23%  27.2 1085s
 1230654 468834     cutoff  147      410779.553 381108.162  7.22%  27.2 1090s
 1237312 470826     cutoff  199      410779.553 381147.479  7.21%  27.2 1095s
 1243566 473141 387288.583  132  257 410779.553 381191.932  7.20%  27.2 1100s
 1249588 475367     cutoff  175      410779.553 381227.748  7.19%  27.2 1105s
 1255256 476958     cutoff  107      410779.553 381266.935  7.18%  27.3 1110s
 1260756 479563 396091.153  177  116 410779.553 381297.426  7.18%  27.3 1115s
 1267465 481902 401615.600  120  187 410779.553 381342.777  7.17%  27.3 1120s
 1274049 483747     cutoff  151      410779.553 381385.419  7.16%  27.3 1125s
 1279832 486692 390521.745  123  191 410779.553 381414.052  7.15%  27.3 1131s
 1285905 488261 389409.139  149  197 410779.553 381452.096  7.14%  27.2 1135s
 1293125 491502 388740.702  133  193 410779.553 381494.869  7.13%  27.2 1140s
 1300399 493966 403854.090  224   68 410779.553 381533.423  7.12%  27.2 1145s
 1305643 496175 394361.838  110  357 410779.553 381568.850  7.11%  27.2 1150s
 1310418 497583 408668.917  167  129 410779.553 381595.250  7.10%  27.2 1155s
 1317091 499911 405959.127  180  101 410779.553 381635.086  7.09%  27.2 1161s
 1319694 501531 387918.188  129  203 410779.553 381642.721  7.09%  27.2 1165s
 1328719 503906 397164.631  208  140 410779.553 381699.150  7.08%  27.2 1170s
 1334742 505747 381982.621  114  223 410779.553 381730.673  7.07%  27.2 1175s
 1339036 507946 391612.907  145  176 410779.553 381757.008  7.07%  27.2 1180s
 1345675 510313 406425.337  102  337 410779.553 381782.171  7.06%  27.2 1185s
 1352465 512635 400685.110  131  191 410779.553 381824.632  7.05%  27.2 1190s
 1358657 515229 397464.897  116  218 410779.553 381854.300  7.04%  27.2 1195s
 1365681 517400 405588.854  198   67 410779.553 381888.551  7.03%  27.1 1200s
 1370956 519682     cutoff  171      410779.553 381915.584  7.03%  27.2 1206s
 1377368 522258 382797.537  125  246 410779.553 381953.269  7.02%  27.1 1211s
 1383857 524337     cutoff  157      410779.553 381994.188  7.01%  27.2 1216s
 1388510 526205 399030.264  127  159 410779.553 382021.215  7.00%  27.2 1220s
 1394737 528379 infeasible  171      410779.553 382054.208  6.99%  27.2 1225s
 1401779 530905 388891.671  117  185 410779.553 382088.366  6.98%  27.2 1231s
 1404457 531920 407613.363  144  101 410779.553 382096.923  6.98%  27.2 1235s
 1411070 534390 403505.431  175  130 410779.553 382134.062  6.97%  27.2 1240s
 1417902 537176 382362.109  122  234 410779.553 382167.782  6.97%  27.1 1245s
 1424904 539897 388515.694  130  203 410779.553 382199.348  6.96%  27.1 1250s
 1429595 541678 407344.562  123  121 410779.553 382215.215  6.95%  27.1 1255s
 1436547 544147 409508.537  168  104 410779.553 382261.047  6.94%  27.1 1260s
 1443168 546702 408266.729  190   46 410779.553 382297.934  6.93%  27.1 1265s
 1449724 548379 398351.796  206  102 410779.553 382329.237  6.93%  27.1 1270s
 1455743 550845 402275.453  149  312 410779.553 382357.253  6.92%  27.1 1275s
 1461768 552904 399532.244  162   99 410779.553 382390.112  6.91%  27.1 1280s
 1468259 555145 400795.365  145  175 410779.553 382417.716  6.90%  27.1 1286s
 1473205 556720 406442.548  220   50 410779.553 382446.624  6.90%  27.2 1290s
 1480049 558792 infeasible  179      410779.553 382488.179  6.89%  27.2 1295s
 1485581 561447 401019.485  118  208 410779.553 382510.508  6.88%  27.1 1300s
 1492143 563819     cutoff  108      410779.553 382533.346  6.88%  27.2 1306s
 1497599 565098 400888.126  141  124 410779.553 382573.917  6.87%  27.2 1310s
 1501841 566411 403747.214  148  154 410779.553 382598.428  6.86%  27.2 1315s
 1505740 568616     cutoff  127      410779.553 382616.400  6.86%  27.2 1320s
 1511502 570194 406168.649  132  143 410779.553 382644.071  6.85%  27.2 1325s
 1518514 573173 391141.545  137  226 410779.553 382672.853  6.84%  27.1 1331s
 1524679 575125 395270.118  134  149 410779.553 382698.658  6.84%  27.2 1335s
 1530884 577311 401424.455  130  191 410779.553 382728.969  6.83%  27.2 1341s
 1534899 578786 409535.542  172   59 410779.553 382748.073  6.82%  27.2 1345s
 1541533 581214 388336.533  118  214 410779.553 382784.646  6.82%  27.1 1350s
 1547875 583487 405745.088  156  134 410779.553 382813.634  6.81%  27.1 1355s
 1554238 585403 406667.954  155  123 410779.553 382847.739  6.80%  27.2 1361s
 1560440 587620 410126.786  200   86 410779.553 382876.721  6.79%  27.2 1365s
 1565567 589457 399112.306  146  128 410779.553 382895.707  6.79%  27.2 1370s
 1570167 591560 390943.542   99  275 410779.553 382927.282  6.78%  27.2 1375s
 1577477 593630 410212.343  204   47 410779.553 382951.277  6.77%  27.2 1380s
 1582569 595912 383782.798  126  228 410779.553 382980.552  6.77%  27.2 1385s
 1589250 598354 385650.708  104  246 410779.553 383014.434  6.76%  27.2 1390s
 1595031 600558 393257.078  110  209 410779.553 383041.970  6.75%  27.2 1395s
 1602337 603436 403530.509  158  131 410779.553 383070.118  6.75%  27.1 1400s
 1608488 605387     cutoff  118      410779.553 383097.445  6.74%  27.1 1405s
 1615266 607866 409611.747   92  249 410779.553 383120.088  6.73%  27.2 1411s
 1619658 608932 385841.153  124  215 410779.553 383142.114  6.73%  27.2 1415s
 1623726 611020 403759.331  131  232 410779.553 383155.750  6.72%  27.2 1420s
 1631496 613992 398135.593  114  169 410779.553 383190.872  6.72%  27.2 1425s
 1637934 615699 408667.475  188   97 410779.553 383214.486  6.71%  27.2 1430s
 1644196 617783 389110.506  192  135 410779.553 383245.383  6.70%  27.2 1435s
 1649769 620273 393019.132  208  111 410779.553 383263.542  6.70%  27.1 1440s
 1656002 622019     cutoff  102      410779.553 383295.468  6.69%  27.1 1445s
 1661673 625114 387352.294  113  208 410779.553 383319.702  6.68%  27.1 1452s
 1667740 626836 401338.261  134  149 410779.553 383345.662  6.68%  27.1 1456s
 1674602 629377     cutoff  127      410779.553 383377.165  6.67%  27.1 1461s
 1679629 631162     cutoff  209      410779.553 383394.143  6.67%  27.1 1465s
 1686242 632890 391924.810  147  153 410779.553 383423.001  6.66%  27.2 1470s
 1692217 635677 396345.336  121  201 410779.553 383456.667  6.65%  27.2 1476s
 1699429 638044 391532.414  112  203 410779.553 383487.757  6.64%  27.1 1480s
 1703882 639291 infeasible  175      410779.553 383503.147  6.64%  27.2 1485s
 1710942 642213     cutoff  179      410779.553 383531.840  6.63%  27.2 1491s
 1716001 643796     cutoff  183      410779.553 383550.953  6.63%  27.2 1495s
 1723199 646513 403296.239  138  194 410779.553 383579.079  6.62%  27.2 1500s
 1728899 647789 397231.477  106  257 410779.553 383604.116  6.62%  27.2 1505s
 1732341 649367 407026.075  161   72 410779.553 383618.201  6.61%  27.2 1510s
 1739576 652132 384038.656  123  234 410779.553 383648.952  6.60%  27.2 1516s
 1746504 654455     cutoff  143      410779.553 383672.093  6.60%  27.2 1520s
 1755846 658205 409308.242  175   95 410779.553 383714.908  6.59%  27.2 1525s
 1764432 660715 404216.113  180   85 410779.553 383745.008  6.58%  27.2 1530s
 1772950 663921 407601.432  206   81 410779.553 383773.153  6.57%  27.2 1535s
 1781664 666700 409573.067  160   92 410779.553 383804.305  6.57%  27.2 1540s
 1788751 668959 384378.578  126  243 410779.553 383840.615  6.56%  27.2 1545s
 1797817 672250 407784.609  141  162 410779.553 383878.467  6.55%  27.2 1550s
 1805113 675204 401579.422  152  192 410779.553 383912.665  6.54%  27.2 1555s
 1810207 677104 406494.584  152   82 410779.553 383931.398  6.54%  27.2 1560s
 1819940 680639 402738.539  132  205 410779.553 383969.981  6.53%  27.2 1565s
 1826591 682937 390601.918  156  159 410779.553 383993.527  6.52%  27.2 1570s
 1831190 684434 394377.910   83  328 410779.553 384015.967  6.52%  27.2 1575s
 1835941 687109 392855.532  190  118 410779.553 384032.589  6.51%  27.2 1581s
 1845429 689090     cutoff  135      410779.553 384066.903  6.50%  27.3 1585s
 1853233 691910 391783.523  130  174 410779.553 384097.693  6.50%  27.3 1590s
 1861248 695392 407622.083  111  131 410779.553 384126.702  6.49%  27.2 1595s
 1870974 698460 403268.690  203   77 410779.553 384166.235  6.48%  27.3 1600s
 1876911 700693     cutoff  155      410779.553 384187.076  6.47%  27.3 1605s
 1884751 703542 407369.445  138  108 410779.553 384220.242  6.47%  27.3 1610s
 1891556 705742 391948.072  123  232 410779.553 384247.449  6.46%  27.3 1615s
 1899482 708766 402676.101  193   98 410779.553 384272.400  6.45%  27.3 1620s
 1904677 710124 407020.046  134  206 410779.553 384289.492  6.45%  27.3 1625s
 1912594 713594 396735.668  139  181 410779.553 384318.480  6.44%  27.3 1630s
 1921046 716248 410027.422  141  125 410779.553 384348.710  6.43%  27.3 1635s
 1928392 718776 406435.637  155  145 410779.553 384382.869  6.43%  27.3 1640s
 1935782 721518     cutoff  135      410779.553 384414.109  6.42%  27.3 1645s
 1942314 723375 405211.308  156  124 410779.553 384435.089  6.41%  27.3 1650s
 1949439 726333 408113.184  169   91 410779.553 384464.793  6.41%  27.3 1655s
 1956386 728180 407697.410  182   82 410779.553 384485.067  6.40%  27.4 1660s
 1963569 731288 399923.603  176  127 410779.553 384515.120  6.39%  27.4 1665s
 1971953 733609 403779.962  147  124 410779.553 384544.278  6.39%  27.4 1670s
 1977291 735812 393196.797  143  198 410779.553 384565.060  6.38%  27.4 1675s
 1986596 738826 400649.489  113  221 410779.553 384596.871  6.37%  27.4 1680s
 1994458 741553 402295.147  198   89 410779.553 384624.818  6.37%  27.4 1685s
 1999002 743805 404901.955  191   93 410779.553 384639.099  6.36%  27.4 1690s
 2008864 746501 408509.448  206   54 410779.553 384671.149  6.36%  27.4 1695s
 2019079 750375 403152.101  237   55 410779.553 384704.820  6.35%  27.4 1701s
 2027004 753247 410149.882  144   89 410779.553 384728.841  6.34%  27.4 1705s
 2034576 755937 393353.897  148  221 410779.553 384760.004  6.33%  27.5 1710s
 2041722 758109 386756.288  122  215 410779.553 384781.549  6.33%  27.5 1715s
 2047676 760949 409642.404  191   95 410779.553 384803.640  6.32%  27.4 1721s
 2054246 762794 388900.183  102  378 410779.553 384827.261  6.32%  27.5 1725s
 2060829 764738 402421.905  107  189 410779.553 384847.658  6.31%  27.5 1730s
 2068240 767712 408867.102  131  156 410779.553 384876.847  6.31%  27.5 1735s
 2075115 769766 400817.822  170  119 410779.553 384898.368  6.30%  27.5 1740s
 2082725 772927 394908.909  138  188 410779.553 384922.196  6.29%  27.5 1745s
 2091866 775849     cutoff  122      410779.553 384953.710  6.29%  27.5 1750s
H2101303 778413                    410779.55253 384982.233  6.28%  27.5 1756s
 2105285 781124     cutoff  158      410779.553 384997.180  6.28%  27.5 1761s
 2114975 784081 388612.057  160  322 410779.553 385032.640  6.27%  27.6 1765s
 2124139 787081 386029.703  126  221 410779.553 385062.550  6.26%  27.5 1770s
 2133305 790111 406642.849  193   61 410779.553 385088.616  6.25%  27.6 1775s
 2139300 792583 397855.166  160  304 410779.553 385108.355  6.25%  27.6 1780s
 2147196 796250     cutoff  109      410779.553 385136.453  6.24%  27.6 1786s
 2155677 798838 394155.958  125  159 410779.553 385161.410  6.24%  27.6 1790s
 2165957 802573 397936.299  109  230 410779.553 385197.218  6.23%  27.6 1795s
 2173841 804843     cutoff  142      410779.553 385218.647  6.22%  27.6 1800s

Cutting planes:
  Gomory: 115
  Implied bound: 732
  Projected implied bound: 138
  MIR: 453
  Mixing: 44
  Flow cover: 1652
  RLT: 55
  Relax-and-lift: 125

Explored 2174427 nodes (59971970 simplex iterations) in 1800.01 seconds (1713.15 work units)
Thread count was 16 (of 40 available processors)

Solution count 10: 410780 411019 411199 ... 413967

Time limit reached
Best objective 4.107795525302e+05, best bound 3.852186466460e+05, gap 6.2225%

User-callback calls 4590395, time in user-callback 0.45 sec
[NUM-KAPPA] kappa_solver=9993638 kappa_exact=-1 is_mip=1
[NUM-EFIC] work=1713 root_gap=0 root_time=3
[pipeline] Tiempo de resolucion: 1800.075603 s
[SOLVE] tiempo_solver_s=1800.075620498000035 status=TIME_LIMIT gap=6.222536084571887 obj=410779.552530186250806 best_bound=385218.646645952481776 nodos=2174427.000000000000000 iter=59971970.000000000000000 primal_integral=0.095621536058851
[VERIF ORIGINAL] etapa=solver_desescalado max_le=0.000553131103515625 (a1_activacion_4(156)) max_ge=0 () max_eq=1.91479921340942e-06 (a1_balance(2)) max_lb=0 () max_ub=0 () max_int=1.03917874305637e-10 (a1_varphi44(156)) avg_viol=5.65008132258745e-08 p95_viol=1.08002495835535e-12 p99_viol=4.84287738800049e-08 max_viol_rel=5.6859512653773e-09 max_viol_relact=7.20560259774396e-11 viol_le_count=1 viol_ge_count=0 viol_eq_count=1 viol_lb_count=0 viol_ub_count=0 viol_int_count=0 missing_values=0 obj_original_recalc=410779.552530186
[32m[success] Resultados guardados correctamente en /clusteruy/home/mathiasr/generator-aware-row-scaling/results-revision/final-variants/gurobi_sgtm_01pct/resultados/instance077_role_hybrid.csv[0m
[32m[success] Archivo CSV generado correctamente[0m

[POST DEBUG] ===== INICIO POSTPROCESAMIENTO GLOBAL =====

[SG POST] ===== Diagnóstico SaltoGrande =====
[SG POST] periodos = 360
[SG POST] periodosPotenciaRealMayorMIP = 262
[SG POST] periodosPotenciaRealMenorMIP = 95
[SG POST] periodosConWhile = 262
[SG POST] cantidadWhile = 1627206
[SG POST] periodosConErrorFinal = 95
[SG POST] sumaGMip = 299556.585113577
[SG POST] sumaGRealInicial = 301746.736775606
[SG POST] sumaGRealFinal = 298231.434674869
[SG POST] sumaDeltaGInicial = 2190.15166202855
[SG POST] sumaDeltaGFinal = -1325.15043870842
[SG POST] maxAbsDeltaGInicial = 46.2026743561928
[SG POST] maxAbsDeltaGFinal = 37.5631700919369
[SG POST] sumaDeltaX = -16272.0600003552
[SG POST] sumaDeltaY = 16272.0599999997
[SG POST] ===================================

[POST DEBUG] --- DESPUÉS DE AGENTES ---
[POST DEBUG] Agentes | g1 antes=299556.585113577 despues=299556.585113577 delta=0
[POST DEBUG] Agentes | g2 antes=24577.2074432114 despues=24577.2074432114 delta=0
[POST DEBUG] Agentes | g antes=174355.5 despues=174355.5 delta=0
[POST DEBUG] Agentes | costoFalla antes=0 despues=0 delta=0
[POST DEBUG] --- DESPUÉS DE DESPACHO ---
[POST DEBUG] Despacho | g1 antes=299556.585113577 despues=299556.585113577 delta=0
[POST DEBUG] Despacho | g2 antes=24577.2074432114 despues=24577.2074432114 delta=0
[POST DEBUG] Despacho | g antes=174355.5 despues=174355.5 delta=0
[POST DEBUG] Despacho | costoFalla antes=0 despues=0 delta=0
[POST DEBUG] --- TOTAL ANTES VS FINAL ---
[POST DEBUG] Final | g1 antes=299556.585113577 despues=299556.585113577 delta=0
[POST DEBUG] Final | g2 antes=24577.2074432114 despues=24577.2074432114 delta=0
[POST DEBUG] Final | g antes=174355.5 despues=174355.5 delta=0
[POST DEBUG] Final | costoFalla antes=0 despues=0 delta=0
[POST DEBUG] valorFOOriginal = 410779.552530186
[POST DEBUG] valorFOPostProcesado = 410779.552530186
[POST DEBUG] deltaFO = -1.74622982740402e-10
[POST DEBUG] ===== FIN POSTPROCESAMIENTO GLOBAL =====

[32m[success] Post-procesamiento completado. Nuevo valor F.O.: 410779.552530186076183[0m
[VERIF ORIGINAL] etapa=postprocesado max_le=27.9109259196092 (a1_salto_grande_tangente_4(67)) max_ge=0 () max_eq=1.80527567863464e-05 (a1_balance(67)) max_lb=0 () max_ub=0 () max_int=1.03917874305637e-10 (a1_varphi44(156)) avg_viol=0.444140514847674 p95_viol=1.35505738461422 p99_viol=11.1449919542835 max_viol_rel=5.12255589313546 max_viol_relact=0.0151343042886753 viol_le_count=1420 viol_ge_count=0 viol_eq_count=252 viol_lb_count=0 viol_ub_count=0 viol_int_count=0 missing_values=0 obj_original_recalc=410779.552530186
[32m[success] Resultados guardados correctamente en /clusteruy/home/mathiasr/generator-aware-row-scaling/results-revision/final-variants/gurobi_sgtm_01pct/resultados/instance077_role_hybrid_postprocesado.csv[0m
> [32m[success] Saliendo del programa...[0m
[32m[success] SystemController destruido[0m
