[32m[success] SystemController creado[0m
> [32m[success] El programa se ha iniciado correctamente[0m
> > [34m[info] Agregando agente Salto Grande[0m
[34m[info] Ingrese costo de agua de Salto Grande:[0m
[34m[info] Ingrese volumen inicial de Salto Grande:[0m
[34m[info] Ingrese aportes de Salto Grande en una sola línea (360 valores):[0m
[info] SaltoGrande: activación de tramos de altura horaria
[32m[success] Se ha creado el agente 'Salto Grande' exitosamente[0m
> > [34m[info] Agregando agente Unidad Térmica Simple[0m
[34m[info] Ingrese potencia máxima de la unidad térmica simple:[0m
[34m[info] Ingrese costo variable de la unidad térmica simple:[0m
[32m[success] Se ha creado el agente 'Unidad Térmica Simple' exitosamente[0m
> > [34m[info] Agregando agente Demanda Fija[0m
[34m[info] Ingrese demandas en una sola línea (360 valores):[0m
[32m[success] Se ha creado el agente 'Demanda Fija' exitosamente[0m
> > [34m[info] Creando despacho de mercado[0m
[34m[info] Modo: despacho de mercado con demanda total explícita[0m
[34m[info] Ingrese cantidad de tramos del despacho de mercado:[0m
[34m[info] Ingrese porcentajes acumulados de los tramos en una sola línea (4 valores):[0m
[34m[info] Ingrese costos marginales de los tramos en una sola línea (4 valores):[0m
[34m[info] Ingrese demanda total en una sola línea (360 valores):[0m
[32m[success] Se ha creado el despacho de mercado exitosamente[0m
> > Set parameter WLSAccessID
Set parameter WLSSecret
Set parameter LicenseID to value 2849920
Academic license 2849920 - for non-commercial use only - registered to ma___@fing.edu.uy
[32m[success] Solver 'Gurobi' configurado | timeout=1800s | mipgap=0.001[0m
> [DEBUG Despacho] j=0 idGen=1 coefParticipacionDespacho=0.5
[DEBUG Despacho] j=1 idGen=2 coefParticipacionDespacho=1

[DEBUG Despacho] Cantidad de generadores = 2
[DEBUG Despacho] j=0 puntero=0xef0300 idGen=1 coefParticipacionDespacho=0.5
[DEBUG Despacho] j=1 puntero=0xef0510 idGen=2 coefParticipacionDespacho=1
[PREPROC] modo plano: 10080 filas tratadas como un unico bloque sin roles (kernel geomean por fila)
[PREPROC PHASES] metadata_s=0.000111991 diagnostico_s=0.0010905 aplicacion_s=0.000899381

------------------------------------------------------------
  PREPROCESAMIENTO MIP - Diagnostico Numerico
------------------------------------------------------------
Rango de coeficientes (toda la matriz):
  max |coef| = 1.249e+10
  min |coef| = 1.964e-04
  proxy rango= 6.361e+13

Diagnostico por bloque:
Bloque              max|coef|      min|coef|      kappa_aprox   vars    alpha     beta      cols      disc_omit aux_omit  escalado
------------------------------------------------------------------------------------------------------------------------------
plano               1.249e+10      1.964e-04      6.36e+13      0       8.02e-03  1.00e+00  0         0         0         SI  (filas=3600, alpha_min=1.96e-04, alpha_max=3.78e-01)

Restriccion(es) global(es): 0 fila(s)
  acoplamiento balance = 0 fila(s)
  global no acoplante  = 0 fila(s)
  rho aprox (solo acoplamiento) = 0.000e+00
  gamma acoplamiento   = 1.000000
  gamma candidato      = 1.000000
  filas acop. escaladas= no
  filas normaliz. fisica= 0
  motivo gamma=1       = rho bajo; no se escala la fila de acoplamiento

ADVERTENCIAS:
  [!] Rango de coeficientes elevado (63613105154966). Riesgo de sensibilidad numerica.
  [!] Bloque 'plano' internamente mal escalado (kappa~63613105154966). Conviene comparar equilibrado interno por filas/columnas.
------------------------------------------------------------

------------------------------------------------------------
  COMPARACION NUMERICA ANTES / DESPUES
------------------------------------------------------------
Indicador                   antes           despues         despues/antes
----------------------------------------------------------------------------
rango global                2.118e+13       6.361e+13       3.004e+00
rho acoplamiento            0.000e+00       0.000e+00       0.000e+00
gamma aplicado              1.000000        1.000000        1.000000

Bloques locales:
Bloque              kappa antes     kappa despues   alpha       beta        filas       cols        disc_omit   aux_omit    escalado
------------------------------------------------------------------------------------------------------------------------------------
plano               2.118e+13       6.361e+13       8.020e-03   1.000e+00   3600        0           0           0           SI

Interpretacion: valores despues/antes menores que 1 indican mejora del proxy.
rho se calcula solo con filas de acoplamiento; las cotas de demanda sobre g quedan fuera.
El escalamiento local activo fue solo por fila: alpha_r = 1/sqrt(M_r*m_r).
------------------------------------------------------------

[PREPROC TIME] variante=matricial_plano_l2 tiempo_s=0.005418681 u=2 K=4 epsMin=1e-09 epsMax=1000000000
[32m[success] Preprocesamiento aplicado.[0m
> [MODELO] rows=10080 cols=6120 nnz=22679
[pipeline] Preprocesamiento seleccionado: Ninguno
[pipeline] Modelo interno sin modificaciones de preprocesamiento.
[pipeline] Estrategia de resolucion seleccionada: Monolitica
[pipeline] Resolviendo monoliticamente.
Set parameter TimeLimit to value 1800
Set parameter MIPGap to value 0.001
Set parameter Seed to value 42
Set parameter Threads to value 16
Gurobi Optimizer version 13.0.1 build v13.0.1rc0 (linux64 - "Debian GNU/Linux 12 (bookworm)")

CPU model: Intel(R) Xeon(R) Gold 6138 CPU @ 2.00GHz, instruction set [SSE2|AVX|AVX2|AVX512]
Thread count: 40 physical cores, 40 logical processors, using up to 16 threads

Non-default parameters:
TimeLimit  1800
MIPGap  0.001
Seed  42
Threads  16

Academic license 2849920 - for non-commercial use only - registered to ma___@fing.edu.uy
Optimize a model with 10080 rows, 6120 columns and 22679 nonzeros (Min)
Model fingerprint: 0x61d3730e
Model has 721 linear objective coefficients
Variable types: 4680 continuous, 1440 integer (1440 binary)
Coefficient statistics:
  Matrix range     [2e-04, 1e+10]
  Objective range  [1e-04, 1e+02]
  Bounds range     [1e+00, 4e+09]
  RHS range        [2e+00, 1e+10]
Warning: Model contains large matrix coefficient range
Warning: Model contains large rhs
Warning: Model contains large bounds
         Consider reformulating model or setting NumericFocus parameter
         to avoid numerical issues.

Found heuristic solution: objective 3.151370e+08
Presolve removed 1687 rows and 618 columns
Presolve time: 0.13s
Presolved: 8393 rows, 5502 columns, 20204 nonzeros
Found heuristic solution: objective 3.148049e+08
Variable types: 4100 continuous, 1402 integer (1402 binary)

Root relaxation: objective -2.935111e+05, 7635 iterations, 0.25 seconds (0.28 work units)

    Nodes    |    Current Node    |     Objective Bounds      |     Work
 Expl Unexpl |  Obj  Depth IntInf | Incumbent    BestBd   Gap | It/Node Time

     0     0 -293511.05    0  103 3.1480e+08 -293511.05   100%     -    0s
H    0     0                    -195249.8014 -293511.05  50.3%     -    0s
H    0     0                    -195252.2414 -293511.05  50.3%     -    0s
     0     0 -293435.32    0  140 -195252.24 -293435.32  50.3%     -    0s
     0     0 -293196.89    0  110 -195252.24 -293196.89  50.2%     -    0s
     0     0 -293196.85    0  110 -195252.24 -293196.85  50.2%     -    0s
H    0     0                    -292320.1165 -293196.85  0.30%     -    0s
     0     0 -293052.79    0   39 -292320.12 -293052.79  0.25%     -    0s
     0     0 -293018.56    0   14 -292320.12 -293018.56  0.24%     -    0s
*    0     0               0    -292998.2935 -292998.29  0.00%     -    0s

Cutting planes:
  Gomory: 101
  Flow cover: 4
  RLT: 2
  BQP: 1

Explored 1 nodes (8130 simplex iterations) in 0.64 seconds (0.58 work units)
Thread count was 16 (of 40 available processors)

Solution count 6: -292998 -292320 -195252 ... 3.15137e+08
No other solutions better than -292998

Optimal solution found (tolerance 1.00e-03)
Best objective -2.929982934910e+05, best bound -2.929982934910e+05, gap 0.0000%

User-callback calls 782, time in user-callback 0.00 sec
[NUM-KAPPA] kappa_solver=31148 kappa_exact=-1 is_mip=1
[NUM-EFIC] work=1 root_gap=0 root_time=1
[pipeline] Tiempo de resolucion: 0.688213 s
[SOLVE] tiempo_solver_s=0.688223113000000 status=OPTIMAL gap=0.000000000000000 obj=-292998.293490976735484 best_bound=-292998.293490976735484 nodos=1.000000000000000 iter=8130.000000000000000 primal_integral=0.620191067485314
[VERIF ORIGINAL] etapa=solver_desescalado max_le=1.13686837721616e-13 (a1_salto_grande_tangente_3(183)) max_ge=0 () max_eq=6.8172812461853e-07 (a1_balance(254)) max_lb=0 () max_ub=0 () max_int=0 () avg_viol=6.82637518564342e-09 p95_viol=5.6843418860808e-14 p99_viol=2.57045030593872e-07 max_viol_rel=2.96651592179842e-13 max_viol_relact=1.92133285457682e-14 viol_le_count=0 viol_ge_count=0 viol_eq_count=0 viol_lb_count=0 viol_ub_count=0 viol_int_count=0 missing_values=0 obj_original_recalc=-292998.293490977
[32m[success] Resultados guardados correctamente en /clusteruy/home/mathiasr/generator-aware-row-scaling/results-revision/final-variants/gurobi_sgtm_01pct/resultados/instance022_matricial_plano_l2.csv[0m
[32m[success] Archivo CSV generado correctamente[0m

[POST DEBUG] ===== INICIO POSTPROCESAMIENTO GLOBAL =====

[SG POST] ===== Diagnóstico SaltoGrande =====
[SG POST] periodos = 360
[SG POST] periodosPotenciaRealMayorMIP = 337
[SG POST] periodosPotenciaRealMenorMIP = 22
[SG POST] periodosConWhile = 337
[SG POST] cantidadWhile = 2612086
[SG POST] periodosConErrorFinal = 22
[SG POST] sumaGMip = 202198
[SG POST] sumaGRealInicial = 208283.374777623
[SG POST] sumaGRealFinal = 202190.14203045
[SG POST] sumaDeltaGInicial = 6085.3747776236
[SG POST] sumaDeltaGFinal = -7.85796955002209
[SG POST] maxAbsDeltaGInicial = 61.6011710847451
[SG POST] maxAbsDeltaGFinal = 3.5722985684157
[SG POST] sumaDeltaX = -26120.8600005038
[SG POST] sumaDeltaY = 26120.8600000002
[SG POST] ===================================

[POST DEBUG] --- DESPUÉS DE AGENTES ---
[POST DEBUG] Agentes | g1 antes=202198 despues=202198 delta=0
[POST DEBUG] Agentes | g2 antes=0 despues=0 delta=0
[POST DEBUG] Agentes | g antes=101099 despues=101099 delta=0
[POST DEBUG] Agentes | costoFalla antes=0 despues=0 delta=0
[POST DEBUG] --- DESPUÉS DE DESPACHO ---
[POST DEBUG] Despacho | g1 antes=202198 despues=202198 delta=0
[POST DEBUG] Despacho | g2 antes=0 despues=0 delta=0
[POST DEBUG] Despacho | g antes=101099 despues=101099 delta=0
[POST DEBUG] Despacho | costoFalla antes=0 despues=0 delta=0
[POST DEBUG] --- TOTAL ANTES VS FINAL ---
[POST DEBUG] Final | g1 antes=202198 despues=202198 delta=0
[POST DEBUG] Final | g2 antes=0 despues=0 delta=0
[POST DEBUG] Final | g antes=101099 despues=101099 delta=0
[POST DEBUG] Final | costoFalla antes=0 despues=0 delta=0
[POST DEBUG] valorFOOriginal = -292998.293490977
[POST DEBUG] valorFOPostProcesado = -292998.293490977
[POST DEBUG] deltaFO = 0
[POST DEBUG] ===== FIN POSTPROCESAMIENTO GLOBAL =====

[32m[success] Post-procesamiento completado. Nuevo valor F.O.: -292998.293490976735484[0m
[VERIF ORIGINAL] etapa=postprocesado max_le=41.4248901765709 (a1_salto_grande_tangente_3(251)) max_ge=0 () max_eq=2.20369547605515e-05 (a1_balance(251)) max_lb=0 () max_ub=0 () max_int=0 () avg_viol=0.664995824623737 p95_viol=2.14737781499804 p99_viol=21.8468659058154 max_viol_rel=7.70747495943652 max_viol_relact=0.0258229804505328 viol_le_count=2056 viol_ge_count=0 viol_eq_count=204 viol_lb_count=0 viol_ub_count=0 viol_int_count=0 missing_values=0 obj_original_recalc=-292998.293490977
[32m[success] Resultados guardados correctamente en /clusteruy/home/mathiasr/generator-aware-row-scaling/results-revision/final-variants/gurobi_sgtm_01pct/resultados/instance022_matricial_plano_l2_postprocesado.csv[0m
> [32m[success] Saliendo del programa...[0m
[32m[success] SystemController destruido[0m
