[32m[success] SystemController creado[0m
> [32m[success] El programa se ha iniciado correctamente[0m
> > [34m[info] Agregando agente Salto Grande[0m
[34m[info] Ingrese costo de agua de Salto Grande:[0m
[34m[info] Ingrese volumen inicial de Salto Grande:[0m
[34m[info] Ingrese aportes de Salto Grande en una sola línea (360 valores):[0m
[info] SaltoGrande: activación de tramos de altura horaria
[32m[success] Se ha creado el agente 'Salto Grande' exitosamente[0m
> > [34m[info] Agregando agente Unidad Térmica Simple[0m
[34m[info] Ingrese potencia máxima de la unidad térmica simple:[0m
[34m[info] Ingrese costo variable de la unidad térmica simple:[0m
[32m[success] Se ha creado el agente 'Unidad Térmica Simple' exitosamente[0m
> > [34m[info] Agregando agente Demanda Fija[0m
[34m[info] Ingrese demandas en una sola línea (360 valores):[0m
[32m[success] Se ha creado el agente 'Demanda Fija' exitosamente[0m
> > [34m[info] Creando despacho de mercado[0m
[34m[info] Modo: despacho de mercado con demanda total explícita[0m
[34m[info] Ingrese cantidad de tramos del despacho de mercado:[0m
[34m[info] Ingrese porcentajes acumulados de los tramos en una sola línea (4 valores):[0m
[34m[info] Ingrese costos marginales de los tramos en una sola línea (4 valores):[0m
[34m[info] Ingrese demanda total en una sola línea (360 valores):[0m
[32m[success] Se ha creado el despacho de mercado exitosamente[0m
> > Set parameter WLSAccessID
Set parameter WLSSecret
Set parameter LicenseID to value 2849920
Academic license 2849920 - for non-commercial use only - registered to ma___@fing.edu.uy
[32m[success] Solver 'Gurobi' configurado | timeout=1800s | mipgap=0.001[0m
> [DEBUG Despacho] j=0 idGen=1 coefParticipacionDespacho=0.5
[DEBUG Despacho] j=1 idGen=2 coefParticipacionDespacho=1

[DEBUG Despacho] Cantidad de generadores = 2
[DEBUG Despacho] j=0 puntero=0x1ea4300 idGen=1 coefParticipacionDespacho=0.5
[DEBUG Despacho] j=1 puntero=0x1ea4510 idGen=2 coefParticipacionDespacho=1
[PREPROC] modo plano: 10080 filas tratadas como un unico bloque sin roles (kernel geomean por fila)
[PREPROC PHASES] metadata_s=9.5252e-05 diagnostico_s=0.00119889 aplicacion_s=0.001089012

------------------------------------------------------------
  PREPROCESAMIENTO MIP - Diagnostico Numerico
------------------------------------------------------------
Rango de coeficientes (toda la matriz):
  max |coef| = 1.224e+10
  min |coef| = 1.964e-04
  proxy rango= 6.234e+13

Diagnostico por bloque:
Bloque              max|coef|      min|coef|      kappa_aprox   vars    alpha     beta      cols      disc_omit aux_omit  escalado
------------------------------------------------------------------------------------------------------------------------------
plano               1.224e+10      1.964e-04      6.23e+13      0       8.67e-03  1.00e+00  0         0         0         SI  (filas=3600, alpha_min=1.96e-04, alpha_max=3.78e-01)

Restriccion(es) global(es): 0 fila(s)
  acoplamiento balance = 0 fila(s)
  global no acoplante  = 0 fila(s)
  rho aprox (solo acoplamiento) = 0.000e+00
  gamma acoplamiento   = 1.000000
  gamma candidato      = 1.000000
  filas acop. escaladas= no
  filas normaliz. fisica= 0
  motivo gamma=1       = rho bajo; no se escala la fila de acoplamiento

ADVERTENCIAS:
  [!] Rango de coeficientes elevado (62335555772250). Riesgo de sensibilidad numerica.
  [!] Bloque 'plano' internamente mal escalado (kappa~62335555772250). Conviene comparar equilibrado interno por filas/columnas.
------------------------------------------------------------

------------------------------------------------------------
  COMPARACION NUMERICA ANTES / DESPUES
------------------------------------------------------------
Indicador                   antes           despues         despues/antes
----------------------------------------------------------------------------
rango global                2.535e+13       6.234e+13       2.459e+00
rho acoplamiento            0.000e+00       0.000e+00       0.000e+00
gamma aplicado              1.000000        1.000000        1.000000

Bloques locales:
Bloque              kappa antes     kappa despues   alpha       beta        filas       cols        disc_omit   aux_omit    escalado
------------------------------------------------------------------------------------------------------------------------------------
plano               2.535e+13       6.234e+13       8.674e-03   1.000e+00   3600        0           0           0           SI

Interpretacion: valores despues/antes menores que 1 indican mejora del proxy.
rho se calcula solo con filas de acoplamiento; las cotas de demanda sobre g quedan fuera.
El escalamiento local activo fue solo por fila: alpha_r = 1/sqrt(M_r*m_r).
------------------------------------------------------------

[PREPROC TIME] variante=matricial_plano_l2 tiempo_s=0.005988016 u=2 K=4 epsMin=1e-09 epsMax=1000000000
[32m[success] Preprocesamiento aplicado.[0m
> [MODELO] rows=10080 cols=6120 nnz=22679
[pipeline] Preprocesamiento seleccionado: Ninguno
[pipeline] Modelo interno sin modificaciones de preprocesamiento.
[pipeline] Estrategia de resolucion seleccionada: Monolitica
[pipeline] Resolviendo monoliticamente.
Set parameter TimeLimit to value 1800
Set parameter MIPGap to value 0.001
Set parameter Seed to value 42
Set parameter Threads to value 16
Gurobi Optimizer version 13.0.1 build v13.0.1rc0 (linux64 - "Debian GNU/Linux 12 (bookworm)")

CPU model: Intel(R) Xeon(R) Gold 6138 CPU @ 2.00GHz, instruction set [SSE2|AVX|AVX2|AVX512]
Thread count: 40 physical cores, 40 logical processors, using up to 16 threads

Non-default parameters:
TimeLimit  1800
MIPGap  0.001
Seed  42
Threads  16

Academic license 2849920 - for non-commercial use only - registered to ma___@fing.edu.uy
Optimize a model with 10080 rows, 6120 columns and 22679 nonzeros (Min)
Model fingerprint: 0xe46db86d
Model has 721 linear objective coefficients
Variable types: 4680 continuous, 1440 integer (1440 binary)
Coefficient statistics:
  Matrix range     [2e-04, 1e+10]
  Objective range  [3e-03, 1e+02]
  Bounds range     [1e+00, 4e+09]
  RHS range        [4e+01, 1e+10]
Warning: Model contains large matrix coefficient range
Warning: Model contains large rhs
Warning: Model contains large bounds
         Consider reformulating model or setting NumericFocus parameter
         to avoid numerical issues.

Found heuristic solution: objective 6.002862e+08
Presolve removed 1167 rows and 389 columns
Presolve time: 0.08s
Presolved: 8913 rows, 5731 columns, 21367 nonzeros
Variable types: 4306 continuous, 1425 integer (1425 binary)

Root relaxation: objective 1.699947e+05, 5342 iterations, 0.11 seconds (0.13 work units)

    Nodes    |    Current Node    |     Objective Bounds      |     Work
 Expl Unexpl |  Obj  Depth IntInf | Incumbent    BestBd   Gap | It/Node Time

     0     0 169994.691    0  927 6.0029e+08 169994.691   100%     -    0s
H    0     0                    9301474.8575 169994.691  98.2%     -    0s
H    0     0                    449446.96709 211916.463  52.8%     -    0s
     0     0 212754.904    0 1018 449446.967 212754.904  52.7%     -    0s
     0     0 212754.904    0 1023 449446.967 212754.904  52.7%     -    0s
     0     0 213594.814    0 1023 449446.967 213594.814  52.5%     -    0s
     0     0 221246.389    0 1027 449446.967 221246.389  50.8%     -    1s
     0     0 221658.972    0 1027 449446.967 221658.972  50.7%     -    1s
     0     0 221682.881    0 1027 449446.967 221682.881  50.7%     -    1s
     0     0 221683.125    0 1027 449446.967 221683.125  50.7%     -    1s
     0     0 223110.499    0 1033 449446.967 223110.499  50.4%     -    1s
     0     0 235846.137    0 1033 449446.967 235846.137  47.5%     -    1s
     0     0 235846.137    0 1027 449446.967 235846.137  47.5%     -    1s
H    0     0                    449169.57561 235846.137  47.5%     -    1s
     0     0 235846.137    0 1025 449169.576 235846.137  47.5%     -    1s
     0     0 235846.137    0 1025 449169.576 235846.137  47.5%     -    1s
     0     0 235846.137    0 1020 449169.576 235846.137  47.5%     -    2s
     0     0 235846.137    0 1020 449169.576 235846.137  47.5%     -    2s
     0     0 235846.137    0 1020 449169.576 235846.137  47.5%     -    2s
     0     2 235846.137    0 1020 449169.576 235846.137  47.5%     -    2s
H    3     2                    444406.63614 235846.137  46.9%   878    2s
H   12     4                    441073.65573 235846.137  46.5%  1020    3s
H   13     4                    440179.94658 235846.137  46.4%   941    3s
    33     7 235846.137   11 1009 440179.947 235846.137  46.4%   730    5s
H   64    10                    436852.02122 235846.137  46.0%   667    6s
   506    40 430402.038   39   63 436852.021 235846.137  46.0%   173   10s
H 1136   261                    436777.86343 237485.308  45.6%  98.8   12s
H 1147   261                    436143.42443 237485.308  45.5%  98.0   12s
H 1166   261                    436139.92919 237725.190  45.5%  96.5   12s
H 2241   795                    436139.92912 241285.370  44.7%  69.9   14s
H 2246   795                    436139.92900 241285.370  44.7%  70.0   14s
H 2268   795                    435600.85613 241285.370  44.6%  70.3   14s
H 2303   795                    435376.84134 241285.370  44.6%  69.5   14s
  2717  1064 245538.309   67  951 435376.841 245538.309  43.6%  62.1   15s
H 2775   982                    433629.24626 245816.632  43.3%  62.0   15s
H 2890   913                    433205.56797 245816.632  43.3%  60.4   15s
H 2894   880                    430820.50613 246090.089  42.9%  61.0   15s
H 2899   880                    430303.96038 246090.089  42.8%  60.9   15s
H 2906   880                    429510.91987 246090.089  42.7%  61.5   15s
H 3241   857                    428872.98561 250611.592  41.6%  57.0   17s
H 3241   825                    428054.93115 250611.592  41.5%  57.0   18s
  3244   823 427824.271  183  995 428054.931 250611.592  41.5%  57.0   20s
H 3246   783                    425616.30087 250611.592  41.1%  56.9   21s
  3255   790 250611.592   15 1267 425616.301 250611.592  41.1%  59.5   25s
  3288   779 250611.592   28 1251 425616.301 250611.592  41.1%  68.4   30s
  3369   756     cutoff   56      425616.301 250611.592  41.1%  88.1   35s
H 3558   722                    422762.59526 257365.862  39.1%   103   39s
  3687   751     cutoff   92      422762.595 257575.450  39.1%   100   40s
H 4004   673                    422124.66100 257575.450  39.0%  95.7   41s
H 4006   636                    420110.61945 257575.450  38.7%  95.6   41s
H 4562   582                    418670.52249 263694.988  37.0%  94.2   45s
H 4596   539                    417797.02043 263694.988  36.9%  93.8   45s
H 5726  1045                    416998.52655 273273.621  34.5%  84.7   48s
H 5833  1170                    415441.76340 273273.621  34.2%  83.6   49s
H 5959  1139                    414758.36548 273273.621  34.1%  82.2   49s
  6532  1857 407487.436  235  267 414758.365 279503.298  32.6%  77.7   50s
* 9010  2616             471    413219.73255 288898.917  30.1%  67.4   52s
H 9603  2822                    413187.49605 295351.719  28.5%  70.9   54s
H 9620  2790                    412683.86593 295351.719  28.4%  70.8   54s
H 9682  2783                    412560.69511 295351.719  28.4%  70.8   54s
  9982  3101 398322.062  219  228 412560.695 297417.823  27.9%  71.0   55s
H10574  3102                    411979.40149 300566.590  27.0%  72.0   56s
 12749  4189     cutoff  169      411979.401 302078.044  26.7%  67.6   60s
H12752  4121                    411262.61561 302078.044  26.5%  67.6   60s
 18175  7093 335206.817  189  434 411262.616 307333.756  25.3%  57.0   65s
 24152  9571 407605.728  145  377 411262.616 312754.980  24.0%  49.6   70s
H26467  9901                    411262.61555 313358.726  23.8%  47.7   72s
H26506  9996                    411234.20299 313358.726  23.8%  47.8   72s
 28446 11355 349421.189  142  385 411234.203 315100.897  23.4%  45.9   75s
H34209 12857                    411234.20171 317958.989  22.7%  42.1   79s
 34230 12965 407018.398  321   69 411234.202 317958.989  22.7%  42.3   80s
*34323 12931             397    411050.99900 317958.989  22.6%  42.3   80s
*34562 12888             382    410887.34098 318301.952  22.5%  42.7   80s
 38024 14769 348495.039  235  343 410887.341 318758.476  22.4%  43.4   85s
 41466 15563 389081.108  295 1020 410887.341 320505.971  22.0%  41.7  109s
 41468 15564 396094.482  172 1022 410887.341 320505.971  22.0%  41.7  111s
 41473 15568 407827.144  208 1278 410887.341 320505.971  22.0%  41.7  115s
 41480 15572 348422.868  179 1244 410887.341 320505.971  22.0%  41.7  120s
 41487 15577 349720.928  246 1237 410887.341 320505.971  22.0%  41.7  125s
 41492 15580 397732.032  205 1237 410887.341 320505.971  22.0%  41.7  130s
 41500 15586 327110.136  146 1237 410887.341 320505.971  22.0%  41.7  135s
 41508 15591 381167.967  261 1237 410887.341 320505.971  22.0%  41.7  142s
 41518 15591 320505.971   33 1240 410887.341 320505.971  22.0%  42.2  145s
 41568 15576     cutoff   48      410887.341 320505.971  22.0%  43.2  150s
 41766 15519     cutoff   66      410887.341 320505.971  22.0%  44.6  155s
 41966 15458 357971.456   77  755 410887.341 320505.971  22.0%  46.4  160s
 42278 15412 398941.170  141  391 410887.341 320505.971  22.0%  47.6  165s
 42860 15447 397464.962   99  446 410887.341 320505.971  22.0%  48.3  170s
 43962 15474 398166.781  134  363 410887.341 320505.971  22.0%  49.6  175s
 45367 15772 393245.309  113  364 410887.341 320505.971  22.0%  51.1  180s
H46931 15082                    410775.55022 320505.971  22.0%  51.2  182s
 47991 15149 406281.830  304  163 410775.550 320505.971  22.0%  51.6  185s
 49484 15643 369796.086  120  336 410775.550 320505.971  22.0%  51.2  190s
 52931 15328 374093.386  138  317 410775.550 329097.683  19.9%  51.0  195s
 55574 15318 377111.531  232  357 410775.550 335852.196  18.2%  51.4  200s
 60069 15337 353379.577  139  368 410775.550 341920.321  16.8%  50.0  205s
 64021 15274 377676.155  179  280 410775.550 344932.811  16.0%  49.9  211s
 69626 15380 376421.373  183  301 410775.550 349435.828  14.9%  49.2  215s
 74548 15333 385794.909  194  240 410775.550 350882.956  14.6%  48.1  220s
 80725 14508 410199.002  292   84 410775.550 354540.546  13.7%  47.4  225s
 83865 14569 398621.712  215  202 410775.550 357644.303  12.9%  48.0  231s
 88678 15475 387212.642  177  315 410775.550 359841.523  12.4%  48.0  236s
 93976 16711 391582.215  205  246 410775.550 361675.234  12.0%  47.9  241s
 99758 18436 394259.079  240  199 410775.550 364466.490  11.3%  47.2  245s
 104720 19813 409432.938  240  150 410775.550 366054.353  10.9%  47.0  251s
 110484 21542 388245.292  265  141 410775.550 367602.060  10.5%  46.3  255s
 117270 23157 403432.922  248  112 410775.550 369162.541  10.1%  45.4  260s
 121602 24240 400809.807  187  253 410775.550 370200.406  9.88%  45.1  265s
 125328 25687 387090.485  211  205 410775.550 371119.065  9.65%  45.1  270s
 132779 26941 407694.923  247  109 410775.550 372410.739  9.34%  44.6  275s
 138300 28612 391089.004  201  185 410775.550 373333.428  9.11%  44.2  280s
 144923 29518 399669.203  144  221 410775.550 374092.560  8.93%  43.8  285s
 146998 30894 380042.308  207  224 410775.550 374352.238  8.87%  44.1  291s
 154120 31800 408135.731  286   89 410775.550 375285.173  8.64%  43.5  295s
 159949 33453 390371.267  182  299 410775.550 376022.059  8.46%  43.3  301s
 165346 34665     cutoff  193      410775.550 376655.649  8.31%  42.9  305s
 168287 35570 409936.434  160  249 410775.550 376881.556  8.25%  42.8  310s
 176917 37131 379964.821  205  202 410775.550 377910.948  8.00%  42.4  316s
 181968 38059 400157.101  192  311 410775.550 378398.470  7.88%  42.3  320s
 188025 39122 381750.372  230  243 410775.550 379043.046  7.73%  42.2  326s
 192354 40152     cutoff  176      410775.550 379444.425  7.63%  42.0  330s
 197382 41040 383222.723  204  254 410775.550 379930.183  7.51%  42.0  335s
 203310 42128 386427.064  154  270 410775.550 380326.158  7.41%  42.0  340s
 208137 43051 382509.465  216  204 410775.550 380748.361  7.31%  41.9  345s
 213200 44104 392550.262  192  250 410775.550 381281.684  7.18%  41.9  350s
 219982 45011 406507.034  260   91 410775.550 381787.796  7.06%  41.8  355s
 226150 46022 383796.604  159  358 410775.550 382229.843  6.95%  41.7  361s
H226166 46022                    410775.55011 382229.843  6.95%  41.7  361s
 229221 46918 384394.699  223  252 410775.550 382401.996  6.91%  41.7  365s
 232530 47752 402540.885  222  139 410775.550 382650.967  6.85%  41.6  370s
 240933 48731 397701.904  196  230 410775.550 383074.842  6.74%  41.4  375s
 246672 49685 400575.650  199  146 410775.550 383564.123  6.62%  41.4  381s
 251919 50672     cutoff  169      410775.550 383886.514  6.55%  41.3  386s
 256456 51748 391946.166  227  214 410775.550 384109.460  6.49%  41.2  390s
 263715 53039     cutoff  184      410775.550 384554.539  6.38%  41.0  396s
 267636 53952 394903.104  169  191 410775.550 384703.621  6.35%  41.1  400s
 272497 54858 397892.258  178  250 410775.550 384977.085  6.28%  41.1  405s
 278892 55935 408935.905  135  348 410775.550 385284.776  6.21%  41.0  411s
 284048 56567 401494.706  188  131 410775.550 385563.140  6.14%  40.9  415s
 289985 57838 389575.232  158  209 410775.550 385813.266  6.08%  41.0  421s
 295467 58564 403990.299  220  158 410775.550 386052.637  6.02%  40.9  426s
 298918 59519 394546.855  149  247 410775.550 386234.669  5.97%  40.8  430s
 303707 60385 406656.007  232   96 410775.550 386385.375  5.94%  40.9  435s
 308702 60983 393072.233  203  207 410775.550 386630.434  5.88%  40.8  440s
 312212 61747 390948.420  144  294 410775.550 386775.502  5.84%  40.8  445s
 317198 62571 388925.488  200  205 410775.550 387050.676  5.78%  40.9  450s
 321609 64075 405334.253  220  150 410775.550 387264.021  5.72%  40.9  455s
 327250 65153 398897.538  189  171 410775.550 387480.605  5.67%  40.8  460s
 332638 66096 392800.482  208  331 410775.550 387672.908  5.62%  40.8  465s
 337088 67286 404105.069  196  149 410775.550 387842.958  5.58%  40.8  470s
 342000 68499 406142.256  138  314 410775.550 388036.666  5.54%  40.9  476s
 348082 69520 400985.841  147  301 410775.550 388262.378  5.48%  40.9  481s
 352475 70847     cutoff  168      410775.550 388401.559  5.45%  41.0  486s
 357790 72138 409027.244  245  172 410775.550 388629.713  5.39%  41.0  491s
 362888 73129 397331.393  181  187 410775.550 388748.644  5.36%  41.0  496s
 367593 74388     cutoff  146      410775.550 388919.798  5.32%  41.0  500s
 372509 75246 407451.168  192  166 410775.550 389062.921  5.29%  41.1  505s
 378123 76478 392068.591  202  259 410775.550 389255.977  5.24%  41.1  511s
 383216 77479 405336.221  153  220 410775.550 389430.126  5.20%  41.0  515s
 385784 78142 403362.057  218  124 410775.550 389499.302  5.18%  41.1  521s
 389676 79160 400881.228  166  240 410775.550 389591.987  5.16%  41.0  525s
 395026 80191     cutoff  241      410775.550 389735.420  5.12%  41.0  530s
 401110 81842     cutoff  205      410775.550 389933.207  5.07%  41.0  537s
 406103 82652 406639.926  211  165 410775.550 390097.941  5.03%  40.9  541s
 409730 83917     cutoff  144      410775.550 390207.837  5.01%  41.0  545s
 416739 85246 408718.835  230  153 410775.550 390352.728  4.97%  41.0  551s
 419248 85897 401703.286  158  324 410775.550 390443.005  4.95%  41.0  555s
 424307 86738 400417.806  149  267 410775.550 390581.543  4.92%  41.0  560s
 428218 87898 401708.586  140  249 410775.550 390670.792  4.89%  41.1  565s
 433718 89083 395605.737  144  235 410775.550 390828.238  4.86%  41.1  570s
 440673 90659 392226.374  206  199 410775.550 390975.855  4.82%  41.0  576s
 445335 91405 393641.124  165  329 410775.550 391083.968  4.79%  41.1  580s
 449180 92539     cutoff  176      410775.550 391155.817  4.78%  41.1  585s
 454311 93806 401185.334  151  294 410775.550 391258.137  4.75%  41.1  590s
 459208 94854 405466.691  138  268 410775.550 391386.855  4.72%  41.2  595s
 464138 96202 399734.169  157  264 410775.550 391467.080  4.70%  41.2  600s
 467387 97079 405708.698  202  133 410775.550 391534.749  4.68%  41.2  606s
 470749 97881 406880.242  173  168 410775.550 391595.358  4.67%  41.2  610s
 478356 99252 395365.969  150  251 410775.550 391726.338  4.64%  41.3  615s
 482938 100240 408116.467  206  174 410775.550 391821.794  4.61%  41.4  620s
 485580 101287 406702.661  241   94 410775.550 391879.679  4.60%  41.4  625s
 494148 102726 392299.456  138  294 410775.550 392042.467  4.56%  41.4  631s
 498928 103891 408817.519  229  167 410775.550 392139.732  4.54%  41.4  635s
 503551 104918 infeasible  179      410775.550 392192.908  4.52%  41.4  640s
 508650 105835 409189.990  174  215 410775.550 392267.108  4.51%  41.5  645s
 512616 106971 402974.849  166  168 410775.550 392352.991  4.48%  41.6  650s
 517472 107881 406782.378  225  171 410775.550 392450.998  4.46%  41.6  655s
 522210 109047 408310.056  179  177 410775.550 392533.296  4.44%  41.7  660s
 527200 110004 396064.209  204  172 410775.550 392624.461  4.42%  41.8  667s
 530011 110709 403020.609  157  369 410775.550 392662.068  4.41%  41.7  670s
 534692 111871 409662.950  148  249 410775.550 392738.817  4.39%  41.8  675s
 541253 113182 406280.532  196  322 410775.550 392847.724  4.36%  41.8  681s
 546216 114197 396909.975  175  336 410775.550 392939.287  4.34%  41.9  686s
 549034 115094 infeasible  149      410775.550 392979.245  4.33%  41.9  690s
 555766 116171 396064.253  157  371 410775.550 393079.204  4.31%  42.0  695s
 560507 117237 394355.246  147  312 410775.550 393147.021  4.29%  42.1  700s
 565647 118411 397753.228  247  127 410775.550 393224.516  4.27%  42.1  705s
 570591 119535 395150.730  145  250 410775.550 393297.102  4.25%  42.1  711s
 575019 120621 401386.480  134  234 410775.550 393347.732  4.24%  42.2  715s
 579932 121810 infeasible  208      410775.550 393425.039  4.22%  42.2  720s
 584548 122680 395283.359  154  363 410775.550 393498.832  4.21%  42.3  725s
 589661 123529 408808.132  180  186 410775.550 393570.991  4.19%  42.3  730s
 592578 124565     cutoff  160      410775.550 393620.184  4.18%  42.4  735s
 597576 125941 409793.092  117  300 410775.550 393683.163  4.16%  42.4  740s
 604174 127230     cutoff  174      410775.550 393784.392  4.14%  42.4  746s
H606890 127645                    410767.71433 393814.302  4.13%  42.5  749s
 607117 127867 399566.248  156  296 410767.714 393829.419  4.12%  42.5  750s
 611725 128847     cutoff  169      410767.714 393896.762  4.11%  42.6  755s
 616428 129793 408723.881  235  164 410767.714 393954.572  4.09%  42.6  760s
 621049 130878 401690.049  165  217 410767.714 394020.342  4.08%  42.7  765s
 626667 132539 401539.168  177  354 410767.714 394096.458  4.06%  42.7  771s
 631320 133635     cutoff  140      410767.714 394163.960  4.04%  42.8  776s
 635326 134258     cutoff  195      410767.714 394207.078  4.03%  42.8  780s
 641303 135563     cutoff  173      410767.714 394287.122  4.01%  42.9  786s
 644999 136771 404853.086  123  379 410767.714 394345.453  4.00%  43.0  791s
 650230 137851 403957.305  263  103 410767.714 394413.256  3.98%  43.0  796s
 655401 138873 402792.600  160  213 410767.714 394493.564  3.96%  43.0  801s
 660149 139791 403847.400  148  239 410767.714 394553.368  3.95%  43.2  806s
 663595 140388 403170.013  166  201 410767.714 394603.942  3.94%  43.2  810s
 669854 141891 409306.574  160  249 410767.714 394677.900  3.92%  43.2  816s
 675002 142746 infeasible  212      410767.714 394736.340  3.90%  43.3  821s
 676253 143395     cutoff  192      410767.714 394750.225  3.90%  43.3  825s
 682692 144365 400267.669  143  318 410767.714 394834.008  3.88%  43.4  831s
 687740 145514 408369.070  267   73 410767.714 394887.660  3.87%  43.4  836s
 692498 146579     cutoff  163      410767.714 394952.289  3.85%  43.4  840s
 696584 147390 400290.891  173  343 410767.714 395001.880  3.84%  43.5  845s
 701350 148233 400430.781  139  323 410767.714 395058.323  3.82%  43.5  850s
 706076 149049 407908.006  222  128 410767.714 395119.796  3.81%  43.6  855s
 711120 150275 410274.483  145  295 410767.714 395172.967  3.80%  43.6  860s
 715730 151346 407150.425  159  241 410767.714 395224.836  3.78%  43.6  865s
 721467 152807     cutoff  133      410767.714 395282.190  3.77%  43.7  872s
 724139 153440     cutoff  209      410767.714 395324.185  3.76%  43.8  875s
 729153 154500 404957.223  249   88 410767.714 395383.884  3.75%  43.8  880s
 735938 156015 400847.764  144  323 410767.714 395462.227  3.73%  43.8  886s
 740957 156833 399573.844  143  256 410767.714 395514.372  3.71%  43.8  890s
 745650 157917 409038.792  226  127 410767.714 395577.269  3.70%  43.9  896s
 750362 159103     cutoff  173      410767.714 395627.129  3.69%  43.9  901s
 753573 159640 408145.471  159  281 410767.714 395673.129  3.67%  43.9  905s
 757928 160135 404090.430  148  315 410767.714 395721.009  3.66%  44.0  910s
 758749 160414 397904.379  162  366 410767.714 395721.128  3.66%  44.0  915s
 764085 161442     cutoff  171      410767.714 395782.267  3.65%  44.1  921s
 768116 162228 400535.837  130  342 410767.714 395832.285  3.64%  44.1  926s
 772781 163209 408834.639  275   54 410767.714 395903.874  3.62%  44.2  931s
 777641 164334 401962.860  161  203 410767.714 395959.784  3.60%  44.2  935s
 782692 165277     cutoff  165      410767.714 396018.103  3.59%  44.2  940s
 787395 166151     cutoff  197      410767.714 396070.510  3.58%  44.2  945s
 792599 167131 infeasible  201      410767.714 396128.458  3.56%  44.3  950s
 797090 168216     cutoff  192      410767.714 396173.155  3.55%  44.3  955s
 801534 168969 407022.362  214  149 410767.714 396199.442  3.55%  44.3  960s
 807727 170010     cutoff  159      410767.714 396292.096  3.52%  44.4  966s
 810469 171008 402230.199  157  274 410767.714 396321.813  3.52%  44.4  972s
 815589 171502 400484.379  143  342 410767.714 396373.490  3.50%  44.5  975s
 820248 172320 407351.025  234   95 410767.714 396444.577  3.49%  44.6  980s
 825184 173405 409205.482  232   94 410767.714 396484.945  3.48%  44.6  985s
 830890 174235 403058.086  119  398 410767.714 396549.354  3.46%  44.7  991s
 836039 175232 399120.486  156  356 410767.714 396609.759  3.45%  44.8  996s
 839039 176041 infeasible  169      410767.714 396644.332  3.44%  44.8 1000s
 843975 177114 406262.748  151  297 410767.714 396706.750  3.42%  44.8 1005s
 850717 178099 406514.951  206  186 410767.714 396821.731  3.40%  44.8 1011s
 855178 178660     cutoff  198      410767.714 396879.388  3.38%  44.9 1016s
 858982 179118 409417.007  167  317 410767.714 396960.506  3.36%  44.9 1020s
 862937 180115 403578.081  197  180 410767.714 397006.774  3.35%  45.0 1025s
 869723 181410 408249.378  188  338 410767.714 397085.128  3.33%  45.0 1031s
 874501 182270 410560.856  163  247 410767.714 397141.068  3.32%  45.1 1036s
 879370 183134     cutoff  197      410767.714 397190.393  3.31%  45.1 1041s
 883663 183870 399673.762  130  350 410767.714 397240.175  3.29%  45.1 1045s
 888164 184532 406138.014  141  303 410767.714 397269.192  3.29%  45.2 1050s
 892938 185397 408883.571  139  347 410767.714 397328.323  3.27%  45.3 1056s
 893753 185967 404132.632  166  276 410767.714 397338.341  3.27%  45.3 1060s
 896785 186824 infeasible  170      410767.714 397375.212  3.26%  45.3 1065s
 902190 187783 401093.807  260   95 410767.714 397423.140  3.25%  45.4 1070s
 907084 188862 407589.543  161  366 410767.714 397473.425  3.24%  45.4 1075s
 911532 189739 409025.979  219  158 410767.714 397515.683  3.23%  45.5 1080s
 916275 190792 407188.110  171  178 410767.714 397554.564  3.22%  45.5 1085s
 922223 192125 406998.208  170  162 410767.714 397618.318  3.20%  45.6 1091s
 926505 193078 408895.312  150  252 410767.714 397652.960  3.19%  45.6 1096s
 931077 194025 407084.792  189  256 410767.714 397692.576  3.18%  45.6 1100s
 935554 195035     cutoff  140      410767.714 397738.221  3.17%  45.7 1105s
 938636 195878     cutoff  160      410767.714 397768.810  3.16%  45.7 1110s
 943456 196833 398022.459  111  385 410767.714 397809.718  3.15%  45.8 1116s
 947008 197596 405413.222  162  216 410767.714 397836.057  3.15%  45.8 1120s
 952566 198800 403989.214  131  332 410767.714 397907.313  3.13%  45.9 1126s
 957812 199921 405029.365  129  365 410767.714 397948.459  3.12%  45.9 1131s
 960852 200947 400576.746  137  323 410767.714 397977.810  3.11%  46.0 1137s
 964465 201114 409667.662  150  320 410767.714 397998.682  3.11%  46.0 1140s
 970235 202446 401392.076  161  223 410767.714 398055.453  3.09%  46.1 1146s
 973217 203429     cutoff  161      410767.714 398074.729  3.09%  46.1 1150s
 978046 204389 405663.260  149  284 410767.714 398122.249  3.08%  46.1 1155s
 982478 206064 infeasible  211      410767.714 398154.336  3.07%  46.2 1162s
 988709 206714 409990.393  166  198 410767.714 398201.989  3.06%  46.3 1167s
 991301 207548 405701.099  172  169 410767.714 398225.877  3.05%  46.3 1170s
 995514 208502     cutoff  163      410767.714 398256.538  3.05%  46.4 1176s
 1000186 209745 398691.094  139  396 410767.714 398290.522  3.04%  46.4 1181s
 1004992 210953 404516.126  128  331 410767.714 398316.626  3.03%  46.5 1186s
 1009597 211680     cutoff  170      410767.714 398340.634  3.03%  46.5 1191s
 1014082 212737 408718.228  186  335 410767.714 398382.456  3.02%  46.6 1196s
 1018779 213932 399247.033  131  348 410767.714 398417.163  3.01%  46.6 1201s
 1024115 214977 406632.958  239   88 410767.714 398456.866  3.00%  46.7 1206s
 1024757 216228 400352.699  144  390 410767.714 398458.719  3.00%  46.7 1210s
 1031865 217186 405720.736  156  225 410767.714 398510.790  2.98%  46.8 1215s
 1036303 218098     cutoff  177      410767.714 398542.624  2.98%  46.8 1220s
 1042683 219406     cutoff  147      410767.714 398586.654  2.97%  46.9 1225s
 1045772 220306 410247.458  152  315 410767.714 398601.959  2.96%  46.9 1230s
 1048236 221219 398835.098  127  346 410767.714 398627.713  2.96%  47.0 1235s
 1053927 222590 404711.045  162  223 410767.714 398660.625  2.95%  47.0 1241s
 1057119 223201 399999.686  129  342 410767.714 398684.752  2.94%  47.1 1245s
 1062169 224274 405420.056  184  188 410767.714 398718.733  2.93%  47.1 1251s
 1066917 225454 405286.105  157  191 410767.714 398749.157  2.93%  47.2 1256s
 1071559 226466     cutoff  183      410767.714 398777.077  2.92%  47.3 1261s
 1076083 227615     cutoff  164      410767.714 398804.656  2.91%  47.3 1266s
 1080546 228555     cutoff  186      410767.714 398840.933  2.90%  47.3 1271s
 1085490 229866 409543.476  113  257 410767.714 398870.330  2.90%  47.4 1276s
 1089812 231050 infeasible  185      410767.714 398893.671  2.89%  47.4 1282s
 1094081 231757     cutoff  144      410767.714 398915.779  2.89%  47.4 1285s
 1098471 233060     cutoff  171      410767.714 398941.596  2.88%  47.5 1290s
 1102948 234030     cutoff  143      410767.714 398968.151  2.87%  47.6 1295s
 1107426 234935     cutoff  160      410767.714 398996.152  2.87%  47.6 1300s
 1112102 235901 410286.139  163  272 410767.714 399020.182  2.86%  47.7 1306s
 1116871 236790 403847.442  139  318 410767.714 399053.222  2.85%  47.7 1311s
 1120643 237355 infeasible  170      410767.714 399072.437  2.85%  47.8 1315s
 1124075 237939 408631.332  135  388 410767.714 399098.494  2.84%  47.9 1320s
 1126954 238756 409358.548  159  309 410767.714 399119.408  2.84%  47.9 1326s
 1129985 239203     cutoff  269      410767.714 399139.889  2.83%  48.0 1330s
 1135639 240470 409118.692  149  282 410767.714 399173.184  2.82%  48.1 1336s
 1139889 241163 399882.270  129  336 410767.714 399200.282  2.82%  48.1 1341s
 1143783 241695 406773.344  139  247 410767.714 399223.004  2.81%  48.2 1345s
 1144756 242355 410094.446  162  211 410767.714 399231.638  2.81%  48.2 1350s
 1147633 242769 405317.198  148  244 410767.714 399246.411  2.80%  48.3 1356s
 1150060 243295     cutoff  167      410767.714 399263.149  2.80%  48.3 1360s
 1154255 244118 infeasible  155      410767.714 399287.620  2.79%  48.4 1365s
 1158949 244924 405420.846  224  105 410767.714 399315.790  2.79%  48.5 1371s
 1163859 246138 399455.128  170  239 410767.714 399345.615  2.78%  48.5 1376s
 1168273 247078 405454.351  142  303 410767.714 399373.982  2.77%  48.6 1381s
 1170841 247667     cutoff  188      410767.714 399381.790  2.77%  48.6 1385s
 1175607 248652 406883.693  148  347 410767.714 399410.834  2.76%  48.7 1390s
 1180550 249356 400921.061  131  337 410767.714 399441.596  2.76%  48.8 1395s
 1185103 250254 408699.297  143  303 410767.714 399470.831  2.75%  48.8 1401s
 1189715 250789     cutoff  146      410767.714 399497.196  2.74%  48.9 1406s
 1190882 251504 404536.205  144  342 410767.714 399503.939  2.74%  48.9 1410s
 1195877 252876     cutoff  191      410767.714 399530.870  2.74%  49.0 1417s
 1200601 253302 403990.657  162  229 410767.714 399550.587  2.73%  49.1 1421s
 1205488 254271 400874.173  125  358 410767.714 399584.937  2.72%  49.1 1426s
 1209445 254808 409195.414  146  307 410767.714 399604.117  2.72%  49.2 1430s
 1213868 255832     cutoff  220      410767.714 399630.968  2.71%  49.2 1435s
 1218048 257143     cutoff  148      410767.714 399653.241  2.71%  49.3 1442s
 1222525 257641 406632.779  185  230 410767.714 399680.265  2.70%  49.4 1446s
 1226632 258008     cutoff  164      410767.714 399706.381  2.69%  49.4 1450s
 1231445 259247 400409.965  113  362 410767.714 399731.753  2.69%  49.5 1455s
 1236255 260217 infeasible  190      410767.714 399756.218  2.68%  49.5 1460s
 1239263 260876     cutoff  135      410767.714 399776.059  2.68%  49.6 1465s
 1245072 261541 402368.536  139  342 410767.714 399807.617  2.67%  49.7 1470s
 1248424 262479 407192.405  163  247 410767.714 399828.082  2.66%  49.7 1475s
 1253562 263435 402358.950  133  347 410767.714 399851.648  2.66%  49.8 1480s
 1258371 264296 404770.219  199  228 410767.714 399876.974  2.65%  49.8 1485s
 1260177 266025 401203.256  134  341 410767.714 399885.578  2.65%  49.9 1508s
 1272149 266375     cutoff  173      410767.714 399940.766  2.64%  50.3 1511s
 1278122 267281 402945.391  160  273 410767.714 399970.677  2.63%  50.3 1517s
 1282357 267887 409578.145  169  368 410767.714 399992.717  2.62%  50.4 1520s
 1289050 269030     cutoff  174      410767.714 400032.704  2.61%  50.5 1525s
 1296140 270032 407483.706  158  229 410767.714 400068.505  2.60%  50.6 1530s
 1301217 271280 402557.334  134  337 410767.714 400096.766  2.60%  50.7 1536s
 1305774 272166 405408.071  178  196 410767.714 400120.966  2.59%  50.7 1540s
 1312109 273120 405152.072  124  372 410767.714 400152.822  2.58%  50.8 1545s
 1317276 274142 404159.834  171  295 410767.714 400184.572  2.58%  50.9 1551s
 1323046 274861 409873.102  166  169 410767.714 400214.464  2.57%  50.9 1556s
 1328044 275580     cutoff  259      410767.714 400243.056  2.56%  51.0 1561s
 1330827 276224     cutoff  170      410767.714 400263.479  2.56%  51.1 1566s
 1334056 276959 410282.260  180  181 410767.714 400279.826  2.55%  51.1 1570s
 1338927 277837 402102.281  246  139 410767.714 400307.597  2.55%  51.2 1576s
 1344372 278820 401717.184  157  365 410767.714 400335.804  2.54%  51.3 1581s
 1346927 279190     cutoff  181      410767.714 400350.430  2.54%  51.3 1585s
 1351430 279889 408272.139  207  227 410767.714 400374.227  2.53%  51.4 1590s
 1355877 280424     cutoff  163      410767.714 400394.644  2.53%  51.5 1596s
 1359620 280754 407473.562  185  362 410767.714 400417.954  2.52%  51.5 1600s
 1365124 281791 406028.066  178  269 410767.714 400446.605  2.51%  51.6 1606s
 1369193 282549     cutoff  167      410767.714 400474.579  2.51%  51.7 1610s
 1373725 283124 403026.736  118  371 410767.714 400498.566  2.50%  51.8 1615s
 1380323 284174 406513.136  137  347 410767.714 400532.633  2.49%  51.9 1621s
 1385489 285095 403653.803  122  379 410767.714 400558.419  2.49%  51.9 1626s
 1388179 285630 410487.479  188  297 410767.714 400576.006  2.48%  52.0 1631s
 1392476 285893 406725.849  177  185 410767.714 400598.717  2.48%  52.1 1635s
 1394430 286372     cutoff  166      410767.714 400611.300  2.47%  52.1 1640s
 1399412 286833 infeasible  199      410767.714 400631.047  2.47%  52.2 1645s
 1402461 287484 405371.785  152  222 410767.714 400652.468  2.46%  52.3 1650s
 1407601 288388 401146.006  142  262 410767.714 400677.663  2.46%  52.3 1656s
 1410682 289202 409048.918  189  191 410767.714 400693.087  2.45%  52.4 1661s
 1415125 289360     cutoff  163      410767.714 400706.823  2.45%  52.4 1665s
 1418486 289964 406833.191  147  409 410767.714 400729.684  2.44%  52.5 1671s
 1421952 290402 infeasible  149      410767.714 400751.670  2.44%  52.6 1675s
 1427027 291221 infeasible  168      410767.714 400780.396  2.43%  52.7 1681s
 1430463 291719 404739.461  150  239 410767.714 400801.097  2.43%  52.7 1685s
 1435112 292348 408641.319  140  254 410767.714 400818.266  2.42%  52.8 1691s
 1438005 292935     cutoff  245      410767.714 400834.682  2.42%  52.8 1695s
 1442810 293642 409028.433  247   83 410767.714 400860.945  2.41%  52.9 1701s
 1445209 294101 408409.307  241  120 410767.714 400874.495  2.41%  52.9 1705s
 1449341 294479     cutoff  130      410767.714 400891.702  2.40%  53.0 1710s
 1454194 295262 408831.357  159  294 410767.714 400912.166  2.40%  53.1 1716s
 1456658 295473 405887.205  143  324 410767.714 400923.429  2.40%  53.1 1720s
 1457990 295904 403975.668  122  372 410767.714 400929.915  2.39%  53.2 1727s
 1462484 296389 401837.048  140  344 410767.714 400951.085  2.39%  53.2 1731s
 1465469 297004 405202.559  154  223 410767.714 400967.291  2.39%  53.3 1736s
 1468621 297480 401759.315  119  388 410767.714 400985.829  2.38%  53.3 1741s
 1472862 297980 403279.584  119  379 410767.714 401006.551  2.38%  53.4 1745s
 1477590 298706 402378.222  225  126 410767.714 401026.965  2.37%  53.5 1751s
 1480388 299525     cutoff  157      410767.714 401042.875  2.37%  53.5 1755s
 1485277 300380 405785.832  138  319 410767.714 401064.839  2.36%  53.6 1762s
 1487836 300827 404238.779  235  107 410767.714 401074.728  2.36%  53.6 1766s
 1492617 301492 405110.904  183  268 410767.714 401102.984  2.35%  53.7 1771s
 1496346 301936     cutoff  129      410767.714 401115.656  2.35%  53.7 1775s
 1498970 302598 408605.603  290   45 410767.714 401126.343  2.35%  53.8 1780s
 1503617 303371     cutoff  253      410767.714 401149.179  2.34%  53.9 1786s
 1506555 303640 405564.294  129  372 410767.714 401162.964  2.34%  53.9 1790s
 1511257 304433 409622.993  136  329 410767.714 401185.783  2.33%  54.0 1796s
 1515299 304812 405166.358  160  211 410767.714 401202.238  2.33%  54.0 1800s

Cutting planes:
  Gomory: 234
  Implied bound: 509
  Projected implied bound: 31
  MIR: 267
  Mixing: 10
  Flow cover: 1188
  RLT: 145
  Relax-and-lift: 160

Explored 1515954 nodes (81925994 simplex iterations) in 1800.03 seconds (1747.49 work units)
Thread count was 16 (of 40 available processors)

Solution count 10: 410768 410776 410887 ... 414758

Time limit reached
Best objective 4.107677143378e+05, best bound 4.012055125767e+05, gap 2.3279%

User-callback calls 3320229, time in user-callback 0.35 sec
[NUM-KAPPA] kappa_solver=2181929 kappa_exact=-1 is_mip=1
[NUM-EFIC] work=1747 root_gap=0 root_time=2
[pipeline] Tiempo de resolucion: 1800.137517 s
[SOLVE] tiempo_solver_s=1800.137535172000071 status=TIME_LIMIT gap=2.327885427037768 obj=410767.714337785495445 best_bound=401205.512576740060467 nodos=1515954.000000000000000 iter=81925994.000000000000000 primal_integral=0.068378876643527
[VERIF ORIGINAL] etapa=solver_desescalado max_le=5.81221115680819e-08 (a1_salto_grande_tangente_2(22)) max_ge=0 () max_eq=0.00100316293537617 (a1_balance(147)) max_lb=0 () max_ub=0 () max_int=0 () avg_viol=1.02144287258789e-07 p95_viol=1.4495071809506e-12 p99_viol=8.19563865661621e-08 max_viol_rel=5.81218753126223e-08 max_viol_relact=4.42056381795001e-11 viol_le_count=0 viol_ge_count=0 viol_eq_count=3 viol_lb_count=0 viol_ub_count=0 viol_int_count=0 missing_values=0 obj_original_recalc=410767.714337785
[32m[success] Resultados guardados correctamente en /clusteruy/home/mathiasr/generator-aware-row-scaling/results-revision/final-variants/gurobi_sgtm_01pct/resultados/instance077_matricial_plano_l2.csv[0m
[32m[success] Archivo CSV generado correctamente[0m

[POST DEBUG] ===== INICIO POSTPROCESAMIENTO GLOBAL =====

[SG POST] ===== Diagnóstico SaltoGrande =====
[SG POST] periodos = 360
[SG POST] periodosPotenciaRealMayorMIP = 262
[SG POST] periodosPotenciaRealMenorMIP = 95
[SG POST] periodosConWhile = 262
[SG POST] cantidadWhile = 1626862
[SG POST] periodosConErrorFinal = 95
[SG POST] sumaGMip = 299556.82181047
[SG POST] sumaGRealInicial = 301746.172010783
[SG POST] sumaGRealFinal = 298231.677082327
[SG POST] sumaDeltaGInicial = 2189.35020031314
[SG POST] sumaDeltaGFinal = -1325.14472814281
[SG POST] maxAbsDeltaGInicial = 46.2026743561937
[SG POST] maxAbsDeltaGFinal = 37.5631700098693
[SG POST] sumaDeltaX = -16268.6200003551
[SG POST] sumaDeltaY = 16268.6199999997
[SG POST] ===================================

[POST DEBUG] --- DESPUÉS DE AGENTES ---
[POST DEBUG] Agentes | g1 antes=299556.82181047 despues=299556.82181047 delta=0
[POST DEBUG] Agentes | g2 antes=24577.0890947649 despues=24577.0890947649 delta=0
[POST DEBUG] Agentes | g antes=174355.5 despues=174355.5 delta=0
[POST DEBUG] Agentes | costoFalla antes=0 despues=0 delta=0
[POST DEBUG] --- DESPUÉS DE DESPACHO ---
[POST DEBUG] Despacho | g1 antes=299556.82181047 despues=299556.82181047 delta=0
[POST DEBUG] Despacho | g2 antes=24577.0890947649 despues=24577.0890947649 delta=0
[POST DEBUG] Despacho | g antes=174355.5 despues=174355.5 delta=0
[POST DEBUG] Despacho | costoFalla antes=0 despues=0 delta=0
[POST DEBUG] --- TOTAL ANTES VS FINAL ---
[POST DEBUG] Final | g1 antes=299556.82181047 despues=299556.82181047 delta=0
[POST DEBUG] Final | g2 antes=24577.0890947649 despues=24577.0890947649 delta=0
[POST DEBUG] Final | g antes=174355.5 despues=174355.5 delta=0
[POST DEBUG] Final | costoFalla antes=0 despues=0 delta=0
[POST DEBUG] valorFOOriginal = 410767.714337785
[POST DEBUG] valorFOPostProcesado = 410767.714337785
[POST DEBUG] deltaFO = -6.40284270048141e-10
[POST DEBUG] ===== FIN POSTPROCESAMIENTO GLOBAL =====

[32m[success] Post-procesamiento completado. Nuevo valor F.O.: 410767.714337784855161[0m
[VERIF ORIGINAL] etapa=postprocesado max_le=27.9109259196092 (a1_salto_grande_tangente_4(67)) max_ge=0 () max_eq=0.000999769195914268 (a1_balance(147)) max_lb=0 () max_ub=0 () max_int=0 () avg_viol=0.443601324012549 p95_viol=1.35187981683082 p99_viol=11.1449919542809 max_viol_rel=5.12255589313546 max_viol_relact=0.0151343042886751 viol_le_count=1418 viol_ge_count=0 viol_eq_count=251 viol_lb_count=0 viol_ub_count=0 viol_int_count=0 missing_values=0 obj_original_recalc=410767.714337785
[32m[success] Resultados guardados correctamente en /clusteruy/home/mathiasr/generator-aware-row-scaling/results-revision/final-variants/gurobi_sgtm_01pct/resultados/instance077_matricial_plano_l2_postprocesado.csv[0m
> [32m[success] Saliendo del programa...[0m
[32m[success] SystemController destruido[0m
