[32m[success] SystemController creado[0m
> [32m[success] El programa se ha iniciado correctamente[0m
> > [34m[info] Agregando agente Salto Grande[0m
[34m[info] Ingrese costo de agua de Salto Grande:[0m
[34m[info] Ingrese volumen inicial de Salto Grande:[0m
[34m[info] Ingrese aportes de Salto Grande en una sola línea (360 valores):[0m
[info] SaltoGrande: activación de tramos de altura horaria
[32m[success] Se ha creado el agente 'Salto Grande' exitosamente[0m
> > [34m[info] Agregando agente Unidad Térmica Simple[0m
[34m[info] Ingrese potencia máxima de la unidad térmica simple:[0m
[34m[info] Ingrese costo variable de la unidad térmica simple:[0m
[32m[success] Se ha creado el agente 'Unidad Térmica Simple' exitosamente[0m
> > [34m[info] Agregando agente Demanda Fija[0m
[34m[info] Ingrese demandas en una sola línea (360 valores):[0m
[32m[success] Se ha creado el agente 'Demanda Fija' exitosamente[0m
> > [34m[info] Creando despacho de mercado[0m
[34m[info] Modo: despacho de mercado con demanda total explícita[0m
[34m[info] Ingrese cantidad de tramos del despacho de mercado:[0m
[34m[info] Ingrese porcentajes acumulados de los tramos en una sola línea (4 valores):[0m
[34m[info] Ingrese costos marginales de los tramos en una sola línea (4 valores):[0m
[34m[info] Ingrese demanda total en una sola línea (360 valores):[0m
[32m[success] Se ha creado el despacho de mercado exitosamente[0m
> > Set parameter WLSAccessID
Set parameter WLSSecret
Set parameter LicenseID to value 2849920
Academic license 2849920 - for non-commercial use only - registered to ma___@fing.edu.uy
[32m[success] Solver 'Gurobi' configurado | timeout=1800s | mipgap=0.001[0m
> [DEBUG Despacho] j=0 idGen=1 coefParticipacionDespacho=0.5
[DEBUG Despacho] j=1 idGen=2 coefParticipacionDespacho=1

[DEBUG Despacho] Cantidad de generadores = 2
[DEBUG Despacho] j=0 puntero=0x1483300 idGen=1 coefParticipacionDespacho=0.5
[DEBUG Despacho] j=1 puntero=0x1483510 idGen=2 coefParticipacionDespacho=1

------------------------------------------------------------
  PREPROCESAMIENTO MIP - Diagnostico Numerico
------------------------------------------------------------
Rango de coeficientes (toda la matriz):
  max |coef| = 7.929e+09
  min |coef| = 5.638e-04
  proxy rango= 1.406e+13

Diagnostico por bloque:
Bloque              max|coef|      min|coef|      kappa_aprox   vars    alpha     beta      cols      disc_omit aux_omit  escalado
------------------------------------------------------------------------------------------------------------------------------
a1_                 7.929e+09      5.638e-04      1.41e+13      5040    1.00e+00  1.00e+00  0         0         0         no
a2_                 sin filas      sin filas      N/A           360     1.00e+00  1.00e+00  0         0         0         no  (sin filas locales; aporta g2 al despacho)

Restriccion(es) global(es): 2160 fila(s)
  acoplamiento balance = 360 fila(s)
  global no acoplante  = 1800 fila(s)
  rho aprox (solo acoplamiento) = 1.000e+00
  gamma acoplamiento   = 1.000000
  gamma candidato      = 1.000000
  filas acop. escaladas= no
  filas normaliz. fisica= 0
  motivo gamma=1       = rho bajo; no se escala la fila de acoplamiento

ADVERTENCIAS:
  [!] Rango de coeficientes elevado (14062562381640). Riesgo de sensibilidad numerica.
  [!] Bloque 'a1_' internamente mal escalado (kappa~14062562381640). Conviene comparar equilibrado interno por filas/columnas.

[Modo diagnostico: no se modifico el modelo]
------------------------------------------------------------

[32m[success] Diagnostico completado (modelo sin modificar).[0m
> [MODELO] rows=10080 cols=6120 nnz=22679
[pipeline] Preprocesamiento seleccionado: Ninguno
[pipeline] Modelo interno sin modificaciones de preprocesamiento.
[pipeline] Estrategia de resolucion seleccionada: Monolitica
[pipeline] Resolviendo monoliticamente.
Set parameter TimeLimit to value 1800
Set parameter MIPGap to value 0.001
Set parameter Seed to value 42
Set parameter Threads to value 16
Gurobi Optimizer version 13.0.1 build v13.0.1rc0 (linux64 - "Debian GNU/Linux 12 (bookworm)")

CPU model: Intel(R) Xeon(R) Gold 6138 CPU @ 2.00GHz, instruction set [SSE2|AVX|AVX2|AVX512]
Thread count: 40 physical cores, 40 logical processors, using up to 16 threads

Non-default parameters:
TimeLimit  1800
MIPGap  0.001
Seed  42
Threads  16

Academic license 2849920 - for non-commercial use only - registered to ma___@fing.edu.uy
Optimize a model with 10080 rows, 6120 columns and 22679 nonzeros (Min)
Model fingerprint: 0x5e61c08d
Model has 721 linear objective coefficients
Variable types: 4680 continuous, 1440 integer (1440 binary)
Coefficient statistics:
  Matrix range     [6e-04, 8e+09]
  Objective range  [4e-04, 1e+02]
  Bounds range     [1e+00, 4e+09]
  RHS range        [4e+01, 6e+09]
Warning: Model contains large matrix coefficient range
Warning: Model contains large rhs
Warning: Model contains large bounds
         Consider reformulating model or setting NumericFocus parameter
         to avoid numerical issues.

Found heuristic solution: objective 1.281304e+09
Presolve removed 862 rows and 401 columns
Presolve time: 0.09s
Presolved: 9218 rows, 5719 columns, 21889 nonzeros
Found heuristic solution: objective 1.279301e+09
Variable types: 4296 continuous, 1423 integer (1423 binary)

Root relaxation: objective 9.198400e+06, 7614 iterations, 0.16 seconds (0.21 work units)

    Nodes    |    Current Node    |     Objective Bounds      |     Work
 Expl Unexpl |  Obj  Depth IntInf | Incumbent    BestBd   Gap | It/Node Time

     0     0 9198399.84    0 1409 1.2793e+09 9198399.84  99.3%     -    0s
     0     0 9198553.13    0 1409 1.2793e+09 9198553.13  99.3%     -    0s
H    0     0                    7.060018e+07 9198553.13  87.0%     -    0s
     0     0 9489507.26    0 1407 7.0600e+07 9489507.26  86.6%     -    0s
     0     0 9527500.55    0 1407 7.0600e+07 9527500.55  86.5%     -    0s
     0     0 9540603.93    0 1403 7.0600e+07 9540603.93  86.5%     -    1s
     0     0 9540603.93    0 1403 7.0600e+07 9540603.93  86.5%     -    1s
     0     0 9596473.31    0 1403 7.0600e+07 9596473.31  86.4%     -    1s
     0     0 1.0084e+07    0 1400 7.0600e+07 1.0084e+07  85.7%     -    1s
     0     0 1.0123e+07    0 1400 7.0600e+07 1.0123e+07  85.7%     -    1s
     0     2 1.0123e+07    0 1400 7.0600e+07 1.0123e+07  85.7%     -    1s
H  142   175                    7.055246e+07 1.0386e+07  85.3%   197    3s
  2008  2135 3.3163e+07   92 1052 7.0552e+07 1.0404e+07  85.3%  36.4    5s
H 2217  2264                    6.857560e+07 1.0404e+07  84.8%  36.1    5s
H 2220  2074                    6.146748e+07 1.0404e+07  83.1%  36.0    5s
H 2248  2015                    6.073061e+07 1.0404e+07  82.9%  35.6    5s
H 2741  2465                    6.072947e+07 1.0404e+07  82.9%  36.3    5s
H 2843  2020                    5.662190e+07 1.0404e+07  81.6%  39.6    5s
  3293  2295 5.4022e+07  228 1392 5.6622e+07 1.0404e+07  81.6%  40.0   10s
H 3536  2345                    5.619839e+07 1.0404e+07  81.5%  49.1   12s
  4541  2957 4.5472e+07   35  582 5.6198e+07 1.0510e+07  81.3%  64.9   15s
H 4580  2823                    5.243437e+07 1.0510e+07  80.0%  66.2   15s
H 4692  2663                    5.173531e+07 1.0510e+07  79.7%  66.4   15s
H 5439  3025                    5.137186e+07 1.0510e+07  79.5%  68.9   16s
H 5772  3165                    5.137063e+07 1.0510e+07  79.5%  70.9   16s
H 6504  3435                    5.125136e+07 1.0510e+07  79.5%  69.9   17s
H 7605  4103                    4.964280e+07 1.0510e+07  78.8%  68.1   18s
H 8044  4299                    4.884202e+07 1.0510e+07  78.5%  67.3   18s
H 8045  3849                    3.882290e+07 1.0510e+07  72.9%  67.3   18s
* 8278  2853             591    3.624827e+07 1.0510e+07  71.0%  67.6   18s
* 8637  2697             592    3.605402e+07 1.0510e+07  70.8%  67.2   18s
* 8638  1753             592    3.386143e+07 1.0510e+07  69.0%  67.2   18s
  9885  2696 1.1466e+07   71 1026 3.3861e+07 1.0510e+07  69.0%  64.8   20s
H 9937  2695                    3.386012e+07 1.0510e+07  69.0%  64.8   20s
*10296  1618             615    3.033557e+07 1.0510e+07  65.4%  64.1   20s
H10552  1256                    3.029505e+07 1.0510e+07  65.3%  63.8   20s
H10558  1216                    3.021076e+07 1.0510e+07  65.2%  63.7   20s
H11795  2003                    3.021073e+07 1.1609e+07  61.6%  64.3   22s
H11827  2003                    3.020972e+07 1.1609e+07  61.6%  64.3   22s
H11832  2003                    3.020847e+07 1.1609e+07  61.6%  64.4   22s
H11860  1964                    3.016049e+07 1.1609e+07  61.5%  64.9   22s
*13309  3171             524    3.000365e+07 1.1735e+07  60.9%  62.3   24s
*13313  3157             523    2.999667e+07 1.1735e+07  60.9%  62.2   24s
*14155  2686             491    2.945478e+07 1.1757e+07  60.1%  60.7   24s
*14164  2267             493    2.889607e+07 1.1757e+07  59.3%  60.7   24s
*14167  2124             495    2.863350e+07 1.1757e+07  58.9%  60.7   24s
*14171  2117             496    2.859907e+07 1.1757e+07  58.9%  60.6   24s
*14173  2076             497    2.850588e+07 1.1757e+07  58.8%  60.6   24s
 14801  2933 1.1767e+07   95  974 2.8506e+07 1.1767e+07  58.7%  61.1   25s
*15177  1450             529    2.543062e+07 1.1784e+07  53.7%  60.8   25s
H17028  1664                    2.459066e+07 1.1841e+07  51.8%  60.2   26s
*17101  1050             511    2.310541e+07 1.1841e+07  48.8%  59.9   26s
 21261   892 2.1193e+07  112  952 2.3105e+07 1.1861e+07  48.7%  55.7   30s
*22052  1891             517    2.295487e+07 1.1877e+07  48.3%  56.1   31s
*23912  1891             517    2.261211e+07 1.1896e+07  47.4%  54.3   31s
*23917  1891             517    2.260050e+07 1.1896e+07  47.4%  54.4   31s
*24621  1891             526    2.259875e+07 1.1896e+07  47.4%  53.8   31s
*25470  1428             504    2.256720e+07 1.1908e+07  47.2%  54.1   32s
*26163  1342             492    2.195434e+07 1.1915e+07  45.7%  54.4   32s
*26211  1292             446    1.393617e+07 1.1915e+07  14.5%  54.5   32s
*26212  1292             446    1.360200e+07 1.1915e+07  12.4%  54.5   32s
*26896   582             444    1.241353e+07 1.2350e+07  0.51%  65.4   33s
*26898   582             445    1.241103e+07 1.2350e+07  0.49%  65.4   33s

Cutting planes:
  Implied bound: 83
  MIR: 141
  Flow cover: 79
  RLT: 205
  Relax-and-lift: 27
  PSD: 1

Explored 27650 nodes (1851872 simplex iterations) in 33.79 seconds (46.44 work units)
Thread count was 16 (of 40 available processors)

Solution count 10: 1.2411e+07 1.24135e+07 1.3602e+07 ... 2.29549e+07

Optimal solution found (tolerance 1.00e-03)
Best objective 1.241102773709e+07, best bound 1.241102773709e+07, gap 0.0000%

User-callback calls 61195, time in user-callback 0.00 sec
[NUM-KAPPA] kappa_solver=87715264.909915 kappa_exact=-1.000000 is_mip=1
[NUM-EFIC] work=46.443659 root_gap=0.856619 root_time=1.853070
[pipeline] Tiempo de resolucion: 33.862745 s
[SOLVE] tiempo_solver_s=33.862764708999997 status=OPTIMAL gap=0.000000000000000 obj=12411027.737092141062021 best_bound=12411027.737092141062021 nodos=27650.000000000000000 iter=1851872.000000000000000 primal_integral=0.688201503572235
[VERIF ORIGINAL] etapa=solver_desescalado max_le=7.95807864051312e-13 (a1_cota_altura_1(79)) max_ge=1.35041773319244e-08 (falla_tramo(47,3)) max_eq=1.15483999252319e-07 (a1_balance(128)) max_lb=0 () max_ub=4.96584107168019e-10 (a1_x4h(309)) max_int=0 () avg_viol=5.76213009934134e-10 p95_viol=5.6843418860808e-14 p99_viol=1.11758708953857e-08 max_viol_rel=2.35900188272353e-11 max_viol_relact=1.24853126622139e-14 viol_le_count=0 viol_ge_count=0 viol_eq_count=0 viol_lb_count=0 viol_ub_count=0 viol_int_count=0 missing_values=0 obj_original_recalc=12411027.7370921
[32m[success] Resultados guardados correctamente en /clusteruy/home/mathiasr/generator-aware-row-scaling/results-revision/final-variants/gurobi_sgtm_01pct/resultados/instance092_base.csv[0m
[32m[success] Archivo CSV generado correctamente[0m

[POST DEBUG] ===== INICIO POSTPROCESAMIENTO GLOBAL =====

[SG POST] ===== Diagnóstico SaltoGrande =====
[SG POST] periodos = 360
[SG POST] periodosPotenciaRealMayorMIP = 198
[SG POST] periodosPotenciaRealMenorMIP = 162
[SG POST] periodosConWhile = 198
[SG POST] cantidadWhile = 2961791
[SG POST] periodosConErrorFinal = 162
[SG POST] sumaGMip = 562003.792043772
[SG POST] sumaGRealInicial = 553872.703826659
[SG POST] sumaGRealFinal = 548056.255469961
[SG POST] sumaDeltaGInicial = -8131.08821711371
[SG POST] sumaDeltaGFinal = -13947.5365738111
[SG POST] maxAbsDeltaGInicial = 176.086717280136
[SG POST] maxAbsDeltaGFinal = 176.086717280136
[SG POST] sumaDeltaX = -29617.9100006465
[SG POST] sumaDeltaY = 29617.9099999969
[SG POST] ===================================

[POST DEBUG] --- DESPUÉS DE AGENTES ---
[POST DEBUG] Agentes | g1 antes=562003.792043772 despues=562003.792043772 delta=0
[POST DEBUG] Agentes | g2 antes=54742.4007336039 despues=54742.4007336039 delta=0
[POST DEBUG] Agentes | g antes=335744.29675549 despues=335744.29675549 delta=0
[POST DEBUG] Agentes | costoFalla antes=6936787.66373174 despues=6936787.66373174 delta=0
[POST DEBUG] --- DESPUÉS DE DESPACHO ---
[POST DEBUG] Despacho | g1 antes=562003.792043772 despues=562003.792043772 delta=0
[POST DEBUG] Despacho | g2 antes=54742.4007336039 despues=54742.4007336039 delta=0
[POST DEBUG] Despacho | g antes=335744.29675549 despues=335744.29675549 delta=-5.82076609134674e-11
[POST DEBUG] Despacho | costoFalla antes=6936787.66373174 despues=6936787.66373174 delta=0
[POST DEBUG] --- TOTAL ANTES VS FINAL ---
[POST DEBUG] Final | g1 antes=562003.792043772 despues=562003.792043772 delta=0
[POST DEBUG] Final | g2 antes=54742.4007336039 despues=54742.4007336039 delta=0
[POST DEBUG] Final | g antes=335744.29675549 despues=335744.29675549 delta=-5.82076609134674e-11
[POST DEBUG] Final | costoFalla antes=6936787.66373174 despues=6936787.66373174 delta=0
[POST DEBUG] valorFOOriginal = 12411027.7370921
[POST DEBUG] valorFOPostProcesado = 12411027.7370921
[POST DEBUG] deltaFO = -1.67638063430786e-08
[POST DEBUG] ===== FIN POSTPROCESAMIENTO GLOBAL =====

[32m[success] Post-procesamiento completado. Nuevo valor F.O.: 12411027.737092124298215[0m
[VERIF ORIGINAL] etapa=postprocesado max_le=43.5521348687307 (a1_salto_grande_tangente_4(7)) max_ge=1.35041773319244e-08 (falla_tramo(47,3)) max_eq=2.84090638160706e-05 (a1_balance(7)) max_lb=0 () max_ub=4.96584107168019e-10 (a1_x4h(309)) max_int=0 () avg_viol=0.468295569504204 p95_viol=1.36813148856163e-05 p99_viol=15.3093215461224 max_viol_rel=9.43725478185263 max_viol_relact=0.0217541302569024 viol_le_count=447 viol_ge_count=0 viol_eq_count=195 viol_lb_count=0 viol_ub_count=0 viol_int_count=0 missing_values=0 obj_original_recalc=12411027.7370921
[32m[success] Resultados guardados correctamente en /clusteruy/home/mathiasr/generator-aware-row-scaling/results-revision/final-variants/gurobi_sgtm_01pct/resultados/instance092_base_postprocesado.csv[0m
> [32m[success] Saliendo del programa...[0m
[32m[success] SystemController destruido[0m
