[32m[success] SystemController creado[0m
> [32m[success] El programa se ha iniciado correctamente[0m
> > [34m[info] Agregando agente Salto Grande[0m
[34m[info] Ingrese costo de agua de Salto Grande:[0m
[34m[info] Ingrese volumen inicial de Salto Grande:[0m
[34m[info] Ingrese aportes de Salto Grande en una sola línea (360 valores):[0m
[info] SaltoGrande: activación de tramos de altura horaria
[32m[success] Se ha creado el agente 'Salto Grande' exitosamente[0m
> > [34m[info] Agregando agente Unidad Térmica Simple[0m
[34m[info] Ingrese potencia máxima de la unidad térmica simple:[0m
[34m[info] Ingrese costo variable de la unidad térmica simple:[0m
[32m[success] Se ha creado el agente 'Unidad Térmica Simple' exitosamente[0m
> > [34m[info] Agregando agente Demanda Fija[0m
[34m[info] Ingrese demandas en una sola línea (360 valores):[0m
[32m[success] Se ha creado el agente 'Demanda Fija' exitosamente[0m
> > [34m[info] Creando despacho de mercado[0m
[34m[info] Modo: despacho de mercado con demanda total explícita[0m
[34m[info] Ingrese cantidad de tramos del despacho de mercado:[0m
[34m[info] Ingrese porcentajes acumulados de los tramos en una sola línea (4 valores):[0m
[34m[info] Ingrese costos marginales de los tramos en una sola línea (4 valores):[0m
[34m[info] Ingrese demanda total en una sola línea (360 valores):[0m
[32m[success] Se ha creado el despacho de mercado exitosamente[0m
> > Set parameter WLSAccessID
Set parameter WLSSecret
Set parameter LicenseID to value 2849920
Academic license 2849920 - for non-commercial use only - registered to ma___@fing.edu.uy
[32m[success] Solver 'Gurobi' configurado | timeout=1800s | mipgap=0.001[0m
> [DEBUG Despacho] j=0 idGen=1 coefParticipacionDespacho=0.5
[DEBUG Despacho] j=1 idGen=2 coefParticipacionDespacho=1

[DEBUG Despacho] Cantidad de generadores = 2
[DEBUG Despacho] j=0 puntero=0xbf8300 idGen=1 coefParticipacionDespacho=0.5
[DEBUG Despacho] j=1 puntero=0xbf8510 idGen=2 coefParticipacionDespacho=1
[PREPROC] modo plano: 10080 filas tratadas como un unico bloque sin roles (kernel geomean por fila)
[PREPROC PHASES] metadata_s=7.8343e-05 diagnostico_s=0.001065308 aplicacion_s=0.000917755

------------------------------------------------------------
  PREPROCESAMIENTO MIP - Diagnostico Numerico
------------------------------------------------------------
Rango de coeficientes (toda la matriz):
  max |coef| = 1.416e+10
  min |coef| = 1.964e-04
  proxy rango= 7.209e+13

Diagnostico por bloque:
Bloque              max|coef|      min|coef|      kappa_aprox   vars    alpha     beta      cols      disc_omit aux_omit  escalado
------------------------------------------------------------------------------------------------------------------------------
plano               1.416e+10      1.964e-04      7.21e+13      0       8.03e-03  1.00e+00  0         0         0         SI  (filas=3600, alpha_min=1.96e-04, alpha_max=3.78e-01)

Restriccion(es) global(es): 0 fila(s)
  acoplamiento balance = 0 fila(s)
  global no acoplante  = 0 fila(s)
  rho aprox (solo acoplamiento) = 0.000e+00
  gamma acoplamiento   = 1.000000
  gamma candidato      = 1.000000
  filas acop. escaladas= no
  filas normaliz. fisica= 0
  motivo gamma=1       = rho bajo; no se escala la fila de acoplamiento

ADVERTENCIAS:
  [!] Rango de coeficientes elevado (72090268509934). Riesgo de sensibilidad numerica.
  [!] Bloque 'plano' internamente mal escalado (kappa~72090268509934). Conviene comparar equilibrado interno por filas/columnas.
------------------------------------------------------------

------------------------------------------------------------
  COMPARACION NUMERICA ANTES / DESPUES
------------------------------------------------------------
Indicador                   antes           despues         despues/antes
----------------------------------------------------------------------------
rango global                2.404e+13       7.209e+13       2.999e+00
rho acoplamiento            0.000e+00       0.000e+00       0.000e+00
gamma aplicado              1.000000        1.000000        1.000000

Bloques locales:
Bloque              kappa antes     kappa despues   alpha       beta        filas       cols        disc_omit   aux_omit    escalado
------------------------------------------------------------------------------------------------------------------------------------
plano               2.404e+13       7.209e+13       8.025e-03   1.000e+00   3600        0           0           0           SI

Interpretacion: valores despues/antes menores que 1 indican mejora del proxy.
rho se calcula solo con filas de acoplamiento; las cotas de demanda sobre g quedan fuera.
El escalamiento local activo fue solo por fila: alpha_r = 1/sqrt(M_r*m_r).
------------------------------------------------------------

[PREPROC TIME] variante=matricial_plano_l2 tiempo_s=0.005183483 u=2 K=4 epsMin=1e-09 epsMax=1000000000
[32m[success] Preprocesamiento aplicado.[0m
> [MODELO] rows=10080 cols=6120 nnz=22679
[pipeline] Preprocesamiento seleccionado: Ninguno
[pipeline] Modelo interno sin modificaciones de preprocesamiento.
[pipeline] Estrategia de resolucion seleccionada: Monolitica
[pipeline] Resolviendo monoliticamente.
Set parameter TimeLimit to value 1800
Set parameter MIPGap to value 0.001
Set parameter Seed to value 42
Set parameter Threads to value 16
Gurobi Optimizer version 13.0.1 build v13.0.1rc0 (linux64 - "Debian GNU/Linux 12 (bookworm)")

CPU model: Intel(R) Xeon(R) Gold 6138 CPU @ 2.00GHz, instruction set [SSE2|AVX|AVX2|AVX512]
Thread count: 40 physical cores, 40 logical processors, using up to 16 threads

Non-default parameters:
TimeLimit  1800
MIPGap  0.001
Seed  42
Threads  16

Academic license 2849920 - for non-commercial use only - registered to ma___@fing.edu.uy
Optimize a model with 10080 rows, 6120 columns and 22679 nonzeros (Min)
Model fingerprint: 0xe8705d09
Model has 721 linear objective coefficients
Variable types: 4680 continuous, 1440 integer (1440 binary)
Coefficient statistics:
  Matrix range     [2e-04, 1e+10]
  Objective range  [9e-04, 1e+02]
  Bounds range     [1e+00, 4e+09]
  RHS range        [2e+01, 1e+10]
Warning: Model contains large matrix coefficient range
Warning: Model contains large rhs
Warning: Model contains large bounds
         Consider reformulating model or setting NumericFocus parameter
         to avoid numerical issues.

Found heuristic solution: objective 8.441214e+08
Presolve removed 1394 rows and 615 columns
Presolve time: 0.17s
Presolved: 8686 rows, 5505 columns, 20797 nonzeros
Variable types: 4178 continuous, 1327 integer (1327 binary)

Root relaxation: objective 7.261809e+07, 10053 iterations, 0.39 seconds (0.49 work units)

    Nodes    |    Current Node    |     Objective Bounds      |     Work
 Expl Unexpl |  Obj  Depth IntInf | Incumbent    BestBd   Gap | It/Node Time

     0     0 7.2618e+07    0 1190 8.4412e+08 7.2618e+07  91.4%     -    0s
H    0     0                    1.781172e+08 7.2618e+07  59.2%     -    0s
     0     0 7.3372e+07    0 1175 1.7812e+08 7.3372e+07  58.8%     -    1s
H    0     0                    1.726929e+08 7.3427e+07  57.5%     -    1s
     0     0 7.3427e+07    0 1158 1.7269e+08 7.3427e+07  57.5%     -    1s
     0     0 7.3428e+07    0 1158 1.7269e+08 7.3428e+07  57.5%     -    1s
     0     0 7.3728e+07    0 1158 1.7269e+08 7.3728e+07  57.3%     -    1s
     0     0 7.3750e+07    0 1159 1.7269e+08 7.3750e+07  57.3%     -    1s
     0     0 7.3750e+07    0 1159 1.7269e+08 7.3750e+07  57.3%     -    1s
     0     0 7.3750e+07    0 1159 1.7269e+08 7.3750e+07  57.3%     -    1s
     0     0 7.3816e+07    0 1166 1.7269e+08 7.3816e+07  57.3%     -    1s
     0     0 7.3829e+07    0 1166 1.7269e+08 7.3829e+07  57.2%     -    1s
     0     0 7.3829e+07    0 1166 1.7269e+08 7.3829e+07  57.2%     -    1s
H    0     0                    1.726291e+08 7.3829e+07  57.2%     -    2s
     0     0 7.3844e+07    0 1149 1.7263e+08 7.3844e+07  57.2%     -    2s
H    0     0                    1.726183e+08 7.3848e+07  57.2%     -    2s
     0     0 7.3848e+07    0 1147 1.7262e+08 7.3848e+07  57.2%     -    2s
     0     0 7.3848e+07    0 1147 1.7262e+08 7.3848e+07  57.2%     -    2s
     0     0 7.3848e+07    0 1141 1.7262e+08 7.3848e+07  57.2%     -    2s
     0     0 7.3868e+07    0 1141 1.7262e+08 7.3868e+07  57.2%     -    2s
     0     0 7.3868e+07    0 1141 1.7262e+08 7.3868e+07  57.2%     -    2s
     0     0 7.3868e+07    0 1135 1.7262e+08 7.3868e+07  57.2%     -    2s
H    0     0                    1.726139e+08 7.3868e+07  57.2%     -    2s
     0     0 7.3981e+07    0 1135 1.7261e+08 7.3981e+07  57.1%     -    2s
     0     0 7.3981e+07    0 1131 1.7261e+08 7.3981e+07  57.1%     -    2s
H    0     0                    1.725889e+08 7.3998e+07  57.1%     -    2s
H    0     2                    1.724855e+08 7.3998e+07  57.1%     -    3s
     0     2 7.3998e+07    0 1131 1.7249e+08 7.3998e+07  57.1%     -    3s
H    5     2                    1.724441e+08 7.4032e+07  57.1%   120    3s
H    9     2                    1.723485e+08 7.4062e+07  57.0%   125    3s
H   21     2                    1.722366e+08 7.4212e+07  56.9%   283    3s
H   23     2                    1.706557e+08 7.4236e+07  56.5%   271    3s
H   25     2                    1.706164e+08 7.4277e+07  56.5%   261    3s
H   41     2                    1.705884e+08 7.4435e+07  56.4%   239    4s
H   46     2                    1.705661e+08 7.4459e+07  56.3%   306    4s
H   51     2                    1.705618e+08 7.4513e+07  56.3%   325    4s
    53     2 7.4701e+07   27 1018 1.7056e+08 7.4635e+07  56.2%   335    5s
H   55     2                    1.705484e+08 7.4720e+07  56.2%   328    5s
H   57     2                    1.705383e+08 7.4779e+07  56.2%   361    5s
H   59     2                    1.705176e+08 7.4850e+07  56.1%   393    5s
H  202    12                    1.705066e+08 7.5473e+07  55.7%   701    8s
   316    79 infeasible   63      1.7051e+08 7.5565e+07  55.7%   638   10s
H  356    90                    1.703429e+08 7.5565e+07  55.6%   589   10s
*  990   618             122    1.702330e+08 7.5929e+07  55.4%   264   12s
H 2153   935                    1.641724e+08 7.6015e+07  53.7%   148   13s
* 2239   870             243    1.639497e+08 7.6015e+07  53.6%   146   13s
* 2351   861             246    1.639486e+08 7.6080e+07  53.6%   150   13s
H 2502   862                    1.569350e+08 7.6080e+07  51.5%   159   13s
* 3013   861             283    1.513599e+08 7.6179e+07  49.7%   174   14s
* 3014   861             283    1.513496e+08 7.6179e+07  49.7%   174   14s
* 3017   861             283    1.513495e+08 7.6179e+07  49.7%   174   14s
* 3245  1005             284    1.454329e+08 7.6224e+07  47.6%   169   14s
* 3247  1005             284    1.454286e+08 7.6224e+07  47.6%   169   14s
  3253   592 1.0210e+08  127 1131 1.4543e+08 7.6224e+07  47.6%   169   19s
H 3254   563                    1.453038e+08 7.6224e+07  47.5%   169   20s
  3267   572 7.6224e+07   15  876 1.4530e+08 7.6224e+07  47.5%   172   25s
  3343   550     cutoff   49      1.4530e+08 7.6323e+07  47.5%   184   30s
H 3539   493                    1.453036e+08 7.6641e+07  47.3%   194   31s
H 3556   460                    1.452979e+08 7.6641e+07  47.3%   194   31s
H 3715   419                    1.450858e+08 7.6819e+07  47.1%   191   32s
H 3773   405                    1.450852e+08 7.6819e+07  47.1%   189   32s
H 3777   380                    1.450844e+08 7.6819e+07  47.1%   189   32s
H 3785   355                    1.450842e+08 7.6819e+07  47.1%   188   32s
H 3816   342                    1.441928e+08 7.6819e+07  46.7%   189   32s
H 3868   306                    1.439282e+08 7.6996e+07  46.5%   187   33s
H 3889   287                    1.433886e+08 7.6996e+07  46.3%   187   33s
H 3978   271                    1.432245e+08 7.6996e+07  46.2%   183   33s
H 4014   242                    1.431470e+08 7.6996e+07  46.2%   182   33s
* 4864   691             162    1.430730e+08 7.7115e+07  46.1%   163   34s
  4884   851 1.3026e+08   66  429 1.4307e+08 7.7115e+07  46.1%   163   35s
* 5021   851             183    1.428998e+08 7.7115e+07  46.0%   160   35s
* 5050   851             199    1.412222e+08 7.7115e+07  45.4%   159   35s
H 5332   891                    1.277357e+08 7.7162e+07  39.6%   156   35s
H 5337   891                    1.257874e+08 7.7162e+07  38.7%   156   35s
* 5702  1035             205    1.257035e+08 7.7162e+07  38.6%   152   35s
* 5754  1035             223    1.253220e+08 7.7162e+07  38.4%   151   35s
* 5803  1035             226    1.250088e+08 7.7162e+07  38.3%   150   35s
* 5828   966             238    1.245875e+08 7.7162e+07  38.1%   150   35s
* 5832   966             239    1.243781e+08 7.7162e+07  38.0%   150   35s
* 5835   966             239    1.241785e+08 7.7162e+07  37.9%   150   35s
* 5839   966             238    1.239681e+08 7.7162e+07  37.8%   149   35s
* 5843   966             239    1.237587e+08 7.7162e+07  37.7%   149   35s
* 5846   966             239    1.235590e+08 7.7162e+07  37.6%   149   35s
* 5882   966             229    1.206493e+08 7.7162e+07  36.0%   148   35s
* 5889   966             230    1.200634e+08 7.7162e+07  35.7%   148   35s
* 5890   966             230    1.200548e+08 7.7162e+07  35.7%   148   35s
H 5955   966                    1.120703e+08 7.7162e+07  31.1%   147   35s
H 5972   966                    1.075823e+08 7.7162e+07  28.3%   147   35s
* 7024   980             313    1.005126e+08 7.7162e+07  23.2%   137   36s
* 7025   980             313    9.094287e+07 7.7162e+07  15.2%   137   36s
* 7306   921             317    8.384447e+07 7.7162e+07  7.97%   134   36s
* 7460   930             311    8.340056e+07 7.7162e+07  7.48%   135   37s
* 7488   930             314    8.295051e+07 7.7162e+07  6.98%   135   37s
* 8373  1017             303    8.260720e+07 7.9273e+07  4.04%   141   38s
* 8378  1017             305    8.239038e+07 7.9273e+07  3.78%   140   38s
* 8654   907             318    8.186967e+07 7.9371e+07  3.05%   139   38s
* 8797   907             317    8.153119e+07 7.9444e+07  2.56%   140   38s
* 8801   907             318    8.153017e+07 7.9444e+07  2.56%   140   38s
* 8803   907             317    8.062472e+07 7.9444e+07  1.46%   140   38s

Cutting planes:
  Implied bound: 348
  MIR: 129
  Flow cover: 565
  RLT: 328
  Relax-and-lift: 36
  BQP: 5

Explored 9880 nodes (1384803 simplex iterations) in 39.92 seconds (45.39 work units)
Thread count was 16 (of 40 available processors)

Solution count 10: 8.06247e+07 8.15302e+07 8.15312e+07 ... 9.09429e+07

Optimal solution found (tolerance 1.00e-03)
Best objective 8.062471761402e+07, best bound 8.062471761402e+07, gap 0.0000%

User-callback calls 29419, time in user-callback 0.00 sec
[NUM-KAPPA] kappa_solver=19420 kappa_exact=-1 is_mip=1
[NUM-EFIC] work=45 root_gap=1 root_time=3
[pipeline] Tiempo de resolucion: 40.063951 s
[SOLVE] tiempo_solver_s=40.063965654000000 status=OPTIMAL gap=0.000000000000000 obj=80624717.614019557833672 best_bound=80624717.614019557833672 nodos=9880.000000000000000 iter=1384803.000000000000000 primal_integral=0.469441151814441
[VERIF ORIGINAL] etapa=solver_desescalado max_le=8.5265128291212e-13 (a1_salto_grande_tangente_2(309)) max_ge=1.39698386192322e-09 (falla_tramo(6,4)) max_eq=3.04542481899261e-07 (a1_balance(149)) max_lb=0 () max_ub=0 () max_int=0 () avg_viol=1.82209690629304e-09 p95_viol=1.27897692436818e-13 p99_viol=5.70062547922126e-08 max_viol_rel=5.11590769747272e-13 max_viol_relact=2.22470794185923e-15 viol_le_count=0 viol_ge_count=0 viol_eq_count=0 viol_lb_count=0 viol_ub_count=0 viol_int_count=0 missing_values=0 obj_original_recalc=80624717.6140195
[32m[success] Resultados guardados correctamente en /clusteruy/home/mathiasr/generator-aware-row-scaling/results-revision/final-variants/gurobi_sgtm_01pct/resultados/instance072_matricial_plano_l2.csv[0m
[32m[success] Archivo CSV generado correctamente[0m

[POST DEBUG] ===== INICIO POSTPROCESAMIENTO GLOBAL =====

[SG POST] ===== Diagnóstico SaltoGrande =====
[SG POST] periodos = 360
[SG POST] periodosPotenciaRealMayorMIP = 61
[SG POST] periodosPotenciaRealMenorMIP = 261
[SG POST] periodosConWhile = 61
[SG POST] cantidadWhile = 263805
[SG POST] periodosConErrorFinal = 261
[SG POST] sumaGMip = 260785.397634144
[SG POST] sumaGRealInicial = 244627.825147697
[SG POST] sumaGRealFinal = 244041.686809518
[SG POST] sumaDeltaGInicial = -16157.5724864463
[SG POST] sumaDeltaGFinal = -16743.7108246258
[SG POST] maxAbsDeltaGInicial = 174.516845336453
[SG POST] maxAbsDeltaGFinal = 174.516845336453
[SG POST] sumaDeltaX = -2638.0500000559
[SG POST] sumaDeltaY = 2638.04999999997
[SG POST] ===================================

[POST DEBUG] --- DESPUÉS DE AGENTES ---
[POST DEBUG] Agentes | g1 antes=260785.397634144 despues=260785.397634144 delta=0
[POST DEBUG] Agentes | g2 antes=68247.5477961467 despues=68247.5477961467 delta=0
[POST DEBUG] Agentes | g antes=198640.246613218 despues=198640.246613218 delta=0
[POST DEBUG] Agentes | costoFalla antes=73799962.8344049 despues=73799962.8344049 delta=0
[POST DEBUG] --- DESPUÉS DE DESPACHO ---
[POST DEBUG] Despacho | g1 antes=260785.397634144 despues=260785.397634144 delta=0
[POST DEBUG] Despacho | g2 antes=68247.5477961467 despues=68247.5477961467 delta=0
[POST DEBUG] Despacho | g antes=198640.246613218 despues=198640.246613218 delta=0
[POST DEBUG] Despacho | costoFalla antes=73799962.8344049 despues=73799962.8344049 delta=0
[POST DEBUG] --- TOTAL ANTES VS FINAL ---
[POST DEBUG] Final | g1 antes=260785.397634144 despues=260785.397634144 delta=0
[POST DEBUG] Final | g2 antes=68247.5477961467 despues=68247.5477961467 delta=0
[POST DEBUG] Final | g antes=198640.246613218 despues=198640.246613218 delta=0
[POST DEBUG] Final | costoFalla antes=73799962.8344049 despues=73799962.8344049 delta=0
[POST DEBUG] valorFOOriginal = 80624717.6140196
[POST DEBUG] valorFOPostProcesado = 80624717.6140195
[POST DEBUG] deltaFO = -1.49011611938477e-08
[POST DEBUG] ===== FIN POSTPROCESAMIENTO GLOBAL =====

[32m[success] Post-procesamiento completado. Nuevo valor F.O.: 80624717.614019542932510[0m
[VERIF ORIGINAL] etapa=postprocesado max_le=15.5101879540319 (a1_salto_grande_tangente_2(6)) max_ge=1.39698386192322e-09 (falla_tramo(6,4)) max_eq=7.5995922088623e-06 (a1_balance(9)) max_lb=0 () max_ub=0 () max_int=0 () avg_viol=0.0713768743858446 p95_viol=2.3283064365387e-10 p99_viol=1.506079040815 max_viol_rel=2.78157955534896 max_viol_relact=0.0117528617882681 viol_le_count=153 viol_ge_count=0 viol_eq_count=49 viol_lb_count=0 viol_ub_count=0 viol_int_count=0 missing_values=0 obj_original_recalc=80624717.6140195
[32m[success] Resultados guardados correctamente en /clusteruy/home/mathiasr/generator-aware-row-scaling/results-revision/final-variants/gurobi_sgtm_01pct/resultados/instance072_matricial_plano_l2_postprocesado.csv[0m
> [32m[success] Saliendo del programa...[0m
[32m[success] SystemController destruido[0m
