[32m[success] SystemController creado[0m
> [32m[success] El programa se ha iniciado correctamente[0m
> > [34m[info] Agregando agente Salto Grande[0m
[34m[info] Ingrese costo de agua de Salto Grande:[0m
[34m[info] Ingrese volumen inicial de Salto Grande:[0m
[34m[info] Ingrese aportes de Salto Grande en una sola línea (360 valores):[0m
[info] SaltoGrande: activación de tramos de altura horaria
[32m[success] Se ha creado el agente 'Salto Grande' exitosamente[0m
> > [34m[info] Agregando agente Unidad Térmica Simple[0m
[34m[info] Ingrese potencia máxima de la unidad térmica simple:[0m
[34m[info] Ingrese costo variable de la unidad térmica simple:[0m
[32m[success] Se ha creado el agente 'Unidad Térmica Simple' exitosamente[0m
> > [34m[info] Agregando agente Demanda Fija[0m
[34m[info] Ingrese demandas en una sola línea (360 valores):[0m
[32m[success] Se ha creado el agente 'Demanda Fija' exitosamente[0m
> > [34m[info] Creando despacho de mercado[0m
[34m[info] Modo: despacho de mercado con demanda total explícita[0m
[34m[info] Ingrese cantidad de tramos del despacho de mercado:[0m
[34m[info] Ingrese porcentajes acumulados de los tramos en una sola línea (4 valores):[0m
[34m[info] Ingrese costos marginales de los tramos en una sola línea (4 valores):[0m
[34m[info] Ingrese demanda total en una sola línea (360 valores):[0m
[32m[success] Se ha creado el despacho de mercado exitosamente[0m
> > Set parameter WLSAccessID
Set parameter WLSSecret
Set parameter LicenseID to value 2849920
Academic license 2849920 - for non-commercial use only - registered to ma___@fing.edu.uy
[32m[success] Solver 'Gurobi' configurado | timeout=1800s | mipgap=0.001[0m
> [DEBUG Despacho] j=0 idGen=1 coefParticipacionDespacho=0.5
[DEBUG Despacho] j=1 idGen=2 coefParticipacionDespacho=1

[DEBUG Despacho] Cantidad de generadores = 2
[DEBUG Despacho] j=0 puntero=0x1dc8300 idGen=1 coefParticipacionDespacho=0.5
[DEBUG Despacho] j=1 puntero=0x1dc8510 idGen=2 coefParticipacionDespacho=1
[PREPROC PHASES] metadata_s=0.004761276 diagnostico_s=0.001023045 aplicacion_s=0.001652401

------------------------------------------------------------
  PREPROCESAMIENTO MIP - Diagnostico Numerico
------------------------------------------------------------
Rango de coeficientes (toda la matriz):
  max |coef| = 3.532e+07
  min |coef| = 8.946e-06
  proxy rango= 3.949e+12

Diagnostico por bloque:
Bloque              max|coef|      min|coef|      kappa_aprox   vars    alpha     beta      cols      disc_omit aux_omit  escalado
------------------------------------------------------------------------------------------------------------------------------
a1_                 3.532e+07      8.946e-06      3.95e+12      5040    1.25e-01  1.00e+00  0         0         0         SI  (filas=6480, alpha_min=8.95e-06, alpha_max=4.12e+01)
a2_                 sin filas      sin filas      N/A           360     1.00e+00  1.00e+00  0         0         0         no  (sin filas locales; aporta g2 al despacho)

Restriccion(es) global(es): 2160 fila(s)
  acoplamiento balance = 360 fila(s)
  global no acoplante  = 1800 fila(s)
  rho aprox (solo acoplamiento) = 1.000e+00
  gamma acoplamiento   = 1.000000
  gamma candidato      = 1.000000
  filas acop. escaladas= no
  filas normaliz. fisica= 0
  motivo gamma=1       = rho bajo; no se escala la fila de acoplamiento

ADVERTENCIAS:
  [!] Rango de coeficientes elevado (3948545519307). Riesgo de sensibilidad numerica.
  [!] Bloque 'a1_' internamente mal escalado (kappa~3948545519307). Conviene comparar equilibrado interno por filas/columnas.
------------------------------------------------------------

------------------------------------------------------------
  COMPARACION NUMERICA ANTES / DESPUES
------------------------------------------------------------
Indicador                   antes           despues         despues/antes
----------------------------------------------------------------------------
rango global                2.118e+13       3.949e+12       1.865e-01
rho acoplamiento            1.000e+00       1.000e+00       1.000e+00
gamma aplicado              1.000000        1.000000        1.000000

Bloques locales:
Bloque              kappa antes     kappa despues   alpha       beta        filas       cols        disc_omit   aux_omit    escalado
------------------------------------------------------------------------------------------------------------------------------------
a1_                 2.118e+13       3.949e+12       1.249e-01   1.000e+00   6480        0           0           0           SI
a2_                 N/A             N/A             1.000e+00   1.000e+00   0           0           0           0           no

Interpretacion: valores despues/antes menores que 1 indican mejora del proxy.
rho se calcula solo con filas de acoplamiento; las cotas de demanda sobre g quedan fuera.
El escalamiento local activo fue estructurado: alpha_r interno y beta_i entre bloques.
------------------------------------------------------------

[PREPROC TIME] variante=role_hybrid tiempo_s=0.010205625 u=2 K=4 epsMin=1e-09 epsMax=1000000000
[32m[success] Preprocesamiento aplicado.[0m
> [MODELO] rows=10080 cols=6120 nnz=22679
[pipeline] Preprocesamiento seleccionado: Ninguno
[pipeline] Modelo interno sin modificaciones de preprocesamiento.
[pipeline] Estrategia de resolucion seleccionada: Monolitica
[pipeline] Resolviendo monoliticamente.
Set parameter TimeLimit to value 1800
Set parameter MIPGap to value 0.001
Set parameter Seed to value 42
Set parameter Threads to value 16
Gurobi Optimizer version 13.0.1 build v13.0.1rc0 (linux64 - "Debian GNU/Linux 12 (bookworm)")

CPU model: Intel(R) Xeon(R) Gold 6138 CPU @ 2.00GHz, instruction set [SSE2|AVX|AVX2|AVX512]
Thread count: 40 physical cores, 40 logical processors, using up to 16 threads

Non-default parameters:
TimeLimit  1800
MIPGap  0.001
Seed  42
Threads  16

Academic license 2849920 - for non-commercial use only - registered to ma___@fing.edu.uy
Optimize a model with 10080 rows, 6120 columns and 22679 nonzeros (Min)
Model fingerprint: 0x37e73fb7
Model has 721 linear objective coefficients
Variable types: 4680 continuous, 1440 integer (1440 binary)
Coefficient statistics:
  Matrix range     [9e-06, 1e+05]
  Objective range  [1e-04, 1e+02]
  Bounds range     [1e+00, 4e+09]
  RHS range        [1e+01, 4e+07]
Warning: Model contains large bounds
         Consider reformulating model or setting NumericFocus parameter
         to avoid numerical issues.

Found heuristic solution: objective 3.151370e+08
Presolve removed 1688 rows and 619 columns
Presolve time: 0.13s
Presolved: 8392 rows, 5501 columns, 20203 nonzeros
Found heuristic solution: objective 3.148049e+08
Variable types: 4099 continuous, 1402 integer (1402 binary)

Root relaxation: objective -2.935111e+05, 7329 iterations, 0.21 seconds (0.23 work units)

    Nodes    |    Current Node    |     Objective Bounds      |     Work
 Expl Unexpl |  Obj  Depth IntInf | Incumbent    BestBd   Gap | It/Node Time

     0     0 -293511.05    0  103 3.1480e+08 -293511.05   100%     -    0s
H    0     0                    -292985.7935 -293511.05  0.18%     -    0s
H    0     0                    -292989.5428 -293511.05  0.18%     -    0s

Cutting planes:
  Gomory: 71
  Implied bound: 3
  MIR: 1
  Flow cover: 48
  RLT: 9
  Relax-and-lift: 2

Explored 1 nodes (7413 simplex iterations) in 0.48 seconds (0.42 work units)
Thread count was 16 (of 40 available processors)

Solution count 4: -292990 -292986 3.14805e+08 3.15137e+08 

Optimal solution found (tolerance 1.00e-03)
Best objective -2.929895427728e+05, best bound -2.931757934589e+05, gap 0.0636%

User-callback calls 718, time in user-callback 0.00 sec
[NUM-KAPPA] kappa_solver=169633 kappa_exact=-1 is_mip=1
[NUM-EFIC] work=0 root_gap=-1 root_time=-1
[pipeline] Tiempo de resolucion: 0.523096 s
[SOLVE] tiempo_solver_s=0.523106797000000 status=OPTIMAL gap=0.063569055879812 obj=-292989.542772752058227 best_bound=-293175.793458919273689 nodos=1.000000000000000 iter=7413.000000000000000 primal_integral=0.645360514904680
[VERIF ORIGINAL] etapa=solver_desescalado max_le=1.13686837721616e-13 (a1_salto_grande_tangente_3(185)) max_ge=0 () max_eq=6.12810254096985e-07 (a1_balance(194)) max_lb=0 () max_ub=0 () max_int=0 () avg_viol=6.47232494295673e-09 p95_viol=5.6843418860808e-14 p99_viol=2.45869159698486e-07 max_viol_rel=2.57571741713036e-13 max_viol_relact=1.90511643278873e-16 viol_le_count=0 viol_ge_count=0 viol_eq_count=0 viol_lb_count=0 viol_ub_count=0 viol_int_count=0 missing_values=0 obj_original_recalc=-292989.542772752
[32m[success] Resultados guardados correctamente en /clusteruy/home/mathiasr/generator-aware-row-scaling/results-revision/final-variants/gurobi_sgtm_01pct/resultados/instance022_role_hybrid.csv[0m
[32m[success] Archivo CSV generado correctamente[0m

[POST DEBUG] ===== INICIO POSTPROCESAMIENTO GLOBAL =====

[SG POST] ===== Diagnóstico SaltoGrande =====
[SG POST] periodos = 360
[SG POST] periodosPotenciaRealMayorMIP = 336
[SG POST] periodosPotenciaRealMenorMIP = 22
[SG POST] periodosConWhile = 336
[SG POST] cantidadWhile = 2612126
[SG POST] periodosConErrorFinal = 22
[SG POST] sumaGMip = 202198
[SG POST] sumaGRealInicial = 208287.767010998
[SG POST] sumaGRealFinal = 202194.470322384
[SG POST] sumaDeltaGInicial = 6089.76701099757
[SG POST] sumaDeltaGFinal = -3.5296776160187
[SG POST] maxAbsDeltaGInicial = 61.5949094565469
[SG POST] maxAbsDeltaGFinal = 3.11347018094062
[SG POST] sumaDeltaX = -26121.2600005037
[SG POST] sumaDeltaY = 26121.2600000001
[SG POST] ===================================

[POST DEBUG] --- DESPUÉS DE AGENTES ---
[POST DEBUG] Agentes | g1 antes=202198 despues=202198 delta=0
[POST DEBUG] Agentes | g2 antes=0 despues=0 delta=0
[POST DEBUG] Agentes | g antes=101099 despues=101099 delta=0
[POST DEBUG] Agentes | costoFalla antes=0 despues=0 delta=0
[POST DEBUG] --- DESPUÉS DE DESPACHO ---
[POST DEBUG] Despacho | g1 antes=202198 despues=202198 delta=0
[POST DEBUG] Despacho | g2 antes=0 despues=0 delta=0
[POST DEBUG] Despacho | g antes=101099 despues=101099 delta=0
[POST DEBUG] Despacho | costoFalla antes=0 despues=0 delta=0
[POST DEBUG] --- TOTAL ANTES VS FINAL ---
[POST DEBUG] Final | g1 antes=202198 despues=202198 delta=0
[POST DEBUG] Final | g2 antes=0 despues=0 delta=0
[POST DEBUG] Final | g antes=101099 despues=101099 delta=0
[POST DEBUG] Final | costoFalla antes=0 despues=0 delta=0
[POST DEBUG] valorFOOriginal = -292989.542772752
[POST DEBUG] valorFOPostProcesado = -292989.542772752
[POST DEBUG] deltaFO = 0
[POST DEBUG] ===== FIN POSTPROCESAMIENTO GLOBAL =====

[32m[success] Post-procesamiento completado. Nuevo valor F.O.: -292989.542772752058227[0m
[VERIF ORIGINAL] etapa=postprocesado max_le=41.4203669856508 (a1_salto_grande_tangente_3(251)) max_ge=0 () max_eq=2.2033229470253e-05 (a1_balance(251)) max_lb=0 () max_ub=0 () max_int=0 () avg_viol=0.664967289931315 p95_viol=2.14542209749805 p99_viol=21.8434152186442 max_viol_rel=7.70663337891321 max_viol_relact=0.025820047683322 viol_le_count=2051 viol_ge_count=0 viol_eq_count=204 viol_lb_count=0 viol_ub_count=0 viol_int_count=0 missing_values=0 obj_original_recalc=-292989.542772752
[32m[success] Resultados guardados correctamente en /clusteruy/home/mathiasr/generator-aware-row-scaling/results-revision/final-variants/gurobi_sgtm_01pct/resultados/instance022_role_hybrid_postprocesado.csv[0m
> [32m[success] Saliendo del programa...[0m
[32m[success] SystemController destruido[0m
