[32m[success] SystemController creado[0m
> [32m[success] El programa se ha iniciado correctamente[0m
> > [34m[info] Agregando agente Salto Grande[0m
[34m[info] Ingrese costo de agua de Salto Grande:[0m
[34m[info] Ingrese volumen inicial de Salto Grande:[0m
[34m[info] Ingrese aportes de Salto Grande en una sola línea (360 valores):[0m
[info] SaltoGrande: activación de tramos de altura horaria
[32m[success] Se ha creado el agente 'Salto Grande' exitosamente[0m
> > [34m[info] Agregando agente Unidad Térmica Simple[0m
[34m[info] Ingrese potencia máxima de la unidad térmica simple:[0m
[34m[info] Ingrese costo variable de la unidad térmica simple:[0m
[32m[success] Se ha creado el agente 'Unidad Térmica Simple' exitosamente[0m
> > [34m[info] Agregando agente Demanda Fija[0m
[34m[info] Ingrese demandas en una sola línea (360 valores):[0m
[32m[success] Se ha creado el agente 'Demanda Fija' exitosamente[0m
> > [34m[info] Creando despacho de mercado[0m
[34m[info] Modo: despacho de mercado con demanda total explícita[0m
[34m[info] Ingrese cantidad de tramos del despacho de mercado:[0m
[34m[info] Ingrese porcentajes acumulados de los tramos en una sola línea (4 valores):[0m
[34m[info] Ingrese costos marginales de los tramos en una sola línea (4 valores):[0m
[34m[info] Ingrese demanda total en una sola línea (360 valores):[0m
[32m[success] Se ha creado el despacho de mercado exitosamente[0m
> > Set parameter WLSAccessID
Set parameter WLSSecret
Set parameter LicenseID to value 2849920
Academic license 2849920 - for non-commercial use only - registered to ma___@fing.edu.uy
[32m[success] Solver 'Gurobi' configurado | timeout=1800s | mipgap=0.001[0m
> [DEBUG Despacho] j=0 idGen=1 coefParticipacionDespacho=0.5
[DEBUG Despacho] j=1 idGen=2 coefParticipacionDespacho=1

[DEBUG Despacho] Cantidad de generadores = 2
[DEBUG Despacho] j=0 puntero=0xec8300 idGen=1 coefParticipacionDespacho=0.5
[DEBUG Despacho] j=1 puntero=0xec8510 idGen=2 coefParticipacionDespacho=1
[PREPROC] modo plano: 10080 filas tratadas como un unico bloque sin roles (kernel geomean por fila)
[PREPROC PHASES] metadata_s=9.7153e-05 diagnostico_s=0.001113049 aplicacion_s=0.000999011

------------------------------------------------------------
  PREPROCESAMIENTO MIP - Diagnostico Numerico
------------------------------------------------------------
Rango de coeficientes (toda la matriz):
  max |coef| = 1.224e+10
  min |coef| = 1.964e-04
  proxy rango= 6.234e+13

Diagnostico por bloque:
Bloque              max|coef|      min|coef|      kappa_aprox   vars    alpha     beta      cols      disc_omit aux_omit  escalado
------------------------------------------------------------------------------------------------------------------------------
plano               1.224e+10      1.964e-04      6.23e+13      0       8.67e-03  1.00e+00  0         0         0         SI  (filas=3600, alpha_min=1.96e-04, alpha_max=3.78e-01)

Restriccion(es) global(es): 0 fila(s)
  acoplamiento balance = 0 fila(s)
  global no acoplante  = 0 fila(s)
  rho aprox (solo acoplamiento) = 0.000e+00
  gamma acoplamiento   = 1.000000
  gamma candidato      = 1.000000
  filas acop. escaladas= no
  filas normaliz. fisica= 0
  motivo gamma=1       = rho bajo; no se escala la fila de acoplamiento

ADVERTENCIAS:
  [!] Rango de coeficientes elevado (62335555772250). Riesgo de sensibilidad numerica.
  [!] Bloque 'plano' internamente mal escalado (kappa~62335555772250). Conviene comparar equilibrado interno por filas/columnas.
------------------------------------------------------------

------------------------------------------------------------
  COMPARACION NUMERICA ANTES / DESPUES
------------------------------------------------------------
Indicador                   antes           despues         despues/antes
----------------------------------------------------------------------------
rango global                2.535e+13       6.234e+13       2.459e+00
rho acoplamiento            0.000e+00       0.000e+00       0.000e+00
gamma aplicado              1.000000        1.000000        1.000000

Bloques locales:
Bloque              kappa antes     kappa despues   alpha       beta        filas       cols        disc_omit   aux_omit    escalado
------------------------------------------------------------------------------------------------------------------------------------
plano               2.535e+13       6.234e+13       8.674e-03   1.000e+00   3600        0           0           0           SI

Interpretacion: valores despues/antes menores que 1 indican mejora del proxy.
rho se calcula solo con filas de acoplamiento; las cotas de demanda sobre g quedan fuera.
El escalamiento local activo fue solo por fila: alpha_r = 1/sqrt(M_r*m_r).
------------------------------------------------------------

[PREPROC TIME] variante=matricial_plano_l2 tiempo_s=0.005649759 u=2 K=4 epsMin=1e-09 epsMax=1000000000
[32m[success] Preprocesamiento aplicado.[0m
> [MODELO] rows=10080 cols=6120 nnz=22679
[pipeline] Preprocesamiento seleccionado: Ninguno
[pipeline] Modelo interno sin modificaciones de preprocesamiento.
[pipeline] Estrategia de resolucion seleccionada: Monolitica
[pipeline] Resolviendo monoliticamente.
Set parameter TimeLimit to value 1800
Set parameter MIPGap to value 0.001
Set parameter Seed to value 42
Set parameter Threads to value 16
Gurobi Optimizer version 13.0.1 build v13.0.1rc0 (linux64 - "Debian GNU/Linux 12 (bookworm)")

CPU model: Intel(R) Xeon(R) Gold 6138 CPU @ 2.00GHz, instruction set [SSE2|AVX|AVX2|AVX512]
Thread count: 40 physical cores, 40 logical processors, using up to 16 threads

Non-default parameters:
TimeLimit  1800
MIPGap  0.001
Seed  42
Threads  16

Academic license 2849920 - for non-commercial use only - registered to ma___@fing.edu.uy
Optimize a model with 10080 rows, 6120 columns and 22679 nonzeros (Min)
Model fingerprint: 0x57f6b4f2
Model has 721 linear objective coefficients
Variable types: 4680 continuous, 1440 integer (1440 binary)
Coefficient statistics:
  Matrix range     [2e-04, 1e+10]
  Objective range  [3e-03, 1e+02]
  Bounds range     [1e+00, 4e+09]
  RHS range        [2e-01, 1e+10]
Warning: Model contains large matrix coefficient range
Warning: Model contains large rhs
Warning: Model contains large bounds
         Consider reformulating model or setting NumericFocus parameter
         to avoid numerical issues.

Found heuristic solution: objective 5.159521e+08
Presolve removed 1268 rows and 443 columns
Presolve time: 0.08s
Presolved: 8812 rows, 5677 columns, 21116 nonzeros
Found heuristic solution: objective 5.158920e+08
Variable types: 4252 continuous, 1425 integer (1425 binary)

Root relaxation: objective -2.549378e+06, 5483 iterations, 0.09 seconds (0.11 work units)

    Nodes    |    Current Node    |     Objective Bounds      |     Work
 Expl Unexpl |  Obj  Depth IntInf | Incumbent    BestBd   Gap | It/Node Time

     0     0 -2549377.8    0   37 5.1589e+08 -2549377.8   100%     -    0s
H    0     0                    -2540223.929 -2549377.8  0.36%     -    0s
     0     0          -    0      -2540223.9 -2542333.2  0.08%     -    0s

Cutting planes:
  Gomory: 23
  Flow cover: 14

Explored 1 nodes (5514 simplex iterations) in 0.29 seconds (0.25 work units)
Thread count was 16 (of 40 available processors)

Solution count 3: -2.54022e+06 5.15892e+08 5.15952e+08 

Optimal solution found (tolerance 1.00e-03)
Best objective -2.540223928889e+06, best bound -2.542333158099e+06, gap 0.0830%

User-callback calls 559, time in user-callback 0.00 sec
[NUM-KAPPA] kappa_solver=36199 kappa_exact=-1 is_mip=1
[NUM-EFIC] work=0 root_gap=0 root_time=0
[pipeline] Tiempo de resolucion: 0.362306 s
[SOLVE] tiempo_solver_s=0.362317673000000 status=OPTIMAL gap=0.083033199782661 obj=-2540223.928889328148216 best_bound=-2542333.158099129796028 nodos=1.000000000000000 iter=5514.000000000000000 primal_integral=0.552439599255564
[VERIF ORIGINAL] etapa=solver_desescalado max_le=5.6843418860808e-14 (a1_salto_grande_tangente_2(2)) max_ge=0 () max_eq=7.11530447006226e-07 (a1_balance(179)) max_lb=0 () max_ub=0 () max_int=0 () avg_viol=5.85828240694099e-09 p95_viol=6.30606677987089e-14 p99_viol=2.35475599765774e-07 max_viol_rel=4.68958205601666e-13 max_viol_relact=3.58746147771429e-16 viol_le_count=0 viol_ge_count=0 viol_eq_count=0 viol_lb_count=0 viol_ub_count=0 viol_int_count=0 missing_values=0 obj_original_recalc=-2540223.92888933
[32m[success] Resultados guardados correctamente en /clusteruy/home/mathiasr/generator-aware-row-scaling/results-revision/final-variants/gurobi_sgtm_01pct/resultados/instance005_matricial_plano_l2.csv[0m
[32m[success] Archivo CSV generado correctamente[0m

[POST DEBUG] ===== INICIO POSTPROCESAMIENTO GLOBAL =====

[SG POST] ===== Diagnóstico SaltoGrande =====
[SG POST] periodos = 360
[SG POST] periodosPotenciaRealMayorMIP = 356
[SG POST] periodosPotenciaRealMenorMIP = 3
[SG POST] periodosConWhile = 356
[SG POST] cantidadWhile = 3827851
[SG POST] periodosConErrorFinal = 3
[SG POST] sumaGMip = 190761.120019752
[SG POST] sumaGRealInicial = 199771.903763081
[SG POST] sumaGRealFinal = 190793.784619588
[SG POST] sumaDeltaGInicial = 9010.78374332849
[SG POST] sumaDeltaGFinal = 32.6645998346515
[SG POST] maxAbsDeltaGInicial = 65.9706523705499
[SG POST] maxAbsDeltaGFinal = 1.18787316833254
[SG POST] sumaDeltaX = -38278.5100006367
[SG POST] sumaDeltaY = 38278.5099999965
[SG POST] ===================================

[POST DEBUG] --- DESPUÉS DE AGENTES ---
[POST DEBUG] Agentes | g1 antes=190761.120019752 despues=190761.120019752 delta=0
[POST DEBUG] Agentes | g2 antes=57588.4399901238 despues=57588.4399901238 delta=0
[POST DEBUG] Agentes | g antes=152969 despues=152969 delta=0
[POST DEBUG] Agentes | costoFalla antes=0 despues=0 delta=0
[POST DEBUG] --- DESPUÉS DE DESPACHO ---
[POST DEBUG] Despacho | g1 antes=190761.120019752 despues=190761.120019752 delta=0
[POST DEBUG] Despacho | g2 antes=57588.4399901238 despues=57588.4399901238 delta=0
[POST DEBUG] Despacho | g antes=152969 despues=152969 delta=0
[POST DEBUG] Despacho | costoFalla antes=0 despues=0 delta=0
[POST DEBUG] --- TOTAL ANTES VS FINAL ---
[POST DEBUG] Final | g1 antes=190761.120019752 despues=190761.120019752 delta=0
[POST DEBUG] Final | g2 antes=57588.4399901238 despues=57588.4399901238 delta=0
[POST DEBUG] Final | g antes=152969 despues=152969 delta=0
[POST DEBUG] Final | costoFalla antes=0 despues=0 delta=0
[POST DEBUG] valorFOOriginal = -2540223.92888933
[POST DEBUG] valorFOPostProcesado = -2540223.92888933
[POST DEBUG] deltaFO = 4.65661287307739e-10
[POST DEBUG] ===== FIN POSTPROCESAMIENTO GLOBAL =====

[32m[success] Post-procesamiento completado. Nuevo valor F.O.: -2540223.928889327682555[0m
[VERIF ORIGINAL] etapa=postprocesado max_le=45.1307595916986 (a1_salto_grande_tangente_2(179)) max_ge=1.45519152283669e-11 (falla_tramo(51,1)) max_eq=2.326350659132e-05 (a1_balance(211)) max_lb=0 () max_ub=0 () max_int=0 () avg_viol=1.04324727195249 p95_viol=6.25311313121529 p99_viol=30.2099098188684 max_viol_rel=10.7399770499898 max_viol_relact=0.0351130357989334 viol_le_count=2362 viol_ge_count=0 viol_eq_count=187 viol_lb_count=0 viol_ub_count=0 viol_int_count=0 missing_values=0 obj_original_recalc=-2540223.92888933
[32m[success] Resultados guardados correctamente en /clusteruy/home/mathiasr/generator-aware-row-scaling/results-revision/final-variants/gurobi_sgtm_01pct/resultados/instance005_matricial_plano_l2_postprocesado.csv[0m
> [32m[success] Saliendo del programa...[0m
[32m[success] SystemController destruido[0m
