[32m[success] SystemController creado[0m
> [32m[success] El programa se ha iniciado correctamente[0m
> > [34m[info] Agregando agente Salto Grande[0m
[34m[info] Ingrese costo de agua de Salto Grande:[0m
[34m[info] Ingrese volumen inicial de Salto Grande:[0m
[34m[info] Ingrese aportes de Salto Grande en una sola línea (360 valores):[0m
[info] SaltoGrande: activación de tramos de altura horaria
[32m[success] Se ha creado el agente 'Salto Grande' exitosamente[0m
> > [34m[info] Agregando agente Unidad Térmica Simple[0m
[34m[info] Ingrese potencia máxima de la unidad térmica simple:[0m
[34m[info] Ingrese costo variable de la unidad térmica simple:[0m
[32m[success] Se ha creado el agente 'Unidad Térmica Simple' exitosamente[0m
> > [34m[info] Agregando agente Demanda Fija[0m
[34m[info] Ingrese demandas en una sola línea (360 valores):[0m
[32m[success] Se ha creado el agente 'Demanda Fija' exitosamente[0m
> > [34m[info] Creando despacho de mercado[0m
[34m[info] Modo: despacho de mercado con demanda total explícita[0m
[34m[info] Ingrese cantidad de tramos del despacho de mercado:[0m
[34m[info] Ingrese porcentajes acumulados de los tramos en una sola línea (4 valores):[0m
[34m[info] Ingrese costos marginales de los tramos en una sola línea (4 valores):[0m
[34m[info] Ingrese demanda total en una sola línea (360 valores):[0m
[32m[success] Se ha creado el despacho de mercado exitosamente[0m
> > Set parameter WLSAccessID
Set parameter WLSSecret
Set parameter LicenseID to value 2849920
Academic license 2849920 - for non-commercial use only - registered to ma___@fing.edu.uy
[32m[success] Solver 'Gurobi' configurado | timeout=1800s | mipgap=0.001[0m
> [DEBUG Despacho] j=0 idGen=1 coefParticipacionDespacho=0.5
[DEBUG Despacho] j=1 idGen=2 coefParticipacionDespacho=1

[DEBUG Despacho] Cantidad de generadores = 2
[DEBUG Despacho] j=0 puntero=0x1f63300 idGen=1 coefParticipacionDespacho=0.5
[DEBUG Despacho] j=1 puntero=0x1f63510 idGen=2 coefParticipacionDespacho=1

------------------------------------------------------------
  PREPROCESAMIENTO MIP - Diagnostico Numerico
------------------------------------------------------------
Rango de coeficientes (toda la matriz):
  max |coef| = 1.224e+10
  min |coef| = 4.831e-04
  proxy rango= 2.535e+13

Diagnostico por bloque:
Bloque              max|coef|      min|coef|      kappa_aprox   vars    alpha     beta      cols      disc_omit aux_omit  escalado
------------------------------------------------------------------------------------------------------------------------------
a1_                 1.224e+10      4.831e-04      2.53e+13      5040    1.00e+00  1.00e+00  0         0         0         no
a2_                 sin filas      sin filas      N/A           360     1.00e+00  1.00e+00  0         0         0         no  (sin filas locales; aporta g2 al despacho)

Restriccion(es) global(es): 2160 fila(s)
  acoplamiento balance = 360 fila(s)
  global no acoplante  = 1800 fila(s)
  rho aprox (solo acoplamiento) = 1.000e+00
  gamma acoplamiento   = 1.000000
  gamma candidato      = 1.000000
  filas acop. escaladas= no
  filas normaliz. fisica= 0
  motivo gamma=1       = rho bajo; no se escala la fila de acoplamiento

ADVERTENCIAS:
  [!] Rango de coeficientes elevado (25345489906322). Riesgo de sensibilidad numerica.
  [!] Bloque 'a1_' internamente mal escalado (kappa~25345489906322). Conviene comparar equilibrado interno por filas/columnas.

[Modo diagnostico: no se modifico el modelo]
------------------------------------------------------------

[32m[success] Diagnostico completado (modelo sin modificar).[0m
> [MODELO] rows=10080 cols=6120 nnz=22679
[pipeline] Preprocesamiento seleccionado: Ninguno
[pipeline] Modelo interno sin modificaciones de preprocesamiento.
[pipeline] Estrategia de resolucion seleccionada: Monolitica
[pipeline] Resolviendo monoliticamente.
Set parameter TimeLimit to value 1800
Set parameter MIPGap to value 0.001
Set parameter Seed to value 42
Set parameter Threads to value 16
Gurobi Optimizer version 13.0.1 build v13.0.1rc0 (linux64 - "Debian GNU/Linux 12 (bookworm)")

CPU model: Intel(R) Xeon(R) Gold 6138 CPU @ 2.00GHz, instruction set [SSE2|AVX|AVX2|AVX512]
Thread count: 40 physical cores, 40 logical processors, using up to 16 threads

Non-default parameters:
TimeLimit  1800
MIPGap  0.001
Seed  42
Threads  16

Academic license 2849920 - for non-commercial use only - registered to ma___@fing.edu.uy
Optimize a model with 10080 rows, 6120 columns and 22679 nonzeros (Min)
Model fingerprint: 0x285f0847
Model has 721 linear objective coefficients
Variable types: 4680 continuous, 1440 integer (1440 binary)
Coefficient statistics:
  Matrix range     [5e-04, 1e+10]
  Objective range  [3e-03, 1e+02]
  Bounds range     [1e+00, 4e+09]
  RHS range        [4e+01, 1e+10]
Warning: Model contains large matrix coefficient range
Warning: Model contains large rhs
Warning: Model contains large bounds
         Consider reformulating model or setting NumericFocus parameter
         to avoid numerical issues.

Found heuristic solution: objective 6.002862e+08
Presolve removed 1168 rows and 390 columns
Presolve time: 0.08s
Presolved: 8912 rows, 5730 columns, 21367 nonzeros
Variable types: 4305 continuous, 1425 integer (1425 binary)

Root relaxation: objective 1.699947e+05, 6665 iterations, 0.11 seconds (0.13 work units)

    Nodes    |    Current Node    |     Objective Bounds      |     Work
 Expl Unexpl |  Obj  Depth IntInf | Incumbent    BestBd   Gap | It/Node Time

     0     0 169994.691    0  927 6.0029e+08 169994.691   100%     -    0s
H    0     0                    9301474.8575 169994.691  98.2%     -    0s
H    0     0                    431072.29959 213135.049  50.6%     -    0s
     0     0 213135.049    0 1016 431072.300 213135.049  50.6%     -    0s
     0     0 213836.354    0 1022 431072.300 213836.354  50.4%     -    0s
     0     0 213836.354    0 1022 431072.300 213836.354  50.4%     -    0s
H    0     0                    430113.24610 221863.044  48.4%     -    1s
     0     0 221863.044    0 1028 430113.246 221863.044  48.4%     -    1s
     0     0 222240.241    0 1027 430113.246 222240.241  48.3%     -    1s
     0     0 222240.241    0 1027 430113.246 222240.241  48.3%     -    1s
H    0     0                    426316.47052 222240.241  47.9%     -    1s
     0     0 223948.364    0 1031 426316.471 223948.364  47.5%     -    1s
     0     0 224330.679    0 1027 426316.471 224330.679  47.4%     -    1s
     0     0 231390.569    0 1025 426316.471 231390.569  45.7%     -    1s
H    0     0                    426155.91089 231390.569  45.7%     -    1s
     0     0 232689.302    0 1025 426155.911 232689.302  45.4%     -    1s
     0     0 232689.302    0 1020 426155.911 232689.302  45.4%     -    1s
     0     0 232689.302    0 1020 426155.911 232689.302  45.4%     -    1s
     0     0 232689.302    0 1020 426155.911 232689.302  45.4%     -    1s
     0     2 232689.302    0 1020 426155.911 232689.302  45.4%     -    2s
H    3     2                    425834.79164 232689.302  45.4%   812    2s
H   13     4                    421766.93061 232689.302  44.8%   934    3s
H   25     4                    420322.86340 232689.302  44.6%   855    4s
H   26     4                    419973.37794 232689.302  44.6%   822    4s
    43    12     cutoff   12      419973.378 232689.302  44.6%   763    5s
H   83     6                    418987.10396 232689.302  44.5%   695    6s
H   86     6                    418227.23144 232689.302  44.4%   671    6s
   298    14     cutoff   51      418227.231 241295.724  42.3%   510   10s
H  503    23                    418066.67182 244088.202  41.6%   382   11s
H  522    23                    417906.11220 244088.202  41.6%   376   11s
H 1246   214                    417745.55258 255006.952  39.0%   232   13s
  2402   498 413178.850  201  102 417745.553 260348.975  37.7%   148   15s
H 2420   498                    417584.99295 260348.975  37.7%   148   15s
H 2424   524                    417561.17434 260348.975  37.7%   148   15s
H 2453   524                    417336.18968 260348.975  37.6%   146   15s
H 2477   524                    416847.33489 260348.975  37.5%   145   15s
H 3826  1017                    416375.47933 273246.828  34.4%   106   18s
H 3826   664                    411047.90060 273246.828  33.5%   106   19s
  3827   649 391077.661  177 1020 411047.901 273246.828  33.5%   106   21s
  3836   655 410778.373  238 1283 411047.901 273246.828  33.5%   106   25s
  3852   655 346184.648   16  540 411047.901 273246.828  33.5%   113   30s
  4348   660 398973.410   55  343 411047.901 273246.828  33.5%   119   35s
H 4363   622                    410887.34098 273246.828  33.5%   119   35s
  6356  1055 409449.791   79  224 410887.341 273246.828  33.5%   100   40s
H 7648  1405                    410795.62521 273246.828  33.5%  95.6   42s
  8816  1646     cutoff   81      410795.625 273246.828  33.5%  96.3   45s
 11361  3261     cutoff  145      410795.625 277300.578  32.5%  94.7   50s
H11362  3259                    410775.55022 277300.578  32.5%  94.7   50s
 15986  6145 386664.858  341  145 410775.550 291950.293  28.9%  77.4   55s
 20804  9327 302174.002  169  904 410775.550 295707.012  28.0%  66.3   62s
 27826 11759 390016.900  322  117 410775.550 308635.491  24.9%  56.4   65s
 36573 15644 397145.381  153  319 410775.550 313767.316  23.6%  51.3   70s
H37990 15666                    410767.71433 314159.340  23.5%  50.7   72s
 39769 16521 407265.922  173  302 410767.714 314605.759  23.4%  49.8   75s
 42620 17644 400162.111  327 1020 410767.714 315330.475  23.2%  48.9   97s
 42623 17646 405007.538   96 1297 410767.714 315330.475  23.2%  48.9  100s
 42631 17651 407703.975  170 1214 410767.714 315330.475  23.2%  48.9  105s
 42639 17657 390683.721  293 1218 410767.714 315330.475  23.2%  48.9  110s
 42643 17660 315330.475   23 1221 410767.714 315330.475  23.2%  49.1  115s
 42677 17652 315330.475   36 1217 410767.714 315330.475  23.2%  50.0  120s
 42817 17603 380777.199   60  497 410767.714 315330.475  23.2%  51.3  125s
 43108 17526 infeasible   83      410767.714 315330.475  23.2%  54.4  130s
 43560 17489 330173.181  100  506 410767.714 315330.475  23.2%  56.6  135s
 44158 17607 344868.346  124  424 410767.714 315330.475  23.2%  57.1  140s
 45969 18128 387423.527  120  378 410767.714 315330.475  23.2%  58.8  145s
 48738 18401 405811.428  182  212 410767.714 315330.475  23.2%  60.1  150s
 50430 18184 406399.142  105  520 410767.714 323199.631  21.3%  62.5  155s
 51057 18235 405271.482  114  343 410767.714 326882.221  20.4%  62.8  160s
 54236 17890 388226.556  116  294 410767.714 337178.805  17.9%  64.4  165s
 56916 17825 410371.710  353   25 410767.714 345460.550  15.9%  65.5  170s
 60748 17961     cutoff  156      410767.714 352578.597  14.2%  65.5  175s
 64738 17695 409833.047  193  180 410767.714 356912.299  13.1%  66.1  180s
 70721 17532 390279.544  250  160 410767.714 362099.599  11.8%  64.2  185s
 75459 17050 401163.797  206  155 410767.714 365803.614  10.9%  63.5  190s
 81078 16775 404504.183  148  305 410767.714 368650.559  10.3%  62.4  196s
 83919 17538 377386.981  152  339 410767.714 370370.728  9.83%  62.0  201s
 90497 16428 375235.433  151  350 410767.714 372911.552  9.22%  60.3  205s
 96111 15824 403585.869  177  172 410767.714 374836.867  8.75%  59.3  210s
 102743 17013 402943.416  189  186 410767.714 376743.504  8.28%  58.0  215s
 108970 18264 396512.383  173  190 410767.714 378574.506  7.84%  56.8  220s
 113963 19284 402308.542  126  350 410767.714 380006.222  7.49%  56.5  226s
 117833 20352 391310.880  274  119 410767.714 380953.775  7.26%  55.8  230s
 122792 22009 397438.913  173  260 410767.714 381870.699  7.03%  55.3  235s
 127518 23477     cutoff  175      410767.714 382507.127  6.88%  54.7  240s
 134740 24853 390575.152  255  165 410767.714 383743.220  6.58%  53.8  245s
 140621 26009 403109.315  125  389 410767.714 384554.391  6.38%  53.3  250s
 146258 27640     cutoff  334      410767.714 385069.915  6.26%  52.8  256s
 149502 28245 404508.565  265  123 410767.714 385331.807  6.19%  52.6  260s
 156490 29578 406662.801  249   88 410767.714 386193.836  5.98%  52.1  266s
 160987 30661 388389.253  140  356 410767.714 386721.529  5.85%  51.8  270s
 167480 32606 402485.570  289   77 410767.714 387311.328  5.71%  51.2  276s
 172682 33354 402197.997  310   92 410767.714 387654.710  5.63%  50.9  281s
 176753 34904 396107.032  124  368 410767.714 388126.689  5.51%  50.7  285s
 182885 35952 407266.826  266   78 410767.714 388512.107  5.42%  50.3  290s
 188843 37368 401208.583  126  314 410767.714 388960.071  5.31%  49.9  296s
 192713 37975 396649.847  126  357 410767.714 389338.036  5.22%  49.7  300s
 198799 39441 405940.435  261   93 410767.714 389708.932  5.13%  49.5  305s
 204075 40733 406171.056  169  184 410767.714 390121.461  5.03%  49.3  310s
 209814 41978 405235.937  148  343 410767.714 390498.274  4.93%  49.2  316s
 214714 43751 398886.126  135  362 410767.714 390792.619  4.86%  49.1  322s
 219886 44310     cutoff  171      410767.714 391131.258  4.78%  48.9  325s
 223568 45208 395326.834  151  330 410767.714 391302.752  4.74%  48.8  330s
 228570 46349 402091.951  252  118 410767.714 391546.935  4.68%  48.7  335s
 233748 47480 402984.746  276   80 410767.714 391896.939  4.59%  48.6  340s
 238916 48742 399364.421  154  243 410767.714 392134.568  4.54%  48.5  345s
 245174 49948 infeasible  232      410767.714 392470.980  4.45%  48.4  350s
 249760 51084 409866.310  115  380 410767.714 392694.673  4.40%  48.3  355s
 255689 52357 403105.130  106  274 410767.714 392948.581  4.34%  48.1  360s
 260289 53339 399193.130  267   98 410767.714 393116.951  4.30%  48.3  366s
 264767 54272 409805.399  144  258 410767.714 393311.887  4.25%  48.3  371s
 270022 55195     cutoff  193      410767.714 393536.363  4.19%  48.4  376s
 275008 56274 infeasible  257      410767.714 393750.385  4.14%  48.3  380s
 280262 56952 410207.001  289   49 410767.714 393951.770  4.09%  48.3  385s
 280600 57130 399897.182  126  370 410767.714 393958.632  4.09%  48.4  390s
 285538 58680 400826.040  138  269 410767.714 394168.129  4.04%  48.3  396s
 290767 59410     cutoff  324      410767.714 394349.676  4.00%  48.2  400s
 291635 59815 398191.968  230  135 410767.714 394366.606  3.99%  48.2  405s
 297186 61043 405840.925  150  180 410767.714 394530.684  3.95%  48.2  411s
 300450 62046 409521.567  139  344 410767.714 394593.413  3.94%  48.2  415s
 305402 63171 400972.043  260   92 410767.714 394789.794  3.89%  48.2  420s
 311552 64393 399524.819  189  195 410767.714 394947.248  3.85%  48.1  426s
 315494 65007 398491.083  201  167 410767.714 395064.209  3.82%  48.1  430s
 320425 66012     cutoff  250      410767.714 395164.861  3.80%  48.1  435s
 325392 67110 408205.081  166  206 410767.714 395303.991  3.76%  48.0  440s
 330442 68231 399196.567  130  307 410767.714 395429.579  3.73%  48.0  446s
 334890 69031 408678.096  167  154 410767.714 395544.824  3.71%  48.0  451s
 339136 69781 407095.866  119  328 410767.714 395657.752  3.68%  48.0  455s
 343760 71087 398086.743  139  376 410767.714 395773.883  3.65%  48.1  462s
 348530 71829 408969.606  136  217 410767.714 395889.904  3.62%  48.0  465s
 353679 72832 402073.651  134  272 410767.714 396001.751  3.59%  48.0  470s
 358549 73800 407033.769  186  208 410767.714 396119.302  3.57%  48.0  475s
 363513 74686 409812.193  131  399 410767.714 396228.580  3.54%  48.0  480s
 367997 75574 406938.120  281   75 410767.714 396297.226  3.52%  48.1  485s
 373380 76667 407924.081  140  391 410767.714 396449.880  3.49%  48.1  490s
 378090 77652 397450.841  130  386 410767.714 396570.033  3.46%  48.1  495s
 383084 78737     cutoff  161      410767.714 396670.050  3.43%  48.1  500s
 387919 79721 398419.811  119  336 410767.714 396808.410  3.40%  48.1  505s
 393752 80955 401182.359  262  180 410767.714 396963.016  3.36%  48.0  511s
 397253 81816 406132.383  158  213 410767.714 397055.730  3.34%  48.0  515s
 402246 82750 405868.325  142  279 410767.714 397162.686  3.31%  48.0  520s
 408183 83616 402852.679  177  181 410767.714 397277.220  3.28%  47.9  525s
 411709 84652 399137.297  257   91 410767.714 397369.359  3.26%  48.0  530s
 416706 85612 401049.861  140  344 410767.714 397464.852  3.24%  48.0  535s
 421761 86723 409632.667  161  217 410767.714 397556.603  3.22%  48.0  540s
 426855 87587 400084.457  281   83 410767.714 397625.427  3.20%  48.0  546s
 431420 88408 398909.185  138  351 410767.714 397718.961  3.18%  47.9  550s
 436411 89325 401699.714  128  378 410767.714 397821.477  3.15%  47.9  555s
 440753 90018     cutoff  175      410767.714 397898.227  3.13%  48.0  560s
 444618 90913     cutoff  120      410767.714 397960.897  3.12%  48.0  565s
 449831 91800 402890.939  139  272 410767.714 398057.355  3.09%  48.0  570s
 455435 92728 403453.568  196  176 410767.714 398162.074  3.07%  48.0  576s
 460086 93464 406728.869  233  173 410767.714 398240.486  3.05%  48.0  580s
 463310 94244     cutoff  146      410767.714 398269.133  3.04%  48.1  585s
 468006 95012 405709.143  151  245 410767.714 398384.249  3.01%  48.1  590s
 472828 95620 405940.083  139  251 410767.714 398457.773  3.00%  48.1  595s
 477258 96553     cutoff  169      410767.714 398546.818  2.98%  48.2  600s
 482228 97507 405274.306  147  246 410767.714 398632.073  2.95%  48.2  605s
 487267 98278 402403.952  140  368 410767.714 398699.949  2.94%  48.2  610s
 489963 99005 406643.872  157  216 410767.714 398733.600  2.93%  48.3  616s
 496812 99603 408505.873  167  237 410767.714 398842.490  2.90%  48.4  621s
 498130 100234 409934.550  170  226 410767.714 398848.155  2.90%  48.4  627s
 501568 100724 407176.415  283   51 410767.714 398899.037  2.89%  48.4  631s
 506351 101294 400798.292  132  388 410767.714 398986.687  2.87%  48.5  636s
 509953 101655 405705.698  157  359 410767.714 399033.560  2.86%  48.5  640s
 514587 102329 409946.300  139  214 410767.714 399106.694  2.84%  48.7  645s
 519463 103073 404611.609  157  344 410767.714 399190.193  2.82%  48.7  651s
 523144 103489 infeasible  141      410767.714 399245.833  2.80%  48.9  656s
 525972 103907 403436.196  133  355 410767.714 399299.624  2.79%  49.0  660s
 530780 104466 400144.093  171  197 410767.714 399368.216  2.78%  49.2  665s
 535103 105014 402057.994  178  337 410767.714 399445.179  2.76%  49.3  670s
 539690 105425 403713.691  127  409 410767.714 399508.410  2.74%  49.5  675s
 543545 105860     cutoff  141      410767.714 399583.219  2.72%  49.7  681s
 547360 106062 400203.848  141  364 410767.714 399644.644  2.71%  49.8  685s
 551743 106461 410569.461  320   27 410767.714 399706.713  2.69%  50.0  691s
 555669 106831     cutoff  165      410767.714 399753.044  2.68%  50.1  695s
 558763 107026     cutoff  136      410767.714 399803.955  2.67%  50.3  700s
 562838 107469 infeasible  148      410767.714 399866.134  2.65%  50.5  706s
 565777 107809 406345.937  141  257 410767.714 399906.305  2.64%  50.7  710s
 571419 108183 405277.522  127  400 410767.714 399993.364  2.62%  50.9  716s
 574056 108384 409168.954  159  232 410767.714 400024.850  2.62%  51.0  720s
 578407 108770 409988.692  140  257 410767.714 400100.161  2.60%  51.2  727s
 581455 109059 407799.556  272   56 410767.714 400142.178  2.59%  51.4  731s
 584545 109311 407843.553  145  249 410767.714 400193.905  2.57%  51.5  735s
 589921 109715 402244.006  283   71 410767.714 400261.228  2.56%  51.7  741s
 593187 109995 408807.194  142  373 410767.714 400315.495  2.54%  51.8  745s
 595502 110117 408053.671  164  274 410767.714 400347.486  2.54%  51.9  751s
 600097 110523 infeasible  166      410767.714 400403.015  2.52%  52.1  756s
 604069 110851     cutoff  264      410767.714 400466.375  2.51%  52.3  761s
 607545 111105     cutoff  139      410767.714 400512.866  2.50%  52.5  766s
 611070 111315     cutoff  166      410767.714 400570.499  2.48%  52.6  770s
 613897 111662     cutoff  148      410767.714 400608.353  2.47%  52.8  775s
 618831 111918 406115.434  177  193 410767.714 400680.865  2.46%  53.0  780s
 621069 112144 409646.437  131  239 410767.714 400710.723  2.45%  53.1  785s
 626593 112364     cutoff  153      410767.714 400797.233  2.43%  53.2  791s
 629233 112508 410335.893  294   68 410767.714 400836.317  2.42%  53.4  795s
 633591 112838 407864.023  160  245 410767.714 400900.704  2.40%  53.6  801s
 636505 112996 409205.264  162  171 410767.714 400953.036  2.39%  53.7  807s
 640828 113087 404154.003  156  364 410767.714 401018.991  2.37%  53.9  810s
 642333 113109 410319.665  146  221 410767.714 401044.348  2.37%  54.0  815s
 644339 113237 407209.865  271   63 410767.714 401075.777  2.36%  54.1  820s
 648258 113366 408054.368  184  147 410767.714 401132.660  2.35%  54.3  825s
 653601 113580     cutoff  146      410767.714 401226.778  2.32%  54.5  832s
 657313 113681     cutoff  198      410767.714 401276.856  2.31%  54.6  836s
 660895 113768 405293.457  165  216 410767.714 401335.160  2.30%  54.7  840s
 664702 113925     cutoff  262      410767.714 401391.941  2.28%  54.8  845s
 669162 113919 406114.371  208  178 410767.714 401459.616  2.27%  55.0  851s
 672287 113943 410422.358  141  252 410767.714 401505.765  2.25%  55.1  855s
 676486 113906 409376.359  158  253 410767.714 401582.957  2.24%  55.3  862s
 679901 113942 409123.315  128  361 410767.714 401641.022  2.22%  55.5  866s
 683062 114057 401901.285  136  390 410767.714 401685.908  2.21%  55.6  871s
 688165 114031 408937.835  158  363 410767.714 401757.809  2.19%  55.7  876s
 691524 114095     cutoff  164      410767.714 401816.813  2.18%  55.8  881s
 694913 114219 407701.692  162  201 410767.714 401865.693  2.17%  55.9  885s
 698028 114290 infeasible  145      410767.714 401906.602  2.16%  56.0  890s
 702879 114313 infeasible  142      410767.714 401976.232  2.14%  56.1  896s
 706325 114340 403907.450  261  122 410767.714 402028.959  2.13%  56.2  900s
 710649 114225 403461.473  165  220 410767.714 402095.253  2.11%  56.3  905s
 715096 114134     cutoff  142      410767.714 402159.014  2.10%  56.5  911s
 717670 114114 407720.447  132  261 410767.714 402201.481  2.09%  56.6  917s
 721477 114054 409121.450  161  260 410767.714 402248.384  2.07%  56.7  921s
 724207 113981     cutoff  190      410767.714 402301.823  2.06%  56.9  926s
 727769 113958     cutoff  143      410767.714 402350.122  2.05%  57.0  930s
 730907 113834     cutoff  237      410767.714 402400.203  2.04%  57.1  935s
 735203 113750 404552.332  291   69 410767.714 402463.688  2.02%  57.3  940s
 739499 113600 408169.403  145  233 410767.714 402540.014  2.00%  57.4  946s
 742926 113366     cutoff  153      410767.714 402595.860  1.99%  57.5  951s
 745833 113302     cutoff  133      410767.714 402647.734  1.98%  57.7  955s
 749867 113163 404620.666  134  370 410767.714 402701.236  1.96%  57.8  960s
 754301 112925 408654.019  146  213 410767.714 402777.503  1.95%  58.0  967s
 757778 112749 infeasible  160      410767.714 402826.723  1.93%  58.1  971s
 760825 112566 408967.126  145  296 410767.714 402873.270  1.92%  58.2  975s
 763976 112473 408642.942  169  236 410767.714 402924.480  1.91%  58.3  980s
 769020 112272     cutoff  158      410767.714 403002.458  1.89%  58.5  986s
 769918 112045 408388.788  152  262 410767.714 403013.100  1.89%  58.5  990s
 772575 111938 infeasible  160      410767.714 403059.729  1.88%  58.6  995s
 776361 111671     cutoff  144      410767.714 403117.208  1.86%  58.8 1002s
 778362 111556 407411.485  157  346 410767.714 403147.165  1.86%  58.9 1005s
 782149 111363 409713.717  153  243 410767.714 403210.557  1.84%  59.0 1010s
 786621 111143     cutoff  147      410767.714 403282.118  1.82%  59.2 1016s
 789913 110965 408157.011  285   73 410767.714 403325.114  1.81%  59.3 1020s
 793938 110725     cutoff  149      410767.714 403395.708  1.79%  59.4 1026s
 797019 110515 406797.006  172  226 410767.714 403437.512  1.78%  59.5 1030s
 800062 110434 406615.850  269  101 410767.714 403487.984  1.77%  59.7 1035s
 802710 110168 404307.780  158  194 410767.714 403526.062  1.76%  59.8 1040s
 805907 109973     cutoff  125      410767.714 403575.501  1.75%  59.9 1045s
 809865 109666 407328.236  129  401 410767.714 403637.089  1.74%  60.0 1050s
 812993 109406 406157.655  278   91 410767.714 403679.146  1.73%  60.2 1055s
 815989 109162 404181.717  280   68 410767.714 403718.698  1.72%  60.3 1060s
 819807 108882 409741.124  241  121 410767.714 403786.570  1.70%  60.5 1065s
 823180 108658 407905.235  273   84 410767.714 403833.510  1.69%  60.5 1070s
 826753 108378 407143.098  289   41 410767.714 403894.194  1.67%  60.7 1075s
 829888 108171     cutoff  140      410767.714 403935.568  1.66%  60.8 1080s
 834681 107790 410233.264  122  382 410767.714 404001.465  1.65%  60.9 1087s
 838338 107560     cutoff  265      410767.714 404055.338  1.63%  61.0 1091s
 841236 107234     cutoff  154      410767.714 404096.601  1.62%  61.2 1096s
 844343 106980 409423.185  255   73 410767.714 404149.059  1.61%  61.3 1101s
 848214 106628 408875.775  259   77 410767.714 404201.480  1.60%  61.4 1106s
 851182 106296     cutoff  131      410767.714 404244.556  1.59%  61.5 1110s
 854234 106051 infeasible  150      410767.714 404292.976  1.58%  61.6 1115s
 857349 105717     cutoff  152      410767.714 404335.375  1.57%  61.8 1120s
 861190 105334     cutoff  144      410767.714 404391.378  1.55%  61.9 1125s
 864250 104983 407554.420  275   76 410767.714 404439.338  1.54%  62.0 1130s
 868793 104457     cutoff  143      410767.714 404505.634  1.52%  62.2 1137s
 871882 103992 409252.208  240   99 410767.714 404548.154  1.51%  62.4 1142s
 875096 103635     cutoff  239      410767.714 404595.782  1.50%  62.5 1147s
 876600 103374 410214.080  162  221 410767.714 404617.041  1.50%  62.6 1150s
 879783 103008     cutoff  142      410767.714 404663.362  1.49%  62.7 1155s
 881898 102717     cutoff  204      410767.714 404687.585  1.48%  62.8 1160s
 884706 102162 407237.528  269   51 410767.714 404735.185  1.47%  63.0 1165s
 888042 101666 410042.814  200  140 410767.714 404785.548  1.46%  63.1 1171s
 891501 101050 407326.580  299   68 410767.714 404838.794  1.44%  63.3 1177s
 895088 100533 405140.509  129  349 410767.714 404892.020  1.43%  63.5 1182s
 896898 100289 406993.305  290   61 410767.714 404920.506  1.42%  63.5 1185s
 900193 99734 407617.254  154  384 410767.714 404971.364  1.41%  63.7 1190s
 903611 99264     cutoff  167      410767.714 405021.775  1.40%  63.9 1195s
 906937 98745     cutoff  302      410767.714 405069.737  1.39%  64.0 1201s
 910194 98210 408491.340  158  179 410767.714 405112.657  1.38%  64.2 1206s
 913689 97662     cutoff  156      410767.714 405163.277  1.36%  64.3 1211s
 916976 97110 405823.982  184  153 410767.714 405206.877  1.35%  64.5 1216s
 920324 96556     cutoff  137      410767.714 405253.292  1.34%  64.6 1221s
 923647 96007     cutoff  173      410767.714 405295.378  1.33%  64.8 1227s
 926937 95443 409612.572  137  390 410767.714 405347.254  1.32%  64.9 1232s
 930108 94806     cutoff  146      410767.714 405396.688  1.31%  65.1 1237s
 933393 94129     cutoff  137      410767.714 405444.826  1.30%  65.2 1242s
 935000 93810 408096.899  169  259 410767.714 405463.161  1.29%  65.3 1245s
 938448 93355     cutoff  207      410767.714 405514.819  1.28%  65.4 1250s
 941177 92652 408444.231  184  228 410767.714 405555.919  1.27%  65.6 1255s
 944613 91901 405642.610  134  395 410767.714 405600.862  1.26%  65.8 1261s
 948143 91237 409149.351  140  414 410767.714 405655.935  1.24%  65.9 1266s
 951552 90508 409376.673  187  153 410767.714 405708.949  1.23%  66.1 1271s
 954924 89921     cutoff  226      410767.714 405749.000  1.22%  66.2 1277s
 958262 89258     cutoff  327      410767.714 405796.259  1.21%  66.4 1282s
 961481 88589 407867.035  162  358 410767.714 405843.466  1.20%  66.6 1287s
 963181 88236 408395.650  292   63 410767.714 405866.438  1.19%  66.6 1290s
 966530 87598 408408.928  146  364 410767.714 405909.222  1.18%  66.8 1295s
 970019 86900 408028.060  273   56 410767.714 405953.889  1.17%  66.9 1300s
 973105 86046     cutoff  267      410767.714 406006.407  1.16%  67.1 1305s
 976238 85274 408892.225  298   42 410767.714 406050.080  1.15%  67.3 1310s
 978660 85003     cutoff  123      410767.714 406089.652  1.14%  67.4 1316s
 980464 84228     cutoff  156      410767.714 406106.352  1.13%  67.5 1321s
 984219 83427 409055.422  229  105 410767.714 406165.185  1.12%  67.7 1327s
 986059 82993     cutoff  156      410767.714 406185.649  1.12%  67.7 1330s
 988730 82367     cutoff  170      410767.714 406226.634  1.11%  67.9 1335s
 992325 81488 410232.726  178  158 410767.714 406273.807  1.09%  68.1 1341s
 995806 80706     cutoff  149      410767.714 406321.128  1.08%  68.3 1346s
 999228 79838 409343.197  291   35 410767.714 406367.652  1.07%  68.4 1352s
 1002623 78974     cutoff  286      410767.714 406417.193  1.06%  68.6 1357s
 1004390 78511     cutoff  166      410767.714 406445.458  1.05%  68.7 1360s
 1007712 77629 407115.866  284  127 410767.714 406493.522  1.04%  68.9 1365s
 1010991 76692 409481.902  160  302 410767.714 406542.935  1.03%  69.1 1370s
 1014243 75875 406796.628  265   92 410767.714 406584.755  1.02%  69.3 1376s
 1017484 74994 408495.432  150  365 410767.714 406636.306  1.01%  69.5 1381s
 1020576 74129     cutoff  159      410767.714 406673.316  1.00%  69.7 1386s
 1023957 73248 407465.174  167  346 410767.714 406720.236  0.99%  69.9 1391s
 1027340 72338 406981.105  156  350 410767.714 406767.328  0.97%  70.0 1395s
 1030730 71347     cutoff  173      410767.714 406812.399  0.96%  70.2 1400s
 1034064 70406 408369.894  271   74 410767.714 406859.231  0.95%  70.4 1405s
 1038794 68958 409140.916  274   57 410767.714 406929.097  0.93%  70.7 1411s
 1042082 67910 infeasible  172      410767.714 406972.895  0.92%  70.9 1416s
 1045324 66825     cutoff  165      410767.714 407022.595  0.91%  71.1 1420s
 1048604 65796     cutoff  155      410767.714 407073.972  0.90%  71.3 1425s
 1051897 64826 408829.793  140  394 410767.714 407128.219  0.89%  71.5 1430s
 1055146 63753     cutoff  281      410767.714 407163.354  0.88%  71.7 1435s
 1058380 62612     cutoff  140      410767.714 407223.979  0.86%  71.9 1440s
 1061545 61579 409097.128  175  233 410767.714 407267.281  0.85%  72.1 1445s
 1064811 60554 407941.284  308   51 410767.714 407318.227  0.84%  72.3 1450s
 1068042 59501 408230.412  146  383 410767.714 407360.635  0.83%  72.5 1456s
 1069998 58788 infeasible  148      410767.714 407391.626  0.82%  72.6 1462s
 1071655 58168     cutoff  165      410767.714 407417.059  0.82%  72.7 1465s
 1075085 56933 408923.636  133  390 410767.714 407463.676  0.80%  73.0 1471s
 1078477 55574     cutoff  155      410767.714 407527.137  0.79%  73.2 1477s
 1080271 54981 infeasible  270      410767.714 407550.384  0.78%  73.3 1480s
 1083507 53829 408040.508  298   52 410767.714 407600.821  0.77%  73.5 1486s
 1086846 52628     cutoff  163      410767.714 407652.041  0.76%  73.7 1490s
 1090250 51338 408341.426  231   93 410767.714 407707.947  0.74%  73.9 1495s
 1093667 50074 407857.451  266   90 410767.714 407764.042  0.73%  74.2 1500s
 1096921 48903 409273.439  191  172 410767.714 407807.000  0.72%  74.4 1506s
 1100215 47604     cutoff  277      410767.714 407851.108  0.71%  74.6 1512s
 1103470 46305 infeasible  134      410767.714 407908.276  0.70%  74.8 1518s
 1105042 46126 408795.334  148  327 410767.714 407936.889  0.69%  74.9 1521s
 1106645 44861 409011.877  141  366 410767.714 407946.466  0.69%  75.0 1527s
 1108454 44043 408651.647  111  438 410767.714 407992.186  0.68%  75.2 1530s
 1111905 42654 409182.781  273   82 410767.714 408038.213  0.66%  75.4 1536s
 1113614 41911     cutoff  163      410767.714 408066.408  0.66%  75.5 1540s
 1116982 40388 409648.476  158  355 410767.714 408127.357  0.64%  75.8 1546s
 1120398 38928 409774.829  144  341 410767.714 408181.921  0.63%  76.0 1552s
 1122133 38658     cutoff  135      410767.714 408205.159  0.62%  76.2 1555s
 1124461 37120 409002.371  154  342 410767.714 408247.432  0.61%  76.3 1561s
 1126218 36295     cutoff  160      410767.714 408277.943  0.61%  76.5 1565s
 1129644 34645 409484.029  284   38 410767.714 408337.859  0.59%  76.7 1571s
 1133025 32937     cutoff  259      410767.714 408397.227  0.58%  77.0 1577s
 1134696 32084     cutoff  272      410767.714 408431.810  0.57%  77.2 1580s
 1138084 30415 infeasible  300      410767.714 408491.165  0.55%  77.4 1587s
 1139752 29555     cutoff  321      410767.714 408519.898  0.55%  77.6 1590s
 1143165 27723     cutoff  168      410767.714 408581.978  0.53%  77.8 1596s
 1146505 26002     cutoff  302      410767.714 408653.842  0.51%  78.1 1602s
 1148142 25079     cutoff  249      410767.714 408685.395  0.51%  78.2 1606s
 1151500 23221 410001.053  296   36 410767.714 408762.400  0.49%  78.5 1612s
 1153192 22290 410162.163  144  390 410767.714 408803.944  0.48%  78.6 1615s
 1156554 20351     cutoff  276      410767.714 408882.157  0.46%  78.8 1621s
 1159810 18268     cutoff  282      410767.714 408966.562  0.44%  79.1 1627s
 1161463 17274 410406.075  275   67 410767.714 409018.000  0.43%  79.3 1631s
 1164727 15098     cutoff  213      410767.714 409121.336  0.40%  79.5 1637s
 1166340 13998 409788.192  306   30 410767.714 409182.048  0.39%  79.7 1640s
 1169608 11660 infeasible  148      410767.714 409314.030  0.35%  80.0 1646s
 1172813  9254     cutoff  195      410767.714 409478.328  0.31%  80.2 1652s
 1174416  8010     cutoff  182      410767.714 409565.015  0.29%  80.4 1655s
 1177531  5443 410115.420  188  153 410767.714 409796.613  0.24%  80.7 1661s
 1179104  4088 410639.163  327   20 410767.714 409946.209  0.20%  80.9 1665s
 1182156  1238 infeasible  277      410767.714 410297.376  0.11%  81.3 1671s

Cutting planes:
  Gomory: 246
  Implied bound: 525
  Projected implied bound: 32
  MIR: 209
  Mixing: 7
  Flow cover: 1178
  RLT: 220
  Relax-and-lift: 189
  BQP: 1

Explored 1183639 nodes (96437694 simplex iterations) in 1671.28 seconds (1705.81 work units)
Thread count was 16 (of 40 available processors)

Solution count 10: 410768 410768 410776 ... 417746

Optimal solution found (tolerance 1.00e-03)
Best objective 4.107677143378e+05, best bound 4.105183907071e+05, gap 0.0607%

User-callback calls 2589628, time in user-callback 0.21 sec
[NUM-KAPPA] kappa_solver=135103739.599550 kappa_exact=-1.000000 is_mip=1
[NUM-EFIC] work=1705.806750 root_gap=0.453981 root_time=2.285192
[pipeline] Tiempo de resolucion: 1671.329009 s
[SOLVE] tiempo_solver_s=1671.330664008999975 status=OPTIMAL gap=0.060696988107114 obj=410767.714337842306122 best_bound=410518.390707122802269 nodos=1183639.000000000000000 iter=96437694.000000000000000 primal_integral=0.051078811092638
[VERIF ORIGINAL] etapa=solver_desescalado max_le=1.70530256582424e-13 (a1_salto_grande_tangente_2(130)) max_ge=0 () max_eq=1.19209289550781e-07 (a1_balance(9)) max_lb=0 () max_ub=0 () max_int=0 () avg_viol=1.0365635736658e-09 p95_viol=1.13686837721616e-13 p99_viol=3.72529029846191e-08 max_viol_rel=2.55795384873636e-13 max_viol_relact=1.13028513645363e-16 viol_le_count=0 viol_ge_count=0 viol_eq_count=0 viol_lb_count=0 viol_ub_count=0 viol_int_count=0 missing_values=0 obj_original_recalc=410767.714337843
[32m[success] Resultados guardados correctamente en /clusteruy/home/mathiasr/generator-aware-row-scaling/results-revision/final-variants/gurobi_sgtm_01pct/resultados/instance077_base.csv[0m
[32m[success] Archivo CSV generado correctamente[0m

[POST DEBUG] ===== INICIO POSTPROCESAMIENTO GLOBAL =====

[SG POST] ===== Diagnóstico SaltoGrande =====
[SG POST] periodos = 360
[SG POST] periodosPotenciaRealMayorMIP = 262
[SG POST] periodosPotenciaRealMenorMIP = 95
[SG POST] periodosConWhile = 262
[SG POST] cantidadWhile = 1636388
[SG POST] periodosConErrorFinal = 95
[SG POST] sumaGMip = 299556.821810469
[SG POST] sumaGRealInicial = 301767.610623037
[SG POST] sumaGRealFinal = 298231.665316401
[SG POST] sumaDeltaGInicial = 2210.78881256717
[SG POST] sumaDeltaGFinal = -1325.1564940684
[SG POST] maxAbsDeltaGInicial = 46.2026743561928
[SG POST] maxAbsDeltaGFinal = 37.5631700098702
[SG POST] sumaDeltaX = -16363.8800003566
[SG POST] sumaDeltaY = 16363.8799999997
[SG POST] ===================================

[POST DEBUG] --- DESPUÉS DE AGENTES ---
[POST DEBUG] Agentes | g1 antes=299556.821810469 despues=299556.821810469 delta=0
[POST DEBUG] Agentes | g2 antes=24577.0890947653 despues=24577.0890947653 delta=0
[POST DEBUG] Agentes | g antes=174355.5 despues=174355.5 delta=0
[POST DEBUG] Agentes | costoFalla antes=0 despues=0 delta=0
[POST DEBUG] --- DESPUÉS DE DESPACHO ---
[POST DEBUG] Despacho | g1 antes=299556.821810469 despues=299556.821810469 delta=0
[POST DEBUG] Despacho | g2 antes=24577.0890947653 despues=24577.0890947653 delta=0
[POST DEBUG] Despacho | g antes=174355.5 despues=174355.5 delta=0
[POST DEBUG] Despacho | costoFalla antes=0 despues=0 delta=0
[POST DEBUG] --- TOTAL ANTES VS FINAL ---
[POST DEBUG] Final | g1 antes=299556.821810469 despues=299556.821810469 delta=0
[POST DEBUG] Final | g2 antes=24577.0890947653 despues=24577.0890947653 delta=0
[POST DEBUG] Final | g antes=174355.5 despues=174355.5 delta=0
[POST DEBUG] Final | costoFalla antes=0 despues=0 delta=0
[POST DEBUG] valorFOOriginal = 410767.714337842
[POST DEBUG] valorFOPostProcesado = 410767.714337843
[POST DEBUG] deltaFO = 6.40284270048141e-10
[POST DEBUG] ===== FIN POSTPROCESAMIENTO GLOBAL =====

[32m[success] Post-procesamiento completado. Nuevo valor F.O.: 410767.714337842946406[0m
[VERIF ORIGINAL] etapa=postprocesado max_le=27.9109259196093 (a1_salto_grande_tangente_4(67)) max_ge=0 () max_eq=1.8049031496048e-05 (a1_balance(67)) max_lb=0 () max_ub=0 () max_int=0 () avg_viol=0.447598399837747 p95_viol=1.37543452748287 p99_viol=11.2259309553428 max_viol_rel=5.12255589313543 max_viol_relact=0.015134304288675 viol_le_count=1421 viol_ge_count=0 viol_eq_count=250 viol_lb_count=0 viol_ub_count=0 viol_int_count=0 missing_values=0 obj_original_recalc=410767.714337843
[32m[success] Resultados guardados correctamente en /clusteruy/home/mathiasr/generator-aware-row-scaling/results-revision/final-variants/gurobi_sgtm_01pct/resultados/instance077_base_postprocesado.csv[0m
> [32m[success] Saliendo del programa...[0m
[32m[success] SystemController destruido[0m
