[32m[success] SystemController creado[0m
> [32m[success] El programa se ha iniciado correctamente[0m
> > [34m[info] Agregando agente Salto Grande[0m
[34m[info] Ingrese costo de agua de Salto Grande:[0m
[34m[info] Ingrese volumen inicial de Salto Grande:[0m
[34m[info] Ingrese aportes de Salto Grande en una sola línea (360 valores):[0m
[info] SaltoGrande: activación de tramos de altura horaria
[32m[success] Se ha creado el agente 'Salto Grande' exitosamente[0m
> > [34m[info] Agregando agente Unidad Térmica Simple[0m
[34m[info] Ingrese potencia máxima de la unidad térmica simple:[0m
[34m[info] Ingrese costo variable de la unidad térmica simple:[0m
[32m[success] Se ha creado el agente 'Unidad Térmica Simple' exitosamente[0m
> > [34m[info] Agregando agente Demanda Fija[0m
[34m[info] Ingrese demandas en una sola línea (360 valores):[0m
[32m[success] Se ha creado el agente 'Demanda Fija' exitosamente[0m
> > [34m[info] Creando despacho de mercado[0m
[34m[info] Modo: despacho de mercado con demanda total explícita[0m
[34m[info] Ingrese cantidad de tramos del despacho de mercado:[0m
[34m[info] Ingrese porcentajes acumulados de los tramos en una sola línea (4 valores):[0m
[34m[info] Ingrese costos marginales de los tramos en una sola línea (4 valores):[0m
[34m[info] Ingrese demanda total en una sola línea (360 valores):[0m
[32m[success] Se ha creado el despacho de mercado exitosamente[0m
> > Set parameter WLSAccessID
Set parameter WLSSecret
Set parameter LicenseID to value 2849920
Academic license 2849920 - for non-commercial use only - registered to ma___@fing.edu.uy
[32m[success] Solver 'Gurobi' configurado | timeout=1800s | mipgap=0.001[0m
> [DEBUG Despacho] j=0 idGen=1 coefParticipacionDespacho=0.5
[DEBUG Despacho] j=1 idGen=2 coefParticipacionDespacho=1

[DEBUG Despacho] Cantidad de generadores = 2
[DEBUG Despacho] j=0 puntero=0x124e300 idGen=1 coefParticipacionDespacho=0.5
[DEBUG Despacho] j=1 puntero=0x124e510 idGen=2 coefParticipacionDespacho=1
[PREPROC PHASES] metadata_s=0.005634011 diagnostico_s=0.001058362 aplicacion_s=0.00174226

------------------------------------------------------------
  PREPROCESAMIENTO MIP - Diagnostico Numerico
------------------------------------------------------------
Rango de coeficientes (toda la matriz):
  max |coef| = 3.513e+07
  min |coef| = 8.404e-06
  proxy rango= 4.180e+12

Diagnostico por bloque:
Bloque              max|coef|      min|coef|      kappa_aprox   vars    alpha     beta      cols      disc_omit aux_omit  escalado
------------------------------------------------------------------------------------------------------------------------------
a1_                 3.513e+07      8.404e-06      4.18e+12      5040    1.23e-01  1.00e+00  0         0         0         SI  (filas=6480, alpha_min=8.40e-06, alpha_max=4.12e+01)
a2_                 sin filas      sin filas      N/A           360     1.00e+00  1.00e+00  0         0         0         no  (sin filas locales; aporta g2 al despacho)

Restriccion(es) global(es): 2160 fila(s)
  acoplamiento balance = 360 fila(s)
  global no acoplante  = 1800 fila(s)
  rho aprox (solo acoplamiento) = 1.000e+00
  gamma acoplamiento   = 1.000000
  gamma candidato      = 1.000000
  filas acop. escaladas= no
  filas normaliz. fisica= 0
  motivo gamma=1       = rho bajo; no se escala la fila de acoplamiento

ADVERTENCIAS:
  [!] Rango de coeficientes elevado (4180494263954). Riesgo de sensibilidad numerica.
  [!] Bloque 'a1_' internamente mal escalado (kappa~4180494263954). Conviene comparar equilibrado interno por filas/columnas.
------------------------------------------------------------

------------------------------------------------------------
  COMPARACION NUMERICA ANTES / DESPUES
------------------------------------------------------------
Indicador                   antes           despues         despues/antes
----------------------------------------------------------------------------
rango global                2.404e+13       4.180e+12       1.739e-01
rho acoplamiento            1.000e+00       1.000e+00       1.000e+00
gamma aplicado              1.000000        1.000000        1.000000

Bloques locales:
Bloque              kappa antes     kappa despues   alpha       beta        filas       cols        disc_omit   aux_omit    escalado
------------------------------------------------------------------------------------------------------------------------------------
a1_                 2.404e+13       4.180e+12       1.232e-01   1.000e+00   6480        0           0           0           SI
a2_                 N/A             N/A             1.000e+00   1.000e+00   0           0           0           0           no

Interpretacion: valores despues/antes menores que 1 indican mejora del proxy.
rho se calcula solo con filas de acoplamiento; las cotas de demanda sobre g quedan fuera.
El escalamiento local activo fue estructurado: alpha_r interno y beta_i entre bloques.
------------------------------------------------------------

[PREPROC TIME] variante=role_hybrid tiempo_s=0.011512774 u=2 K=4 epsMin=1e-09 epsMax=1000000000
[32m[success] Preprocesamiento aplicado.[0m
> [MODELO] rows=10080 cols=6120 nnz=22679
[pipeline] Preprocesamiento seleccionado: Ninguno
[pipeline] Modelo interno sin modificaciones de preprocesamiento.
[pipeline] Estrategia de resolucion seleccionada: Monolitica
[pipeline] Resolviendo monoliticamente.
Set parameter TimeLimit to value 1800
Set parameter MIPGap to value 0.001
Set parameter Seed to value 42
Set parameter Threads to value 16
Gurobi Optimizer version 13.0.1 build v13.0.1rc0 (linux64 - "Debian GNU/Linux 12 (bookworm)")

CPU model: Intel(R) Xeon(R) Gold 6138 CPU @ 2.00GHz, instruction set [SSE2|AVX|AVX2|AVX512]
Thread count: 40 physical cores, 40 logical processors, using up to 16 threads

Non-default parameters:
TimeLimit  1800
MIPGap  0.001
Seed  42
Threads  16

Academic license 2849920 - for non-commercial use only - registered to ma___@fing.edu.uy
Optimize a model with 10080 rows, 6120 columns and 22679 nonzeros (Min)
Model fingerprint: 0xfd9317c3
Model has 721 linear objective coefficients
Variable types: 4680 continuous, 1440 integer (1440 binary)
Coefficient statistics:
  Matrix range     [8e-06, 1e+05]
  Objective range  [9e-04, 1e+02]
  Bounds range     [1e+00, 4e+09]
  RHS range        [8e+01, 4e+07]
Warning: Model contains large bounds
         Consider reformulating model or setting NumericFocus parameter
         to avoid numerical issues.

Found heuristic solution: objective 8.441214e+08
Presolve removed 1394 rows and 616 columns
Presolve time: 0.17s
Presolved: 8686 rows, 5504 columns, 20826 nonzeros
Variable types: 4177 continuous, 1327 integer (1327 binary)

Root relaxation: objective 7.261740e+07, 8642 iterations, 0.39 seconds (0.45 work units)

    Nodes    |    Current Node    |     Objective Bounds      |     Work
 Expl Unexpl |  Obj  Depth IntInf | Incumbent    BestBd   Gap | It/Node Time

     0     0 7.2617e+07    0 1190 8.4412e+08 7.2617e+07  91.4%     -    0s
H    0     0                    1.781172e+08 7.2617e+07  59.2%     -    0s
     0     0 7.3379e+07    0 1177 1.7812e+08 7.3379e+07  58.8%     -    1s
     0     0 7.3440e+07    0 1172 1.7812e+08 7.3440e+07  58.8%     -    1s
     0     0 7.3440e+07    0 1172 1.7812e+08 7.3440e+07  58.8%     -    1s
     0     0 7.3767e+07    0 1170 1.7812e+08 7.3767e+07  58.6%     -    1s
     0     0 7.3787e+07    0 1170 1.7812e+08 7.3787e+07  58.6%     -    1s
     0     0 7.3787e+07    0 1170 1.7812e+08 7.3787e+07  58.6%     -    1s
     0     0 7.3896e+07    0 1174 1.7812e+08 7.3896e+07  58.5%     -    2s
     0     0 7.3911e+07    0 1175 1.7812e+08 7.3911e+07  58.5%     -    2s
     0     0 7.3911e+07    0 1175 1.7812e+08 7.3911e+07  58.5%     -    2s
H    0     0                    1.781148e+08 7.3911e+07  58.5%     -    2s
H    0     0                    1.781112e+08 7.3911e+07  58.5%     -    2s
     0     0 7.3987e+07    0 1142 1.7811e+08 7.3987e+07  58.5%     -    2s
     0     0 7.3990e+07    0 1142 1.7811e+08 7.3990e+07  58.5%     -    2s
     0     0 7.3990e+07    0 1142 1.7811e+08 7.3990e+07  58.5%     -    2s
     0     0 7.4004e+07    0 1151 1.7811e+08 7.4004e+07  58.5%     -    2s
     0     0 7.4020e+07    0 1151 1.7811e+08 7.4020e+07  58.4%     -    2s
     0     0 7.4020e+07    0 1136 1.7811e+08 7.4020e+07  58.4%     -    2s
     0     0 7.4020e+07    0 1136 1.7811e+08 7.4020e+07  58.4%     -    2s
     0     0 7.4020e+07    0 1136 1.7811e+08 7.4020e+07  58.4%     -    2s
     0     2 7.4027e+07    0 1136 1.7811e+08 7.4027e+07  58.4%     -    3s
H   17     2                    1.778383e+08 7.4596e+07  58.1%   300    4s
    21     2 7.4656e+07   11 1032 1.7784e+08 7.4656e+07  58.0%   385    5s
H   29     2                    1.772293e+08 7.4708e+07  57.8%   618    6s
H   31     2                    1.772206e+08 7.4710e+07  57.8%   654    6s
H   33     2                    1.769752e+08 7.4747e+07  57.8%   632    6s
H   44     6                    1.756977e+08 7.4854e+07  57.4%   687    7s
H   56     2                    1.755341e+08 7.4941e+07  57.3%   754    7s
    93     8 7.5550e+07   44  942 1.7553e+08 7.5550e+07  57.0%   836   10s
H  102    10                    1.755315e+08 7.5711e+07  56.9%   870   10s
H  203    46                    1.742902e+08 7.5801e+07  56.5%   663   11s
H  889   567                    1.653370e+08 7.5801e+07  54.2%   291   13s
H 1205   622                    1.632941e+08 7.6166e+07  53.4%   271   14s
  1314   764 1.5039e+08  105  276 1.6329e+08 7.6235e+07  53.3%   267   15s
H 1337   764                    1.602350e+08 7.6235e+07  52.4%   265   15s
H 1578   883                    1.601852e+08 7.6235e+07  52.4%   247   15s
H 1581   883                    1.601329e+08 7.6235e+07  52.4%   247   15s
H 1667   929                    1.571378e+08 7.6235e+07  51.5%   242   15s
H 1954   940                    1.570540e+08 7.6238e+07  51.5%   231   16s
* 2223   960             259    1.535192e+08 7.6238e+07  50.3%   219   16s
* 2225   960             260    1.535190e+08 7.6238e+07  50.3%   219   16s
* 2228   960             259    1.535069e+08 7.6238e+07  50.3%   219   16s
* 2232   960             259    1.534966e+08 7.6238e+07  50.3%   218   16s
* 2374   911             259    1.458324e+08 7.6714e+07  47.4%   217   16s
* 2376   911             260    1.458314e+08 7.6714e+07  47.4%   217   16s
* 2382   911             260    1.458308e+08 7.6714e+07  47.4%   217   16s
  2754   673 1.2230e+08   73 1136 1.4583e+08 7.6911e+07  47.3%   204   22s
  2759   677 7.6911e+07   12  995 1.4583e+08 7.6911e+07  47.3%   207   25s
  2911   635     cutoff   86      1.4583e+08 7.6911e+07  47.3%   238   30s
H 3207   669                    1.449827e+08 7.6911e+07  47.0%   236   30s
H 3223   631                    1.441990e+08 7.6911e+07  46.7%   236   30s
H 4275  1011                    1.418700e+08 7.6911e+07  45.8%   188   31s
* 4345   959             221    1.393538e+08 7.6911e+07  44.8%   185   31s
* 4426   859             222    1.385875e+08 7.6911e+07  44.5%   183   31s
H 4786   864                    1.376280e+08 7.6911e+07  44.1%   183   32s
* 5152  1101             215    1.371120e+08 7.6911e+07  43.9%   173   32s
* 5175  1101             214    1.344424e+08 7.6911e+07  42.8%   172   32s
* 5585   980             208    1.340236e+08 7.6911e+07  42.6%   164   32s
* 5587   980             207    1.340207e+08 7.6911e+07  42.6%   164   32s
* 5811   927             195    1.337244e+08 7.6911e+07  42.5%   159   32s
* 5818   927             195    1.331529e+08 7.6911e+07  42.2%   159   32s
H 5982   901                    1.318489e+08 7.7011e+07  41.6%   157   32s
* 5989   901             233    1.318291e+08 7.7011e+07  41.6%   157   32s
* 6037   901             230    1.318242e+08 7.7027e+07  41.6%   157   32s
H 6051   901                    1.309970e+08 7.7027e+07  41.2%   156   32s
H 6139   912                    1.309969e+08 7.7027e+07  41.2%   155   32s
H 6154   912                    1.309969e+08 7.7027e+07  41.2%   155   32s
* 6327  1030             231    1.306896e+08 7.7027e+07  41.1%   152   33s
* 6468   936             203    1.306249e+08 7.7027e+07  41.0%   150   33s
* 6473   936             205    1.293068e+08 7.7027e+07  40.4%   150   33s
* 6476   936             205    1.289714e+08 7.7027e+07  40.3%   150   33s
* 6640   992             216    1.278354e+08 7.7403e+07  39.5%   148   33s
* 6645   992             218    1.278197e+08 7.7403e+07  39.4%   148   33s
* 6646   992             218    1.278170e+08 7.7403e+07  39.4%   148   33s
* 6770   992             214    1.277924e+08 7.7403e+07  39.4%   146   33s
* 6865   992             215    1.277316e+08 7.7403e+07  39.4%   144   33s
H 6919   919                    1.224428e+08 7.7417e+07  36.8%   144   33s
* 7227   975             228    1.223987e+08 7.7695e+07  36.5%   142   33s
* 7339   948             233    1.219660e+08 7.7773e+07  36.2%   141   33s
* 7346   948             233    1.219431e+08 7.7773e+07  36.2%   141   33s
* 7347   948             233    1.219381e+08 7.7773e+07  36.2%   141   33s
* 7357   948             233    1.219246e+08 7.7773e+07  36.2%   141   33s
* 7460   931             233    1.154499e+08 7.7773e+07  32.6%   140   33s
* 7461   931             233    1.143325e+08 7.7773e+07  32.0%   140   33s
H 7462   931                    1.136847e+08 7.7773e+07  31.6%   140   33s
H 7563   931                    1.136824e+08 7.7796e+07  31.6%   139   33s
H 7752   902                    1.135735e+08 7.7796e+07  31.5%   139   33s
H 7755   902                    1.121749e+08 7.7796e+07  30.6%   139   33s
H 7818   902                    1.116725e+08 7.7796e+07  30.3%   139   33s
H 7946   935                    1.116670e+08 7.7796e+07  30.3%   138   34s
H 7987   935                    1.116578e+08 7.7796e+07  30.3%   138   34s
H 8119  1087                    1.073837e+08 7.7994e+07  27.4%   138   34s
H 8382   933                    1.065355e+08 7.7994e+07  26.8%   134   34s
H 8486   933                    1.059193e+08 7.7994e+07  26.4%   133   34s
H 8499   933                    1.056446e+08 7.7994e+07  26.2%   133   34s
H 8669   956                    1.026709e+08 7.7994e+07  24.0%   134   34s
H 8780   962                    1.018042e+08 7.7994e+07  23.4%   133   34s
H 8834   962                    1.009821e+08 7.7994e+07  22.8%   133   34s
H 8878   962                    1.009777e+08 7.7994e+07  22.8%   132   34s
H 8980  1007                    9.964819e+07 7.7994e+07  21.7%   131   34s
H 9006  1007                    9.895923e+07 7.7994e+07  21.2%   131   34s
H 9246   863                    9.886389e+07 7.7994e+07  21.1%   130   34s
  9284  1142     cutoff  255      9.8864e+07 7.8224e+07  20.9%   131   35s
* 9320  1142             305    9.848923e+07 7.8224e+07  20.6%   130   35s
* 9727  1037             305    9.746506e+07 7.8224e+07  19.7%   127   35s
* 9729  1037             306    9.746301e+07 7.8224e+07  19.7%   127   35s
* 9738  1037             305    9.715430e+07 7.8224e+07  19.5%   126   35s
* 9742  1037             306    9.679536e+07 7.8224e+07  19.2%   126   35s
*10160   899             313    9.638607e+07 7.8287e+07  18.8%   124   35s
*10161   899             313    9.629674e+07 7.8287e+07  18.7%   124   35s
*10253   899             318    9.567608e+07 7.8287e+07  18.2%   123   35s
*10254   899             318    9.567445e+07 7.8287e+07  18.2%   123   35s
*10256   899             318    9.522696e+07 7.8287e+07  17.8%   123   35s
*10704   886             328    9.520842e+07 7.8287e+07  17.8%   123   35s
*11195   985             323    9.496832e+07 7.8287e+07  17.6%   122   35s
*11196   985             323    9.480506e+07 7.8287e+07  17.4%   122   35s
*11198   985             323    9.413304e+07 7.8287e+07  16.8%   122   35s
*11203   985             324    9.350848e+07 7.8287e+07  16.3%   122   35s
*11204   985             324    9.345428e+07 7.8287e+07  16.2%   122   35s
*11238   985             325    9.343769e+07 7.8287e+07  16.2%   122   35s
*11323  1208             315    9.321893e+07 7.8287e+07  16.0%   121   36s
*11324  1208             315    9.321503e+07 7.8287e+07  16.0%   121   36s
*11542  1208             324    9.289824e+07 7.8287e+07  15.7%   120   36s
*11809  1117             322    9.286087e+07 7.8287e+07  15.7%   118   36s
*11815  1117             321    9.263637e+07 7.8287e+07  15.5%   118   36s
*11822  1117             322    9.263602e+07 7.8287e+07  15.5%   118   36s
*11836  1117             320    9.263481e+07 7.8287e+07  15.5%   118   36s
*11965  1117             332    9.235169e+07 7.8287e+07  15.2%   117   36s
*11967  1117             332    9.232968e+07 7.8287e+07  15.2%   117   36s
*11977  1117             330    9.197384e+07 7.8287e+07  14.9%   117   36s
*12351  1049             370    9.038868e+07 7.8508e+07  13.1%   115   36s
*12352  1049             370    9.036524e+07 7.8508e+07  13.1%   115   36s
*12360  1049             371    9.024048e+07 7.8508e+07  13.0%   115   36s
*12362  1049             370    9.016815e+07 7.8508e+07  12.9%   115   36s
*12529  1049             342    9.006086e+07 7.8508e+07  12.8%   114   36s
*12836  1030             370    8.970612e+07 7.8508e+07  12.5%   113   36s
*12837  1030             370    8.967206e+07 7.8508e+07  12.4%   113   36s
*12848  1030             370    8.966766e+07 7.8508e+07  12.4%   113   36s
*12897  1030             380    8.965013e+07 7.8508e+07  12.4%   112   36s
*12911  1030             378    8.964933e+07 7.8508e+07  12.4%   112   36s
*13099  1030             371    8.964658e+07 7.8508e+07  12.4%   112   36s
*13177  1030             366    8.957629e+07 7.8508e+07  12.4%   111   36s
*13184  1030             369    8.898037e+07 7.8508e+07  11.8%   111   36s
H13440  1032                    8.839315e+07 7.8606e+07  11.1%   110   36s
H13519  1032                    8.812163e+07 7.8606e+07  10.8%   110   36s
*13521  1032             328    8.784435e+07 7.8606e+07  10.5%   110   36s
*13530  1032             330    8.759778e+07 7.8606e+07  10.3%   110   36s
*13531  1032             330    8.732135e+07 7.8606e+07  10.0%   110   36s
H13774   836                    8.712236e+07 7.8606e+07  9.78%   110   37s
H13834   836                    8.657278e+07 7.8897e+07  8.87%   111   37s
H13851   836                    8.625025e+07 7.8897e+07  8.53%   111   37s
H13854   836                    8.609758e+07 7.8897e+07  8.36%   111   37s
*14067   911             371    8.609705e+07 7.8920e+07  8.34%   112   37s
*14071   911             371    8.609542e+07 7.8920e+07  8.33%   112   37s
*14277  1055             337    8.500555e+07 7.8920e+07  7.16%   111   37s
*14293  1055             338    8.462240e+07 7.8920e+07  6.74%   111   37s
*14294  1055             338    8.443735e+07 7.8920e+07  6.53%   111   37s
*15666   909             363    8.431870e+07 7.9543e+07  5.66%   105   38s
H15677   909                    8.397587e+07 7.9543e+07  5.28%   105   38s
H15718  1117                    8.391825e+07 7.9543e+07  5.21%   105   38s
*15804  1117             364    8.387880e+07 7.9593e+07  5.11%   105   38s
*15815  1117             364    8.383747e+07 7.9593e+07  5.06%   105   38s
*15921  1117             333    8.382329e+07 7.9593e+07  5.05%   104   38s
*15999  1117             339    8.376713e+07 7.9593e+07  4.98%   104   38s
*16339  1117             359    8.374436e+07 7.9593e+07  4.96%   103   38s
*16351  1117             360    8.358856e+07 7.9593e+07  4.78%   102   38s
*16466  1270             360    8.329483e+07 7.9593e+07  4.44%   102   39s
*16491  1270             382    8.323294e+07 7.9602e+07  4.36%   102   39s
*16497  1270             383    8.316989e+07 7.9602e+07  4.29%   102   39s
*16500  1270             383    8.313695e+07 7.9602e+07  4.25%   102   39s
H17467  1398                    8.212404e+07 7.9602e+07  3.07%  97.4   39s
H17909  1398                    8.197194e+07 7.9602e+07  2.89%  95.6   39s
H18444  1398                    8.184153e+07 7.9731e+07  2.58%  93.3   39s
*18546   854             422    8.183819e+07 7.9731e+07  2.57%  92.8   39s
H18735   854                    8.166772e+07 7.9731e+07  2.37%  92.1   39s
H18738   854                    8.158923e+07 7.9731e+07  2.28%  92.1   39s
H19447   501                    8.157586e+07 7.9731e+07  2.26%  90.0   39s
*19456   501             426    8.157378e+07 7.9731e+07  2.26%  89.9   39s
 19761    37 8.1537e+07  374   65 8.1574e+07 8.0013e+07  1.91%  89.2   40s
*20359    49             424    8.153942e+07 8.0145e+07  1.71%  87.0   40s
*20361    49             425    8.150943e+07 8.0145e+07  1.67%  87.0   40s
*20363    49             426    8.150841e+07 8.0145e+07  1.67%  87.0   40s
*20364    49             426    8.109511e+07 8.0145e+07  1.17%  87.0   40s
*20368    49             426    8.092997e+07 8.0145e+07  0.97%  87.0   40s
*20384    49             420    8.077322e+07 8.0145e+07  0.78%  86.9   40s
*20385    49             420    8.064296e+07 8.0145e+07  0.62%  86.9   40s
*20695     0             425    8.062472e+07 8.0587e+07  0.05%  85.9   40s

Explored 20706 nodes (1789875 simplex iterations) in 40.46 seconds (43.86 work units)
Thread count was 16 (of 40 available processors)

Solution count 10: 8.06247e+07 8.0643e+07 8.07732e+07 ... 8.15759e+07

Optimal solution found (tolerance 1.00e-03)
Best objective 8.062471761402e+07, best bound 8.062471761402e+07, gap 0.0000%

User-callback calls 48662, time in user-callback 0.00 sec
[NUM-KAPPA] kappa_solver=409916 kappa_exact=-1 is_mip=1
[NUM-EFIC] work=44 root_gap=1 root_time=3
[pipeline] Tiempo de resolucion: 40.557804 s
[SOLVE] tiempo_solver_s=40.557815249999997 status=OPTIMAL gap=0.000000000000000 obj=80624717.614019557833672 best_bound=80624717.614019557833672 nodos=20706.000000000000000 iter=1789875.000000000000000 primal_integral=0.454722485633719
[VERIF ORIGINAL] etapa=solver_desescalado max_le=3.41060513164848e-13 (a1_salto_grande_tangente_3(12)) max_ge=9.31322574615479e-10 (falla_tramo(112,4)) max_eq=3.57627868652344e-07 (a1_balance(8)) max_lb=0 () max_ub=0 () max_int=0 () avg_viol=1.44516678760604e-09 p95_viol=8.5265128291212e-14 p99_viol=4.09781932830811e-08 max_viol_rel=6.53699316899292e-12 max_viol_relact=2.04522171458757e-15 viol_le_count=0 viol_ge_count=0 viol_eq_count=0 viol_lb_count=0 viol_ub_count=0 viol_int_count=0 missing_values=0 obj_original_recalc=80624717.6140195
[32m[success] Resultados guardados correctamente en /clusteruy/home/mathiasr/generator-aware-row-scaling/results-revision/final-variants/gurobi_sgtm_01pct/resultados/instance072_role_hybrid.csv[0m
[32m[success] Archivo CSV generado correctamente[0m

[POST DEBUG] ===== INICIO POSTPROCESAMIENTO GLOBAL =====

[SG POST] ===== Diagnóstico SaltoGrande =====
[SG POST] periodos = 360
[SG POST] periodosPotenciaRealMayorMIP = 59
[SG POST] periodosPotenciaRealMenorMIP = 265
[SG POST] periodosConWhile = 59
[SG POST] cantidadWhile = 359564
[SG POST] periodosConErrorFinal = 265
[SG POST] sumaGMip = 260785.397634144
[SG POST] sumaGRealInicial = 244580.055501054
[SG POST] sumaGRealFinal = 243801.710515252
[SG POST] sumaDeltaGInicial = -16205.3421330898
[SG POST] sumaDeltaGFinal = -16983.6871188919
[SG POST] maxAbsDeltaGInicial = 174.430913843996
[SG POST] maxAbsDeltaGFinal = 174.430913843996
[SG POST] sumaDeltaX = -3595.64000007724
[SG POST] sumaDeltaY = 3595.64000000004
[SG POST] ===================================

[POST DEBUG] --- DESPUÉS DE AGENTES ---
[POST DEBUG] Agentes | g1 antes=260785.397634144 despues=260785.397634144 delta=0
[POST DEBUG] Agentes | g2 antes=68247.5477961467 despues=68247.5477961467 delta=0
[POST DEBUG] Agentes | g antes=198640.246613218 despues=198640.246613218 delta=0
[POST DEBUG] Agentes | costoFalla antes=73799962.8344049 despues=73799962.8344049 delta=0
[POST DEBUG] --- DESPUÉS DE DESPACHO ---
[POST DEBUG] Despacho | g1 antes=260785.397634144 despues=260785.397634144 delta=0
[POST DEBUG] Despacho | g2 antes=68247.5477961467 despues=68247.5477961467 delta=0
[POST DEBUG] Despacho | g antes=198640.246613218 despues=198640.246613218 delta=0
[POST DEBUG] Despacho | costoFalla antes=73799962.8344049 despues=73799962.8344049 delta=0
[POST DEBUG] --- TOTAL ANTES VS FINAL ---
[POST DEBUG] Final | g1 antes=260785.397634144 despues=260785.397634144 delta=0
[POST DEBUG] Final | g2 antes=68247.5477961467 despues=68247.5477961467 delta=0
[POST DEBUG] Final | g antes=198640.246613218 despues=198640.246613218 delta=0
[POST DEBUG] Final | costoFalla antes=73799962.8344049 despues=73799962.8344049 delta=0
[POST DEBUG] valorFOOriginal = 80624717.6140196
[POST DEBUG] valorFOPostProcesado = 80624717.6140195
[POST DEBUG] deltaFO = -2.98023223876953e-08
[POST DEBUG] ===== FIN POSTPROCESAMIENTO GLOBAL =====

[32m[success] Post-procesamiento completado. Nuevo valor F.O.: 80624717.614019528031349[0m
[VERIF ORIGINAL] etapa=postprocesado max_le=29.1775968952503 (a1_salto_grande_tangente_3(9)) max_ge=9.31322574615479e-10 (falla_tramo(112,4)) max_eq=1.52550637722015e-05 (a1_balance(9)) max_lb=0 () max_ub=0 () max_int=0 () avg_viol=0.0776578180853096 p95_viol=1.4210854715202e-13 p99_viol=1.32950263477903 max_viol_rel=5.41813060444017 max_viol_relact=0.0164478257265667 viol_le_count=134 viol_ge_count=0 viol_eq_count=49 viol_lb_count=0 viol_ub_count=0 viol_int_count=0 missing_values=0 obj_original_recalc=80624717.6140195
[32m[success] Resultados guardados correctamente en /clusteruy/home/mathiasr/generator-aware-row-scaling/results-revision/final-variants/gurobi_sgtm_01pct/resultados/instance072_role_hybrid_postprocesado.csv[0m
> [32m[success] Saliendo del programa...[0m
[32m[success] SystemController destruido[0m
