[32m[success] SystemController creado[0m
> Archivo LP guardado en: /home/mathiasr/Escritorio/generator-aware-row-scaling/results-revision/research-audit/identifiability-final/R3_S6_coupling_uniform/lp/coupling_uniform_S6_seed20260909_Base.lp
[PREPROC PHASES] metadata_s=4.8831e-05 diagnostico_s=4.7575e-05 aplicacion_s=5.0409e-05
Archivo LP guardado en: /home/mathiasr/Escritorio/generator-aware-row-scaling/results-revision/research-audit/identifiability-final/R3_S6_coupling_uniform/lp/coupling_uniform_S6_seed20260909_SAMat.lp
[PREPROC] modo plano: 43 filas tratadas como un unico bloque sin roles (kernel geomean por fila)
[PREPROC PHASES] metadata_s=1.593e-06 diagnostico_s=3.0861e-05 aplicacion_s=3.1907e-05
Archivo LP guardado en: /home/mathiasr/Escritorio/generator-aware-row-scaling/results-revision/research-audit/identifiability-final/R3_S6_coupling_uniform/lp/coupling_uniform_S6_seed20260909_FlatGM.lp
[PREPROC] modo plano: 43 filas tratadas como un unico bloque sin roles (kernel geomean por fila)
[PREPROC PHASES] metadata_s=1.228e-06 diagnostico_s=2.9553e-05 aplicacion_s=3.186e-05
Archivo LP guardado en: /home/mathiasr/Escritorio/generator-aware-row-scaling/results-revision/research-audit/identifiability-final/R3_S6_coupling_uniform/lp/coupling_uniform_S6_seed20260909_FlatL2.lp
[PREPROC PHASES] metadata_s=4.9629e-05 diagnostico_s=4.5065e-05 aplicacion_s=4.3348e-05
Archivo LP guardado en: /home/mathiasr/Escritorio/generator-aware-row-scaling/results-revision/research-audit/identifiability-final/R3_S6_coupling_uniform/lp/coupling_uniform_S6_seed20260909_RoleHybrid.lp
[PREPROC PHASES] metadata_s=4.9023e-05 diagnostico_s=4.4741e-05 aplicacion_s=5.6131e-05
Archivo LP guardado en: /home/mathiasr/Escritorio/generator-aware-row-scaling/results-revision/research-audit/identifiability-final/R3_S6_coupling_uniform/lp/coupling_uniform_S6_seed20260909_SAMatpermB.lp
Archivo LP guardado en: /home/mathiasr/Escritorio/generator-aware-row-scaling/results-revision/research-audit/identifiability-final/R3_S6_coupling_uniform/lp/coupling_uniform_S6_seed20260910_Base.lp
[PREPROC PHASES] metadata_s=4.9403e-05 diagnostico_s=4.5912e-05 aplicacion_s=4.5666e-05
Archivo LP guardado en: /home/mathiasr/Escritorio/generator-aware-row-scaling/results-revision/research-audit/identifiability-final/R3_S6_coupling_uniform/lp/coupling_uniform_S6_seed20260910_SAMat.lp
[PREPROC] modo plano: 43 filas tratadas como un unico bloque sin roles (kernel geomean por fila)
[PREPROC PHASES] metadata_s=1.424e-06 diagnostico_s=3.0047e-05 aplicacion_s=3.199e-05
Archivo LP guardado en: /home/mathiasr/Escritorio/generator-aware-row-scaling/results-revision/research-audit/identifiability-final/R3_S6_coupling_uniform/lp/coupling_uniform_S6_seed20260910_FlatGM.lp
[PREPROC] modo plano: 43 filas tratadas como un unico bloque sin roles (kernel geomean por fila)
[PREPROC PHASES] metadata_s=1.301e-06 diagnostico_s=2.9346e-05 aplicacion_s=3.1099e-05
Archivo LP guardado en: /home/mathiasr/Escritorio/generator-aware-row-scaling/results-revision/research-audit/identifiability-final/R3_S6_coupling_uniform/lp/coupling_uniform_S6_seed20260910_FlatL2.lp
[PREPROC PHASES] metadata_s=4.9423e-05 diagnostico_s=4.4898e-05 aplicacion_s=4.2917e-05
Archivo LP guardado en: /home/mathiasr/Escritorio/generator-aware-row-scaling/results-revision/research-audit/identifiability-final/R3_S6_coupling_uniform/lp/coupling_uniform_S6_seed20260910_RoleHybrid.lp
[PREPROC PHASES] metadata_s=4.9133e-05 diagnostico_s=4.7691e-05 aplicacion_s=5.5183e-05
Archivo LP guardado en: /home/mathiasr/Escritorio/generator-aware-row-scaling/results-revision/research-audit/identifiability-final/R3_S6_coupling_uniform/lp/coupling_uniform_S6_seed20260910_SAMatpermB.lp
Archivo LP guardado en: /home/mathiasr/Escritorio/generator-aware-row-scaling/results-revision/research-audit/identifiability-final/R3_S6_coupling_uniform/lp/coupling_uniform_S6_seed20260911_Base.lp
[PREPROC PHASES] metadata_s=4.8724e-05 diagnostico_s=5.0101e-05 aplicacion_s=4.523e-05
Archivo LP guardado en: /home/mathiasr/Escritorio/generator-aware-row-scaling/results-revision/research-audit/identifiability-final/R3_S6_coupling_uniform/lp/coupling_uniform_S6_seed20260911_SAMat.lp
[PREPROC] modo plano: 43 filas tratadas como un unico bloque sin roles (kernel geomean por fila)
[PREPROC PHASES] metadata_s=1.462e-06 diagnostico_s=3.0017e-05 aplicacion_s=3.1411e-05
Archivo LP guardado en: /home/mathiasr/Escritorio/generator-aware-row-scaling/results-revision/research-audit/identifiability-final/R3_S6_coupling_uniform/lp/coupling_uniform_S6_seed20260911_FlatGM.lp
[PREPROC] modo plano: 43 filas tratadas como un unico bloque sin roles (kernel geomean por fila)
[PREPROC PHASES] metadata_s=1.354e-06 diagnostico_s=2.8783e-05 aplicacion_s=3.61e-05
Archivo LP guardado en: /home/mathiasr/Escritorio/generator-aware-row-scaling/results-revision/research-audit/identifiability-final/R3_S6_coupling_uniform/lp/coupling_uniform_S6_seed20260911_FlatL2.lp
[PREPROC PHASES] metadata_s=4.9181e-05 diagnostico_s=4.5703e-05 aplicacion_s=4.2967e-05
Archivo LP guardado en: /home/mathiasr/Escritorio/generator-aware-row-scaling/results-revision/research-audit/identifiability-final/R3_S6_coupling_uniform/lp/coupling_uniform_S6_seed20260911_RoleHybrid.lp
[PREPROC PHASES] metadata_s=4.8727e-05 diagnostico_s=4.6204e-05 aplicacion_s=5.544e-05
Archivo LP guardado en: /home/mathiasr/Escritorio/generator-aware-row-scaling/results-revision/research-audit/identifiability-final/R3_S6_coupling_uniform/lp/coupling_uniform_S6_seed20260911_SAMatpermB.lp
Archivo LP guardado en: /home/mathiasr/Escritorio/generator-aware-row-scaling/results-revision/research-audit/identifiability-final/R3_S6_coupling_uniform/lp/coupling_uniform_S6_seed20260912_Base.lp
[PREPROC PHASES] metadata_s=4.9454e-05 diagnostico_s=4.566e-05 aplicacion_s=4.5085e-05
Archivo LP guardado en: /home/mathiasr/Escritorio/generator-aware-row-scaling/results-revision/research-audit/identifiability-final/R3_S6_coupling_uniform/lp/coupling_uniform_S6_seed20260912_SAMat.lp
[PREPROC] modo plano: 43 filas tratadas como un unico bloque sin roles (kernel geomean por fila)
[PREPROC PHASES] metadata_s=1.331e-06 diagnostico_s=3.0421e-05 aplicacion_s=3.1977e-05
Archivo LP guardado en: /home/mathiasr/Escritorio/generator-aware-row-scaling/results-revision/research-audit/identifiability-final/R3_S6_coupling_uniform/lp/coupling_uniform_S6_seed20260912_FlatGM.lp
[PREPROC] modo plano: 43 filas tratadas como un unico bloque sin roles (kernel geomean por fila)
[PREPROC PHASES] metadata_s=1.27e-06 diagnostico_s=2.87e-05 aplicacion_s=3.1097e-05
Archivo LP guardado en: /home/mathiasr/Escritorio/generator-aware-row-scaling/results-revision/research-audit/identifiability-final/R3_S6_coupling_uniform/lp/coupling_uniform_S6_seed20260912_FlatL2.lp
[PREPROC PHASES] metadata_s=4.9198e-05 diagnostico_s=4.5494e-05 aplicacion_s=4.364e-05
Archivo LP guardado en: /home/mathiasr/Escritorio/generator-aware-row-scaling/results-revision/research-audit/identifiability-final/R3_S6_coupling_uniform/lp/coupling_uniform_S6_seed20260912_RoleHybrid.lp
[PREPROC PHASES] metadata_s=4.872e-05 diagnostico_s=4.5135e-05 aplicacion_s=5.5014e-05
Archivo LP guardado en: /home/mathiasr/Escritorio/generator-aware-row-scaling/results-revision/research-audit/identifiability-final/R3_S6_coupling_uniform/lp/coupling_uniform_S6_seed20260912_SAMatpermB.lp
Archivo LP guardado en: /home/mathiasr/Escritorio/generator-aware-row-scaling/results-revision/research-audit/identifiability-final/R3_S6_coupling_uniform/lp/coupling_uniform_S6_seed20260913_Base.lp
[PREPROC PHASES] metadata_s=4.9175e-05 diagnostico_s=4.6781e-05 aplicacion_s=4.9915e-05
Archivo LP guardado en: /home/mathiasr/Escritorio/generator-aware-row-scaling/results-revision/research-audit/identifiability-final/R3_S6_coupling_uniform/lp/coupling_uniform_S6_seed20260913_SAMat.lp
[PREPROC] modo plano: 43 filas tratadas como un unico bloque sin roles (kernel geomean por fila)
[PREPROC PHASES] metadata_s=1.425e-06 diagnostico_s=2.9827e-05 aplicacion_s=3.1722e-05
Archivo LP guardado en: /home/mathiasr/Escritorio/generator-aware-row-scaling/results-revision/research-audit/identifiability-final/R3_S6_coupling_uniform/lp/coupling_uniform_S6_seed20260913_FlatGM.lp
[PREPROC] modo plano: 43 filas tratadas como un unico bloque sin roles (kernel geomean por fila)
[PREPROC PHASES] metadata_s=1.212e-06 diagnostico_s=2.91e-05 aplicacion_s=3.1925e-05
Archivo LP guardado en: /home/mathiasr/Escritorio/generator-aware-row-scaling/results-revision/research-audit/identifiability-final/R3_S6_coupling_uniform/lp/coupling_uniform_S6_seed20260913_FlatL2.lp
[PREPROC PHASES] metadata_s=4.8833e-05 diagnostico_s=5.0897e-05 aplicacion_s=4.4879e-05
Archivo LP guardado en: /home/mathiasr/Escritorio/generator-aware-row-scaling/results-revision/research-audit/identifiability-final/R3_S6_coupling_uniform/lp/coupling_uniform_S6_seed20260913_RoleHybrid.lp
[PREPROC PHASES] metadata_s=4.8502e-05 diagnostico_s=5.1068e-05 aplicacion_s=5.9014e-05
Archivo LP guardado en: /home/mathiasr/Escritorio/generator-aware-row-scaling/results-revision/research-audit/identifiability-final/R3_S6_coupling_uniform/lp/coupling_uniform_S6_seed20260913_SAMatpermB.lp
Archivo LP guardado en: /home/mathiasr/Escritorio/generator-aware-row-scaling/results-revision/research-audit/identifiability-final/R3_S6_coupling_uniform/lp/coupling_uniform_S6_seed20260914_Base.lp
[PREPROC PHASES] metadata_s=4.8216e-05 diagnostico_s=4.6095e-05 aplicacion_s=4.5841e-05
Archivo LP guardado en: /home/mathiasr/Escritorio/generator-aware-row-scaling/results-revision/research-audit/identifiability-final/R3_S6_coupling_uniform/lp/coupling_uniform_S6_seed20260914_SAMat.lp
[PREPROC] modo plano: 43 filas tratadas como un unico bloque sin roles (kernel geomean por fila)
[PREPROC PHASES] metadata_s=1.361e-06 diagnostico_s=3.0262e-05 aplicacion_s=3.1721e-05
Archivo LP guardado en: /home/mathiasr/Escritorio/generator-aware-row-scaling/results-revision/research-audit/identifiability-final/R3_S6_coupling_uniform/lp/coupling_uniform_S6_seed20260914_FlatGM.lp
[PREPROC] modo plano: 43 filas tratadas como un unico bloque sin roles (kernel geomean por fila)
[PREPROC PHASES] metadata_s=1.418e-06 diagnostico_s=2.9285e-05 aplicacion_s=3.1708e-05
Archivo LP guardado en: /home/mathiasr/Escritorio/generator-aware-row-scaling/results-revision/research-audit/identifiability-final/R3_S6_coupling_uniform/lp/coupling_uniform_S6_seed20260914_FlatL2.lp
[PREPROC PHASES] metadata_s=4.8798e-05 diagnostico_s=4.5323e-05 aplicacion_s=4.4375e-05
Archivo LP guardado en: /home/mathiasr/Escritorio/generator-aware-row-scaling/results-revision/research-audit/identifiability-final/R3_S6_coupling_uniform/lp/coupling_uniform_S6_seed20260914_RoleHybrid.lp
[PREPROC PHASES] metadata_s=4.9156e-05 diagnostico_s=4.5031e-05 aplicacion_s=5.5089e-05
Archivo LP guardado en: /home/mathiasr/Escritorio/generator-aware-row-scaling/results-revision/research-audit/identifiability-final/R3_S6_coupling_uniform/lp/coupling_uniform_S6_seed20260914_SAMatpermB.lp
Archivo LP guardado en: /home/mathiasr/Escritorio/generator-aware-row-scaling/results-revision/research-audit/identifiability-final/R3_S6_coupling_uniform/lp/coupling_uniform_S6_seed20260915_Base.lp
[PREPROC PHASES] metadata_s=4.8972e-05 diagnostico_s=4.5404e-05 aplicacion_s=4.5145e-05
Archivo LP guardado en: /home/mathiasr/Escritorio/generator-aware-row-scaling/results-revision/research-audit/identifiability-final/R3_S6_coupling_uniform/lp/coupling_uniform_S6_seed20260915_SAMat.lp
[PREPROC] modo plano: 43 filas tratadas como un unico bloque sin roles (kernel geomean por fila)
[PREPROC PHASES] metadata_s=1.292e-06 diagnostico_s=3.017e-05 aplicacion_s=3.6178e-05
Archivo LP guardado en: /home/mathiasr/Escritorio/generator-aware-row-scaling/results-revision/research-audit/identifiability-final/R3_S6_coupling_uniform/lp/coupling_uniform_S6_seed20260915_FlatGM.lp
[PREPROC] modo plano: 43 filas tratadas como un unico bloque sin roles (kernel geomean por fila)
[PREPROC PHASES] metadata_s=1.31e-06 diagnostico_s=2.8904e-05 aplicacion_s=3.1665e-05
Archivo LP guardado en: /home/mathiasr/Escritorio/generator-aware-row-scaling/results-revision/research-audit/identifiability-final/R3_S6_coupling_uniform/lp/coupling_uniform_S6_seed20260915_FlatL2.lp
[PREPROC PHASES] metadata_s=5.3305e-05 diagnostico_s=4.5045e-05 aplicacion_s=4.755e-05
Archivo LP guardado en: /home/mathiasr/Escritorio/generator-aware-row-scaling/results-revision/research-audit/identifiability-final/R3_S6_coupling_uniform/lp/coupling_uniform_S6_seed20260915_RoleHybrid.lp
[PREPROC PHASES] metadata_s=4.9197e-05 diagnostico_s=4.4975e-05 aplicacion_s=5.5976e-05
Archivo LP guardado en: /home/mathiasr/Escritorio/generator-aware-row-scaling/results-revision/research-audit/identifiability-final/R3_S6_coupling_uniform/lp/coupling_uniform_S6_seed20260915_SAMatpermB.lp
Archivo LP guardado en: /home/mathiasr/Escritorio/generator-aware-row-scaling/results-revision/research-audit/identifiability-final/R3_S6_coupling_uniform/lp/coupling_uniform_S6_seed20260916_Base.lp
[PREPROC PHASES] metadata_s=4.8705e-05 diagnostico_s=4.6244e-05 aplicacion_s=4.5862e-05
Archivo LP guardado en: /home/mathiasr/Escritorio/generator-aware-row-scaling/results-revision/research-audit/identifiability-final/R3_S6_coupling_uniform/lp/coupling_uniform_S6_seed20260916_SAMat.lp
[PREPROC] modo plano: 43 filas tratadas como un unico bloque sin roles (kernel geomean por fila)
[PREPROC PHASES] metadata_s=1.263e-06 diagnostico_s=2.967e-05 aplicacion_s=3.1311e-05
Archivo LP guardado en: /home/mathiasr/Escritorio/generator-aware-row-scaling/results-revision/research-audit/identifiability-final/R3_S6_coupling_uniform/lp/coupling_uniform_S6_seed20260916_FlatGM.lp
[PREPROC] modo plano: 43 filas tratadas como un unico bloque sin roles (kernel geomean por fila)
[PREPROC PHASES] metadata_s=1.286e-06 diagnostico_s=2.9798e-05 aplicacion_s=3.2256e-05
Archivo LP guardado en: /home/mathiasr/Escritorio/generator-aware-row-scaling/results-revision/research-audit/identifiability-final/R3_S6_coupling_uniform/lp/coupling_uniform_S6_seed20260916_FlatL2.lp
[PREPROC PHASES] metadata_s=4.8709e-05 diagnostico_s=4.5116e-05 aplicacion_s=4.3554e-05
Archivo LP guardado en: /home/mathiasr/Escritorio/generator-aware-row-scaling/results-revision/research-audit/identifiability-final/R3_S6_coupling_uniform/lp/coupling_uniform_S6_seed20260916_RoleHybrid.lp
[PREPROC PHASES] metadata_s=4.927e-05 diagnostico_s=4.562e-05 aplicacion_s=5.6823e-05
Archivo LP guardado en: /home/mathiasr/Escritorio/generator-aware-row-scaling/results-revision/research-audit/identifiability-final/R3_S6_coupling_uniform/lp/coupling_uniform_S6_seed20260916_SAMatpermB.lp
Archivo LP guardado en: /home/mathiasr/Escritorio/generator-aware-row-scaling/results-revision/research-audit/identifiability-final/R3_S6_coupling_uniform/lp/coupling_uniform_S6_seed20260917_Base.lp
[PREPROC PHASES] metadata_s=4.8923e-05 diagnostico_s=4.6476e-05 aplicacion_s=4.3218e-05
Archivo LP guardado en: /home/mathiasr/Escritorio/generator-aware-row-scaling/results-revision/research-audit/identifiability-final/R3_S6_coupling_uniform/lp/coupling_uniform_S6_seed20260917_SAMat.lp
[PREPROC] modo plano: 43 filas tratadas como un unico bloque sin roles (kernel geomean por fila)
[PREPROC PHASES] metadata_s=1.341e-06 diagnostico_s=3.0353e-05 aplicacion_s=3.1832e-05
Archivo LP guardado en: /home/mathiasr/Escritorio/generator-aware-row-scaling/results-revision/research-audit/identifiability-final/R3_S6_coupling_uniform/lp/coupling_uniform_S6_seed20260917_FlatGM.lp
[PREPROC] modo plano: 43 filas tratadas como un unico bloque sin roles (kernel geomean por fila)
[PREPROC PHASES] metadata_s=1.246e-06 diagnostico_s=2.9009e-05 aplicacion_s=3.0186e-05
Archivo LP guardado en: /home/mathiasr/Escritorio/generator-aware-row-scaling/results-revision/research-audit/identifiability-final/R3_S6_coupling_uniform/lp/coupling_uniform_S6_seed20260917_FlatL2.lp
[PREPROC PHASES] metadata_s=4.846e-05 diagnostico_s=4.5217e-05 aplicacion_s=4.0836e-05
Archivo LP guardado en: /home/mathiasr/Escritorio/generator-aware-row-scaling/results-revision/research-audit/identifiability-final/R3_S6_coupling_uniform/lp/coupling_uniform_S6_seed20260917_RoleHybrid.lp
[PREPROC PHASES] metadata_s=4.902e-05 diagnostico_s=4.5929e-05 aplicacion_s=5.3732e-05
Archivo LP guardado en: /home/mathiasr/Escritorio/generator-aware-row-scaling/results-revision/research-audit/identifiability-final/R3_S6_coupling_uniform/lp/coupling_uniform_S6_seed20260917_SAMatpermB.lp
Archivo LP guardado en: /home/mathiasr/Escritorio/generator-aware-row-scaling/results-revision/research-audit/identifiability-final/R3_S6_coupling_uniform/lp/coupling_uniform_S6_seed20260918_Base.lp
[PREPROC PHASES] metadata_s=4.8581e-05 diagnostico_s=4.6018e-05 aplicacion_s=4.6264e-05
Archivo LP guardado en: /home/mathiasr/Escritorio/generator-aware-row-scaling/results-revision/research-audit/identifiability-final/R3_S6_coupling_uniform/lp/coupling_uniform_S6_seed20260918_SAMat.lp
[PREPROC] modo plano: 43 filas tratadas como un unico bloque sin roles (kernel geomean por fila)
[PREPROC PHASES] metadata_s=1.341e-06 diagnostico_s=3.011e-05 aplicacion_s=3.1995e-05
Archivo LP guardado en: /home/mathiasr/Escritorio/generator-aware-row-scaling/results-revision/research-audit/identifiability-final/R3_S6_coupling_uniform/lp/coupling_uniform_S6_seed20260918_FlatGM.lp
[PREPROC] modo plano: 43 filas tratadas como un unico bloque sin roles (kernel geomean por fila)
[PREPROC PHASES] metadata_s=1.145e-06 diagnostico_s=2.945e-05 aplicacion_s=3.159e-05
Archivo LP guardado en: /home/mathiasr/Escritorio/generator-aware-row-scaling/results-revision/research-audit/identifiability-final/R3_S6_coupling_uniform/lp/coupling_uniform_S6_seed20260918_FlatL2.lp
[PREPROC PHASES] metadata_s=4.885e-05 diagnostico_s=4.525e-05 aplicacion_s=4.4247e-05
Archivo LP guardado en: /home/mathiasr/Escritorio/generator-aware-row-scaling/results-revision/research-audit/identifiability-final/R3_S6_coupling_uniform/lp/coupling_uniform_S6_seed20260918_RoleHybrid.lp
[PREPROC PHASES] metadata_s=4.9149e-05 diagnostico_s=4.4822e-05 aplicacion_s=5.5356e-05
Archivo LP guardado en: /home/mathiasr/Escritorio/generator-aware-row-scaling/results-revision/research-audit/identifiability-final/R3_S6_coupling_uniform/lp/coupling_uniform_S6_seed20260918_SAMatpermB.lp
[32m[success] Benchmark sintético: 60 corridas (instancia × variante). CSV: /home/mathiasr/Escritorio/generator-aware-row-scaling/results-revision/research-audit/identifiability-final/R3_S6_coupling_uniform/metrics.csv[0m
> [32m[success] Saliendo del programa...[0m
[32m[success] SystemController destruido[0m
