[32m[success] SystemController creado[0m
> [32m[success] El programa se ha iniciado correctamente[0m
> > 
========== DEBUG CONSTRUCTOR RioNegroBoneteNoLineal ==========
volumenesBonete.size()         = 118
valoresBellman.size()          = 118
derivadasValoresBellman.size() = 118
volumenesBonete.front() = 1487
volumenesBonete.back()  = 10239.8139534883
==============================================================

[info] RioNegroNoLineal: activación de tramos de altura horaria
[32m[success] Se ha creado el agente 'Río Negro Bonete No Lineal' exitosamente[0m
> > [34m[info] Agregando agente Salto Grande[0m
[34m[info] Ingrese costo de agua de Salto Grande:[0m
[34m[info] Ingrese volumen inicial de Salto Grande:[0m
[34m[info] Ingrese aportes de Salto Grande en una sola línea (360 valores):[0m
[info] SaltoGrande: activación de tramos de altura horaria
[32m[success] Se ha creado el agente 'Salto Grande' exitosamente[0m
> > [34m[info] Agregando agente Unidad Térmica Simple[0m
[34m[info] Ingrese potencia máxima de la unidad térmica simple:[0m
[34m[info] Ingrese costo variable de la unidad térmica simple:[0m
[32m[success] Se ha creado el agente 'Unidad Térmica Simple' exitosamente[0m
> > [34m[info] Agregando agente Demanda Fija[0m
[34m[info] Ingrese demandas en una sola línea (360 valores):[0m
[32m[success] Se ha creado el agente 'Demanda Fija' exitosamente[0m
> > [34m[info] Creando despacho de mercado[0m
[34m[info] Modo: despacho de mercado con demanda total explícita[0m
[34m[info] Ingrese cantidad de tramos del despacho de mercado:[0m
[34m[info] Ingrese porcentajes acumulados de los tramos en una sola línea (4 valores):[0m
[34m[info] Ingrese costos marginales de los tramos en una sola línea (4 valores):[0m
[34m[info] Ingrese demanda total en una sola línea (360 valores):[0m
[32m[success] Se ha creado el despacho de mercado exitosamente[0m
> > [32m[success] Solver 'DummyLp' configurado | timeout=1800s | mipgap=0.0001[0m
> 
========== DEBUG RANGO BONETE ==========
volumenInicialBonete [m3] = 4527457000
v0 [hm3]                  = 4527.457
vRef1 [hm3]               = 3848.33845
vRef2 [hm3]               = 4527.457
vRef3 [hm3]               = 5206.57555
min volumen Bellman [hm3] = 1487
max volumen Bellman [hm3] = 10239.8139534883
========================================


========== DEBUG Bonete Bellman ==========
volumenesBonete.size()          = 118
valoresBellman.size()           = 118
derivadasValoresBellman.size()  = 118
v0 [hm3]       = 4527.457
i0             = 41
vCorte0 [hm3]  = 4554.22540250447
B0 = B(vCorte0)= 65856080.50433
Corte 1:
  vRef1 [hm3]       = 3848.33845
  i1                = 32
  vCorte1 [hm3]     = 3880.93202146691
  B1                = 63721892.161007
  q1 [costo/hm3]    = 3709.95681133363
  coef1 [costo/m3]  = 0.00370995681133363
  rhs1              = 16532278.530687
Corte 2:
  vRef2 [hm3]       = 4527.457
  i2                = 41
  vCorte2 [hm3]     = 4554.22540250447
  B2                = 65856080.50433
  q2 [costo/hm3]    = 2629.59264342025
  coef2 [costo/m3]  = 0.00262959264342025
  rhs2              = 11975757.6149034
Corte 3:
  vRef3 [hm3]       = 5206.57555
  i3                = 50
  vCorte3 [hm3]     = 5227.51878354204
  B3                = 67425280.3042261
  q3 [costo/hm3]    = 2037.66445969569
  coef3 [costo/m3]  = 0.00203766445969569
  rhs3              = 9082729.43771916
Variable final usada: a1_v1h(360)
Variable delta usada: a1_delta1h
Restriccion 1 esperada: a1_delta1h + (0.00370995681133363) * a1_v1h(360) >= 16532278.530687
Restriccion 2 esperada: a1_delta1h + (0.00262959264342025) * a1_v1h(360) >= 11975757.6149034
Restriccion 3 esperada: a1_delta1h + (0.00203766445969569) * a1_v1h(360) >= 9082729.43771916
==========================================

[DEBUG Despacho] j=0 idGen=1 coefParticipacionDespacho=1
[DEBUG Despacho] j=1 idGen=2 coefParticipacionDespacho=0.5
[DEBUG Despacho] j=2 idGen=3 coefParticipacionDespacho=1

[DEBUG Despacho] Cantidad de generadores = 3
[DEBUG Despacho] j=0 puntero=0x5f1dc06bc2e0 idGen=1 coefParticipacionDespacho=1
[DEBUG Despacho] j=1 puntero=0x5f1dc06b6a80 idGen=2 coefParticipacionDespacho=0.5
[DEBUG Despacho] j=2 puntero=0x5f1dc06b7780 idGen=3 coefParticipacionDespacho=1
[PREPROC] modo plano: 23763 filas tratadas como un unico bloque sin roles (kernel geomean por fila)
[PREPROC PHASES] metadata_s=0.000950531 diagnostico_s=0.035652512 aplicacion_s=0.048344537

------------------------------------------------------------
  PREPROCESAMIENTO MIP - Diagnostico Numerico
------------------------------------------------------------
Rango de coeficientes (toda la matriz):
  max |coef| = 1.038e+05
  min |coef| = 9.630e-06
  proxy rango= 1.078e+10

Diagnostico por bloque:
Bloque              max|coef|      min|coef|      kappa_aprox   vars    alpha     beta      cols      disc_omit aux_omit  escalado
------------------------------------------------------------------------------------------------------------------------------
plano               1.038e+05      9.630e-06      1.08e+10      0       1.12e-02  1.00e+00  0         0         0         SI  (filas=16563, alpha_min=9.63e-06, alpha_max=5.93e+01)

Restriccion(es) global(es): 0 fila(s)
  acoplamiento balance = 0 fila(s)
  global no acoplante  = 0 fila(s)
  rho aprox (solo acoplamiento) = 0.000e+00
  gamma acoplamiento   = 1.000000
  gamma candidato      = 1.000000
  filas acop. escaladas= no
  filas normaliz. fisica= 0
  motivo gamma=1       = rho bajo; no se escala la fila de acoplamiento

ADVERTENCIAS:
  [!] Rango de coeficientes elevado (10782530763). Riesgo de sensibilidad numerica.
  [!] Bloque 'plano' internamente mal escalado (kappa~10782530763). Conviene comparar equilibrado interno por filas/columnas.
------------------------------------------------------------

------------------------------------------------------------
  COMPARACION NUMERICA ANTES / DESPUES
------------------------------------------------------------
Indicador                   antes           despues         despues/antes
----------------------------------------------------------------------------
rango global                3.798e+13       1.078e+10       2.839e-04
rho acoplamiento            0.000e+00       0.000e+00       0.000e+00
gamma aplicado              1.000000        1.000000        1.000000

Bloques locales:
Bloque              kappa antes     kappa despues   alpha       beta        filas       cols        disc_omit   aux_omit    escalado
------------------------------------------------------------------------------------------------------------------------------------
plano               3.798e+13       1.078e+10       1.119e-02   1.000e+00   16563       0           0           0           SI

Interpretacion: valores despues/antes menores que 1 indican mejora del proxy.
rho se calcula solo con filas de acoplamiento; las cotas de demanda sobre g quedan fuera.
El escalamiento local activo fue solo por fila: alpha_r = 1/sqrt(M_r*m_r).
------------------------------------------------------------

[PREPROC TIME] variante=estructurado_plano tiempo_s=0.085177732 u=2 K=4 epsMin=1e-09 epsMax=1000000000
[32m[success] Preprocesamiento aplicado.[0m
> [pipeline] Preprocesamiento seleccionado: Ninguno
[pipeline] Modelo interno sin modificaciones de preprocesamiento.
Archivo LP guardado en: /home/mathiasr/Escritorio/generator-aware-row-scaling/results-revision/research-audit/fixed-basis-recovery-20260914-v2/fresh/full/instance003/Flat-Aug.lp
[32m[success] Se ha guardado el modelo exitosamente[0m
> [32m[success] Saliendo del programa...[0m
[32m[success] SystemController destruido[0m
