LP Base has 23763 rows; 16561 cols; 57555 nonzeros
Coefficient ranges:
  Matrix  [3e-04, 1e+10]
  Cost    [5e-04, 1e+02]
  Bound   [1e+00, 1e+10]
  RHS     [5e+00, 1e+10]
WARNING: Problem has some excessively large column bounds
WARNING: Problem has some excessively large row bounds
WARNING:    Consider scaling the    bounds by 1e-5, or setting the user_bound_scale option to -14
Presolving model
23395 rows, 16543 cols, 57137 nonzeros 0s
Dependent equations search running on 2504 equations with time limit of 1.00s
Dependent equations search removed 0 rows and 0 nonzeros in 0.00s (limit = 1.00s)
22288 rows, 15447 cols, 54931 nonzeros 0s
Presolve reductions: rows 22288(-1475); columns 15447(-1114); nonzeros 54931(-2624) 
Solving the presolved LP
Using dual simplex solver
  Iteration        Objective     Infeasibilities num(sum)
          0    -2.0000000000e+03 Ph1: 3(1500); Du: 1(2) 0.1s
       9834    -2.3135952680e+06 Pr: 2986(4.40092e+10); Du: 0(8.1149e-07) 5.5s
      14888    -7.5485677390e+05 Pr: 4151(6.29915e+08); Du: 0(2.56768e-07) 10.5s
      18784    -3.0937267465e+05 Pr: 3456(1.39897e+09) 15.8s
      22298    -5.8460840485e+04 Pr: 2097(3.82808e+10) 21.1s
      22896    -5.1297703557e+04 Pr: 0(0); Du: 0(3.44024e-14) 21.9s
      22896    -5.1297703557e+04 Pr: 0(0); Du: 0(3.44024e-14) 21.9s

Performed postsolve
Solving the original LP from the solution after postsolve

Model name          : Base
Model status        : Optimal
Simplex   iterations: 22896
Objective value     : -5.1297703557e+04
P-D objective error :  4.6947881277e-13
HiGHS run time      :         21.95
