LP Base has 23763 rows; 16561 cols; 57555 nonzeros
Coefficient ranges:
  Matrix  [6e-04, 1e+10]
  Cost    [7e-04, 1e+02]
  Bound   [1e+00, 1e+10]
  RHS     [5e+00, 8e+09]
WARNING: Problem has some excessively large column bounds
WARNING: Problem has some excessively large row bounds
WARNING:    Consider scaling the    bounds by 1e-5, or setting the user_bound_scale option to -14
Presolving model
23395 rows, 16551 cols, 57161 nonzeros 0s
Dependent equations search running on 2504 equations with time limit of 3.00s
Dependent equations search removed 0 rows and 0 nonzeros in 0.00s (limit = 3.00s)
22293 rows, 15463 cols, 54957 nonzeros 0s
Presolve reductions: rows 22293(-1470); columns 15463(-1098); nonzeros 54957(-2598) 
Solving the presolved LP
Using dual simplex solver
  Iteration        Objective     Infeasibilities num(sum)
          0    -2.0000000000e+03 Ph1: 3(1250); Du: 1(2) 0.2s
       7930    -4.0087412836e+06 Pr: 2463(1.40042e+10); Du: 0(8.03079e-07) 5.3s
      14696    -3.0966090182e+06 Pr: 3099(1.23006e+08); Du: 0(9.63461e-08) 10.3s
      18480    -2.7472998073e+06 Pr: 1882(3.01872e+10) 15.5s
      20231    -2.6598356810e+06 Pr: 0(0) 17.8s
      20231    -2.6598356810e+06 Pr: 0(0) 17.8s

Performed postsolve
Solving the original LP from the solution after postsolve

Model name          : Base
Model status        : Optimal
Simplex   iterations: 20231
Objective value     : -2.6598356810e+06
P-D objective error :  9.2787850634e-15
HiGHS run time      :         17.86
