[32m[success] SystemController creado[0m
> Archivo LP guardado en: /home/mathiasr/Escritorio/generator-aware-row-scaling/results-revision/research-audit/identifiability-confirmatory/R1_S3_coupling_uniform/lp/coupling_uniform_S3_seed20260909_Base.lp
[PREPROC PHASES] metadata_s=7.599e-06 diagnostico_s=6.018e-06 aplicacion_s=9.581e-06
Archivo LP guardado en: /home/mathiasr/Escritorio/generator-aware-row-scaling/results-revision/research-audit/identifiability-confirmatory/R1_S3_coupling_uniform/lp/coupling_uniform_S3_seed20260909_SAMat.lp
[PREPROC] modo plano: 43 filas tratadas como un unico bloque sin roles (kernel geomean por fila)
[PREPROC PHASES] metadata_s=8.39e-07 diagnostico_s=3.56e-06 aplicacion_s=5.467e-06
Archivo LP guardado en: /home/mathiasr/Escritorio/generator-aware-row-scaling/results-revision/research-audit/identifiability-confirmatory/R1_S3_coupling_uniform/lp/coupling_uniform_S3_seed20260909_FlatGM.lp
[PREPROC] modo plano: 43 filas tratadas como un unico bloque sin roles (kernel geomean por fila)
[PREPROC PHASES] metadata_s=4.47e-07 diagnostico_s=2.951e-06 aplicacion_s=4.856e-06
Archivo LP guardado en: /home/mathiasr/Escritorio/generator-aware-row-scaling/results-revision/research-audit/identifiability-confirmatory/R1_S3_coupling_uniform/lp/coupling_uniform_S3_seed20260909_FlatL2.lp
[PREPROC PHASES] metadata_s=7.258e-06 diagnostico_s=5.451e-06 aplicacion_s=6.376e-06
Archivo LP guardado en: /home/mathiasr/Escritorio/generator-aware-row-scaling/results-revision/research-audit/identifiability-confirmatory/R1_S3_coupling_uniform/lp/coupling_uniform_S3_seed20260909_RoleHybrid.lp
[PREPROC PHASES] metadata_s=7.476e-06 diagnostico_s=5.499e-06 aplicacion_s=1.2549e-05
Archivo LP guardado en: /home/mathiasr/Escritorio/generator-aware-row-scaling/results-revision/research-audit/identifiability-confirmatory/R1_S3_coupling_uniform/lp/coupling_uniform_S3_seed20260909_SAMatpermB.lp
Archivo LP guardado en: /home/mathiasr/Escritorio/generator-aware-row-scaling/results-revision/research-audit/identifiability-confirmatory/R1_S3_coupling_uniform/lp/coupling_uniform_S3_seed20260910_Base.lp
[PREPROC PHASES] metadata_s=7.473e-06 diagnostico_s=5.493e-06 aplicacion_s=7.186e-06
Archivo LP guardado en: /home/mathiasr/Escritorio/generator-aware-row-scaling/results-revision/research-audit/identifiability-confirmatory/R1_S3_coupling_uniform/lp/coupling_uniform_S3_seed20260910_SAMat.lp
[PREPROC] modo plano: 43 filas tratadas como un unico bloque sin roles (kernel geomean por fila)
[PREPROC PHASES] metadata_s=4.38e-07 diagnostico_s=3.191e-06 aplicacion_s=5.469e-06
Archivo LP guardado en: /home/mathiasr/Escritorio/generator-aware-row-scaling/results-revision/research-audit/identifiability-confirmatory/R1_S3_coupling_uniform/lp/coupling_uniform_S3_seed20260910_FlatGM.lp
[PREPROC] modo plano: 43 filas tratadas como un unico bloque sin roles (kernel geomean por fila)
[PREPROC PHASES] metadata_s=3.42e-07 diagnostico_s=2.863e-06 aplicacion_s=4.587e-06
Archivo LP guardado en: /home/mathiasr/Escritorio/generator-aware-row-scaling/results-revision/research-audit/identifiability-confirmatory/R1_S3_coupling_uniform/lp/coupling_uniform_S3_seed20260910_FlatL2.lp
[PREPROC PHASES] metadata_s=7.2e-06 diagnostico_s=5.256e-06 aplicacion_s=6.113e-06
Archivo LP guardado en: /home/mathiasr/Escritorio/generator-aware-row-scaling/results-revision/research-audit/identifiability-confirmatory/R1_S3_coupling_uniform/lp/coupling_uniform_S3_seed20260910_RoleHybrid.lp
[PREPROC PHASES] metadata_s=7.522e-06 diagnostico_s=5.171e-06 aplicacion_s=1.1483e-05
Archivo LP guardado en: /home/mathiasr/Escritorio/generator-aware-row-scaling/results-revision/research-audit/identifiability-confirmatory/R1_S3_coupling_uniform/lp/coupling_uniform_S3_seed20260910_SAMatpermB.lp
Archivo LP guardado en: /home/mathiasr/Escritorio/generator-aware-row-scaling/results-revision/research-audit/identifiability-confirmatory/R1_S3_coupling_uniform/lp/coupling_uniform_S3_seed20260911_Base.lp
[PREPROC PHASES] metadata_s=7.374e-06 diagnostico_s=5.362e-06 aplicacion_s=6.516e-06
Archivo LP guardado en: /home/mathiasr/Escritorio/generator-aware-row-scaling/results-revision/research-audit/identifiability-confirmatory/R1_S3_coupling_uniform/lp/coupling_uniform_S3_seed20260911_SAMat.lp
[PREPROC] modo plano: 43 filas tratadas como un unico bloque sin roles (kernel geomean por fila)
[PREPROC PHASES] metadata_s=3.63e-07 diagnostico_s=2.53e-06 aplicacion_s=4.717e-06
Archivo LP guardado en: /home/mathiasr/Escritorio/generator-aware-row-scaling/results-revision/research-audit/identifiability-confirmatory/R1_S3_coupling_uniform/lp/coupling_uniform_S3_seed20260911_FlatGM.lp
[PREPROC] modo plano: 43 filas tratadas como un unico bloque sin roles (kernel geomean por fila)
[PREPROC PHASES] metadata_s=3.26e-07 diagnostico_s=2.6e-06 aplicacion_s=5.038e-06
Archivo LP guardado en: /home/mathiasr/Escritorio/generator-aware-row-scaling/results-revision/research-audit/identifiability-confirmatory/R1_S3_coupling_uniform/lp/coupling_uniform_S3_seed20260911_FlatL2.lp
[PREPROC PHASES] metadata_s=7.199e-06 diagnostico_s=5.13e-06 aplicacion_s=5.785e-06
Archivo LP guardado en: /home/mathiasr/Escritorio/generator-aware-row-scaling/results-revision/research-audit/identifiability-confirmatory/R1_S3_coupling_uniform/lp/coupling_uniform_S3_seed20260911_RoleHybrid.lp
[PREPROC PHASES] metadata_s=7.175e-06 diagnostico_s=5.184e-06 aplicacion_s=1.0499e-05
Archivo LP guardado en: /home/mathiasr/Escritorio/generator-aware-row-scaling/results-revision/research-audit/identifiability-confirmatory/R1_S3_coupling_uniform/lp/coupling_uniform_S3_seed20260911_SAMatpermB.lp
Archivo LP guardado en: /home/mathiasr/Escritorio/generator-aware-row-scaling/results-revision/research-audit/identifiability-confirmatory/R1_S3_coupling_uniform/lp/coupling_uniform_S3_seed20260912_Base.lp
[PREPROC PHASES] metadata_s=7.311e-06 diagnostico_s=5.565e-06 aplicacion_s=6.553e-06
Archivo LP guardado en: /home/mathiasr/Escritorio/generator-aware-row-scaling/results-revision/research-audit/identifiability-confirmatory/R1_S3_coupling_uniform/lp/coupling_uniform_S3_seed20260912_SAMat.lp
[PREPROC] modo plano: 43 filas tratadas como un unico bloque sin roles (kernel geomean por fila)
[PREPROC PHASES] metadata_s=4.02e-07 diagnostico_s=3.054e-06 aplicacion_s=4.681e-06
Archivo LP guardado en: /home/mathiasr/Escritorio/generator-aware-row-scaling/results-revision/research-audit/identifiability-confirmatory/R1_S3_coupling_uniform/lp/coupling_uniform_S3_seed20260912_FlatGM.lp
[PREPROC] modo plano: 43 filas tratadas como un unico bloque sin roles (kernel geomean por fila)
[PREPROC PHASES] metadata_s=3.28e-07 diagnostico_s=2.755e-06 aplicacion_s=4.833e-06
Archivo LP guardado en: /home/mathiasr/Escritorio/generator-aware-row-scaling/results-revision/research-audit/identifiability-confirmatory/R1_S3_coupling_uniform/lp/coupling_uniform_S3_seed20260912_FlatL2.lp
[PREPROC PHASES] metadata_s=7.123e-06 diagnostico_s=5.188e-06 aplicacion_s=5.779e-06
Archivo LP guardado en: /home/mathiasr/Escritorio/generator-aware-row-scaling/results-revision/research-audit/identifiability-confirmatory/R1_S3_coupling_uniform/lp/coupling_uniform_S3_seed20260912_RoleHybrid.lp
[PREPROC PHASES] metadata_s=7.401e-06 diagnostico_s=4.938e-06 aplicacion_s=1.0537e-05
Archivo LP guardado en: /home/mathiasr/Escritorio/generator-aware-row-scaling/results-revision/research-audit/identifiability-confirmatory/R1_S3_coupling_uniform/lp/coupling_uniform_S3_seed20260912_SAMatpermB.lp
Archivo LP guardado en: /home/mathiasr/Escritorio/generator-aware-row-scaling/results-revision/research-audit/identifiability-confirmatory/R1_S3_coupling_uniform/lp/coupling_uniform_S3_seed20260913_Base.lp
[PREPROC PHASES] metadata_s=7.233e-06 diagnostico_s=6.132e-06 aplicacion_s=5.747e-06
Archivo LP guardado en: /home/mathiasr/Escritorio/generator-aware-row-scaling/results-revision/research-audit/identifiability-confirmatory/R1_S3_coupling_uniform/lp/coupling_uniform_S3_seed20260913_SAMat.lp
[PREPROC] modo plano: 43 filas tratadas como un unico bloque sin roles (kernel geomean por fila)
[PREPROC PHASES] metadata_s=3.79e-07 diagnostico_s=3.039e-06 aplicacion_s=4.902e-06
Archivo LP guardado en: /home/mathiasr/Escritorio/generator-aware-row-scaling/results-revision/research-audit/identifiability-confirmatory/R1_S3_coupling_uniform/lp/coupling_uniform_S3_seed20260913_FlatGM.lp
[PREPROC] modo plano: 43 filas tratadas como un unico bloque sin roles (kernel geomean por fila)
[PREPROC PHASES] metadata_s=3.85e-07 diagnostico_s=2.887e-06 aplicacion_s=5.074e-06
Archivo LP guardado en: /home/mathiasr/Escritorio/generator-aware-row-scaling/results-revision/research-audit/identifiability-confirmatory/R1_S3_coupling_uniform/lp/coupling_uniform_S3_seed20260913_FlatL2.lp
[PREPROC PHASES] metadata_s=7.581e-06 diagnostico_s=5.971e-06 aplicacion_s=5.787e-06
Archivo LP guardado en: /home/mathiasr/Escritorio/generator-aware-row-scaling/results-revision/research-audit/identifiability-confirmatory/R1_S3_coupling_uniform/lp/coupling_uniform_S3_seed20260913_RoleHybrid.lp
[PREPROC PHASES] metadata_s=8.735e-06 diagnostico_s=5.88e-06 aplicacion_s=1.0482e-05
Archivo LP guardado en: /home/mathiasr/Escritorio/generator-aware-row-scaling/results-revision/research-audit/identifiability-confirmatory/R1_S3_coupling_uniform/lp/coupling_uniform_S3_seed20260913_SAMatpermB.lp
Archivo LP guardado en: /home/mathiasr/Escritorio/generator-aware-row-scaling/results-revision/research-audit/identifiability-confirmatory/R1_S3_coupling_uniform/lp/coupling_uniform_S3_seed20260914_Base.lp
[PREPROC PHASES] metadata_s=7.254e-06 diagnostico_s=4.895e-06 aplicacion_s=5.444e-06
Archivo LP guardado en: /home/mathiasr/Escritorio/generator-aware-row-scaling/results-revision/research-audit/identifiability-confirmatory/R1_S3_coupling_uniform/lp/coupling_uniform_S3_seed20260914_SAMat.lp
[PREPROC] modo plano: 43 filas tratadas como un unico bloque sin roles (kernel geomean por fila)
[PREPROC PHASES] metadata_s=3.42e-07 diagnostico_s=2.527e-06 aplicacion_s=4.88e-06
Archivo LP guardado en: /home/mathiasr/Escritorio/generator-aware-row-scaling/results-revision/research-audit/identifiability-confirmatory/R1_S3_coupling_uniform/lp/coupling_uniform_S3_seed20260914_FlatGM.lp
[PREPROC] modo plano: 43 filas tratadas como un unico bloque sin roles (kernel geomean por fila)
[PREPROC PHASES] metadata_s=3.32e-07 diagnostico_s=2.469e-06 aplicacion_s=4.543e-06
Archivo LP guardado en: /home/mathiasr/Escritorio/generator-aware-row-scaling/results-revision/research-audit/identifiability-confirmatory/R1_S3_coupling_uniform/lp/coupling_uniform_S3_seed20260914_FlatL2.lp
[PREPROC PHASES] metadata_s=7.192e-06 diagnostico_s=5.157e-06 aplicacion_s=5.137e-06
Archivo LP guardado en: /home/mathiasr/Escritorio/generator-aware-row-scaling/results-revision/research-audit/identifiability-confirmatory/R1_S3_coupling_uniform/lp/coupling_uniform_S3_seed20260914_RoleHybrid.lp
[PREPROC PHASES] metadata_s=7.388e-06 diagnostico_s=5.108e-06 aplicacion_s=9.872e-06
Archivo LP guardado en: /home/mathiasr/Escritorio/generator-aware-row-scaling/results-revision/research-audit/identifiability-confirmatory/R1_S3_coupling_uniform/lp/coupling_uniform_S3_seed20260914_SAMatpermB.lp
Archivo LP guardado en: /home/mathiasr/Escritorio/generator-aware-row-scaling/results-revision/research-audit/identifiability-confirmatory/R1_S3_coupling_uniform/lp/coupling_uniform_S3_seed20260915_Base.lp
[PREPROC PHASES] metadata_s=7.689e-06 diagnostico_s=5.298e-06 aplicacion_s=6.072e-06
Archivo LP guardado en: /home/mathiasr/Escritorio/generator-aware-row-scaling/results-revision/research-audit/identifiability-confirmatory/R1_S3_coupling_uniform/lp/coupling_uniform_S3_seed20260915_SAMat.lp
[PREPROC] modo plano: 43 filas tratadas como un unico bloque sin roles (kernel geomean por fila)
[PREPROC PHASES] metadata_s=3.59e-07 diagnostico_s=3.079e-06 aplicacion_s=5.024e-06
Archivo LP guardado en: /home/mathiasr/Escritorio/generator-aware-row-scaling/results-revision/research-audit/identifiability-confirmatory/R1_S3_coupling_uniform/lp/coupling_uniform_S3_seed20260915_FlatGM.lp
[PREPROC] modo plano: 43 filas tratadas como un unico bloque sin roles (kernel geomean por fila)
[PREPROC PHASES] metadata_s=3.58e-07 diagnostico_s=2.751e-06 aplicacion_s=4.914e-06
Archivo LP guardado en: /home/mathiasr/Escritorio/generator-aware-row-scaling/results-revision/research-audit/identifiability-confirmatory/R1_S3_coupling_uniform/lp/coupling_uniform_S3_seed20260915_FlatL2.lp
[PREPROC PHASES] metadata_s=7.154e-06 diagnostico_s=5.212e-06 aplicacion_s=5.874e-06
Archivo LP guardado en: /home/mathiasr/Escritorio/generator-aware-row-scaling/results-revision/research-audit/identifiability-confirmatory/R1_S3_coupling_uniform/lp/coupling_uniform_S3_seed20260915_RoleHybrid.lp
[PREPROC PHASES] metadata_s=7.341e-06 diagnostico_s=5.381e-06 aplicacion_s=1.0375e-05
Archivo LP guardado en: /home/mathiasr/Escritorio/generator-aware-row-scaling/results-revision/research-audit/identifiability-confirmatory/R1_S3_coupling_uniform/lp/coupling_uniform_S3_seed20260915_SAMatpermB.lp
Archivo LP guardado en: /home/mathiasr/Escritorio/generator-aware-row-scaling/results-revision/research-audit/identifiability-confirmatory/R1_S3_coupling_uniform/lp/coupling_uniform_S3_seed20260916_Base.lp
[PREPROC PHASES] metadata_s=7.188e-06 diagnostico_s=5.316e-06 aplicacion_s=5.895e-06
Archivo LP guardado en: /home/mathiasr/Escritorio/generator-aware-row-scaling/results-revision/research-audit/identifiability-confirmatory/R1_S3_coupling_uniform/lp/coupling_uniform_S3_seed20260916_SAMat.lp
[PREPROC] modo plano: 43 filas tratadas como un unico bloque sin roles (kernel geomean por fila)
[PREPROC PHASES] metadata_s=3.35e-07 diagnostico_s=2.91e-06 aplicacion_s=4.669e-06
Archivo LP guardado en: /home/mathiasr/Escritorio/generator-aware-row-scaling/results-revision/research-audit/identifiability-confirmatory/R1_S3_coupling_uniform/lp/coupling_uniform_S3_seed20260916_FlatGM.lp
[PREPROC] modo plano: 43 filas tratadas como un unico bloque sin roles (kernel geomean por fila)
[PREPROC PHASES] metadata_s=3.15e-07 diagnostico_s=2.805e-06 aplicacion_s=4.986e-06
Archivo LP guardado en: /home/mathiasr/Escritorio/generator-aware-row-scaling/results-revision/research-audit/identifiability-confirmatory/R1_S3_coupling_uniform/lp/coupling_uniform_S3_seed20260916_FlatL2.lp
[PREPROC PHASES] metadata_s=7.192e-06 diagnostico_s=5.179e-06 aplicacion_s=5.484e-06
Archivo LP guardado en: /home/mathiasr/Escritorio/generator-aware-row-scaling/results-revision/research-audit/identifiability-confirmatory/R1_S3_coupling_uniform/lp/coupling_uniform_S3_seed20260916_RoleHybrid.lp
[PREPROC PHASES] metadata_s=7.028e-06 diagnostico_s=5.229e-06 aplicacion_s=1.0097e-05
Archivo LP guardado en: /home/mathiasr/Escritorio/generator-aware-row-scaling/results-revision/research-audit/identifiability-confirmatory/R1_S3_coupling_uniform/lp/coupling_uniform_S3_seed20260916_SAMatpermB.lp
Archivo LP guardado en: /home/mathiasr/Escritorio/generator-aware-row-scaling/results-revision/research-audit/identifiability-confirmatory/R1_S3_coupling_uniform/lp/coupling_uniform_S3_seed20260917_Base.lp
[PREPROC PHASES] metadata_s=7.33e-06 diagnostico_s=5.416e-06 aplicacion_s=6.658e-06
Archivo LP guardado en: /home/mathiasr/Escritorio/generator-aware-row-scaling/results-revision/research-audit/identifiability-confirmatory/R1_S3_coupling_uniform/lp/coupling_uniform_S3_seed20260917_SAMat.lp
[PREPROC] modo plano: 43 filas tratadas como un unico bloque sin roles (kernel geomean por fila)
[PREPROC PHASES] metadata_s=3.68e-07 diagnostico_s=3.003e-06 aplicacion_s=4.97e-06
Archivo LP guardado en: /home/mathiasr/Escritorio/generator-aware-row-scaling/results-revision/research-audit/identifiability-confirmatory/R1_S3_coupling_uniform/lp/coupling_uniform_S3_seed20260917_FlatGM.lp
[PREPROC] modo plano: 43 filas tratadas como un unico bloque sin roles (kernel geomean por fila)
[PREPROC PHASES] metadata_s=3.52e-07 diagnostico_s=2.851e-06 aplicacion_s=4.876e-06
Archivo LP guardado en: /home/mathiasr/Escritorio/generator-aware-row-scaling/results-revision/research-audit/identifiability-confirmatory/R1_S3_coupling_uniform/lp/coupling_uniform_S3_seed20260917_FlatL2.lp
[PREPROC PHASES] metadata_s=7.218e-06 diagnostico_s=5.127e-06 aplicacion_s=5.876e-06
Archivo LP guardado en: /home/mathiasr/Escritorio/generator-aware-row-scaling/results-revision/research-audit/identifiability-confirmatory/R1_S3_coupling_uniform/lp/coupling_uniform_S3_seed20260917_RoleHybrid.lp
[PREPROC PHASES] metadata_s=7.217e-06 diagnostico_s=4.982e-06 aplicacion_s=1.0385e-05
Archivo LP guardado en: /home/mathiasr/Escritorio/generator-aware-row-scaling/results-revision/research-audit/identifiability-confirmatory/R1_S3_coupling_uniform/lp/coupling_uniform_S3_seed20260917_SAMatpermB.lp
Archivo LP guardado en: /home/mathiasr/Escritorio/generator-aware-row-scaling/results-revision/research-audit/identifiability-confirmatory/R1_S3_coupling_uniform/lp/coupling_uniform_S3_seed20260918_Base.lp
[PREPROC PHASES] metadata_s=7.572e-06 diagnostico_s=4.765e-06 aplicacion_s=6.413e-06
Archivo LP guardado en: /home/mathiasr/Escritorio/generator-aware-row-scaling/results-revision/research-audit/identifiability-confirmatory/R1_S3_coupling_uniform/lp/coupling_uniform_S3_seed20260918_SAMat.lp
[PREPROC] modo plano: 43 filas tratadas como un unico bloque sin roles (kernel geomean por fila)
[PREPROC PHASES] metadata_s=3.64e-07 diagnostico_s=2.531e-06 aplicacion_s=4.986e-06
Archivo LP guardado en: /home/mathiasr/Escritorio/generator-aware-row-scaling/results-revision/research-audit/identifiability-confirmatory/R1_S3_coupling_uniform/lp/coupling_uniform_S3_seed20260918_FlatGM.lp
[PREPROC] modo plano: 43 filas tratadas como un unico bloque sin roles (kernel geomean por fila)
[PREPROC PHASES] metadata_s=3.46e-07 diagnostico_s=2.547e-06 aplicacion_s=4.893e-06
Archivo LP guardado en: /home/mathiasr/Escritorio/generator-aware-row-scaling/results-revision/research-audit/identifiability-confirmatory/R1_S3_coupling_uniform/lp/coupling_uniform_S3_seed20260918_FlatL2.lp
[PREPROC PHASES] metadata_s=7.069e-06 diagnostico_s=5.029e-06 aplicacion_s=5.737e-06
Archivo LP guardado en: /home/mathiasr/Escritorio/generator-aware-row-scaling/results-revision/research-audit/identifiability-confirmatory/R1_S3_coupling_uniform/lp/coupling_uniform_S3_seed20260918_RoleHybrid.lp
[PREPROC PHASES] metadata_s=6.99e-06 diagnostico_s=5.066e-06 aplicacion_s=1.0281e-05
Archivo LP guardado en: /home/mathiasr/Escritorio/generator-aware-row-scaling/results-revision/research-audit/identifiability-confirmatory/R1_S3_coupling_uniform/lp/coupling_uniform_S3_seed20260918_SAMatpermB.lp
[32m[success] Benchmark sintético: 60 corridas (instancia × variante). CSV: /home/mathiasr/Escritorio/generator-aware-row-scaling/results-revision/research-audit/identifiability-confirmatory/R1_S3_coupling_uniform/metrics.csv[0m
> [32m[success] Saliendo del programa...[0m
[32m[success] SystemController destruido[0m
