{
  "models": 12,
  "configurations": 336,
  "row_certificates": 600,
  "compression_steps": 258,
  "local_integer_equivalence_checks": 672,
  "summary": {
    "highs/Base": {
      "n": 24,
      "feasible": 21,
      "optimal": 16
    },
    "gurobi/Base": {
      "n": 24,
      "feasible": 23,
      "optimal": 23
    },
    "highs/GCD-floor": {
      "n": 24,
      "feasible": 21,
      "optimal": 16
    },
    "gurobi/GCD-floor": {
      "n": 24,
      "feasible": 23,
      "optimal": 23
    },
    "highs/Single-coefficient": {
      "n": 24,
      "feasible": 21,
      "optimal": 16
    },
    "gurobi/Single-coefficient": {
      "n": 24,
      "feasible": 23,
      "optimal": 23
    },
    "highs/Dyadic-GM": {
      "n": 24,
      "feasible": 15,
      "optimal": 15
    },
    "gurobi/Dyadic-GM": {
      "n": 24,
      "feasible": 16,
      "optimal": 16
    },
    "highs/Rounded-direction": {
      "n": 24,
      "feasible": 24,
      "optimal": 18
    },
    "gurobi/Rounded-direction": {
      "n": 24,
      "feasible": 23,
      "optimal": 23
    },
    "highs/Rational-direction": {
      "n": 24,
      "feasible": 24,
      "optimal": 24
    },
    "gurobi/Rational-direction": {
      "n": 24,
      "feasible": 24,
      "optimal": 24
    },
    "highs/Oracle-direction": {
      "n": 24,
      "feasible": 24,
      "optimal": 24
    },
    "gurobi/Oracle-direction": {
      "n": 24,
      "feasible": 24,
      "optimal": 24
    }
  },
  "runs_sha256": "19d212055fa914ffe30ecf04859217d0337311521799b1cb88f5a975b3f95cff",
  "checker_sha256": "e799ba9bf01418f45f0b742931c98c1e5a0bd2d87d5a28583c5b4dbd41473da6"
}
