M1000_s200 Base
M1000_s200 GCD-floor
M1000_s200 Single-coefficient
M1000_s200 Dyadic-GM
M1000_s200 Rounded-direction
M1000_s200 Rational-direction
M1000_s200 Oracle-direction
M1000_s201 Base
M1000_s201 GCD-floor
M1000_s201 Single-coefficient
M1000_s201 Dyadic-GM
M1000_s201 Rounded-direction
M1000_s201 Rational-direction
M1000_s201 Oracle-direction
M1000_s202 Base
M1000_s202 GCD-floor
M1000_s202 Single-coefficient
M1000_s202 Dyadic-GM
M1000_s202 Rounded-direction
M1000_s202 Rational-direction
M1000_s202 Oracle-direction
M1000_s203 Base
M1000_s203 GCD-floor
M1000_s203 Single-coefficient
M1000_s203 Dyadic-GM
M1000_s203 Rounded-direction
M1000_s203 Rational-direction
M1000_s203 Oracle-direction
M1000000_s200 Base
M1000000_s200 GCD-floor
M1000000_s200 Single-coefficient
M1000000_s200 Dyadic-GM
M1000000_s200 Rounded-direction
M1000000_s200 Rational-direction
M1000000_s200 Oracle-direction
M1000000_s201 Base
M1000000_s201 GCD-floor
M1000000_s201 Single-coefficient
M1000000_s201 Dyadic-GM
M1000000_s201 Rounded-direction
M1000000_s201 Rational-direction
M1000000_s201 Oracle-direction
M1000000_s202 Base
M1000000_s202 GCD-floor
M1000000_s202 Single-coefficient
M1000000_s202 Dyadic-GM
M1000000_s202 Rounded-direction
M1000000_s202 Rational-direction
M1000000_s202 Oracle-direction
M1000000_s203 Base
M1000000_s203 GCD-floor
M1000000_s203 Single-coefficient
M1000000_s203 Dyadic-GM
M1000000_s203 Rounded-direction
M1000000_s203 Rational-direction
M1000000_s203 Oracle-direction
M1000000000_s200 Base
M1000000000_s200 GCD-floor
M1000000000_s200 Single-coefficient
M1000000000_s200 Dyadic-GM
M1000000000_s200 Rounded-direction
M1000000000_s200 Rational-direction
M1000000000_s200 Oracle-direction
M1000000000_s201 Base
M1000000000_s201 GCD-floor
M1000000000_s201 Single-coefficient
M1000000000_s201 Dyadic-GM
M1000000000_s201 Rounded-direction
M1000000000_s201 Rational-direction
M1000000000_s201 Oracle-direction
M1000000000_s202 Base
M1000000000_s202 GCD-floor
M1000000000_s202 Single-coefficient
M1000000000_s202 Dyadic-GM
M1000000000_s202 Rounded-direction
M1000000000_s202 Rational-direction
M1000000000_s202 Oracle-direction
M1000000000_s203 Base
M1000000000_s203 GCD-floor
M1000000000_s203 Single-coefficient
M1000000000_s203 Dyadic-GM
M1000000000_s203 Rounded-direction
M1000000000_s203 Rational-direction
M1000000000_s203 Oracle-direction
                            n  feasible  optimal      prep   runtime  max_coefficient
solver method                                                                        
gurobi Base                24        23       23  0.000002  0.003431     1.150000e+11
       Dyadic-GM           24        16       16  0.009257  0.004418     4.386902e+05
       GCD-floor           24        23       23  0.005389  0.003345     1.150000e+11
       Oracle-direction    24        24       24  0.006294  0.003289     4.560000e+02
       Rational-direction  24        24       24  0.017516  0.003306     1.153700e+05
       Rounded-direction   24        23       23  0.010331  0.003424     1.150000e+11
       Single-coefficient  24        23       23  0.009978  0.003393     1.150000e+11
highs  Base                24        21       16  0.000002  0.013981     1.150000e+11
       Dyadic-GM           24        15       15  0.009257  0.010938     4.386902e+05
       GCD-floor           24        21       16  0.005389  0.013861     1.150000e+11
       Oracle-direction    24        24       24  0.006294  0.010937     4.560000e+02
       Rational-direction  24        24       24  0.017516  0.010492     1.153700e+05
       Rounded-direction   24        24       18  0.010331  0.013785     1.150000e+11
       Single-coefficient  24        21       16  0.009978  0.013954     1.150000e+11
