M1000000000000_s100 Rounded-direction
M1000000000000_s100 Rational-direction
M1000000000000_s101 Rounded-direction
M1000000000000_s101 Rational-direction
M1000000000000_s102 Rounded-direction
M1000000000000_s102 Rational-direction
M1000000000000_s103 Rounded-direction
M1000000000000_s103 Rational-direction
M1000000000_s100 Rounded-direction
M1000000000_s100 Rational-direction
M1000000000_s101 Rounded-direction
M1000000000_s101 Rational-direction
M1000000000_s102 Rounded-direction
M1000000000_s102 Rational-direction
M1000000000_s103 Rounded-direction
M1000000000_s103 Rational-direction
M1000000_s100 Rounded-direction
M1000000_s100 Rational-direction
M1000000_s101 Rounded-direction
M1000000_s101 Rational-direction
M1000000_s102 Rounded-direction
M1000000_s102 Rational-direction
M1000000_s103 Rounded-direction
M1000000_s103 Rational-direction
                            n  feasible  optimal      prep   runtime  max_coefficient
solver method                                                                        
gurobi Rational-direction  24        24       24  0.012496  0.004415             74.0
       Rounded-direction   24        24       24  0.010287  0.004757             74.0
highs  Rational-direction  24        24       24  0.012496  0.012315             74.0
       Rounded-direction   24        24       24  0.010287  0.011980             74.0
