{
  "models": 12,
  "configurations": 48,
  "row_certificates": 300,
  "compression_steps": 192,
  "local_integer_equivalence_checks": 96,
  "summary": {
    "highs/Rounded-all": {
      "n": 24,
      "feasible": 24,
      "optimal": 24
    },
    "gurobi/Rounded-all": {
      "n": 24,
      "feasible": 24,
      "optimal": 24
    }
  },
  "runs_sha256": "1d64f5d708c74bc3c82b4c227d36b1e4de2167eb4273eabb4f5874fc0bafb919",
  "checker_sha256": "e799ba9bf01418f45f0b742931c98c1e5a0bd2d87d5a28583c5b4dbd41473da6"
}
