M1000000_s50 Base
M1000000_s50 GCD-floor
M1000000_s50 Dyadic-GM
M1000000_s50 Pair-sum
M1000000_s50 All-elimination
M1000000_s50 Selected-guards
M1000000_s51 Base
M1000000_s51 GCD-floor
M1000000_s51 Dyadic-GM
M1000000_s51 Pair-sum
M1000000_s51 All-elimination
M1000000_s51 Selected-guards
M1000000000_s50 Base
M1000000000_s50 GCD-floor
M1000000000_s50 Dyadic-GM
M1000000000_s50 Pair-sum
M1000000000_s50 All-elimination
M1000000000_s50 Selected-guards
M1000000000_s51 Base
M1000000000_s51 GCD-floor
M1000000000_s51 Dyadic-GM
M1000000000_s51 Pair-sum
M1000000000_s51 All-elimination
M1000000000_s51 Selected-guards
M1000000000000_s50 Base
M1000000000000_s50 GCD-floor
M1000000000000_s50 Dyadic-GM
M1000000000000_s50 Pair-sum
M1000000000000_s50 All-elimination
M1000000000000_s50 Selected-guards
M1000000000000_s51 Base
M1000000000000_s51 GCD-floor
M1000000000000_s51 Dyadic-GM
M1000000000000_s51 Pair-sum
M1000000000000_s51 All-elimination
M1000000000000_s51 Selected-guards
                         n  verified  verified_eta      prep   runtime  rows
solver method                                                               
gurobi All-elimination  12         0             0  0.017467  0.000000   NaN
       Base             12         9             9  0.000001  0.002450  13.0
       Dyadic-GM        12         0             0  0.100410  0.003530  13.0
       GCD-floor        12        10            10  0.000082  0.002259  13.0
       Pair-sum         12         0             0  0.100353  0.002883  19.0
       Selected-guards  12         0             0  0.017421  0.000000   NaN
highs  All-elimination  12         0             0  0.017467  0.000000   NaN
       Base             12        10            10  0.000001  0.013201  13.0
       Dyadic-GM        12         1             1  0.100410  0.011155  13.0
       GCD-floor        12        10            10  0.000082  0.011743  13.0
       Pair-sum         12         1             1  0.100353  0.008385  19.0
       Selected-guards  12         0             0  0.017421  0.000000   NaN
