M1000000_s50 Base
M1000000_s50 GCD-floor
M1000000_s50 Dyadic-GM
M1000000_s50 Pair-sum
M1000000_s50 All-elimination
M1000000_s50 Selected-guards
M1000000_s50 Unsafe-clauses
M1000000_s50 All-clauses
M1000000_s51 Base
M1000000_s51 GCD-floor
M1000000_s51 Dyadic-GM
M1000000_s51 Pair-sum
M1000000_s51 All-elimination
M1000000_s51 Selected-guards
M1000000_s51 Unsafe-clauses
M1000000_s51 All-clauses
M1000000000_s50 Base
M1000000000_s50 GCD-floor
M1000000000_s50 Dyadic-GM
M1000000000_s50 Pair-sum
M1000000000_s50 All-elimination
M1000000000_s50 Selected-guards
M1000000000_s50 Unsafe-clauses
M1000000000_s50 All-clauses
M1000000000_s51 Base
M1000000000_s51 GCD-floor
M1000000000_s51 Dyadic-GM
M1000000000_s51 Pair-sum
M1000000000_s51 All-elimination
M1000000000_s51 Selected-guards
M1000000000_s51 Unsafe-clauses
M1000000000_s51 All-clauses
M1000000000000_s50 Base
M1000000000000_s50 GCD-floor
M1000000000000_s50 Dyadic-GM
M1000000000000_s50 Pair-sum
M1000000000000_s50 All-elimination
M1000000000000_s50 Selected-guards
M1000000000000_s50 Unsafe-clauses
M1000000000000_s50 All-clauses
M1000000000000_s51 Base
M1000000000000_s51 GCD-floor
M1000000000000_s51 Dyadic-GM
M1000000000000_s51 Pair-sum
M1000000000000_s51 All-elimination
M1000000000000_s51 Selected-guards
M1000000000000_s51 Unsafe-clauses
M1000000000000_s51 All-clauses
                         n  verified  verified_eta      prep   runtime  rows
solver method                                                               
gurobi All-clauses      12        12            12  0.127197  0.000646  62.0
       All-elimination  12         0             0  0.102275  0.002046  54.5
       Base             12         9             9  0.000002  0.002462  13.0
       Dyadic-GM        12         0             0  0.102031  0.002036  13.0
       GCD-floor        12        10            10  0.000084  0.002422  13.0
       Pair-sum         12         0             0  0.102580  0.002642  19.0
       Selected-guards  12         0             0  0.017809  0.000000   NaN
       Unsafe-clauses   12        12            12  0.124698  0.001141  19.5
highs  All-clauses      12        12            12  0.127197  0.004027  62.0
       All-elimination  12         1             1  0.102275  0.006572  54.5
       Base             12        10            10  0.000002  0.013795  13.0
       Dyadic-GM        12         1             1  0.102031  0.011164  13.0
       GCD-floor        12        10            10  0.000084  0.011893  13.0
       Pair-sum         12         1             1  0.102580  0.008383  19.0
       Selected-guards  12         0             0  0.017809  0.000000   NaN
       Unsafe-clauses   12        10            10  0.124698  0.004220  19.5
