cardinality_s100_e0
cardinality_s100_e3
cardinality_s100_e6
cardinality_s100_e9
cardinality_s101_e0
cardinality_s101_e3
cardinality_s101_e6
cardinality_s101_e9
cardinality_s102_e0
cardinality_s102_e3
cardinality_s102_e6
cardinality_s102_e9
cardinality_s103_e0
cardinality_s103_e3
cardinality_s103_e6
cardinality_s103_e9
cardinality_s104_e0
cardinality_s104_e3
cardinality_s104_e6
cardinality_s104_e9
cardinality_s105_e0
cardinality_s105_e3
cardinality_s105_e6
cardinality_s105_e9
cardinality_s106_e0
cardinality_s106_e3
cardinality_s106_e6
cardinality_s106_e9
cardinality_s107_e0
cardinality_s107_e3
cardinality_s107_e6
cardinality_s107_e9
packing_s100_e0
packing_s100_e3
packing_s100_e6
packing_s100_e9
packing_s101_e0
packing_s101_e3
packing_s101_e6
packing_s101_e9
packing_s102_e0
packing_s102_e3
packing_s102_e6
packing_s102_e9
packing_s103_e0
packing_s103_e3
packing_s103_e6
packing_s103_e9
packing_s104_e0
packing_s104_e3
packing_s104_e6
packing_s104_e9
packing_s105_e0
packing_s105_e3
packing_s105_e6
packing_s105_e9
packing_s106_e0
packing_s106_e3
packing_s106_e6
packing_s106_e9
packing_s107_e0
packing_s107_e3
packing_s107_e6
packing_s107_e9
signed_s100_e0
signed_s100_e3
signed_s100_e6
signed_s100_e9
signed_s101_e0
signed_s101_e3
signed_s101_e6
signed_s101_e9
signed_s102_e0
signed_s102_e3
signed_s102_e6
signed_s102_e9
signed_s103_e0
signed_s103_e3
signed_s103_e6
signed_s103_e9
signed_s104_e0
signed_s104_e3
signed_s104_e6
signed_s104_e9
signed_s105_e0
signed_s105_e3
signed_s105_e6
signed_s105_e9
signed_s106_e0
signed_s106_e3
signed_s106_e6
signed_s106_e9
signed_s107_e0
signed_s107_e3
signed_s107_e6
signed_s107_e9
[
  {
    "solver": "cplex",
    "method": "GCD-floor",
    "n": 192,
    "accepted": 192
  },
  {
    "solver": "cplex",
    "method": "GCD-floor-GM",
    "n": 192,
    "accepted": 192
  },
  {
    "solver": "cplex",
    "method": "GCD-midgap-GM",
    "n": 192,
    "accepted": 192
  }
]
