ATTEMPT simple caso01a.txt
simple caso01a.txt Base kappa1 1.4671973289368918e+19
simple caso01a.txt SA-Aug kappa1 1788505042732.6729
simple caso01a.txt Flat-Aug kappa1 5871999286153.355
simple caso01a.txt SA-Mat kappa1 1153905111184.299
simple caso01a.txt Flat-Mat kappa1 1153905111184.299
simple caso01a.txt Ruiz kappa1 5691255603224.089
ATTEMPT simple caso01b.txt
simple caso01b.txt Base kappa1 8.974101260142413e+18
simple caso01b.txt SA-Aug kappa1 22101669178023.645
simple caso01b.txt Flat-Aug kappa1 22101669177463.727
simple caso01b.txt SA-Mat kappa1 22101716837739.91
simple caso01b.txt Flat-Mat kappa1 22101716837739.91
simple caso01b.txt Ruiz kappa1 3914069583027.339
ATTEMPT simple caso01c.txt
simple caso01c.txt Base kappa1 8.607747030528587e+18
simple caso01c.txt SA-Aug kappa1 1087346350935.249
simple caso01c.txt Flat-Aug kappa1 13332727963510.945
simple caso01c.txt SA-Mat kappa1 864107395133.172
simple caso01c.txt Flat-Mat kappa1 864107395133.172
simple caso01c.txt Ruiz kappa1 3911456530249.6777
ATTEMPT simple caso01d.txt
simple caso01d.txt Base kappa1 8.607747030528588e+18
simple caso01d.txt SA-Aug kappa1 5266008603462.584
simple caso01d.txt Flat-Aug kappa1 11013185343233.781
simple caso01d.txt SA-Mat kappa1 2015106369979.07
simple caso01d.txt Flat-Mat kappa1 2015106369979.07
simple caso01d.txt Ruiz kappa1 5121243886283.529
ATTEMPT simple caso01e.txt
simple caso01e.txt Base kappa1 5.738499378617778e+18
simple caso01e.txt SA-Aug kappa1 2377145944950.334
simple caso01e.txt Flat-Aug kappa1 19388972742526.137
simple caso01e.txt SA-Mat kappa1 1624753058857.3179
simple caso01e.txt Flat-Mat kappa1 1624753058857.3179
simple caso01e.txt Ruiz kappa1 3913513691153.6665
ATTEMPT full instance001.txt
full instance001.txt Base kappa1 5.12355749834764e+20
full instance001.txt SA-Aug kappa1 168065490584365.44
full instance001.txt Flat-Aug kappa1 168065490584364.88
full instance001.txt SA-Mat kappa1 168068235640971.94
full instance001.txt Flat-Mat kappa1 168068235640971.94
full instance001.txt Ruiz kappa1 152927233574877.72
ATTEMPT full instance002.txt
full instance002.txt Base kappa1 5.959418689334871e+20
full instance002.txt SA-Aug kappa1 874012609232697.2
full instance002.txt Flat-Aug kappa1 874012609232696.0
full instance002.txt SA-Mat kappa1 874019790837749.6
full instance002.txt Flat-Mat kappa1 874019790837749.6
full instance002.txt Ruiz kappa1 117460915614676.33
ATTEMPT full instance003.txt
full instance003.txt Base kappa1 3.487889097777487e+20
full instance003.txt SA-Aug kappa1 378394536390447.75
full instance003.txt Flat-Aug kappa1 378394536390448.44
full instance003.txt SA-Mat kappa1 378394716522775.7
full instance003.txt Flat-Mat kappa1 378394716522775.7
full instance003.txt Ruiz kappa1 38271832264310.914
ATTEMPT full instance004.txt
full instance004.txt Base kappa1 2.878713713383412e+20
full instance004.txt SA-Aug kappa1 174517804739180.2
full instance004.txt Flat-Aug kappa1 174517804739180.2
full instance004.txt SA-Mat kappa1 174524521503453.75
full instance004.txt Flat-Mat kappa1 174524521503453.75
full instance004.txt Ruiz kappa1 4036379505058.4663
ATTEMPT full instance005.txt
full instance005.txt Base kappa1 4.497362529716027e+20
full instance005.txt SA-Aug kappa1 146881908988286.8
full instance005.txt Flat-Aug kappa1 146881908988286.94
full instance005.txt SA-Mat kappa1 146883377749635.4
full instance005.txt Flat-Mat kappa1 146883377749635.4
full instance005.txt Ruiz kappa1 19831736854247.395
ATTEMPT sgtm instance001.txt
sgtm instance001.txt Base kappa1 3.4157049996886534e+20
sgtm instance001.txt SA-Aug kappa1 3333882903184.8726
sgtm instance001.txt Flat-Aug kappa1 3333882903184.8726
sgtm instance001.txt SA-Mat kappa1 1708862786114.9973
sgtm instance001.txt Flat-Mat kappa1 1708862786114.9973
sgtm instance001.txt Ruiz kappa1 3039650679833.8374
ATTEMPT sgtm instance002.txt
sgtm instance002.txt Base kappa1 3.97294579363703e+20
sgtm instance002.txt SA-Aug kappa1 20681611556411.72
sgtm instance002.txt Flat-Aug kappa1 20681611556411.72
sgtm instance002.txt SA-Mat kappa1 1821792411261.0718
sgtm instance002.txt Flat-Mat kappa1 1821792411261.0718
sgtm instance002.txt Ruiz kappa1 2357516267906.9834
ATTEMPT sgtm instance003.txt
sgtm instance003.txt Base kappa1 2.3252593987747447e+20
sgtm instance003.txt SA-Aug kappa1 13678053584716.873
sgtm instance003.txt Flat-Aug kappa1 13678053584716.873
sgtm instance003.txt SA-Mat kappa1 816995143734.8599
sgtm instance003.txt Flat-Mat kappa1 816995143734.8599
sgtm instance003.txt Ruiz kappa1 1673010210850.4424
ATTEMPT sgtm instance004.txt
sgtm instance004.txt Base kappa1 1.9191424760969062e+20
sgtm instance004.txt SA-Aug kappa1 3651949064097.3057
sgtm instance004.txt Flat-Aug kappa1 3651949064097.3057
sgtm instance004.txt SA-Mat kappa1 1231473517932.144
sgtm instance004.txt Flat-Mat kappa1 1231473517932.144
sgtm instance004.txt Ruiz kappa1 2652943154250.1553
ATTEMPT sgtm instance005.txt
sgtm instance005.txt Base kappa1 4.497362529716027e+20
sgtm instance005.txt SA-Aug kappa1 12592168281026.0
sgtm instance005.txt Flat-Aug kappa1 12592168281026.0
sgtm instance005.txt SA-Mat kappa1 2191797491615.3572
sgtm instance005.txt Flat-Mat kappa1 2191797491615.3572
sgtm instance005.txt Ruiz kappa1 3211538052978.7656
