simple caso01d.txt Base kappa1 8.607747030528588e+18
simple caso01a.txt Base kappa1 1.4671973289368918e+19
simple caso01b.txt Base kappa1 8.974101260142413e+18
simple caso01d.txt Flat-GM kappa1 2015106369979.07
simple caso01a.txt Flat-GM kappa1 1153905111184.299
simple caso01e.txt Base kappa1 5.738499378617778e+18
simple caso01b.txt Flat-GM kappa1 22101716837739.91
simple caso01d.txt Flat-L2 kappa1 1.3701127836344717e+19
simple caso01a.txt Flat-L2 kappa1 1.8268170445945412e+19
simple caso01f.txt Base kappa1 8.607747030528588e+18
simple caso01e.txt Flat-GM kappa1 1624753058857.3179
simple caso01d.txt Role-Hybrid kappa1 2015106369979.07
simple caso01b.txt Flat-L2 kappa1 1.3701127836344717e+19
simple caso01a.txt Role-Hybrid kappa1 1153905111184.299
simple caso01e.txt Flat-L2 kappa1 1.3701127836344717e+19
simple caso01f.txt Flat-GM kappa1 2060100489068.708
simple caso01c.txt Base kappa1 8.607747030528587e+18
simple caso01d.txt SA-Mat kappa1 2015106369979.07
1 simple caso01d.txt ok
simple caso01b.txt Role-Hybrid kappa1 22101716837739.91
simple caso01a.txt SA-Mat kappa1 1153905111184.299
2 simple caso01a.txt ok
simple caso01e.txt Role-Hybrid kappa1 1624753058857.3179
simple caso01f.txt Flat-L2 kappa1 1.3701127836344717e+19
simple caso01b.txt SA-Mat kappa1 22101716837739.91
3 simple caso01b.txt ok
simple caso01c.txt Flat-GM kappa1 864107395133.172
simple caso01e.txt SA-Mat kappa1 1624753058857.3179
4 simple caso01e.txt ok
simple caso01f.txt Role-Hybrid kappa1 2060100489068.708
simple caso01c.txt Flat-L2 kappa1 1.470742630119711e+19
simple caso01f.txt SA-Mat kappa1 2060100489068.708
5 simple caso01f.txt ok
simple caso01c.txt Role-Hybrid kappa1 864107395133.172
simple caso01c.txt SA-Mat kappa1 864107395133.172
6 simple caso01c.txt ok
simple caso02a.txt Base kappa1 2.0649557279858545e+19
simple caso02d.txt Base kappa1 9.035713409192674e+18
simple caso02a.txt Flat-GM kappa1 386113068798.1373
simple caso02b.txt Base kappa1 2.072024985930112e+19
simple caso02d.txt Flat-GM kappa1 543794975188.7905
simple caso02a.txt Flat-L2 kappa1 2.489934849533151e+19
simple caso02b.txt Flat-GM kappa1 62531796093245.76
simple caso02c.txt Base kappa1 1.2957970588389675e+19
simple caso02d.txt Flat-L2 kappa1 1.3025273185479465e+19
simple caso02a.txt Role-Hybrid kappa1 386113068798.1373
simple caso02b.txt Flat-L2 kappa1 2.2770144802558067e+19
simple caso02b.txt Role-Hybrid kappa1 62531796093245.76
simple caso02a.txt SA-Mat kappa1 386113068798.1373
7 simple caso02a.txt ok
simple caso02d.txt Role-Hybrid kappa1 543794975188.7905
simple caso02c.txt Flat-GM kappa1 868281340380.7932
simple caso02b.txt SA-Mat kappa1 62531796093245.76
8 simple caso02b.txt ok
simple caso02d.txt SA-Mat kappa1 543794975188.7905
9 simple caso02d.txt ok
simple caso02f.txt Base kappa1 9.035710165278376e+18
simple caso02c.txt Flat-L2 kappa1 1.6310465888693977e+19
simple caso02f.txt Flat-GM kappa1 580976962788.6238
simple caso02e.txt Base kappa1 6.023808229507571e+18
simple caso02c.txt Role-Hybrid kappa1 868281340380.7932
simple caso02f.txt Flat-L2 kappa1 1.4501190810128077e+19
simple caso02c.txt SA-Mat kappa1 868281340380.7932
10 simple caso02c.txt ok
simple caso02f.txt Role-Hybrid kappa1 580976962788.6238
simple caso02e.txt Flat-GM kappa1 1946949859581.3682
simple caso02f.txt SA-Mat kappa1 580976962788.6238
11 simple caso02f.txt ok
simple caso02e.txt Flat-L2 kappa1 1.3025273185479465e+19
simple caso02e.txt Role-Hybrid kappa1 1946949859581.3682
simple caso03b.txt Base kappa1 9.197418036052421e+18
simple caso03a.txt Base kappa1 9.197418113035738e+18
simple caso02e.txt SA-Mat kappa1 1946949859581.3682
12 simple caso02e.txt ok
simple caso03b.txt Flat-GM kappa1 11084159065251.54
simple caso03a.txt Flat-GM kappa1 784417738987.928
simple caso03b.txt Flat-L2 kappa1 1.2461475521451553e+19
simple caso03b.txt Role-Hybrid kappa1 11084159065251.54
simple caso03a.txt Flat-L2 kappa1 1.6437183014091889e+19
simple caso03d.txt Base kappa1 9.197421774433597e+18
simple caso03b.txt SA-Mat kappa1 11084159065251.54
13 simple caso03b.txt ok
simple caso03e.txt Base kappa1 1.6423366966527388e+19
simple caso03d.txt Flat-GM kappa1 783364297816.4629
simple caso03c.txt Base kappa1 9.197418036052421e+18
simple caso03a.txt Role-Hybrid kappa1 784417738987.928
simple caso03d.txt Flat-L2 kappa1 1.2728792381014618e+19
simple caso03c.txt Flat-GM kappa1 698471861927.5348
simple caso03e.txt Flat-GM kappa1 2178261390784.8938
simple caso03d.txt Role-Hybrid kappa1 783364297816.4629
simple caso03c.txt Flat-L2 kappa1 1.2461475521451553e+19
simple caso03a.txt SA-Mat kappa1 784417738987.928
14 simple caso03a.txt ok
simple caso03e.txt Flat-L2 kappa1 1.6423303389867465e+19
simple caso03d.txt SA-Mat kappa1 783364297816.4629
15 simple caso03d.txt ok
simple caso03c.txt Role-Hybrid kappa1 698471861927.5348
simple caso03e.txt Role-Hybrid kappa1 2178261390784.8938
simple caso03c.txt SA-Mat kappa1 698471861927.5348
16 simple caso03c.txt ok
simple caso03f.txt Base kappa1 9.197421746157631e+18
simple caso03e.txt SA-Mat kappa1 2178261390784.8938
17 simple caso03e.txt ok
simple caso03f.txt Flat-GM kappa1 580965261246.1088
simple caso03f.txt Flat-L2 kappa1 1.2728792351665134e+19
simple caso03f.txt Role-Hybrid kappa1 580965261246.1088
simple caso03f.txt SA-Mat kappa1 580965261246.1088
18 simple caso03f.txt ok
simple caso04a.txt Base kappa1 1.952100050519908e+19
simple caso04a.txt Flat-GM kappa1 43449326005001.695
simple caso04b.txt Base kappa1 1.5308548894926561e+19
simple caso04d.txt Base kappa1 9.713783259637854e+18
simple caso04c.txt Base kappa1 2.663997120736655e+19
simple caso04b.txt Flat-GM kappa1 68230030119084.13
simple caso04d.txt Flat-GM kappa1 614782755201.3857
simple caso04c.txt Flat-GM kappa1 29112195091999.945
simple caso04a.txt Flat-L2 kappa1 3.0606017414245695e+19
simple caso04b.txt Flat-L2 kappa1 6.310623421983032e+19
simple caso04d.txt Flat-L2 kappa1 1.3352770450697056e+19
simple caso04c.txt Flat-L2 kappa1 4.3393717867792474e+19
simple caso04e.txt Base kappa1 6.475854952380707e+18
simple caso04a.txt Role-Hybrid kappa1 43449326005001.695
simple caso04b.txt Role-Hybrid kappa1 68230030119084.13
simple caso04d.txt Role-Hybrid kappa1 614782755201.3857
simple caso04c.txt Role-Hybrid kappa1 29112195091999.945
simple caso04e.txt Flat-GM kappa1 2127696190885.9927
simple caso04b.txt SA-Mat kappa1 68230030119084.13
19 simple caso04b.txt ok
simple caso04d.txt SA-Mat kappa1 614782755201.3857
20 simple caso04d.txt ok
simple caso04a.txt SA-Mat kappa1 43449326005001.695
simple caso04c.txt SA-Mat kappa1 29112195091999.945
21 simple caso04a.txt ok
22 simple caso04c.txt ok
simple caso04f.txt Base kappa1 9.713779453944275e+18
simple caso04e.txt Flat-L2 kappa1 1.2545218531682329e+19
simple caso04f.txt Flat-GM kappa1 478736979466.52234
simple caso04e.txt Role-Hybrid kappa1 2127696190885.9927
simple caso04f.txt Flat-L2 kappa1 1.3132685567314809e+19
simple caso04f.txt Role-Hybrid kappa1 478736979466.52234
simple caso04f.txt SA-Mat kappa1 478736979466.52234
23 simple caso04f.txt ok
simple caso04e.txt SA-Mat kappa1 2127696190885.9927
24 simple caso04e.txt ok
simple caso05d.txt Base kappa1 9.97245353113739e+18
simple caso05d.txt Flat-GM kappa1 1128908632123.738
simple caso05d.txt Flat-L2 kappa1 1.3693111022212588e+19
simple caso05d.txt Role-Hybrid kappa1 1128908632123.738
simple caso05a.txt Base kappa1 2.086554214763184e+19
simple caso05d.txt SA-Mat kappa1 1128908632123.738
25 simple caso05d.txt ok
simple caso05b.txt Base kappa1 9.972449560975366e+18
simple caso05a.txt Flat-GM kappa1 41151013919811.33
simple caso05a.txt Flat-L2 kappa1 4.245463519876767e+19
simple caso05b.txt Flat-GM kappa1 26920596351108.715
simple caso05c.txt Base kappa1 2.0914999161936482e+19
simple caso05a.txt Role-Hybrid kappa1 41151013919811.33
simple caso05b.txt Flat-L2 kappa1 3.070524001290438e+19
simple caso05e.txt Base kappa1 9.972453476544115e+18
simple caso05a.txt SA-Mat kappa1 41151013919811.33
26 simple caso05a.txt ok
simple caso05e.txt Flat-GM kappa1 4993889460109.079
simple caso05b.txt Role-Hybrid kappa1 26920596351108.715
simple caso05c.txt Flat-GM kappa1 41517507300274.23
simple caso05e.txt Flat-L2 kappa1 1.369311102221259e+19
simple caso05b.txt SA-Mat kappa1 26920596351108.715
27 simple caso05b.txt ok
simple caso05f.txt Base kappa1 9.972453531137395e+18
simple caso05e.txt Role-Hybrid kappa1 4993889460109.079
simple caso05c.txt Flat-L2 kappa1 4.2555264239962276e+19
simple caso05e.txt SA-Mat kappa1 4993889460109.079
28 simple caso05e.txt ok
simple caso05f.txt Flat-GM kappa1 1.676712708989365e+16
simple caso05c.txt Role-Hybrid kappa1 41517507300274.23
simple caso05f.txt Flat-L2 kappa1 2.729835705723487e+21
simple caso05c.txt SA-Mat kappa1 41517507300274.23
29 simple caso05c.txt ok
simple caso05f.txt Role-Hybrid kappa1 1.676712708989365e+16
simple caso05f.txt SA-Mat kappa1 1.676712708989365e+16
30 simple caso05f.txt ok
simple caso09a.txt Base kappa1 2.066576062614727e+19
simple caso09a.txt Flat-GM kappa1 13920795261564.656
simple caso09b.txt Base kappa1 2.360015391086774e+19
simple caso09a.txt Flat-L2 kappa1 1.9044329195120505e+19
simple caso09b.txt Flat-GM kappa1 61387662702769.32
simple caso09c.txt Base kappa1 2.066576062614724e+19
simple caso09a.txt Role-Hybrid kappa1 13920795261564.656
simple caso09b.txt Flat-L2 kappa1 2.1799889191506637e+19
simple caso09d.txt Base kappa1 9.960323534329168e+18
simple caso09c.txt Flat-GM kappa1 13920795261564.668
simple caso09a.txt SA-Mat kappa1 13920795261564.656
31 simple caso09a.txt ok
simple caso09b.txt Role-Hybrid kappa1 61387662702769.32
simple caso09c.txt Flat-L2 kappa1 1.9044329195120493e+19
simple caso09d.txt Flat-GM kappa1 1740877494608.127
simple caso09b.txt SA-Mat kappa1 61387662702769.32
32 simple caso09b.txt ok
simple caso09c.txt Role-Hybrid kappa1 13920795261564.668
simple caso09d.txt Flat-L2 kappa1 2.353871594412812e+19
simple caso09c.txt SA-Mat kappa1 13920795261564.668
33 simple caso09c.txt ok
simple caso09e.txt Base kappa1 1.4110065672447713e+19
simple caso09f.txt Base kappa1 9.96032353432917e+18
simple caso09d.txt Role-Hybrid kappa1 1740877494608.127
simple caso09e.txt Flat-GM kappa1 54515900593519.71
simple caso09f.txt Flat-GM kappa1 1740877371099.6877
simple caso09d.txt SA-Mat kappa1 1740877494608.127
34 simple caso09d.txt ok
simple caso09f.txt Flat-L2 kappa1 1.486557614579663e+19
simple caso09e.txt Flat-L2 kappa1 1.345918957566577e+19
simple caso09f.txt Role-Hybrid kappa1 1740877371099.6877
simple caso09e.txt Role-Hybrid kappa1 54515900593519.71
simple caso09f.txt SA-Mat kappa1 1740877371099.6877
35 simple caso09f.txt ok
simple caso10a.txt Base kappa1 1.1043025982717417e+19
simple caso09e.txt SA-Mat kappa1 54515900593519.71
36 simple caso09e.txt ok
simple caso10a.txt Flat-GM kappa1 7637465561779.957
simple caso10a.txt Flat-L2 kappa1 7.708954469609389e+18
simple caso10b.txt Base kappa1 1.2547652120289257e+19
simple caso10a.txt Role-Hybrid kappa1 7637465561779.957
simple caso10b.txt Flat-GM kappa1 58521792050285.66
simple caso10a.txt SA-Mat kappa1 7637465561779.957
37 simple caso10a.txt ok
simple caso10b.txt Flat-L2 kappa1 1.3104311292619457e+19
simple caso10b.txt Role-Hybrid kappa1 58521792050285.66
simple caso10c.txt Base kappa1 2.1600457421168284e+19
simple caso10b.txt SA-Mat kappa1 58521792050285.66
38 simple caso10b.txt ok
simple caso10c.txt Flat-GM kappa1 56240259253630.26
simple caso10e.txt Base kappa1 5.702361880070498e+18
simple caso10d.txt Base kappa1 5.702361880070498e+18
simple caso10e.txt Flat-GM kappa1 114215687915823.66
simple caso10d.txt Flat-GM kappa1 1631215973414.9429
simple caso10c.txt Flat-L2 kappa1 1.5332170531833305e+19
simple caso10e.txt Flat-L2 kappa1 1.5273260026917073e+19
simple caso10e.txt Role-Hybrid kappa1 114215687915823.66
simple caso10d.txt Flat-L2 kappa1 7.708954469609389e+18
simple caso10f.txt Base kappa1 5.702361880070498e+18
simple caso10c.txt Role-Hybrid kappa1 56240259253630.26
simple caso10e.txt SA-Mat kappa1 114215687915823.66
39 simple caso10e.txt ok
simple caso10d.txt Role-Hybrid kappa1 1631215973414.9429
simple caso10f.txt Flat-GM kappa1 1318239468965.1821
simple caso10c.txt SA-Mat kappa1 56240259253630.26
40 simple caso10c.txt ok
simple caso10d.txt SA-Mat kappa1 1631215973414.9429
41 simple caso10d.txt ok
simple caso11a.txt Base kappa1 1.5059825231991276e+19
simple caso10f.txt Flat-L2 kappa1 7.708954469609389e+18
simple caso11a.txt Flat-GM kappa1 20900519962763.336
simple caso11a.txt Flat-L2 kappa1 1.1275768196931242e+19
simple caso10f.txt Role-Hybrid kappa1 1318239468965.1821
simple caso11a.txt Role-Hybrid kappa1 20900519962763.336
simple caso10f.txt SA-Mat kappa1 1318239468965.1821
42 simple caso10f.txt ok
simple caso11a.txt SA-Mat kappa1 20900519962763.336
43 simple caso11a.txt ok
simple caso11b.txt Base kappa1 1.3031412015771666e+19
simple caso11b.txt Flat-GM kappa1 54830484920735.51
simple caso11b.txt Flat-L2 kappa1 1.1275768196931242e+19
simple caso11d.txt Base kappa1 8.342667057121497e+18
simple caso11e.txt Base kappa1 8.342663706668065e+18
simple caso11b.txt Role-Hybrid kappa1 54830484920735.51
simple caso11e.txt Flat-GM kappa1 6479715126510.524
simple caso11d.txt Flat-GM kappa1 813777555254.3423
simple caso11b.txt SA-Mat kappa1 54830484920735.51
44 simple caso11b.txt ok
simple caso11e.txt Flat-L2 kappa1 1.1275768196931242e+19
simple caso11c.txt Base kappa1 1.5153940521243163e+19
simple caso11d.txt Flat-L2 kappa1 1.4278780123403106e+19
simple caso11e.txt Role-Hybrid kappa1 6479715126510.524
simple caso11c.txt Flat-GM kappa1 25896135314839.633
simple caso11e.txt SA-Mat kappa1 6479715126510.524
45 simple caso11e.txt ok
simple caso11d.txt Role-Hybrid kappa1 813777555254.3423
simple caso11f.txt Base kappa1 8.342667057121488e+18
simple caso11c.txt Flat-L2 kappa1 1.515388547707713e+19
simple caso11f.txt Flat-GM kappa1 960749975944.9114
simple caso11d.txt SA-Mat kappa1 813777555254.3423
46 simple caso11d.txt ok
simple caso12a.txt Base kappa1 2.045006093822639e+18
simple caso11c.txt Role-Hybrid kappa1 25896135314839.633
simple caso11f.txt Flat-L2 kappa1 1.1454467561043806e+19
simple caso12a.txt Flat-GM kappa1 38104157023818.54
simple caso11f.txt Role-Hybrid kappa1 960749975944.9114
simple caso11c.txt SA-Mat kappa1 25896135314839.633
47 simple caso11c.txt ok
simple caso11f.txt SA-Mat kappa1 960749975944.9114
48 simple caso11f.txt ok
simple caso12a.txt Flat-L2 kappa1 2.0350827736175124e+16
simple caso12a.txt Role-Hybrid kappa1 38104157023818.54
simple caso12b.txt Base kappa1 1.6194261207610702e+19
simple caso12d.txt Base kappa1 6.650101573901239e+17
simple caso12b.txt Flat-GM kappa1 139512670162476.25
simple caso12a.txt SA-Mat kappa1 38104157023818.54
49 simple caso12a.txt ok
simple caso12d.txt Flat-GM kappa1 1247799569804.5571
simple caso12b.txt Flat-L2 kappa1 4.891981734090301e+16
simple caso12d.txt Flat-L2 kappa1 1054419905249145.1
simple caso12b.txt Role-Hybrid kappa1 139512670162476.25
simple caso12c.txt Base kappa1 1.8719164696926216e+18
simple caso12e.txt Base kappa1 6.650101573901239e+17
simple caso12d.txt Role-Hybrid kappa1 1247799569804.5571
simple caso12f.txt Base kappa1 6.650101573901239e+17
simple caso12b.txt SA-Mat kappa1 139512670162476.25
50 simple caso12b.txt ok
simple caso12c.txt Flat-GM kappa1 26347230796720.758
simple caso12d.txt SA-Mat kappa1 1247799569804.5571
51 simple caso12d.txt ok
simple caso12e.txt Flat-GM kappa1 1242114957175.5667
simple caso12f.txt Flat-GM kappa1 1242233278013.9038
simple caso12f.txt Flat-L2 kappa1 1049716348208130.6
simple caso12c.txt Flat-L2 kappa1 1.841051507281633e+16
simple caso12e.txt Flat-L2 kappa1 1049616385680429.0
simple caso14a.txt Base kappa1 1.3640210899839406e+18
simple caso12f.txt Role-Hybrid kappa1 1242233278013.9038
simple caso14a.txt Flat-GM kappa1 551543525485.5757
simple caso12c.txt Role-Hybrid kappa1 26347230796720.758
simple caso12f.txt SA-Mat kappa1 1242233278013.9038
52 simple caso12f.txt ok
simple caso12e.txt Role-Hybrid kappa1 1242114957175.5667
simple caso14a.txt Flat-L2 kappa1 444411533684132.2
simple caso12c.txt SA-Mat kappa1 26347230796720.758
53 simple caso12c.txt ok
simple caso14a.txt Role-Hybrid kappa1 551543525485.5757
simple caso14b.txt Base kappa1 1.3640210899839406e+18
simple caso12e.txt SA-Mat kappa1 1242114957175.5667
54 simple caso12e.txt ok
simple caso14c.txt Base kappa1 1.3640210899839406e+18
simple caso14b.txt Flat-GM kappa1 20514489284186.89
simple caso14a.txt SA-Mat kappa1 551543525485.5757
55 simple caso14a.txt ok
simple caso14b.txt Flat-L2 kappa1 1.6514800451361244e+16
simple caso14c.txt Flat-GM kappa1 561443360084.5918
simple caso14b.txt Role-Hybrid kappa1 20514489284186.89
simple caso14d.txt Base kappa1 1.0875976373159561e+18
simple caso14b.txt SA-Mat kappa1 20514489284186.89
56 simple caso14b.txt ok
simple caso14d.txt Flat-GM kappa1 925931783558.6827
simple caso14c.txt Flat-L2 kappa1 452387434561513.8
simple caso14d.txt Flat-L2 kappa1 746083918500009.2
simple caso14d.txt Role-Hybrid kappa1 925931783558.6827
simple caso14c.txt Role-Hybrid kappa1 561443360084.5918
simple caso14e.txt Base kappa1 1.089021878410502e+18
simple caso14d.txt SA-Mat kappa1 925931783558.6827
57 simple caso14d.txt ok
simple caso14e.txt Flat-GM kappa1 931454861043.5076
simple caso14f.txt Base kappa1 1.4072773021080346e+18
simple caso14c.txt SA-Mat kappa1 561443360084.5918
58 simple caso14c.txt ok
simple caso14e.txt Flat-L2 kappa1 750533569314576.9
simple caso14e.txt Role-Hybrid kappa1 931454861043.5076
simple caso14f.txt Flat-GM kappa1 931454771831.0087
simple caso14e.txt SA-Mat kappa1 931454861043.5076
59 simple caso14e.txt ok
simple caso14f.txt Flat-L2 kappa1 750533569347561.9
simple caso19a.txt Base kappa1 6.602567449011046e+18
simple caso19a.txt Flat-GM kappa1 8578487508503.802
simple caso14f.txt Role-Hybrid kappa1 931454771831.0087
simple caso19a.txt Flat-L2 kappa1 8.930593784762726e+18
simple caso19b.txt Base kappa1 1.0635188074666e+19
simple caso19a.txt Role-Hybrid kappa1 8578487508503.802
simple caso14f.txt SA-Mat kappa1 931454771831.0087
60 simple caso14f.txt ok
simple caso19b.txt Flat-GM kappa1 23319879356115.99
simple caso19a.txt SA-Mat kappa1 8578487508503.802
61 simple caso19a.txt ok
simple caso19b.txt Flat-L2 kappa1 8.930593784762726e+18
simple caso19b.txt Role-Hybrid kappa1 23319879356115.99
simple caso19b.txt SA-Mat kappa1 23319879356115.99
62 simple caso19b.txt ok
simple caso19c.txt Base kappa1 6.602567449011046e+18
simple caso19d.txt Base kappa1 6.602567449011046e+18
simple caso19c.txt Flat-GM kappa1 8578487508503.74
simple caso19d.txt Flat-GM kappa1 1773939037102.2368
simple caso19e.txt Base kappa1 6.602567449011046e+18
simple caso19d.txt Flat-L2 kappa1 8.930593784762726e+18
simple caso19c.txt Flat-L2 kappa1 8.930593784762726e+18
simple caso19e.txt Flat-GM kappa1 1617398687375.8806
simple caso19d.txt Role-Hybrid kappa1 1773939037102.2368
simple caso19c.txt Role-Hybrid kappa1 8578487508503.74
simple caso19e.txt Flat-L2 kappa1 8.930593784762726e+18
simple caso19f.txt Base kappa1 6.602567449011046e+18
simple caso19d.txt SA-Mat kappa1 1773939037102.2368
63 simple caso19d.txt ok
simple caso19c.txt SA-Mat kappa1 8578487508503.74
64 simple caso19c.txt ok
simple caso20a.txt Base kappa1 8.164572367207208e+18
simple caso19f.txt Flat-GM kappa1 4216495317258.683
simple caso19e.txt Role-Hybrid kappa1 1617398687375.8806
simple caso20a.txt Flat-GM kappa1 24073917234512.73
simple caso19f.txt Flat-L2 kappa1 9.98184866017067e+18
simple caso20b.txt Base kappa1 1.3290597064684554e+19
simple caso20a.txt Flat-L2 kappa1 2.194450336317283e+19
simple caso19e.txt SA-Mat kappa1 1617398687375.8806
65 simple caso19e.txt ok
simple caso19f.txt Role-Hybrid kappa1 4216495317258.683
simple caso20b.txt Flat-GM kappa1 36998291386013.97
simple caso20a.txt Role-Hybrid kappa1 24073917234512.73
simple caso19f.txt SA-Mat kappa1 4216495317258.683
66 simple caso19f.txt ok
simple caso20b.txt Flat-L2 kappa1 2.6789419422256e+19
simple caso20b.txt Role-Hybrid kappa1 36998291386013.97
simple caso20a.txt SA-Mat kappa1 24073917234512.73
67 simple caso20a.txt ok
simple caso20b.txt SA-Mat kappa1 36998291386013.97
68 simple caso20b.txt ok
simple caso20e.txt Base kappa1 6.782928329332934e+18
simple caso20e.txt Flat-GM kappa1 14958295856774.922
simple caso20e.txt Flat-L2 kappa1 9.375994164326322e+18
simple caso20e.txt Role-Hybrid kappa1 14958295856774.922
simple caso20d.txt Base kappa1 6.782925094029754e+18
simple caso20e.txt SA-Mat kappa1 14958295856774.922
69 simple caso20e.txt ok
simple caso20c.txt Base kappa1 8.247104838978305e+18
simple caso20d.txt Flat-GM kappa1 506759535515.6448
simple caso21a.txt Base kappa1 8.867676988145621e+18
simple caso20d.txt Flat-L2 kappa1 1.0384427963534373e+19
simple caso21b.txt Base kappa1 5.911786251068766e+18
simple caso20f.txt Base kappa1 6.782928304386287e+18
simple caso20c.txt Flat-GM kappa1 24073917087318.816
simple caso21a.txt Flat-GM kappa1 6144148688698.557
simple caso21b.txt Flat-GM kappa1 19871291822610.297
simple caso20d.txt Role-Hybrid kappa1 506759535515.6448
simple caso21a.txt Flat-L2 kappa1 2.5731032556299936e+19
simple caso20d.txt SA-Mat kappa1 506759535515.6448
70 simple caso20d.txt ok
simple caso20f.txt Flat-GM kappa1 506757838724.62854
simple caso20c.txt Flat-L2 kappa1 2.172489476248851e+19
simple caso21b.txt Flat-L2 kappa1 2.028053119367346e+19
simple caso21a.txt Role-Hybrid kappa1 6144148688698.557
simple caso21b.txt Role-Hybrid kappa1 19871291822610.297
simple caso20f.txt Flat-L2 kappa1 9.37599413846359e+18
simple caso20c.txt Role-Hybrid kappa1 24073917087318.816
simple caso21a.txt SA-Mat kappa1 6144148688698.557
71 simple caso21a.txt ok
simple caso21b.txt SA-Mat kappa1 19871291822610.297
72 simple caso21b.txt ok
simple caso20f.txt Role-Hybrid kappa1 506757838724.62854
simple caso20c.txt SA-Mat kappa1 24073917087318.816
73 simple caso20c.txt ok
simple caso20f.txt SA-Mat kappa1 506757838724.62854
74 simple caso20f.txt ok
simple caso21c.txt Base kappa1 8.867676988145621e+18
simple caso21c.txt Flat-GM kappa1 6144149199487.353
simple caso21d.txt Base kappa1 1.6405289186260056e+19
simple caso21c.txt Flat-L2 kappa1 1.962955983678741e+19
simple caso21f.txt Base kappa1 1.6405289186260056e+19
simple caso21c.txt Role-Hybrid kappa1 6144149199487.353
simple caso21f.txt Flat-GM kappa1 890396136852.2814
simple caso21d.txt Flat-GM kappa1 508238042028.9554
simple caso21e.txt Base kappa1 5.911783984322309e+18
simple caso22b.txt Base kappa1 9.322785549640425e+18
simple caso21c.txt SA-Mat kappa1 6144149199487.353
75 simple caso21c.txt ok
simple caso21f.txt Flat-L2 kappa1 1.6405225161895162e+19
simple caso21d.txt Flat-L2 kappa1 1.6405225161895162e+19
simple caso22b.txt Flat-GM kappa1 28947558351300.06
simple caso21f.txt Role-Hybrid kappa1 890396136852.2814
simple caso21e.txt Flat-GM kappa1 8788762001676.433
simple caso21d.txt Role-Hybrid kappa1 508238042028.9554
simple caso22b.txt Flat-L2 kappa1 1.8960501369765827e+19
simple caso22a.txt Base kappa1 9.400910084758837e+18
simple caso21f.txt SA-Mat kappa1 890396136852.2814
76 simple caso21f.txt ok
simple caso21e.txt Flat-L2 kappa1 1.1908040031446122e+19
simple caso22b.txt Role-Hybrid kappa1 28947558351300.06
simple caso21d.txt SA-Mat kappa1 508238042028.9554
77 simple caso21d.txt ok
simple caso22a.txt Flat-GM kappa1 786208312737.5479
simple caso22b.txt SA-Mat kappa1 28947558351300.06
78 simple caso22b.txt ok
simple caso21e.txt Role-Hybrid kappa1 8788762001676.433
simple caso22a.txt Flat-L2 kappa1 1.3727013382697978e+19
simple caso21e.txt SA-Mat kappa1 8788762001676.433
79 simple caso21e.txt ok
simple caso22a.txt Role-Hybrid kappa1 786208312737.5479
simple caso22a.txt SA-Mat kappa1 786208312737.5479
simple caso22c.txt Base kappa1 8.74258104829399e+18
80 simple caso22a.txt ok
simple caso22c.txt Flat-GM kappa1 903375759016.842
simple caso22c.txt Flat-L2 kappa1 1.3727013382697978e+19
simple caso22c.txt Role-Hybrid kappa1 903375759016.842
simple caso22d.txt Base kappa1 8.74258104829399e+18
simple caso22f.txt Base kappa1 8.742581048293992e+18
simple caso22c.txt SA-Mat kappa1 903375759016.842
81 simple caso22c.txt ok
simple caso22d.txt Flat-GM kappa1 355000678157.8705
simple caso22f.txt Flat-GM kappa1 2280310120247.4604
simple caso23a.txt Base kappa1 2.3048233029530423e+19
simple caso23a.txt Flat-GM kappa1 511196571002.5075
simple caso23a.txt Flat-L2 kappa1 2.7466818020742582e+19
simple caso22d.txt Flat-L2 kappa1 1.620382647683329e+19
simple caso22f.txt Flat-L2 kappa1 2.1246687346066547e+19
simple caso22e.txt Base kappa1 5.828386667397047e+18
simple caso23b.txt Base kappa1 6.203721483841901e+18
simple caso23a.txt Role-Hybrid kappa1 511196571002.5075
simple caso23b.txt Flat-GM kappa1 921454617576.7938
simple caso23a.txt SA-Mat kappa1 511196571002.5075
82 simple caso23a.txt ok
simple caso22e.txt Flat-GM kappa1 16382654920266.16
simple caso22f.txt Role-Hybrid kappa1 2280310120247.4604
simple caso22d.txt Role-Hybrid kappa1 355000678157.8705
simple caso23b.txt Flat-L2 kappa1 1.3287316935951038e+19
simple caso23b.txt Role-Hybrid kappa1 921454617576.7938
simple caso22e.txt Flat-L2 kappa1 1.90752288204307e+19
simple caso22f.txt SA-Mat kappa1 2280310120247.4604
83 simple caso22f.txt ok
simple caso22d.txt SA-Mat kappa1 355000678157.8705
84 simple caso22d.txt ok
simple caso23b.txt SA-Mat kappa1 921454617576.7938
85 simple caso23b.txt ok
simple caso23c.txt Base kappa1 9.305583335887176e+18
simple caso22e.txt Role-Hybrid kappa1 16382654920266.16
simple caso23c.txt Flat-GM kappa1 871516408332.1998
simple caso23c.txt Flat-L2 kappa1 1.7716422578821245e+19
simple caso22e.txt SA-Mat kappa1 16382654920266.16
86 simple caso22e.txt ok
simple caso23c.txt Role-Hybrid kappa1 871516408332.1998
simple caso23d.txt Base kappa1 1.0657340505758568e+19
simple caso23d.txt Flat-GM kappa1 1578001717004.4163
simple caso23c.txt SA-Mat kappa1 871516408332.1998
87 simple caso23c.txt ok
simple caso23d.txt Flat-L2 kappa1 1.3434604399934558e+19
simple caso23d.txt Role-Hybrid kappa1 1578001717004.4163
simple caso23d.txt SA-Mat kappa1 1578001717004.4163
88 simple caso23d.txt ok
simple caso23f.txt Base kappa1 1.0657340505758568e+19
simple caso24a.txt Base kappa1 8.844949704465882e+18
simple caso23f.txt Flat-GM kappa1 909806417361.5398
simple caso24a.txt Flat-GM kappa1 297509554353.99774
simple caso24b.txt Base kappa1 5.893910928580031e+18
simple caso23e.txt Base kappa1 6.203721483841901e+18
simple caso23f.txt Flat-L2 kappa1 1.4848220374492705e+19
simple caso24a.txt Flat-L2 kappa1 1.7284474120151636e+19
simple caso24b.txt Flat-GM kappa1 18527503274268.074
simple caso23f.txt Role-Hybrid kappa1 909806417361.5398
simple caso24a.txt Role-Hybrid kappa1 297509554353.99774
simple caso23e.txt Flat-GM kappa1 1639465555691.1326
simple caso24b.txt Flat-L2 kappa1 1.2963355591914955e+19
simple caso23f.txt SA-Mat kappa1 909806417361.5398
89 simple caso23f.txt ok
simple caso24a.txt SA-Mat kappa1 297509554353.99774
90 simple caso24a.txt ok
simple caso24b.txt Role-Hybrid kappa1 18527503274268.074
simple caso23e.txt Flat-L2 kappa1 1.3287316935951038e+19
simple caso24b.txt SA-Mat kappa1 18527503274268.074
91 simple caso24b.txt ok
simple caso23e.txt Role-Hybrid kappa1 1639465555691.1326
simple caso24d.txt Base kappa1 9.706665523756782e+18
simple caso24d.txt Flat-GM kappa1 1729604696341.0017
simple caso24c.txt Base kappa1 1.2280876505678014e+19
simple caso23e.txt SA-Mat kappa1 1639465555691.1326
92 simple caso23e.txt ok
simple caso24d.txt Flat-L2 kappa1 1.2963355591914955e+19
simple caso24c.txt Flat-GM kappa1 869359547361.7433
simple caso24d.txt Role-Hybrid kappa1 1729604696341.0017
simple caso24d.txt SA-Mat kappa1 1729604696341.0017
93 simple caso24d.txt ok
simple caso24c.txt Flat-L2 kappa1 1.5572969167332039e+19
simple caso24f.txt Base kappa1 8.840867448665125e+18
simple caso24c.txt Role-Hybrid kappa1 869359547361.7433
simple caso24e.txt Base kappa1 5.893910928580031e+18
simple caso25a.txt Base kappa1 8.607747030528588e+18
simple caso24f.txt Flat-GM kappa1 2052084474212.462
simple caso24e.txt Flat-GM kappa1 1902460154966.7522
simple caso25a.txt Flat-GM kappa1 612603428186.5956
simple caso24c.txt SA-Mat kappa1 869359547361.7433
94 simple caso24c.txt ok
simple caso24f.txt Flat-L2 kappa1 2.1611206717122515e+19
simple caso24e.txt Flat-L2 kappa1 1.3769887168796887e+19
simple caso25a.txt Flat-L2 kappa1 1.8268170445945412e+19
simple caso25a.txt Role-Hybrid kappa1 612603428186.5956
simple caso24e.txt Role-Hybrid kappa1 1902460154966.7522
simple caso24f.txt Role-Hybrid kappa1 2052084474212.462
simple caso25a.txt SA-Mat kappa1 612603428186.5956
95 simple caso25a.txt ok
simple caso24f.txt SA-Mat kappa1 2052084474212.462
simple caso25b.txt Base kappa1 5.738497373993069e+18
96 simple caso24f.txt ok
simple caso24e.txt SA-Mat kappa1 1902460154966.7522
97 simple caso24e.txt ok
simple caso25c.txt Base kappa1 8.607747030528587e+18
simple caso25b.txt Flat-GM kappa1 1030199280015.343
simple caso25c.txt Flat-GM kappa1 754594618617.3478
simple caso25c.txt Flat-L2 kappa1 1.826817051258604e+19
simple caso25b.txt Flat-L2 kappa1 1.3701127836344717e+19
simple caso25c.txt Role-Hybrid kappa1 754594618617.3478
simple caso25d.txt Base kappa1 8.607747030528587e+18
simple caso25b.txt Role-Hybrid kappa1 1030199280015.343
simple caso25c.txt SA-Mat kappa1 754594618617.3478
98 simple caso25c.txt ok
simple caso26a.txt Base kappa1 8.785283830020743e+18
simple caso26a.txt Flat-GM kappa1 1173772956798.7903
simple caso25d.txt Flat-GM kappa1 1093599129333.3597
simple caso25b.txt SA-Mat kappa1 1030199280015.343
99 simple caso25b.txt ok
simple caso25f.txt Base kappa1 8.607747013965967e+18
simple caso26a.txt Flat-L2 kappa1 1.674436553800913e+19
simple caso25d.txt Flat-L2 kappa1 1.8268170445945412e+19
simple caso25f.txt Flat-GM kappa1 2066622914629.7244
simple caso26a.txt Role-Hybrid kappa1 1173772956798.7903
simple caso25f.txt Flat-L2 kappa1 1.3701127836344717e+19
simple caso25e.txt Base kappa1 5.738497373993069e+18
simple caso25d.txt Role-Hybrid kappa1 1093599129333.3597
simple caso26a.txt SA-Mat kappa1 1173772956798.7903
100 simple caso26a.txt ok
simple caso25f.txt Role-Hybrid kappa1 2066622914629.7244
simple caso25e.txt Flat-GM kappa1 773390875432.847
simple caso25d.txt SA-Mat kappa1 1093599129333.3597
101 simple caso25d.txt ok
simple caso25f.txt SA-Mat kappa1 2066622914629.7244
102 simple caso25f.txt ok
simple caso25e.txt Flat-L2 kappa1 1.3701127836344717e+19
simple caso26b.txt Base kappa1 1.4874055425622831e+19
simple caso26b.txt Flat-GM kappa1 20732245366187.09
simple caso25e.txt Role-Hybrid kappa1 773390875432.847
simple caso26d.txt Base kappa1 8.785283662862549e+18
simple caso26b.txt Flat-L2 kappa1 3.5518895281777705e+19
simple caso25e.txt SA-Mat kappa1 773390875432.847
103 simple caso25e.txt ok
simple caso26c.txt Base kappa1 8.785283830020743e+18
simple caso26d.txt Flat-GM kappa1 3341568747711.2217
simple caso26b.txt Role-Hybrid kappa1 20732245366187.09
simple caso26d.txt Flat-L2 kappa1 1.8117482265022943e+19
simple caso26b.txt SA-Mat kappa1 20732245366187.09
104 simple caso26b.txt ok
simple caso26c.txt Flat-GM kappa1 756222975726.9025
simple caso26f.txt Base kappa1 8.785283830020747e+18
simple caso26d.txt Role-Hybrid kappa1 3341568747711.2217
simple caso26e.txt Base kappa1 5.856855216905926e+18
simple caso26f.txt Flat-GM kappa1 851179545982.0294
simple caso26c.txt Flat-L2 kappa1 1.3588111700627077e+19
simple caso26d.txt SA-Mat kappa1 3341568747711.2217
105 simple caso26d.txt ok
simple caso26e.txt Flat-GM kappa1 904904488831.9294
simple caso26f.txt Flat-L2 kappa1 1.3588111700627077e+19
simple caso26e.txt Flat-L2 kappa1 1.3588111700627077e+19
simple caso26c.txt Role-Hybrid kappa1 756222975726.9025
simple caso26f.txt Role-Hybrid kappa1 851179545982.0294
simple caso26e.txt Role-Hybrid kappa1 904904488831.9294
simple caso26f.txt SA-Mat kappa1 851179545982.0294
106 simple caso26f.txt ok
simple caso26c.txt SA-Mat kappa1 756222975726.9025
107 simple caso26c.txt ok
simple caso26e.txt SA-Mat kappa1 904904488831.9294
108 simple caso26e.txt ok
simple caso27a.txt Base kappa1 9.957356784850117e+18
simple caso27a.txt Flat-GM kappa1 344055018876.2825
simple caso27b.txt Base kappa1 1.2682305013135727e+19
simple caso27a.txt Flat-L2 kappa1 1.4117569866059416e+19
simple caso27b.txt Flat-GM kappa1 32007677451620.99
simple caso27c.txt Base kappa1 8.6610853777366e+18
simple caso27b.txt Flat-L2 kappa1 1.2804340636312142e+19
simple caso27a.txt Role-Hybrid kappa1 344055018876.2825
simple caso27d.txt Base kappa1 1.3885304793927975e+19
simple caso27b.txt Role-Hybrid kappa1 32007677451620.99
simple caso27c.txt Flat-GM kappa1 846037959506.2394
simple caso27a.txt SA-Mat kappa1 344055018876.2825
109 simple caso27a.txt ok
simple caso27d.txt Flat-GM kappa1 562637617130.6223
simple caso27c.txt Flat-L2 kappa1 1.7072454251852362e+19
simple caso27b.txt SA-Mat kappa1 32007677451620.99
110 simple caso27b.txt ok
simple caso27d.txt Flat-L2 kappa1 1.3885257820066486e+19
simple caso27c.txt Role-Hybrid kappa1 846037959506.2394
simple caso27d.txt Role-Hybrid kappa1 562637617130.6223
simple caso27f.txt Base kappa1 8.66108233267771e+18
simple caso27d.txt SA-Mat kappa1 562637617130.6223
111 simple caso27d.txt ok
simple caso27e.txt Base kappa1 5.774056244720035e+18
simple caso27c.txt SA-Mat kappa1 846037959506.2394
112 simple caso27c.txt ok
simple caso27f.txt Flat-GM kappa1 932385255891.264
simple caso27f.txt Flat-L2 kappa1 1.4117569866059416e+19
simple caso27e.txt Flat-GM kappa1 1729685844241.5386
simple caso27f.txt Role-Hybrid kappa1 932385255891.264
simple caso28a.txt Base kappa1 9.85428213166807e+18
simple caso27f.txt SA-Mat kappa1 932385255891.264
113 simple caso27f.txt ok
simple caso27e.txt Flat-L2 kappa1 1.2804340636312142e+19
simple caso28a.txt Flat-GM kappa1 4555755779681.542
simple caso28b.txt Base kappa1 8.738811257657187e+18
simple caso27e.txt Role-Hybrid kappa1 1729685844241.5386
simple caso28a.txt Flat-L2 kappa1 1.3428575547338177e+19
simple caso28b.txt Flat-GM kappa1 9452646681113.281
simple caso28c.txt Base kappa1 9.098088820954189e+18
simple caso28b.txt Flat-L2 kappa1 1.991761573631235e+19
simple caso27e.txt SA-Mat kappa1 1729685844241.5386
114 simple caso27e.txt ok
simple caso28a.txt Role-Hybrid kappa1 4555755779681.542
simple caso28c.txt Flat-GM kappa1 1181381766285.5327
simple caso28b.txt Role-Hybrid kappa1 9452646681113.281
simple caso28c.txt Flat-L2 kappa1 5.727257851377854e+19
simple caso28d.txt Base kappa1 9.098088820954187e+18
simple caso28a.txt SA-Mat kappa1 4555755779681.542
115 simple caso28a.txt ok
simple caso28c.txt Role-Hybrid kappa1 1181381766285.5327
simple caso28b.txt SA-Mat kappa1 9452646681113.281
116 simple caso28b.txt ok
simple caso28d.txt Flat-GM kappa1 953004058537.26
simple caso28c.txt SA-Mat kappa1 1181381766285.5327
117 simple caso28c.txt ok
simple caso28e.txt Base kappa1 1.0054876486583413e+19
simple caso28d.txt Flat-L2 kappa1 1.6616310525067254e+19
simple caso28e.txt Flat-GM kappa1 17101629125719.572
simple caso28d.txt Role-Hybrid kappa1 953004058537.26
simple caso28e.txt Flat-L2 kappa1 2.2917209244034306e+19
simple caso28d.txt SA-Mat kappa1 953004058537.26
118 simple caso28d.txt ok
simple caso28e.txt Role-Hybrid kappa1 17101629125719.572
simple caso28e.txt SA-Mat kappa1 17101629125719.572
119 simple caso28e.txt ok
simple caso28f.txt Base kappa1 9.098088846840556e+18
simple caso28f.txt Flat-GM kappa1 670831401996.867
simple caso28f.txt Flat-L2 kappa1 1.6616310608510446e+19
simple caso29b.txt Base kappa1 3.962985334889194e+19
simple caso28f.txt Role-Hybrid kappa1 670831401996.867
simple caso29a.txt Base kappa1 9.395469565259559e+18
simple caso29c.txt Base kappa1 9.395469565259559e+18
simple caso29b.txt Flat-GM kappa1 127901276991243.28
simple caso28f.txt SA-Mat kappa1 670831401996.867
120 simple caso28f.txt ok
simple caso29a.txt Flat-GM kappa1 6589512234852.4375
simple caso29c.txt Flat-GM kappa1 6589514397409.026
simple caso29b.txt Flat-L2 kappa1 3.9629729403921646e+19
simple caso29a.txt Flat-L2 kappa1 1.6793412797109062e+19
simple caso29c.txt Flat-L2 kappa1 1.6793412708593005e+19
simple caso29b.txt Role-Hybrid kappa1 127901276991243.28
simple caso29a.txt Role-Hybrid kappa1 6589512234852.4375
simple caso29c.txt Role-Hybrid kappa1 6589514397409.026
simple caso29b.txt SA-Mat kappa1 127901276991243.28
121 simple caso29b.txt ok
simple caso29e.txt Base kappa1 9.395465816027785e+18
simple caso29a.txt SA-Mat kappa1 6589512234852.4375
122 simple caso29a.txt ok
simple caso29c.txt SA-Mat kappa1 6589514397409.026
123 simple caso29c.txt ok
simple caso29d.txt Base kappa1 9.39546959382413e+18
simple caso29e.txt Flat-GM kappa1 28388942507570.637
simple caso29d.txt Flat-GM kappa1 565378032989.5874
simple caso29e.txt Flat-L2 kappa1 2.2346682213062218e+19
simple caso29d.txt Flat-L2 kappa1 1.6793412708593005e+19
simple caso29e.txt Role-Hybrid kappa1 28388942507570.637
simple caso29f.txt Base kappa1 9.395469593824123e+18
simple caso29d.txt Role-Hybrid kappa1 565378032989.5874
simple caso29f.txt Flat-GM kappa1 943728343807.0792
simple caso29e.txt SA-Mat kappa1 28388942507570.637
124 simple caso29e.txt ok
simple caso29d.txt SA-Mat kappa1 565378032989.5874
125 simple caso29d.txt ok
simple caso29f.txt Flat-L2 kappa1 1.3003202891721929e+19
simple caso29f.txt Role-Hybrid kappa1 943728343807.0792
simple caso30a.txt Base kappa1 9.816693738063215e+18
simple caso29f.txt SA-Mat kappa1 943728343807.0792
126 simple caso29f.txt ok
simple caso30b.txt Base kappa1 1.7307928474456836e+19
simple caso30c.txt Base kappa1 9.599181302125294e+18
simple caso30a.txt Flat-GM kappa1 3345380890625.5767
simple caso30c.txt Flat-GM kappa1 3345380892593.02
simple caso30b.txt Flat-GM kappa1 65827728782222.48
simple caso30a.txt Flat-L2 kappa1 1.4522572773498968e+19
simple caso30c.txt Flat-L2 kappa1 1.4522572773498968e+19
simple caso30a.txt Role-Hybrid kappa1 3345380890625.5767
simple caso30b.txt Flat-L2 kappa1 3.723729397787594e+19
simple caso30c.txt Role-Hybrid kappa1 3345380892593.02
simple caso30a.txt SA-Mat kappa1 3345380890625.5767
127 simple caso30a.txt ok
simple caso30b.txt Role-Hybrid kappa1 65827728782222.48
simple caso30d.txt Base kappa1 2.3863246085431652e+19
simple caso30c.txt SA-Mat kappa1 3345380892593.02
simple caso30b.txt SA-Mat kappa1 65827728782222.48
128 simple caso30c.txt ok
129 simple caso30b.txt ok
simple caso30d.txt Flat-GM kappa1 622768390812.7622
simple caso30e.txt Base kappa1 9.469214997207218e+18
simple caso30d.txt Flat-L2 kappa1 2.802718863311096e+19
simple caso30e.txt Flat-GM kappa1 5955611463017.337
simple caso30d.txt Role-Hybrid kappa1 622768390812.7622
simple caso30e.txt Flat-L2 kappa1 1.282682535249737e+19
simple caso30d.txt SA-Mat kappa1 622768390812.7622
130 simple caso30d.txt ok
simple caso31a.txt Base kappa1 9.709030834269415e+18
simple caso30e.txt Role-Hybrid kappa1 5955611463017.337
simple caso30f.txt Base kappa1 2.3863246085431652e+19
simple caso31a.txt Flat-GM kappa1 4495449437394.629
simple caso30f.txt Flat-GM kappa1 848418533060.6505
simple caso30e.txt SA-Mat kappa1 5955611463017.337
131 simple caso30e.txt ok
simple caso31a.txt Flat-L2 kappa1 2.200306944175049e+19
simple caso30f.txt Flat-L2 kappa1 2.802718863311096e+19
simple caso31a.txt Role-Hybrid kappa1 4495449437394.629
simple caso30f.txt Role-Hybrid kappa1 848418533060.6505
simple caso31a.txt SA-Mat kappa1 4495449437394.629
132 simple caso31a.txt ok
simple caso31c.txt Base kappa1 9.70903107292715e+18
simple caso30f.txt SA-Mat kappa1 848418533060.6505
133 simple caso30f.txt ok
simple caso31b.txt Base kappa1 6.472686743207811e+18
simple caso31c.txt Flat-GM kappa1 573929796830.0448
simple caso31b.txt Flat-GM kappa1 1142684673200.9905
simple caso31c.txt Flat-L2 kappa1 1.7052245106044514e+19
simple caso31c.txt Role-Hybrid kappa1 573929796830.0448
simple caso31b.txt Flat-L2 kappa1 1.2789183831243964e+19
simple caso31d.txt Base kappa1 1.1081416329689002e+19
simple caso31c.txt SA-Mat kappa1 573929796830.0448
134 simple caso31c.txt ok
simple caso31d.txt Flat-GM kappa1 2211701978515.9873
simple caso31b.txt Role-Hybrid kappa1 1142684673200.9905
simple caso31e.txt Base kappa1 1.3353357256688204e+19
simple caso32a.txt Base kappa1 9.72620814230447e+18
simple caso31d.txt Flat-L2 kappa1 1.7343690262352265e+19
simple caso31b.txt SA-Mat kappa1 1142684673200.9905
135 simple caso31b.txt ok
simple caso32a.txt Flat-GM kappa1 1521651473625.8862
simple caso31d.txt Role-Hybrid kappa1 2211701978515.9873
simple caso31e.txt Flat-GM kappa1 5120031814516.739
simple caso32a.txt Flat-L2 kappa1 1.333534697148445e+19
simple caso31d.txt SA-Mat kappa1 2211701978515.9873
136 simple caso31d.txt ok
simple caso31e.txt Flat-L2 kappa1 1.3140615289246708e+19
simple caso32a.txt Role-Hybrid kappa1 1521651473625.8862
simple caso32a.txt SA-Mat kappa1 1521651473625.8862
137 simple caso32a.txt ok
simple caso31f.txt Base kappa1 9.709031104249666e+18
simple caso31e.txt Role-Hybrid kappa1 5120031814516.739
simple caso31f.txt Flat-GM kappa1 973001569242.9156
simple caso31e.txt SA-Mat kappa1 5120031814516.739
138 simple caso31e.txt ok
simple caso32b.txt Base kappa1 6.326802217677933e+18
simple caso31f.txt Flat-L2 kappa1 1.7052245106044514e+19
simple caso32b.txt Flat-GM kappa1 4423163285347.597
simple caso32c.txt Base kappa1 9.490200547080385e+18
simple caso31f.txt Role-Hybrid kappa1 973001569242.9156
simple caso32b.txt Flat-L2 kappa1 1.2497621639396127e+19
simple caso32c.txt Flat-GM kappa1 561137836681.6074
simple caso31f.txt SA-Mat kappa1 973001569242.9156
139 simple caso31f.txt ok
simple caso32d.txt Base kappa1 9.490204303382546e+18
simple caso32b.txt Role-Hybrid kappa1 4423163285347.597
simple caso32c.txt Flat-L2 kappa1 1.6663495609628346e+19
simple caso32d.txt Flat-GM kappa1 1771064952662.4097
simple caso32b.txt SA-Mat kappa1 4423163285347.597
140 simple caso32b.txt ok
simple caso32c.txt Role-Hybrid kappa1 561137836681.6074
simple caso32e.txt Base kappa1 9.251235234952672e+19
simple caso32d.txt Flat-L2 kappa1 1.6663495516940409e+19
simple caso32c.txt SA-Mat kappa1 561137836681.6074
141 simple caso32c.txt ok
simple caso32e.txt Flat-GM kappa1 222516319740930.8
simple caso32d.txt Role-Hybrid kappa1 1771064952662.4097
simple caso32f.txt Base kappa1 9.490204303382546e+18
simple caso32d.txt SA-Mat kappa1 1771064952662.4097
142 simple caso32d.txt ok
simple caso32e.txt Flat-L2 kappa1 9.251205397231603e+19
simple caso32f.txt Flat-GM kappa1 1771064952787.6792
simple caso33a.txt Base kappa1 9.457843759531393e+18
simple caso32e.txt Role-Hybrid kappa1 222516319740930.8
simple caso32f.txt Flat-L2 kappa1 1.6663495516940409e+19
simple caso33a.txt Flat-GM kappa1 951601503343.6049
simple caso32f.txt Role-Hybrid kappa1 1771064952787.6792
simple caso32e.txt SA-Mat kappa1 222516319740930.8
143 simple caso32e.txt ok
simple caso32f.txt SA-Mat kappa1 1771064952787.6792
144 simple caso32f.txt ok
simple caso33a.txt Flat-L2 kappa1 1.2794151628434223e+19
simple caso33b.txt Base kappa1 6.305228740913411e+18
simple caso33a.txt Role-Hybrid kappa1 951601503343.6049
simple caso33c.txt Base kappa1 9.457840266177235e+18
simple caso33b.txt Flat-GM kappa1 1175912923824.1724
simple caso33a.txt SA-Mat kappa1 951601503343.6049
145 simple caso33a.txt ok
simple caso33c.txt Flat-GM kappa1 536584591919.0663
simple caso33b.txt Flat-L2 kappa1 1.2349260456405555e+19
simple caso33d.txt Base kappa1 9.45784015013404e+18
simple caso33c.txt Flat-L2 kappa1 1.6465680606305876e+19
simple caso33d.txt Flat-GM kappa1 471895830696.9521
simple caso33b.txt Role-Hybrid kappa1 1175912923824.1724
simple caso33d.txt Flat-L2 kappa1 1.2794151592918559e+19
simple caso33c.txt Role-Hybrid kappa1 536584591919.0663
simple caso33e.txt Base kappa1 9.45784015013404e+18
simple caso33f.txt Base kappa1 6.305228740913411e+18
simple caso33b.txt SA-Mat kappa1 1175912923824.1724
simple caso33d.txt Role-Hybrid kappa1 471895830696.9521
146 simple caso33b.txt ok
simple caso33e.txt Flat-GM kappa1 9114690987308.791
simple caso33f.txt Flat-GM kappa1 2884744709468.7866
simple caso34a.txt Base kappa1 5.587069924828667e+18
simple caso33c.txt SA-Mat kappa1 536584591919.0663
147 simple caso33c.txt ok
simple caso33d.txt SA-Mat kappa1 471895830696.9521
148 simple caso33d.txt ok
simple caso33e.txt Flat-L2 kappa1 1.2794151592918559e+19
simple caso34a.txt Flat-GM kappa1 233636592179.19952
simple caso33f.txt Flat-L2 kappa1 4.617592023710828e+19
simple caso34a.txt Flat-L2 kappa1 9.697364398536944e+18
simple caso33e.txt Role-Hybrid kappa1 9114690987308.791
simple caso34a.txt Role-Hybrid kappa1 233636592179.19952
simple caso33f.txt Role-Hybrid kappa1 2884744709468.7866
simple caso33e.txt SA-Mat kappa1 9114690987308.791
149 simple caso33e.txt ok
simple caso34a.txt SA-Mat kappa1 233636592179.19952
150 simple caso34a.txt ok
simple caso33f.txt SA-Mat kappa1 2884744709468.7866
151 simple caso33f.txt ok
simple caso34b.txt Base kappa1 5.587069924828668e+18
simple caso34b.txt Flat-GM kappa1 905218461662.439
simple caso34c.txt Base kappa1 5.587069924828667e+18
simple caso34b.txt Flat-L2 kappa1 7.691414686606626e+18
simple caso34c.txt Flat-GM kappa1 408029466199.0815
simple caso34d.txt Base kappa1 5.58706697596354e+18
simple caso34b.txt Role-Hybrid kappa1 905218461662.439
simple caso34c.txt Flat-L2 kappa1 7.691414686606626e+18
simple caso34b.txt SA-Mat kappa1 905218461662.439
152 simple caso34b.txt ok
simple caso34d.txt Flat-GM kappa1 169821338002.45178
simple caso34f.txt Base kappa1 5.587067050784593e+18
simple caso34c.txt Role-Hybrid kappa1 408029466199.0815
simple caso34e.txt Base kappa1 3.724712838753592e+18
simple caso34d.txt Flat-L2 kappa1 9.697364398536944e+18
simple caso34c.txt SA-Mat kappa1 408029466199.0815
153 simple caso34c.txt ok
simple caso34f.txt Flat-GM kappa1 392470962729.396
simple caso34e.txt Flat-GM kappa1 299437023045.093
simple caso34d.txt Role-Hybrid kappa1 169821338002.45178
simple caso34f.txt Flat-L2 kappa1 7.55665640104506e+18
simple caso34e.txt Flat-L2 kappa1 7.273023300187787e+18
simple caso34f.txt Role-Hybrid kappa1 392470962729.396
simple caso34d.txt SA-Mat kappa1 169821338002.45178
154 simple caso34d.txt ok
simple caso35a.txt Base kappa1 8.559019064275026e+18
simple caso34e.txt Role-Hybrid kappa1 299437023045.093
simple caso34f.txt SA-Mat kappa1 392470962729.396
155 simple caso34f.txt ok
simple caso35a.txt Flat-GM kappa1 558541258939.865
simple caso34e.txt SA-Mat kappa1 299437023045.093
156 simple caso34e.txt ok
simple caso35a.txt Flat-L2 kappa1 2.880494356122606e+19
simple caso35a.txt Role-Hybrid kappa1 558541258939.865
simple caso35a.txt SA-Mat kappa1 558541258939.865
157 simple caso35a.txt ok
simple caso35b.txt Base kappa1 8.559015791485982e+18
simple caso35d.txt Base kappa1 8.559015874485825e+18
simple caso35c.txt Base kappa1 8.559019371285779e+18
simple caso35b.txt Flat-GM kappa1 34779702846843.906
simple caso35d.txt Flat-GM kappa1 223188489992.80185
simple caso35e.txt Base kappa1 2.853008143519644e+18
simple caso35f.txt Base kappa1 2.853008143519644e+18
simple caso35e.txt Flat-GM kappa1 345240348130.89966
simple caso35d.txt Flat-L2 kappa1 1.1565506118354278e+19
simple caso35c.txt Flat-GM kappa1 517120671125.5779
simple caso35b.txt Flat-L2 kappa1 2.7615300657774928e+19
simple caso35f.txt Flat-GM kappa1 223188565216.5253
simple caso35e.txt Flat-L2 kappa1 6.384166032895079e+18
simple caso35d.txt Role-Hybrid kappa1 223188489992.80185
simple caso35f.txt Flat-L2 kappa1 6.384166032895079e+18
simple caso35c.txt Flat-L2 kappa1 1.1733009330312083e+19
simple caso35b.txt Role-Hybrid kappa1 34779702846843.906
simple caso35e.txt Role-Hybrid kappa1 345240348130.89966
simple caso35d.txt SA-Mat kappa1 223188489992.80185
158 simple caso35d.txt ok
simple caso35f.txt Role-Hybrid kappa1 223188565216.5253
simple caso35e.txt SA-Mat kappa1 345240348130.89966
159 simple caso35e.txt ok
simple caso35c.txt Role-Hybrid kappa1 517120671125.5779
simple caso35b.txt SA-Mat kappa1 34779702846843.906
160 simple caso35b.txt ok
simple caso35f.txt SA-Mat kappa1 223188565216.5253
161 simple caso35f.txt ok
simple caso35c.txt SA-Mat kappa1 517120671125.5779
162 simple caso35c.txt ok
simple caso42a.txt Base kappa1 1.6048283110235382e+19
simple caso42a.txt Flat-GM kappa1 28616203913949.17
simple caso42a.txt Flat-L2 kappa1 3.942660961859389e+19
simple caso42a.txt Role-Hybrid kappa1 28616203913949.17
simple caso42a.txt SA-Mat kappa1 28616203913949.17
163 simple caso42a.txt ok
simple caso42b.txt Base kappa1 3.878362092871623e+19
simple caso42d.txt Base kappa1 8.941501731896259e+18
simple caso42e.txt Base kappa1 8.941501731896259e+18
simple caso42c.txt Base kappa1 1.604824140909324e+19
simple caso42f.txt Base kappa1 8.94150167796282e+18
simple caso42b.txt Flat-GM kappa1 29503117020192.543
simple caso42d.txt Flat-GM kappa1 687416890941.3733
simple caso42c.txt Flat-GM kappa1 28616202350135.35
simple caso42e.txt Flat-GM kappa1 2299687870029.823
simple caso42b.txt Flat-L2 kappa1 3.869857266029902e+19
simple caso42f.txt Flat-GM kappa1 687697646662.678
simple caso42d.txt Flat-L2 kappa1 1.2256815588942326e+19
simple caso42c.txt Flat-L2 kappa1 2.2971394356353716e+19
simple caso42b.txt Role-Hybrid kappa1 29503117020192.543
simple caso42e.txt Flat-L2 kappa1 1.2256815588942326e+19
simple caso42d.txt Role-Hybrid kappa1 687416890941.3733
simple caso42c.txt Role-Hybrid kappa1 28616202350135.35
simple caso42f.txt Flat-L2 kappa1 1.3337434552531862e+19
simple caso42b.txt SA-Mat kappa1 29503117020192.543
164 simple caso42b.txt ok
simple caso42d.txt SA-Mat kappa1 687416890941.3733
165 simple caso42d.txt ok
simple caso42c.txt SA-Mat kappa1 28616202350135.35
166 simple caso42c.txt ok
simple caso42e.txt Role-Hybrid kappa1 2299687870029.823
simple caso42f.txt Role-Hybrid kappa1 687697646662.678
simple caso43a.txt Base kappa1 7.694883969347113e+18
simple caso42e.txt SA-Mat kappa1 2299687870029.823
167 simple caso42e.txt ok
simple caso42f.txt SA-Mat kappa1 687697646662.678
168 simple caso42f.txt ok
simple caso43a.txt Flat-GM kappa1 20093510360569.855
simple caso43a.txt Flat-L2 kappa1 1.5534605826453258e+19
simple caso43a.txt Role-Hybrid kappa1 20093510360569.855
simple caso43a.txt SA-Mat kappa1 20093510360569.855
169 simple caso43a.txt ok
simple caso43d.txt Base kappa1 6.45323244913765e+18
simple caso43d.txt Flat-GM kappa1 555867445368.1908
simple caso43b.txt Base kappa1 8.64093273262098e+18
simple caso43d.txt Flat-L2 kappa1 8.909089310948048e+18
simple caso43b.txt Flat-GM kappa1 19928948586878.17
simple caso43d.txt Role-Hybrid kappa1 555867445368.1908
simple caso43c.txt Base kappa1 8.66607888541746e+18
simple caso43f.txt Base kappa1 6.45323244913765e+18
simple caso43e.txt Base kappa1 6.453232271270111e+18
simple caso43b.txt Flat-L2 kappa1 1.54967283236052e+19
simple caso43d.txt SA-Mat kappa1 555867445368.1908
170 simple caso43d.txt ok
simple caso43c.txt Flat-GM kappa1 20093508527592.504
simple caso43f.txt Flat-GM kappa1 775105131794.2045
simple caso43b.txt Role-Hybrid kappa1 19928948586878.17
simple caso43e.txt Flat-GM kappa1 2075902096416.065
simple caso43c.txt Flat-L2 kappa1 1.5534605807908633e+19
simple caso43b.txt SA-Mat kappa1 19928948586878.17
171 simple caso43b.txt ok
simple caso43f.txt Flat-L2 kappa1 8.909089310948048e+18
simple caso43c.txt Role-Hybrid kappa1 20093508527592.504
simple caso43e.txt Flat-L2 kappa1 8.909089127386604e+18
simple caso43c.txt SA-Mat kappa1 20093508527592.504
172 simple caso43c.txt ok
simple caso43f.txt Role-Hybrid kappa1 775105131794.2045
simple caso43e.txt Role-Hybrid kappa1 2075902096416.065
simple caso44a.txt Base kappa1 4.538841412608588e+18
simple caso43f.txt SA-Mat kappa1 775105131794.2045
173 simple caso43f.txt ok
simple caso44a.txt Flat-GM kappa1 778163511033.1436
simple caso43e.txt SA-Mat kappa1 2075902096416.065
174 simple caso43e.txt ok
simple caso44a.txt Flat-L2 kappa1 9.037512520603692e+18
simple caso44a.txt Role-Hybrid kappa1 778163511033.1436
simple caso44b.txt Base kappa1 4.538841412608588e+18
simple caso44a.txt SA-Mat kappa1 778163511033.1436
175 simple caso44a.txt ok
simple caso44b.txt Flat-GM kappa1 2136832444895.5999
simple caso44d.txt Base kappa1 2.2694221378277455e+18
simple caso44b.txt Flat-L2 kappa1 9.037512520603692e+18
simple caso44c.txt Base kappa1 4.538841412608588e+18
simple caso44b.txt Role-Hybrid kappa1 2136832444895.5999
simple caso44d.txt Flat-GM kappa1 340428665146.97363
simple caso44e.txt Base kappa1 9.012370123584972e+17
simple caso44c.txt Flat-GM kappa1 515194178239.32025
simple caso44b.txt SA-Mat kappa1 2136832444895.5999
176 simple caso44b.txt ok
simple caso44c.txt Flat-L2 kappa1 9.037512520603692e+18
simple caso44d.txt Flat-L2 kappa1 5.202335180004281e+18
simple caso44e.txt Flat-GM kappa1 1105914014197.93
simple caso44f.txt Base kappa1 2.2694221378277455e+18
simple caso44c.txt Role-Hybrid kappa1 515194178239.32025
simple caso44d.txt Role-Hybrid kappa1 340428665146.97363
simple caso44e.txt Flat-L2 kappa1 1.83791648421213e+18
simple caso44c.txt SA-Mat kappa1 515194178239.32025
177 simple caso44c.txt ok
simple caso44f.txt Flat-GM kappa1 340428665146.97363
simple caso44e.txt Role-Hybrid kappa1 1105914014197.93
simple caso44d.txt SA-Mat kappa1 340428665146.97363
178 simple caso44d.txt ok
simple caso45a.txt Base kappa1 8.723138270369329e+18
simple caso44e.txt SA-Mat kappa1 1105914014197.93
179 simple caso44e.txt ok
simple caso44f.txt Flat-L2 kappa1 5.202335180004281e+18
simple caso45a.txt Flat-GM kappa1 903937412783.9631
simple caso45a.txt Flat-L2 kappa1 1.6172547361999845e+19
simple caso44f.txt Role-Hybrid kappa1 340428665146.97363
simple caso45a.txt Role-Hybrid kappa1 903937412783.9631
simple caso44f.txt SA-Mat kappa1 340428665146.97363
180 simple caso44f.txt ok
simple caso45b.txt Base kappa1 5.815424823397319e+18
simple caso45a.txt SA-Mat kappa1 903937412783.9631
181 simple caso45a.txt ok
simple caso45b.txt Flat-GM kappa1 1666858519578.413
simple caso45b.txt Flat-L2 kappa1 1.194752392332641e+19
simple caso45e.txt Base kappa1 2.9077139044366935e+18
simple caso45d.txt Base kappa1 2.9077139044366935e+18
simple caso45c.txt Base kappa1 8.723138270369327e+18
simple caso45b.txt Role-Hybrid kappa1 1666858519578.413
simple caso45e.txt Flat-GM kappa1 551792323219.0697
simple caso45c.txt Flat-GM kappa1 1429675485304.7224
simple caso45d.txt Flat-GM kappa1 551717552446.5562
simple caso45e.txt Flat-L2 kappa1 6.788476690214343e+18
simple caso45b.txt SA-Mat kappa1 1666858519578.413
182 simple caso45b.txt ok
simple caso45c.txt Flat-L2 kappa1 1.21202165471737e+19
simple caso45d.txt Flat-L2 kappa1 6.788476690214343e+18
simple caso45e.txt Role-Hybrid kappa1 551792323219.0697
simple caso45c.txt Role-Hybrid kappa1 1429675485304.7224
simple caso45f.txt Base kappa1 2.9077139044366935e+18
simple caso45e.txt SA-Mat kappa1 551792323219.0697
183 simple caso45e.txt ok
simple caso46a.txt Base kappa1 1.4676818043207844e+19
simple caso45d.txt Role-Hybrid kappa1 551717552446.5562
simple caso45c.txt SA-Mat kappa1 1429675485304.7224
184 simple caso45c.txt ok
simple caso45f.txt Flat-GM kappa1 551717552446.5562
simple caso46a.txt Flat-GM kappa1 547415877145.1535
simple caso45d.txt SA-Mat kappa1 551717552446.5562
185 simple caso45d.txt ok
simple caso46a.txt Flat-L2 kappa1 1.4676767808623417e+19
simple caso45f.txt Flat-L2 kappa1 6.788476690214343e+18
simple caso46a.txt Role-Hybrid kappa1 547415877145.1535
simple caso45f.txt Role-Hybrid kappa1 551717552446.5562
simple caso46a.txt SA-Mat kappa1 547415877145.1535
186 simple caso46a.txt ok
simple caso45f.txt SA-Mat kappa1 551717552446.5562
187 simple caso45f.txt ok
simple caso46d.txt Base kappa1 8.499090260031927e+18
simple caso46b.txt Base kappa1 5.666059489269575e+18
simple caso46b.txt Flat-GM kappa1 2665610793264.608
simple caso46d.txt Flat-GM kappa1 25148402731793.316
simple caso46c.txt Base kappa1 1.3146032209213387e+19
simple caso46b.txt Flat-L2 kappa1 1.2447622196165964e+19
simple caso46c.txt Flat-GM kappa1 509503750135.4387
simple caso46d.txt Flat-L2 kappa1 1.3474555429784238e+19
simple caso46b.txt Role-Hybrid kappa1 2665610793264.608
simple caso46c.txt Flat-L2 kappa1 1.6596829665237152e+19
simple caso46e.txt Base kappa1 5.666059489269575e+18
simple caso46d.txt Role-Hybrid kappa1 25148402731793.316
simple caso46b.txt SA-Mat kappa1 2665610793264.608
188 simple caso46b.txt ok
simple caso47a.txt Base kappa1 9.111833824491109e+18
simple caso46f.txt Base kappa1 8.499090260031927e+18
simple caso46c.txt Role-Hybrid kappa1 509503750135.4387
simple caso46d.txt SA-Mat kappa1 25148402731793.316
189 simple caso46d.txt ok
simple caso46e.txt Flat-GM kappa1 1679580135890.6575
simple caso47a.txt Flat-GM kappa1 668975582255.3329
simple caso46f.txt Flat-GM kappa1 573562548468.2261
simple caso46c.txt SA-Mat kappa1 509503750135.4387
190 simple caso46c.txt ok
simple caso47a.txt Flat-L2 kappa1 1.7882955440127754e+19
simple caso46f.txt Flat-L2 kappa1 1.377336205481247e+19
simple caso46e.txt Flat-L2 kappa1 1.2447622196165964e+19
simple caso47a.txt Role-Hybrid kappa1 668975582255.3329
simple caso46f.txt Role-Hybrid kappa1 573562548468.2261
simple caso47a.txt SA-Mat kappa1 668975582255.3329
191 simple caso47a.txt ok
simple caso46e.txt Role-Hybrid kappa1 1679580135890.6575
simple caso46f.txt SA-Mat kappa1 573562548468.2261
192 simple caso46f.txt ok
simple caso46e.txt SA-Mat kappa1 1679580135890.6575
193 simple caso46e.txt ok
simple caso47b.txt Base kappa1 8.617907016393684e+18
simple caso47b.txt Flat-GM kappa1 20773046154059.17
simple caso47d.txt Base kappa1 1.4564503070962393e+19
simple caso47c.txt Base kappa1 9.111833824491107e+18
simple caso47b.txt Flat-L2 kappa1 1.3412216581952213e+19
simple caso47d.txt Flat-GM kappa1 416373380313.5045
simple caso47c.txt Flat-GM kappa1 911046387754.7286
simple caso48a.txt Base kappa1 8.720397350028027e+18
simple caso47d.txt Flat-L2 kappa1 1.4564493169637093e+19
simple caso47b.txt Role-Hybrid kappa1 20773046154059.17
simple caso48a.txt Flat-GM kappa1 206950868647.73755
simple caso47c.txt Flat-L2 kappa1 1.7882955440127754e+19
simple caso47d.txt Role-Hybrid kappa1 416373380313.5045
simple caso48a.txt Flat-L2 kappa1 1.312216888541941e+19
simple caso47c.txt Role-Hybrid kappa1 911046387754.7286
simple caso47b.txt SA-Mat kappa1 20773046154059.17
194 simple caso47b.txt ok
simple caso47d.txt SA-Mat kappa1 416373380313.5045
195 simple caso47d.txt ok
simple caso47e.txt Base kappa1 6.074555161390066e+18
simple caso48a.txt Role-Hybrid kappa1 206950868647.73755
simple caso47c.txt SA-Mat kappa1 911046387754.7286
196 simple caso47c.txt ok
simple caso47f.txt Base kappa1 1.4564503070962393e+19
simple caso47e.txt Flat-GM kappa1 17729765594914.336
simple caso48a.txt SA-Mat kappa1 206950868647.73755
197 simple caso48a.txt ok
simple caso47f.txt Flat-GM kappa1 1564071333570.7175
simple caso47e.txt Flat-L2 kappa1 1.772456313188692e+19
simple caso47f.txt Flat-L2 kappa1 2.327315444971413e+19
simple caso47e.txt Role-Hybrid kappa1 17729765594914.336
simple caso47f.txt Role-Hybrid kappa1 1564071333570.7175
simple caso47e.txt SA-Mat kappa1 17729765594914.336
198 simple caso47e.txt ok
simple caso47f.txt SA-Mat kappa1 1564071333570.7175
199 simple caso47f.txt ok
simple caso48d.txt Base kappa1 9.337461896863713e+18
simple caso48d.txt Flat-GM kappa1 513338527260.057
simple caso48c.txt Base kappa1 8.720397330772247e+18
simple caso48d.txt Flat-L2 kappa1 1.312216888541941e+19
simple caso48e.txt Base kappa1 5.813599612973011e+18
simple caso48b.txt Base kappa1 9.425174931457032e+18
simple caso48c.txt Flat-GM kappa1 829412933841.6654
simple caso48d.txt Role-Hybrid kappa1 513338527260.057
simple caso48e.txt Flat-GM kappa1 5905150971720.97
simple caso48c.txt Flat-L2 kappa1 1.312216888541941e+19
simple caso48b.txt Flat-GM kappa1 27754755184130.863
simple caso48d.txt SA-Mat kappa1 513338527260.057
200 simple caso48d.txt ok
simple caso48c.txt Role-Hybrid kappa1 829412933841.6654
simple caso48b.txt Flat-L2 kappa1 1.312216888541941e+19
simple caso48e.txt Flat-L2 kappa1 1.312216888541941e+19
simple caso48f.txt Base kappa1 9.337461896863713e+18
simple caso48c.txt SA-Mat kappa1 829412933841.6654
201 simple caso48c.txt ok
simple caso48b.txt Role-Hybrid kappa1 27754755184130.863
simple caso48e.txt Role-Hybrid kappa1 5905150971720.97
simple caso48f.txt Flat-GM kappa1 3430086307701.5776
simple caso48b.txt SA-Mat kappa1 27754755184130.863
202 simple caso48b.txt ok
simple caso48e.txt SA-Mat kappa1 5905150971720.97
203 simple caso48e.txt ok
simple caso48f.txt Flat-L2 kappa1 4.254802173566333e+19
simple caso48f.txt Role-Hybrid kappa1 3430086307701.5776
simple caso48f.txt SA-Mat kappa1 3430086307701.5776
204 simple caso48f.txt ok
full instance001.txt Base kappa1 5.12355749834764e+20
full instance001.txt Flat-GM kappa1 168068235640971.94
full instance001.txt Flat-L2 kappa1 6.833867190843399e+20
full instance004.txt Base kappa1 2.878713713383412e+20
full instance009.txt Base kappa1 3.950953950390183e+20
full instance001.txt Role-Hybrid kappa1 168068235640971.94
full instance004.txt Flat-GM kappa1 174524521503453.75
full instance009.txt Flat-GM kappa1 150264043272191.47
full instance001.txt SA-Mat kappa1 168068235640971.94
205 full instance001.txt ok
full instance004.txt Flat-L2 kappa1 1.2106573643849715e+21
full instance005.txt Base kappa1 4.497362529716027e+20
full instance009.txt Flat-L2 kappa1 5.813202869219474e+20
full instance003.txt Base kappa1 3.487889097777487e+20
full instance005.txt Flat-GM kappa1 146883377749635.4
full instance004.txt Role-Hybrid kappa1 174524521503453.75
full instance009.txt Role-Hybrid kappa1 150264043272191.47
full instance005.txt Flat-L2 kappa1 6.001086220766387e+20
full instance002.txt Base kappa1 5.959418689334871e+20
full instance009.txt SA-Mat kappa1 150264043272191.47
206 full instance009.txt ok
full instance003.txt Flat-GM kappa1 378394716522775.7
full instance004.txt SA-Mat kappa1 174524521503453.75
207 full instance004.txt ok
full instance005.txt Role-Hybrid kappa1 146883377749635.4
full instance002.txt Flat-GM kappa1 874019790837749.6
full instance003.txt Flat-L2 kappa1 7.197403878590794e+20
full instance005.txt SA-Mat kappa1 146883377749635.4
208 full instance005.txt ok
full instance002.txt Flat-L2 kappa1 1.9686562042584632e+21
full instance002.txt Role-Hybrid kappa1 874019790837749.6
full instance003.txt Role-Hybrid kappa1 378394716522775.7
full instance002.txt SA-Mat kappa1 874019790837749.6
209 full instance002.txt ok
full instance003.txt SA-Mat kappa1 378394716522775.7
210 full instance003.txt ok
full instance014.txt Base kappa1 1.154879618719341e+22
full instance014.txt Flat-GM kappa1 3.5277343003782524e+16
full instance010.txt Base kappa1 4.0803557266487745e+20
full instance014.txt Flat-L2 kappa1 1.1547611020383264e+22
full instance010.txt Flat-GM kappa1 4224724532166.1895
full instance014.txt Role-Hybrid kappa1 3.5277343003782524e+16
full instance010.txt Flat-L2 kappa1 5.4432351483091164e+20
full instance014.txt SA-Mat kappa1 3.5277343003782524e+16
211 full instance014.txt ok
full instance010.txt Role-Hybrid kappa1 4224724775036.0415
full instance011.txt Base kappa1 5.00944877304463e+20
full instance010.txt SA-Mat kappa1 4224724775036.0415
212 full instance010.txt ok
full instance011.txt Flat-GM kappa1 39610043188445.68
full instance011.txt Flat-L2 kappa1 6.682362646680047e+20
full instance011.txt Role-Hybrid kappa1 39610043188445.68
full instance019.txt Base kappa1 6.52571397891316e+20
full instance020.txt Base kappa1 4.827906237280602e+20
full instance019.txt Flat-GM kappa1 154419384088006.25
full instance020.txt Flat-GM kappa1 96538881057204.9
full instance011.txt SA-Mat kappa1 39610043188445.68
213 full instance011.txt ok
full instance012.txt Base kappa1 2.2735896611855535e+20
full instance019.txt Flat-L2 kappa1 5.571097314171374e+20
full instance020.txt Flat-L2 kappa1 6.37945109101265e+20
full instance019.txt Role-Hybrid kappa1 154419384088006.25
full instance012.txt Flat-GM kappa1 141372353769363.5
full instance020.txt Role-Hybrid kappa1 96538881057204.9
full instance019.txt SA-Mat kappa1 154419384088006.25
214 full instance019.txt ok
full instance020.txt SA-Mat kappa1 96538881057204.9
215 full instance020.txt ok
full instance012.txt Flat-L2 kappa1 3.339882655718696e+22
full instance012.txt Role-Hybrid kappa1 141372353769363.5
full instance021.txt Base kappa1 2.2819535999809552e+20
full instance012.txt SA-Mat kappa1 141372353769363.5
216 full instance012.txt ok
full instance021.txt Flat-GM kappa1 8645732592153.678
full instance021.txt Flat-L2 kappa1 4.1710906394719184e+20
full instance021.txt Role-Hybrid kappa1 8645732592153.678
full instance022.txt Base kappa1 4.683595891299148e+20
full instance021.txt SA-Mat kappa1 8645732592153.678
217 full instance021.txt ok
full instance022.txt Flat-GM kappa1 180250565775215.2
full instance022.txt Flat-L2 kappa1 6.24802850623024e+20
full instance022.txt Role-Hybrid kappa1 180250565775215.2
full instance022.txt SA-Mat kappa1 180250565775215.2
218 full instance022.txt ok
full instance025.txt Base kappa1 5.12355749834764e+20
full instance025.txt Flat-GM kappa1 83624602555122.83
full instance025.txt Flat-L2 kappa1 6.833867190843399e+20
full instance023.txt Base kappa1 5.869726218591749e+20
full instance025.txt Role-Hybrid kappa1 83624602555122.83
full instance023.txt Flat-GM kappa1 353586507740519.94
full instance025.txt SA-Mat kappa1 83624602555122.83
219 full instance025.txt ok
full instance024.txt Base kappa1 5.149178042597103e+21
full instance024.txt Flat-GM kappa1 5978369981677105.0
full instance023.txt Flat-L2 kappa1 7.829778258962455e+20
full instance024.txt Flat-L2 kappa1 2.4750840767360914e+23
full instance023.txt Role-Hybrid kappa1 353586507740519.94
full instance024.txt Role-Hybrid kappa1 5978369981677105.0
full instance026.txt Base kappa1 5.959418689334871e+20
full instance023.txt SA-Mat kappa1 353586507740519.94
220 full instance023.txt ok
full instance027.txt Base kappa1 3.487889097777487e+20
full instance024.txt SA-Mat kappa1 5978369981677105.0
221 full instance024.txt ok
full instance026.txt Flat-GM kappa1 255767697817498.56
full instance027.txt Flat-GM kappa1 36756732375617.055
full instance026.txt Flat-L2 kappa1 1.0325073992064586e+21
full instance027.txt Flat-L2 kappa1 4.781777715220135e+20
full instance026.txt Role-Hybrid kappa1 255767697817498.56
full instance027.txt Role-Hybrid kappa1 36756732375617.055
full instance026.txt SA-Mat kappa1 255767697817498.56
222 full instance026.txt ok
full instance027.txt SA-Mat kappa1 36756732375617.055
223 full instance027.txt ok
full instance028.txt Base kappa1 1.9191424760969062e+20
full instance028.txt Flat-GM kappa1 5463865173067.749
full instance028.txt Flat-L2 kappa1 2.9004009929379994e+20
full instance029.txt Base kappa1 4.497362529716027e+20
full instance028.txt Role-Hybrid kappa1 5463865173067.749
full instance029.txt Flat-GM kappa1 246335307392587.6
full instance030.txt Base kappa1 5.2918701990902196e+20
full instance029.txt Flat-L2 kappa1 6.474672198103142e+20
full instance028.txt SA-Mat kappa1 5463865173067.749
224 full instance028.txt ok
full instance029.txt Role-Hybrid kappa1 246335307392587.6
full instance030.txt Flat-GM kappa1 227820266689428.4
full instance029.txt SA-Mat kappa1 246335307392587.6
225 full instance029.txt ok
full instance031.txt Base kappa1 7.706571739049237e+19
full instance030.txt Flat-L2 kappa1 1.0565624895134933e+21
full instance032.txt Base kappa1 1.3520429705593055e+20
full instance031.txt Flat-GM kappa1 7442802856693.004
full instance030.txt Role-Hybrid kappa1 227820266689428.4
full instance033.txt Base kappa1 1.3169846518555578e+20
full instance032.txt Flat-GM kappa1 6898100487911.67
full instance031.txt Flat-L2 kappa1 1.6399521531945576e+20
full instance030.txt SA-Mat kappa1 227820266689428.4
226 full instance030.txt ok
full instance033.txt Flat-GM kappa1 5859272571042.941
full instance031.txt Role-Hybrid kappa1 7442802856693.004
full instance033.txt Flat-L2 kappa1 2.674459549589778e+20
full instance032.txt Flat-L2 kappa1 2.0521061862945938e+20
full instance031.txt SA-Mat kappa1 7442802856693.004
227 full instance031.txt ok
full instance033.txt Role-Hybrid kappa1 5859272571042.941
full instance032.txt Role-Hybrid kappa1 6898100487911.67
full instance033.txt SA-Mat kappa1 5859272571042.941
228 full instance033.txt ok
full instance032.txt SA-Mat kappa1 6898100487911.67
229 full instance032.txt ok
full instance034.txt Base kappa1 4.0803557266487745e+20
full instance034.txt Flat-GM kappa1 3802707101202.9927
full instance034.txt Flat-L2 kappa1 5.4432351483091164e+20
full instance034.txt Role-Hybrid kappa1 3802707101202.9927
full instance035.txt Base kappa1 5.00944877304463e+20
full instance034.txt SA-Mat kappa1 3802707101202.9927
230 full instance034.txt ok
full instance035.txt Flat-GM kappa1 10268740460197.69
full instance035.txt Flat-L2 kappa1 6.682362646680047e+20
full instance035.txt Role-Hybrid kappa1 10268740460197.69
full instance042.txt Base kappa1 1.771512609006776e+20
full instance043.txt Base kappa1 2.810670315394644e+20
full instance035.txt SA-Mat kappa1 10268740460197.69
231 full instance035.txt ok
full instance042.txt Flat-GM kappa1 456696948947760.5
full instance043.txt Flat-GM kappa1 241495443464793.16
full instance042.txt Flat-L2 kappa1 5.12303826362537e+20
full instance043.txt Flat-L2 kappa1 5.675200663183475e+20
full instance043.txt Role-Hybrid kappa1 241495443464793.16
full instance042.txt Role-Hybrid kappa1 456696948947760.5
full instance043.txt SA-Mat kappa1 241495443464793.16
232 full instance043.txt ok
full instance042.txt SA-Mat kappa1 456696948947760.5
233 full instance042.txt ok
full instance045.txt Base kappa1 3.42293039897316e+20
full instance045.txt Flat-GM kappa1 8875017364356.59
full instance045.txt Flat-L2 kappa1 5.389210503447352e+20
sgtm instance001.txt Base kappa1 3.4157049996886534e+20
sgtm instance001.txt Flat-GM kappa1 1708862786114.9973
full instance046.txt Base kappa1 4.683595891299148e+20
full instance045.txt Role-Hybrid kappa1 8875017364356.59
sgtm instance001.txt Flat-L2 kappa1 5.152256106263714e+20
sgtm instance001.txt Role-Hybrid kappa1 1708862786114.9973
full instance045.txt SA-Mat kappa1 8875017364356.59
234 full instance045.txt ok
full instance046.txt Flat-GM kappa1 283163190240317.3
full instance044.txt Base kappa1 1.8860221585069523e+20
sgtm instance001.txt SA-Mat kappa1 1708862786114.9973
235 sgtm instance001.txt ok
full instance044.txt Flat-GM kappa1 13954779295813.416
full instance046.txt Flat-L2 kappa1 6.24802850623024e+20
full instance047.txt Base kappa1 5.869726218591749e+20
full instance044.txt Flat-L2 kappa1 2.516120011375504e+20
sgtm instance002.txt Base kappa1 3.97294579363703e+20
full instance047.txt Flat-GM kappa1 269989991432599.84
full instance046.txt Role-Hybrid kappa1 283163190240317.3
sgtm instance002.txt Flat-GM kappa1 1821792411261.0718
sgtm instance003.txt Base kappa1 2.3252593987747447e+20
full instance044.txt Role-Hybrid kappa1 13954779295813.416
sgtm instance002.txt Flat-L2 kappa1 6.0024445367327e+20
sgtm instance003.txt Flat-GM kappa1 816995143734.8599
sgtm instance002.txt Role-Hybrid kappa1 1821792411261.0718
full instance047.txt Flat-L2 kappa1 2.2316459142255044e+21
sgtm instance003.txt Flat-L2 kappa1 3.607930520460885e+20
sgtm instance002.txt SA-Mat kappa1 1821792411261.0718
236 sgtm instance002.txt ok
full instance046.txt SA-Mat kappa1 283163190240317.3
237 full instance046.txt ok
full instance044.txt SA-Mat kappa1 13954779295813.416
238 full instance044.txt ok
sgtm instance003.txt Role-Hybrid kappa1 816995143734.8599
full instance047.txt Role-Hybrid kappa1 269989991432599.84
full instance048.txt Base kappa1 4.010035826051951e+20
sgtm instance003.txt SA-Mat kappa1 816995143734.8599
239 sgtm instance003.txt ok
full instance047.txt SA-Mat kappa1 269989991432599.84
240 full instance047.txt ok
full instance048.txt Flat-GM kappa1 585568885285366.0
sgtm instance005.txt Base kappa1 4.497362529716027e+20
sgtm instance004.txt Base kappa1 1.9191424760969062e+20
sgtm instance005.txt Flat-GM kappa1 2191797491615.3572
sgtm instance004.txt Flat-GM kappa1 1231473517932.144
sgtm instance009.txt Base kappa1 2.6339693009274942e+20
full instance048.txt Flat-L2 kappa1 1.4137063008543074e+21
sgtm instance004.txt Flat-L2 kappa1 2.9004009929379994e+20
sgtm instance005.txt Flat-L2 kappa1 6.001086220766387e+20
sgtm instance009.txt Flat-GM kappa1 1726671568697.5632
sgtm instance010.txt Base kappa1 2.720237151687735e+20
sgtm instance004.txt Role-Hybrid kappa1 1231473517932.144
sgtm instance005.txt Role-Hybrid kappa1 2191797491615.3572
sgtm instance009.txt Flat-L2 kappa1 3.9748093504122e+20
sgtm instance010.txt Flat-GM kappa1 3319696940423.278
sgtm instance004.txt SA-Mat kappa1 1231473517932.144
241 sgtm instance004.txt ok
sgtm instance005.txt SA-Mat kappa1 2191797491615.3572
242 sgtm instance005.txt ok
sgtm instance009.txt Role-Hybrid kappa1 1726671568697.5632
full instance048.txt Role-Hybrid kappa1 585568885285366.0
sgtm instance010.txt Flat-L2 kappa1 5.483675465319077e+20
sgtm instance011.txt Base kappa1 3.339632516046628e+20
sgtm instance009.txt SA-Mat kappa1 1726671568697.5632
243 sgtm instance009.txt ok
sgtm instance010.txt Role-Hybrid kappa1 3319696940423.278
sgtm instance011.txt Flat-GM kappa1 3771696099189.4814
sgtm instance010.txt SA-Mat kappa1 3319696940423.278
244 sgtm instance010.txt ok
full instance048.txt SA-Mat kappa1 585568885285366.0
245 full instance048.txt ok
sgtm instance011.txt Flat-L2 kappa1 5.0457639034886475e+20
sgtm instance011.txt Role-Hybrid kappa1 3771696099189.4814
sgtm instance014.txt Base kappa1 4.090404213762608e+19
sgtm instance019.txt Base kappa1 58769769388.74681
sgtm instance012.txt Base kappa1 1.5157264372275724e+20
sgtm instance014.txt Flat-GM kappa1 1261082752565.9111
sgtm instance011.txt SA-Mat kappa1 3771696099189.4814
246 sgtm instance011.txt ok
sgtm instance019.txt Flat-GM kappa1 251875402.72492203
sgtm instance012.txt Flat-GM kappa1 4318007859534.4956
sgtm instance020.txt Base kappa1 22883020067.719547
sgtm instance014.txt Flat-L2 kappa1 4.0904041897962185e+19
sgtm instance019.txt Flat-L2 kappa1 63275917.67535232
sgtm instance021.txt Base kappa1 4.38354241517195e+20
sgtm instance020.txt Flat-GM kappa1 98079727.66258544
sgtm instance012.txt Flat-L2 kappa1 3.047782007265304e+20
sgtm instance019.txt Role-Hybrid kappa1 11754616964.430376
sgtm instance014.txt Role-Hybrid kappa1 1261082752565.9111
sgtm instance012.txt Role-Hybrid kappa1 4318007859534.4956
sgtm instance020.txt Flat-L2 kappa1 24637556.678276084
sgtm instance021.txt Flat-GM kappa1 3338128546598.9736
sgtm instance019.txt SA-Mat kappa1 11754616964.430376
247 sgtm instance019.txt ok
sgtm instance020.txt Role-Hybrid kappa1 4577221984.269861
sgtm instance012.txt SA-Mat kappa1 4318007859534.4956
248 sgtm instance012.txt ok
sgtm instance014.txt SA-Mat kappa1 1261082752565.9111
249 sgtm instance014.txt ok
sgtm instance021.txt Flat-L2 kappa1 5.507043727032455e+20
sgtm instance020.txt SA-Mat kappa1 4577221984.269861
250 sgtm instance020.txt ok
sgtm instance022.txt Base kappa1 3.122397261490019e+20
sgtm instance022.txt Flat-GM kappa1 1349336591191.3684
sgtm instance021.txt Role-Hybrid kappa1 3338128546598.9736
sgtm instance022.txt Flat-L2 kappa1 4.7215576600339494e+20
sgtm instance021.txt SA-Mat kappa1 3338128546598.9736
251 sgtm instance021.txt ok
sgtm instance022.txt Role-Hybrid kappa1 1349336591191.3684
sgtm instance022.txt SA-Mat kappa1 1349336591191.3684
252 sgtm instance022.txt ok
sgtm instance024.txt Base kappa1 4.010035826051951e+20
sgtm instance025.txt Base kappa1 1.7078524983278056e+20
sgtm instance023.txt Base kappa1 3.9131508131512864e+20
sgtm instance024.txt Flat-GM kappa1 1806324031386.2896
sgtm instance025.txt Flat-GM kappa1 1307549937883.0056
sgtm instance026.txt Base kappa1 3.97294579363703e+20
sgtm instance023.txt Flat-GM kappa1 1350885924944.616
sgtm instance025.txt Flat-L2 kappa1 3.434837404306655e+20
sgtm instance024.txt Flat-L2 kappa1 6.063981523611246e+20
sgtm instance026.txt Flat-GM kappa1 1417592658709.946
sgtm instance025.txt Role-Hybrid kappa1 1307549937883.0056
sgtm instance023.txt Flat-L2 kappa1 5.910462355022289e+20
sgtm instance024.txt Role-Hybrid kappa1 1806324031386.2896
sgtm instance027.txt Base kappa1 2.3252593987747447e+20
sgtm instance028.txt Base kappa1 395163941315.58215
sgtm instance025.txt SA-Mat kappa1 1307549937883.0056
253 sgtm instance025.txt ok
sgtm instance026.txt Flat-L2 kappa1 6.0024445367327e+20
sgtm instance023.txt Role-Hybrid kappa1 1350885924944.616
sgtm instance028.txt Flat-GM kappa1 4806052523.841532
sgtm instance027.txt Flat-GM kappa1 1378176843687.485
sgtm instance024.txt SA-Mat kappa1 1806324031386.2896
254 sgtm instance024.txt ok
sgtm instance026.txt Role-Hybrid kappa1 1417592658709.946
sgtm instance028.txt Flat-L2 kappa1 5182614001.8486
sgtm instance027.txt Flat-L2 kappa1 3.607930520460885e+20
sgtm instance023.txt SA-Mat kappa1 1350885924944.616
255 sgtm instance023.txt ok
sgtm instance028.txt Role-Hybrid kappa1 224290684669.9458
sgtm instance027.txt Role-Hybrid kappa1 1378176843687.485
sgtm instance026.txt SA-Mat kappa1 1417592658709.946
256 sgtm instance026.txt ok
sgtm instance028.txt SA-Mat kappa1 224290684669.9458
257 sgtm instance028.txt ok
sgtm instance027.txt SA-Mat kappa1 1378176843687.485
258 sgtm instance027.txt ok
sgtm instance031.txt Base kappa1 448403469971.27374
sgtm instance029.txt Base kappa1 2.998241686975944e+20
sgtm instance031.txt Flat-GM kappa1 4028842338.725805
sgtm instance032.txt Base kappa1 386606232363.483
sgtm instance033.txt Base kappa1 2976722679.529262
sgtm instance034.txt Base kappa1 388139234024.8445
sgtm instance030.txt Base kappa1 3.5279134666155577e+20
sgtm instance032.txt Flat-GM kappa1 4201937990.0613194
sgtm instance031.txt Flat-L2 kappa1 3213149223.7176495
sgtm instance033.txt Flat-GM kappa1 12760420.857657507
sgtm instance029.txt Flat-GM kappa1 1383582407887.9436
sgtm instance034.txt Flat-GM kappa1 4659573211.957457
sgtm instance033.txt Flat-L2 kappa1 16189917.686017057
sgtm instance031.txt Role-Hybrid kappa1 188019544542.51227
sgtm instance032.txt Flat-L2 kappa1 4050369337.5764165
sgtm instance034.txt Flat-L2 kappa1 4959856549.000965
sgtm instance030.txt Flat-GM kappa1 1432025198939.254
sgtm instance033.txt Role-Hybrid kappa1 595508167.3874416
sgtm instance029.txt Flat-L2 kappa1 4.551553445963708e+20
sgtm instance032.txt Role-Hybrid kappa1 196097638146.11703
sgtm instance031.txt SA-Mat kappa1 188019544542.51227
259 sgtm instance031.txt ok
sgtm instance034.txt Role-Hybrid kappa1 217454732505.56924
sgtm instance030.txt Flat-L2 kappa1 5.352416695047989e+20
sgtm instance033.txt SA-Mat kappa1 595508167.3874416
260 sgtm instance033.txt ok
sgtm instance032.txt SA-Mat kappa1 196097638146.11703
261 sgtm instance032.txt ok
sgtm instance034.txt SA-Mat kappa1 217454732505.56924
262 sgtm instance034.txt ok
sgtm instance030.txt Role-Hybrid kappa1 1432025198939.254
sgtm instance029.txt Role-Hybrid kappa1 1383582407887.9436
sgtm instance030.txt SA-Mat kappa1 1432025198939.254
263 sgtm instance030.txt ok
sgtm instance029.txt SA-Mat kappa1 1383582407887.9436
264 sgtm instance029.txt ok
sgtm instance043.txt Base kappa1 38538883344.954445
sgtm instance043.txt Flat-GM kappa1 110585542.37209524
sgtm instance042.txt Base kappa1 3.2592219922582654e+20
sgtm instance043.txt Flat-L2 kappa1 31366400.059556887
sgtm instance044.txt Base kappa1 1.2573481060492612e+20
sgtm instance043.txt Role-Hybrid kappa1 5160848095.22826
sgtm instance044.txt Flat-GM kappa1 1244506558550.5286
sgtm instance042.txt Flat-GM kappa1 2940408870839.795
sgtm instance045.txt Base kappa1 2.2819535999809552e+20
sgtm instance043.txt SA-Mat kappa1 5160848095.22826
265 sgtm instance043.txt ok
sgtm instance046.txt Base kappa1 3.122397261490019e+20
sgtm instance035.txt Base kappa1 3.339632516046628e+20
sgtm instance044.txt Flat-L2 kappa1 1.9027499609008053e+20
sgtm instance045.txt Flat-GM kappa1 1331440343058.7117
sgtm instance042.txt Flat-L2 kappa1 3.259221980333671e+20
sgtm instance046.txt Flat-GM kappa1 1474789291653.991
sgtm instance044.txt Role-Hybrid kappa1 1244506558550.5286
sgtm instance035.txt Flat-GM kappa1 1555325992220.4746
sgtm instance045.txt Flat-L2 kappa1 3.441033476910992e+20
sgtm instance042.txt Role-Hybrid kappa1 2940408870839.795
sgtm instance046.txt Flat-L2 kappa1 4.7215576600339494e+20
sgtm instance044.txt SA-Mat kappa1 1244506558550.5286
266 sgtm instance044.txt ok
sgtm instance035.txt Flat-L2 kappa1 5.0457639034886475e+20
sgtm instance045.txt Role-Hybrid kappa1 1331440343058.7117
sgtm instance042.txt SA-Mat kappa1 2940408870839.795
267 sgtm instance042.txt ok
sgtm instance046.txt Role-Hybrid kappa1 1474789291653.991
sgtm instance035.txt Role-Hybrid kappa1 1555325992220.4746
sgtm instance045.txt SA-Mat kappa1 1331440343058.7117
268 sgtm instance045.txt ok
sgtm instance046.txt SA-Mat kappa1 1474789291653.991
269 sgtm instance046.txt ok
sgtm instance035.txt SA-Mat kappa1 1555325992220.4746
270 sgtm instance035.txt ok
sgtm instance047.txt Base kappa1 3.9131508131512864e+20
sgtm instance047.txt Flat-GM kappa1 1406784010815.404
sgtm instance047.txt Flat-L2 kappa1 5.910462355022289e+20
sgtm instance047.txt Role-Hybrid kappa1 1406784010815.404
sgtm instance048.txt Base kappa1 4.010035826051951e+20
sgtm instance047.txt SA-Mat kappa1 1406784010815.404
271 sgtm instance047.txt ok
sgtm instance048.txt Flat-GM kappa1 1436896017966.959
sgtm instance050.txt Base kappa1 5.959418689334871e+20
sgtm instance052.txt Base kappa1 2.878713713383412e+20
sgtm instance048.txt Flat-L2 kappa1 6.063981523611246e+20
sgtm instance049.txt Base kappa1 3.4157049996886534e+20
sgtm instance051.txt Base kappa1 2.3252593987747447e+20
sgtm instance050.txt Flat-GM kappa1 35688248066381.86
sgtm instance052.txt Flat-GM kappa1 2113103075470.4072
sgtm instance048.txt Role-Hybrid kappa1 1436896017966.959
sgtm instance049.txt Flat-GM kappa1 2164081243589.3972
sgtm instance051.txt Flat-GM kappa1 109501532561524.95
sgtm instance050.txt Flat-L2 kappa1 1.5122655469056827e+21
sgtm instance052.txt Flat-L2 kappa1 3.8401339858061394e+20
sgtm instance048.txt SA-Mat kappa1 1436896017966.959
272 sgtm instance048.txt ok
sgtm instance049.txt Flat-L2 kappa1 5.152256106263714e+20
sgtm instance051.txt Flat-L2 kappa1 8.635200394433443e+20
sgtm instance050.txt Role-Hybrid kappa1 35959864363800.08
sgtm instance052.txt Role-Hybrid kappa1 2113103075470.4072
sgtm instance049.txt Role-Hybrid kappa1 2164088712091.3303
sgtm instance051.txt Role-Hybrid kappa1 109756724635325.06
sgtm instance050.txt SA-Mat kappa1 35959864363800.08
273 sgtm instance050.txt ok
sgtm instance052.txt SA-Mat kappa1 2113103075470.4072
274 sgtm instance052.txt ok
sgtm instance049.txt SA-Mat kappa1 2164088712091.3303
275 sgtm instance049.txt ok
sgtm instance051.txt SA-Mat kappa1 109756724635325.06
276 sgtm instance051.txt ok
sgtm instance053.txt Base kappa1 4.497362529716027e+20
sgtm instance057.txt Base kappa1 3.950953950390183e+20
sgtm instance053.txt Flat-GM kappa1 206015707624032.6
sgtm instance057.txt Flat-GM kappa1 1856738391422.109
sgtm instance053.txt Flat-L2 kappa1 1.6202681456917839e+21
sgtm instance057.txt Flat-L2 kappa1 5.2699785968247806e+20
sgtm instance053.txt Role-Hybrid kappa1 206165096774444.12
sgtm instance062.txt Base kappa1 4.090404213762608e+19
sgtm instance057.txt Role-Hybrid kappa1 1857657208090.8562
sgtm instance053.txt SA-Mat kappa1 206165096774444.12
277 sgtm instance053.txt ok
sgtm instance059.txt Base kappa1 3.339632516046628e+20
sgtm instance062.txt Flat-GM kappa1 1049650489472.9268
sgtm instance058.txt Base kappa1 2.720237151687735e+20
sgtm instance060.txt Base kappa1 2.2735896489654665e+20
sgtm instance057.txt SA-Mat kappa1 1857657208090.8562
278 sgtm instance057.txt ok
sgtm instance059.txt Flat-GM kappa1 3475022752883.3267
sgtm instance062.txt Flat-L2 kappa1 5.61050817679128e+19
sgtm instance058.txt Flat-GM kappa1 92977337690050.2
sgtm instance060.txt Flat-GM kappa1 4599006186169.042
sgtm instance059.txt Flat-L2 kappa1 5.0457639034886475e+20
sgtm instance062.txt Role-Hybrid kappa1 1049653262738.5999
sgtm instance058.txt Flat-L2 kappa1 5.980945765556135e+20
sgtm instance060.txt Flat-L2 kappa1 3.032502167536478e+20
sgtm instance059.txt Role-Hybrid kappa1 3475034772226.9395
sgtm instance062.txt SA-Mat kappa1 1049653262738.5999
279 sgtm instance062.txt ok
sgtm instance058.txt Role-Hybrid kappa1 92977337690050.2
sgtm instance060.txt Role-Hybrid kappa1 4599040312975.194
sgtm instance059.txt SA-Mat kappa1 3475034772226.9395
280 sgtm instance059.txt ok
sgtm instance058.txt SA-Mat kappa1 92977337690050.2
281 sgtm instance058.txt ok
sgtm instance060.txt SA-Mat kappa1 4599040312975.194
282 sgtm instance060.txt ok
sgtm instance067.txt Base kappa1 1.1798831437606605e+21
sgtm instance067.txt Flat-GM kappa1 7370750773362786.0
sgtm instance068.txt Base kappa1 1.2573481140519618e+20
sgtm instance067.txt Flat-L2 kappa1 2.1952001990338625e+22
sgtm instance068.txt Flat-GM kappa1 3827335696878.693
sgtm instance067.txt Role-Hybrid kappa1 7370750773362786.0
sgtm instance068.txt Flat-L2 kappa1 1.9027499609008053e+20
sgtm instance069.txt Base kappa1 2.2819535999809552e+20
sgtm instance067.txt SA-Mat kappa1 7370750773362786.0
283 sgtm instance067.txt ok
sgtm instance068.txt Role-Hybrid kappa1 3827335696878.693
sgtm instance069.txt Flat-GM kappa1 1361699121942.0989
sgtm instance068.txt SA-Mat kappa1 3827335696878.693
284 sgtm instance068.txt ok
sgtm instance069.txt Flat-L2 kappa1 3.441033476910992e+20
sgtm instance070.txt Base kappa1 3.122397261490019e+20
sgtm instance072.txt Base kappa1 6.015053738019279e+20
sgtm instance071.txt Base kappa1 5.869726218591749e+20
sgtm instance069.txt Role-Hybrid kappa1 1361699121942.0989
sgtm instance070.txt Flat-GM kappa1 2299651272227.156
sgtm instance072.txt Flat-GM kappa1 1407185180537.5688
sgtm instance071.txt Flat-GM kappa1 2500327111180.521
sgtm instance069.txt SA-Mat kappa1 1361699121942.0989
285 sgtm instance069.txt ok
sgtm instance070.txt Flat-L2 kappa1 4.7215576600339494e+20
sgtm instance072.txt Flat-L2 kappa1 8.024239684900112e+20
sgtm instance071.txt Flat-L2 kappa1 7.829778258962455e+20
sgtm instance070.txt Role-Hybrid kappa1 2299651988492.206
sgtm instance072.txt Role-Hybrid kappa1 1410008433493.9648
sgtm instance071.txt Role-Hybrid kappa1 2500328265464.92
sgtm instance073.txt Base kappa1 3.4157049996886534e+20
sgtm instance070.txt SA-Mat kappa1 2299651988492.206
286 sgtm instance070.txt ok
sgtm instance072.txt SA-Mat kappa1 1410008433493.9648
287 sgtm instance072.txt ok
sgtm instance071.txt SA-Mat kappa1 2500328265464.92
288 sgtm instance071.txt ok
sgtm instance073.txt Flat-GM kappa1 1329710813082.0562
sgtm instance073.txt Flat-L2 kappa1 5.152256106263714e+20
sgtm instance074.txt Base kappa1 3.97294579363703e+20
sgtm instance073.txt Role-Hybrid kappa1 1329710813082.0562
sgtm instance074.txt Flat-GM kappa1 904451174703.6542
sgtm instance073.txt SA-Mat kappa1 1329710813082.0562
289 sgtm instance073.txt ok
sgtm instance075.txt Base kappa1 2.3252593987747447e+20
sgtm instance074.txt Flat-L2 kappa1 6.0024445367327e+20
sgtm instance075.txt Flat-GM kappa1 927043481140.6687
sgtm instance074.txt Role-Hybrid kappa1 904451174703.6542
sgtm instance075.txt Flat-L2 kappa1 3.607930520460885e+20
sgtm instance076.txt Base kappa1 1.9191424760969062e+20
sgtm instance074.txt SA-Mat kappa1 904451174703.6542
290 sgtm instance074.txt ok
sgtm instance076.txt Flat-GM kappa1 1359904006986.202
sgtm instance075.txt Role-Hybrid kappa1 927043481140.6687
sgtm instance077.txt Base kappa1 2.998241686975944e+20
sgtm instance076.txt Flat-L2 kappa1 2.9004009929379994e+20
sgtm instance075.txt SA-Mat kappa1 927043481140.6687
291 sgtm instance075.txt ok
sgtm instance077.txt Flat-GM kappa1 2198682708324.6428
sgtm instance078.txt Base kappa1 3.5279134666155577e+20
sgtm instance076.txt Role-Hybrid kappa1 1359904006986.202
sgtm instance077.txt Flat-L2 kappa1 4.551553445963708e+20
sgtm instance078.txt Flat-GM kappa1 1613206160424.659
sgtm instance079.txt Base kappa1 1.5413143467860574e+20
sgtm instance076.txt SA-Mat kappa1 1359904006986.202
292 sgtm instance076.txt ok
sgtm instance077.txt Role-Hybrid kappa1 2198682708324.6428
sgtm instance078.txt Flat-L2 kappa1 5.352416695047989e+20
sgtm instance079.txt Flat-GM kappa1 1422818988346.7417
sgtm instance077.txt SA-Mat kappa1 2198682708324.6428
293 sgtm instance077.txt ok
sgtm instance078.txt Role-Hybrid kappa1 1613206160424.659
sgtm instance079.txt Flat-L2 kappa1 2.3706263613519846e+20
sgtm instance078.txt SA-Mat kappa1 1613206160424.659
294 sgtm instance078.txt ok
sgtm instance079.txt Role-Hybrid kappa1 1422818988346.7417
sgtm instance080.txt Base kappa1 1.3520429705593055e+20
sgtm instance079.txt SA-Mat kappa1 1422818988346.7417
295 sgtm instance079.txt ok
sgtm instance081.txt Base kappa1 2.6339693009274942e+20
sgtm instance080.txt Flat-GM kappa1 1129802382129.039
sgtm instance081.txt Flat-GM kappa1 1435024079000.3774
sgtm instance080.txt Flat-L2 kappa1 2.0521061862945938e+20
sgtm instance082.txt Base kappa1 4.0803557266487745e+20
sgtm instance081.txt Flat-L2 kappa1 3.9748093504122e+20
sgtm instance080.txt Role-Hybrid kappa1 1129802382129.039
sgtm instance082.txt Flat-GM kappa1 615005629566.3068
sgtm instance081.txt Role-Hybrid kappa1 1435024079000.3774
sgtm instance080.txt SA-Mat kappa1 1129802382129.039
296 sgtm instance080.txt ok
sgtm instance082.txt Flat-L2 kappa1 5.4432351483091164e+20
sgtm instance081.txt SA-Mat kappa1 1435024079000.3774
297 sgtm instance081.txt ok
sgtm instance082.txt Role-Hybrid kappa1 615005629566.3068
sgtm instance090.txt Base kappa1 1.1810084142342745e+20
sgtm instance083.txt Base kappa1 3.339632516046628e+20
sgtm instance082.txt SA-Mat kappa1 615005629566.3068
298 sgtm instance082.txt ok
sgtm instance090.txt Flat-GM kappa1 4031118808916.273
sgtm instance083.txt Flat-GM kappa1 1901021024713.9011
sgtm instance090.txt Flat-L2 kappa1 1.786812492579322e+20
sgtm instance083.txt Flat-L2 kappa1 5.0457639034886475e+20
sgtm instance091.txt Base kappa1 1.8737802108470015e+20
sgtm instance083.txt Role-Hybrid kappa1 1903608270063.5671
sgtm instance090.txt Role-Hybrid kappa1 4031120113194.327
sgtm instance091.txt Flat-GM kappa1 4429221163375.847
sgtm instance083.txt SA-Mat kappa1 1903608270063.5671
sgtm instance090.txt SA-Mat kappa1 4031120113194.327
299 sgtm instance083.txt ok
300 sgtm instance090.txt ok
sgtm instance091.txt Flat-L2 kappa1 2.8264855079942075e+20
sgtm instance092.txt Base kappa1 1.2573481060492612e+20
sgtm instance091.txt Role-Hybrid kappa1 4429221163375.847
sgtm instance092.txt Flat-GM kappa1 34676978680440.81
sgtm instance091.txt SA-Mat kappa1 4429221163375.847
301 sgtm instance091.txt ok
sgtm instance092.txt Flat-L2 kappa1 1.9027499609008053e+20
sgtm instance093.txt Base kappa1 2.2819535999809552e+20
sgtm instance092.txt Role-Hybrid kappa1 34676978680440.81
sgtm instance093.txt Flat-GM kappa1 105978056321086.14
sgtm instance094.txt Base kappa1 3.122397261490019e+20
sgtm instance092.txt SA-Mat kappa1 34676978680440.81
302 sgtm instance092.txt ok
sgtm instance093.txt Flat-L2 kappa1 1.1113974442683413e+21
sgtm instance094.txt Flat-GM kappa1 3593265627865.418
sgtm instance093.txt Role-Hybrid kappa1 105978139567240.98
sgtm instance094.txt Flat-L2 kappa1 1.0960138387989183e+21
sgtm instance093.txt SA-Mat kappa1 105978139567240.98
303 sgtm instance093.txt ok
sgtm instance094.txt Role-Hybrid kappa1 3593265627865.418
sgtm instance096.txt Base kappa1 4.010035826051951e+20
sgtm instance095.txt Base kappa1 3.9131508131512864e+20
sgtm instance094.txt SA-Mat kappa1 3593265627865.418
304 sgtm instance094.txt ok
sgtm instance096.txt Flat-GM kappa1 854246909969.9021
sgtm instance095.txt Flat-GM kappa1 1565584690100.0767
sgtm instance096.txt Flat-L2 kappa1 6.063981523611246e+20
sgtm instance095.txt Flat-L2 kappa1 5.910462355022289e+20
sgtm instance096.txt Role-Hybrid kappa1 854246909969.9021
sgtm instance095.txt Role-Hybrid kappa1 1565584690100.0767
sgtm instance096.txt SA-Mat kappa1 854246909969.9021
305 sgtm instance096.txt ok
sgtm instance095.txt SA-Mat kappa1 1565584690100.0767
306 sgtm instance095.txt ok
