[32m[success] SystemController creado[0m
> Archivo LP guardado en: /home/mathiasr/Escritorio/generator-aware-row-scaling/results-revision/research-audit/identifiability-confirmatory/R3_S6_coupling_uniform/lp/coupling_uniform_S6_seed20260909_Base.lp
[PREPROC PHASES] metadata_s=7.204e-06 diagnostico_s=6.295e-06 aplicacion_s=1.1317e-05
Archivo LP guardado en: /home/mathiasr/Escritorio/generator-aware-row-scaling/results-revision/research-audit/identifiability-confirmatory/R3_S6_coupling_uniform/lp/coupling_uniform_S6_seed20260909_SAMat.lp
[PREPROC] modo plano: 43 filas tratadas como un unico bloque sin roles (kernel geomean por fila)
[PREPROC PHASES] metadata_s=8.67e-07 diagnostico_s=4.456e-06 aplicacion_s=5.672e-06
Archivo LP guardado en: /home/mathiasr/Escritorio/generator-aware-row-scaling/results-revision/research-audit/identifiability-confirmatory/R3_S6_coupling_uniform/lp/coupling_uniform_S6_seed20260909_FlatGM.lp
[PREPROC] modo plano: 43 filas tratadas como un unico bloque sin roles (kernel geomean por fila)
[PREPROC PHASES] metadata_s=3.92e-07 diagnostico_s=3.799e-06 aplicacion_s=5.63e-06
Archivo LP guardado en: /home/mathiasr/Escritorio/generator-aware-row-scaling/results-revision/research-audit/identifiability-confirmatory/R3_S6_coupling_uniform/lp/coupling_uniform_S6_seed20260909_FlatL2.lp
[PREPROC PHASES] metadata_s=7.044e-06 diagnostico_s=5.717e-06 aplicacion_s=6.825e-06
Archivo LP guardado en: /home/mathiasr/Escritorio/generator-aware-row-scaling/results-revision/research-audit/identifiability-confirmatory/R3_S6_coupling_uniform/lp/coupling_uniform_S6_seed20260909_RoleHybrid.lp
[PREPROC PHASES] metadata_s=7.491e-06 diagnostico_s=5.43e-06 aplicacion_s=1.2199e-05
Archivo LP guardado en: /home/mathiasr/Escritorio/generator-aware-row-scaling/results-revision/research-audit/identifiability-confirmatory/R3_S6_coupling_uniform/lp/coupling_uniform_S6_seed20260909_SAMatpermB.lp
Archivo LP guardado en: /home/mathiasr/Escritorio/generator-aware-row-scaling/results-revision/research-audit/identifiability-confirmatory/R3_S6_coupling_uniform/lp/coupling_uniform_S6_seed20260910_Base.lp
[PREPROC PHASES] metadata_s=7.158e-06 diagnostico_s=5.613e-06 aplicacion_s=6.553e-06
Archivo LP guardado en: /home/mathiasr/Escritorio/generator-aware-row-scaling/results-revision/research-audit/identifiability-confirmatory/R3_S6_coupling_uniform/lp/coupling_uniform_S6_seed20260910_SAMat.lp
[PREPROC] modo plano: 43 filas tratadas como un unico bloque sin roles (kernel geomean por fila)
[PREPROC PHASES] metadata_s=4.28e-07 diagnostico_s=4.016e-06 aplicacion_s=5.394e-06
Archivo LP guardado en: /home/mathiasr/Escritorio/generator-aware-row-scaling/results-revision/research-audit/identifiability-confirmatory/R3_S6_coupling_uniform/lp/coupling_uniform_S6_seed20260910_FlatGM.lp
[PREPROC] modo plano: 43 filas tratadas como un unico bloque sin roles (kernel geomean por fila)
[PREPROC PHASES] metadata_s=3.24e-07 diagnostico_s=3.397e-06 aplicacion_s=5.209e-06
Archivo LP guardado en: /home/mathiasr/Escritorio/generator-aware-row-scaling/results-revision/research-audit/identifiability-confirmatory/R3_S6_coupling_uniform/lp/coupling_uniform_S6_seed20260910_FlatL2.lp
[PREPROC PHASES] metadata_s=7.117e-06 diagnostico_s=5.7e-06 aplicacion_s=6.04e-06
Archivo LP guardado en: /home/mathiasr/Escritorio/generator-aware-row-scaling/results-revision/research-audit/identifiability-confirmatory/R3_S6_coupling_uniform/lp/coupling_uniform_S6_seed20260910_RoleHybrid.lp
[PREPROC PHASES] metadata_s=7.059e-06 diagnostico_s=5.254e-06 aplicacion_s=1.105e-05
Archivo LP guardado en: /home/mathiasr/Escritorio/generator-aware-row-scaling/results-revision/research-audit/identifiability-confirmatory/R3_S6_coupling_uniform/lp/coupling_uniform_S6_seed20260910_SAMatpermB.lp
Archivo LP guardado en: /home/mathiasr/Escritorio/generator-aware-row-scaling/results-revision/research-audit/identifiability-confirmatory/R3_S6_coupling_uniform/lp/coupling_uniform_S6_seed20260911_Base.lp
[PREPROC PHASES] metadata_s=7.164e-06 diagnostico_s=6.217e-06 aplicacion_s=6.36e-06
Archivo LP guardado en: /home/mathiasr/Escritorio/generator-aware-row-scaling/results-revision/research-audit/identifiability-confirmatory/R3_S6_coupling_uniform/lp/coupling_uniform_S6_seed20260911_SAMat.lp
[PREPROC] modo plano: 43 filas tratadas como un unico bloque sin roles (kernel geomean por fila)
[PREPROC PHASES] metadata_s=3.91e-07 diagnostico_s=3.698e-06 aplicacion_s=5.1e-06
Archivo LP guardado en: /home/mathiasr/Escritorio/generator-aware-row-scaling/results-revision/research-audit/identifiability-confirmatory/R3_S6_coupling_uniform/lp/coupling_uniform_S6_seed20260911_FlatGM.lp
[PREPROC] modo plano: 43 filas tratadas como un unico bloque sin roles (kernel geomean por fila)
[PREPROC PHASES] metadata_s=4e-07 diagnostico_s=3.386e-06 aplicacion_s=5.537e-06
Archivo LP guardado en: /home/mathiasr/Escritorio/generator-aware-row-scaling/results-revision/research-audit/identifiability-confirmatory/R3_S6_coupling_uniform/lp/coupling_uniform_S6_seed20260911_FlatL2.lp
[PREPROC PHASES] metadata_s=7.498e-06 diagnostico_s=6.225e-06 aplicacion_s=5.678e-06
Archivo LP guardado en: /home/mathiasr/Escritorio/generator-aware-row-scaling/results-revision/research-audit/identifiability-confirmatory/R3_S6_coupling_uniform/lp/coupling_uniform_S6_seed20260911_RoleHybrid.lp
[PREPROC PHASES] metadata_s=7.387e-06 diagnostico_s=5.967e-06 aplicacion_s=1.106e-05
Archivo LP guardado en: /home/mathiasr/Escritorio/generator-aware-row-scaling/results-revision/research-audit/identifiability-confirmatory/R3_S6_coupling_uniform/lp/coupling_uniform_S6_seed20260911_SAMatpermB.lp
Archivo LP guardado en: /home/mathiasr/Escritorio/generator-aware-row-scaling/results-revision/research-audit/identifiability-confirmatory/R3_S6_coupling_uniform/lp/coupling_uniform_S6_seed20260912_Base.lp
[PREPROC PHASES] metadata_s=7.35e-06 diagnostico_s=8.142e-06 aplicacion_s=6.471e-06
Archivo LP guardado en: /home/mathiasr/Escritorio/generator-aware-row-scaling/results-revision/research-audit/identifiability-confirmatory/R3_S6_coupling_uniform/lp/coupling_uniform_S6_seed20260912_SAMat.lp
[PREPROC] modo plano: 43 filas tratadas como un unico bloque sin roles (kernel geomean por fila)
[PREPROC PHASES] metadata_s=3.83e-07 diagnostico_s=3.594e-06 aplicacion_s=4.89e-06
Archivo LP guardado en: /home/mathiasr/Escritorio/generator-aware-row-scaling/results-revision/research-audit/identifiability-confirmatory/R3_S6_coupling_uniform/lp/coupling_uniform_S6_seed20260912_FlatGM.lp
[PREPROC] modo plano: 43 filas tratadas como un unico bloque sin roles (kernel geomean por fila)
[PREPROC PHASES] metadata_s=3.36e-07 diagnostico_s=3.403e-06 aplicacion_s=5.397e-06
Archivo LP guardado en: /home/mathiasr/Escritorio/generator-aware-row-scaling/results-revision/research-audit/identifiability-confirmatory/R3_S6_coupling_uniform/lp/coupling_uniform_S6_seed20260912_FlatL2.lp
[PREPROC PHASES] metadata_s=7.34e-06 diagnostico_s=5.497e-06 aplicacion_s=5.937e-06
Archivo LP guardado en: /home/mathiasr/Escritorio/generator-aware-row-scaling/results-revision/research-audit/identifiability-confirmatory/R3_S6_coupling_uniform/lp/coupling_uniform_S6_seed20260912_RoleHybrid.lp
[PREPROC PHASES] metadata_s=7.227e-06 diagnostico_s=5.212e-06 aplicacion_s=1.1023e-05
Archivo LP guardado en: /home/mathiasr/Escritorio/generator-aware-row-scaling/results-revision/research-audit/identifiability-confirmatory/R3_S6_coupling_uniform/lp/coupling_uniform_S6_seed20260912_SAMatpermB.lp
Archivo LP guardado en: /home/mathiasr/Escritorio/generator-aware-row-scaling/results-revision/research-audit/identifiability-confirmatory/R3_S6_coupling_uniform/lp/coupling_uniform_S6_seed20260913_Base.lp
[PREPROC PHASES] metadata_s=7.256e-06 diagnostico_s=5.827e-06 aplicacion_s=6.258e-06
Archivo LP guardado en: /home/mathiasr/Escritorio/generator-aware-row-scaling/results-revision/research-audit/identifiability-confirmatory/R3_S6_coupling_uniform/lp/coupling_uniform_S6_seed20260913_SAMat.lp
[PREPROC] modo plano: 43 filas tratadas como un unico bloque sin roles (kernel geomean por fila)
[PREPROC PHASES] metadata_s=3.78e-07 diagnostico_s=3.488e-06 aplicacion_s=5.168e-06
Archivo LP guardado en: /home/mathiasr/Escritorio/generator-aware-row-scaling/results-revision/research-audit/identifiability-confirmatory/R3_S6_coupling_uniform/lp/coupling_uniform_S6_seed20260913_FlatGM.lp
[PREPROC] modo plano: 43 filas tratadas como un unico bloque sin roles (kernel geomean por fila)
[PREPROC PHASES] metadata_s=3.71e-07 diagnostico_s=3.323e-06 aplicacion_s=5.207e-06
Archivo LP guardado en: /home/mathiasr/Escritorio/generator-aware-row-scaling/results-revision/research-audit/identifiability-confirmatory/R3_S6_coupling_uniform/lp/coupling_uniform_S6_seed20260913_FlatL2.lp
[PREPROC PHASES] metadata_s=7.085e-06 diagnostico_s=5.754e-06 aplicacion_s=5.825e-06
Archivo LP guardado en: /home/mathiasr/Escritorio/generator-aware-row-scaling/results-revision/research-audit/identifiability-confirmatory/R3_S6_coupling_uniform/lp/coupling_uniform_S6_seed20260913_RoleHybrid.lp
[PREPROC PHASES] metadata_s=7.248e-06 diagnostico_s=5.789e-06 aplicacion_s=1.0824e-05
Archivo LP guardado en: /home/mathiasr/Escritorio/generator-aware-row-scaling/results-revision/research-audit/identifiability-confirmatory/R3_S6_coupling_uniform/lp/coupling_uniform_S6_seed20260913_SAMatpermB.lp
Archivo LP guardado en: /home/mathiasr/Escritorio/generator-aware-row-scaling/results-revision/research-audit/identifiability-confirmatory/R3_S6_coupling_uniform/lp/coupling_uniform_S6_seed20260914_Base.lp
[PREPROC PHASES] metadata_s=7.119e-06 diagnostico_s=5.558e-06 aplicacion_s=6.098e-06
Archivo LP guardado en: /home/mathiasr/Escritorio/generator-aware-row-scaling/results-revision/research-audit/identifiability-confirmatory/R3_S6_coupling_uniform/lp/coupling_uniform_S6_seed20260914_SAMat.lp
[PREPROC] modo plano: 43 filas tratadas como un unico bloque sin roles (kernel geomean por fila)
[PREPROC PHASES] metadata_s=3.95e-07 diagnostico_s=3.68e-06 aplicacion_s=4.957e-06
Archivo LP guardado en: /home/mathiasr/Escritorio/generator-aware-row-scaling/results-revision/research-audit/identifiability-confirmatory/R3_S6_coupling_uniform/lp/coupling_uniform_S6_seed20260914_FlatGM.lp
[PREPROC] modo plano: 43 filas tratadas como un unico bloque sin roles (kernel geomean por fila)
[PREPROC PHASES] metadata_s=3.22e-07 diagnostico_s=3.383e-06 aplicacion_s=5.065e-06
Archivo LP guardado en: /home/mathiasr/Escritorio/generator-aware-row-scaling/results-revision/research-audit/identifiability-confirmatory/R3_S6_coupling_uniform/lp/coupling_uniform_S6_seed20260914_FlatL2.lp
[PREPROC PHASES] metadata_s=7.307e-06 diagnostico_s=5.581e-06 aplicacion_s=6.363e-06
Archivo LP guardado en: /home/mathiasr/Escritorio/generator-aware-row-scaling/results-revision/research-audit/identifiability-confirmatory/R3_S6_coupling_uniform/lp/coupling_uniform_S6_seed20260914_RoleHybrid.lp
[PREPROC PHASES] metadata_s=7.203e-06 diagnostico_s=5.261e-06 aplicacion_s=1.1285e-05
Archivo LP guardado en: /home/mathiasr/Escritorio/generator-aware-row-scaling/results-revision/research-audit/identifiability-confirmatory/R3_S6_coupling_uniform/lp/coupling_uniform_S6_seed20260914_SAMatpermB.lp
Archivo LP guardado en: /home/mathiasr/Escritorio/generator-aware-row-scaling/results-revision/research-audit/identifiability-confirmatory/R3_S6_coupling_uniform/lp/coupling_uniform_S6_seed20260915_Base.lp
[PREPROC PHASES] metadata_s=7.303e-06 diagnostico_s=5.409e-06 aplicacion_s=6.421e-06
Archivo LP guardado en: /home/mathiasr/Escritorio/generator-aware-row-scaling/results-revision/research-audit/identifiability-confirmatory/R3_S6_coupling_uniform/lp/coupling_uniform_S6_seed20260915_SAMat.lp
[PREPROC] modo plano: 43 filas tratadas como un unico bloque sin roles (kernel geomean por fila)
[PREPROC PHASES] metadata_s=3.88e-07 diagnostico_s=3.536e-06 aplicacion_s=5.15e-06
Archivo LP guardado en: /home/mathiasr/Escritorio/generator-aware-row-scaling/results-revision/research-audit/identifiability-confirmatory/R3_S6_coupling_uniform/lp/coupling_uniform_S6_seed20260915_FlatGM.lp
[PREPROC] modo plano: 43 filas tratadas como un unico bloque sin roles (kernel geomean por fila)
[PREPROC PHASES] metadata_s=3.33e-07 diagnostico_s=3.404e-06 aplicacion_s=5.375e-06
Archivo LP guardado en: /home/mathiasr/Escritorio/generator-aware-row-scaling/results-revision/research-audit/identifiability-confirmatory/R3_S6_coupling_uniform/lp/coupling_uniform_S6_seed20260915_FlatL2.lp
[PREPROC PHASES] metadata_s=7.141e-06 diagnostico_s=5.254e-06 aplicacion_s=5.76e-06
Archivo LP guardado en: /home/mathiasr/Escritorio/generator-aware-row-scaling/results-revision/research-audit/identifiability-confirmatory/R3_S6_coupling_uniform/lp/coupling_uniform_S6_seed20260915_RoleHybrid.lp
[PREPROC PHASES] metadata_s=7.191e-06 diagnostico_s=5.171e-06 aplicacion_s=1.1062e-05
Archivo LP guardado en: /home/mathiasr/Escritorio/generator-aware-row-scaling/results-revision/research-audit/identifiability-confirmatory/R3_S6_coupling_uniform/lp/coupling_uniform_S6_seed20260915_SAMatpermB.lp
Archivo LP guardado en: /home/mathiasr/Escritorio/generator-aware-row-scaling/results-revision/research-audit/identifiability-confirmatory/R3_S6_coupling_uniform/lp/coupling_uniform_S6_seed20260916_Base.lp
[PREPROC PHASES] metadata_s=7.203e-06 diagnostico_s=5.219e-06 aplicacion_s=6.458e-06
Archivo LP guardado en: /home/mathiasr/Escritorio/generator-aware-row-scaling/results-revision/research-audit/identifiability-confirmatory/R3_S6_coupling_uniform/lp/coupling_uniform_S6_seed20260916_SAMat.lp
[PREPROC] modo plano: 43 filas tratadas como un unico bloque sin roles (kernel geomean por fila)
[PREPROC PHASES] metadata_s=3.85e-07 diagnostico_s=3.484e-06 aplicacion_s=5.073e-06
Archivo LP guardado en: /home/mathiasr/Escritorio/generator-aware-row-scaling/results-revision/research-audit/identifiability-confirmatory/R3_S6_coupling_uniform/lp/coupling_uniform_S6_seed20260916_FlatGM.lp
[PREPROC] modo plano: 43 filas tratadas como un unico bloque sin roles (kernel geomean por fila)
[PREPROC PHASES] metadata_s=3.39e-07 diagnostico_s=3.277e-06 aplicacion_s=5.218e-06
Archivo LP guardado en: /home/mathiasr/Escritorio/generator-aware-row-scaling/results-revision/research-audit/identifiability-confirmatory/R3_S6_coupling_uniform/lp/coupling_uniform_S6_seed20260916_FlatL2.lp
[PREPROC PHASES] metadata_s=7.192e-06 diagnostico_s=5.428e-06 aplicacion_s=5.917e-06
Archivo LP guardado en: /home/mathiasr/Escritorio/generator-aware-row-scaling/results-revision/research-audit/identifiability-confirmatory/R3_S6_coupling_uniform/lp/coupling_uniform_S6_seed20260916_RoleHybrid.lp
[PREPROC PHASES] metadata_s=7.367e-06 diagnostico_s=5.493e-06 aplicacion_s=1.064e-05
Archivo LP guardado en: /home/mathiasr/Escritorio/generator-aware-row-scaling/results-revision/research-audit/identifiability-confirmatory/R3_S6_coupling_uniform/lp/coupling_uniform_S6_seed20260916_SAMatpermB.lp
Archivo LP guardado en: /home/mathiasr/Escritorio/generator-aware-row-scaling/results-revision/research-audit/identifiability-confirmatory/R3_S6_coupling_uniform/lp/coupling_uniform_S6_seed20260917_Base.lp
[PREPROC PHASES] metadata_s=7.309e-06 diagnostico_s=5.558e-06 aplicacion_s=6.411e-06
Archivo LP guardado en: /home/mathiasr/Escritorio/generator-aware-row-scaling/results-revision/research-audit/identifiability-confirmatory/R3_S6_coupling_uniform/lp/coupling_uniform_S6_seed20260917_SAMat.lp
[PREPROC] modo plano: 43 filas tratadas como un unico bloque sin roles (kernel geomean por fila)
[PREPROC PHASES] metadata_s=4.11e-07 diagnostico_s=3.72e-06 aplicacion_s=5.261e-06
Archivo LP guardado en: /home/mathiasr/Escritorio/generator-aware-row-scaling/results-revision/research-audit/identifiability-confirmatory/R3_S6_coupling_uniform/lp/coupling_uniform_S6_seed20260917_FlatGM.lp
[PREPROC] modo plano: 43 filas tratadas como un unico bloque sin roles (kernel geomean por fila)
[PREPROC PHASES] metadata_s=4.06e-07 diagnostico_s=3.381e-06 aplicacion_s=5.097e-06
Archivo LP guardado en: /home/mathiasr/Escritorio/generator-aware-row-scaling/results-revision/research-audit/identifiability-confirmatory/R3_S6_coupling_uniform/lp/coupling_uniform_S6_seed20260917_FlatL2.lp
[PREPROC PHASES] metadata_s=7.231e-06 diagnostico_s=5.529e-06 aplicacion_s=5.536e-06
Archivo LP guardado en: /home/mathiasr/Escritorio/generator-aware-row-scaling/results-revision/research-audit/identifiability-confirmatory/R3_S6_coupling_uniform/lp/coupling_uniform_S6_seed20260917_RoleHybrid.lp
[PREPROC PHASES] metadata_s=9.716e-06 diagnostico_s=5.468e-06 aplicacion_s=1.0787e-05
Archivo LP guardado en: /home/mathiasr/Escritorio/generator-aware-row-scaling/results-revision/research-audit/identifiability-confirmatory/R3_S6_coupling_uniform/lp/coupling_uniform_S6_seed20260917_SAMatpermB.lp
Archivo LP guardado en: /home/mathiasr/Escritorio/generator-aware-row-scaling/results-revision/research-audit/identifiability-confirmatory/R3_S6_coupling_uniform/lp/coupling_uniform_S6_seed20260918_Base.lp
[PREPROC PHASES] metadata_s=7.197e-06 diagnostico_s=5.362e-06 aplicacion_s=6.129e-06
Archivo LP guardado en: /home/mathiasr/Escritorio/generator-aware-row-scaling/results-revision/research-audit/identifiability-confirmatory/R3_S6_coupling_uniform/lp/coupling_uniform_S6_seed20260918_SAMat.lp
[PREPROC] modo plano: 43 filas tratadas como un unico bloque sin roles (kernel geomean por fila)
[PREPROC PHASES] metadata_s=3.88e-07 diagnostico_s=3.489e-06 aplicacion_s=4.933e-06
Archivo LP guardado en: /home/mathiasr/Escritorio/generator-aware-row-scaling/results-revision/research-audit/identifiability-confirmatory/R3_S6_coupling_uniform/lp/coupling_uniform_S6_seed20260918_FlatGM.lp
[PREPROC] modo plano: 43 filas tratadas como un unico bloque sin roles (kernel geomean por fila)
[PREPROC PHASES] metadata_s=3.5e-07 diagnostico_s=3.343e-06 aplicacion_s=5.139e-06
Archivo LP guardado en: /home/mathiasr/Escritorio/generator-aware-row-scaling/results-revision/research-audit/identifiability-confirmatory/R3_S6_coupling_uniform/lp/coupling_uniform_S6_seed20260918_FlatL2.lp
[PREPROC PHASES] metadata_s=7.132e-06 diagnostico_s=5.343e-06 aplicacion_s=5.855e-06
Archivo LP guardado en: /home/mathiasr/Escritorio/generator-aware-row-scaling/results-revision/research-audit/identifiability-confirmatory/R3_S6_coupling_uniform/lp/coupling_uniform_S6_seed20260918_RoleHybrid.lp
[PREPROC PHASES] metadata_s=7.164e-06 diagnostico_s=5.24e-06 aplicacion_s=1.0767e-05
Archivo LP guardado en: /home/mathiasr/Escritorio/generator-aware-row-scaling/results-revision/research-audit/identifiability-confirmatory/R3_S6_coupling_uniform/lp/coupling_uniform_S6_seed20260918_SAMatpermB.lp
[32m[success] Benchmark sintético: 60 corridas (instancia × variante). CSV: /home/mathiasr/Escritorio/generator-aware-row-scaling/results-revision/research-audit/identifiability-confirmatory/R3_S6_coupling_uniform/metrics.csv[0m
> [32m[success] Saliendo del programa...[0m
[32m[success] SystemController destruido[0m
