LP Base has 10080 rows; 6120 cols; 22679 nonzeros
Coefficient ranges:
  Matrix  [5e-04, 4e+09]
  Cost    [1e+00, 1e+02]
  Bound   [1e+00, 4e+09]
  RHS     [3e+01, 3e+09]
WARNING: Problem has some excessively large column bounds
WARNING: Problem has some excessively large row bounds
WARNING:    Consider scaling the    bounds by 1e-4, or setting the user_bound_scale option to -12
Presolving model
9712 rows, 6120 cols, 22303 nonzeros 0s
Dependent equations search running on 720 equations with time limit of 3.00s
Dependent equations search removed 0 rows and 0 nonzeros in 0.00s (limit = 3.00s)
9306 rows, 5760 cols, 21491 nonzeros 0s
Presolve reductions: rows 9306(-774); columns 5760(-360); nonzeros 21491(-1188) 
Solving the presolved LP
Using dual simplex solver
  Iteration        Objective     Infeasibilities num(sum)
          0     0.0000000000e+00 Pr: 1792(8.74776e+07) 0.1s
       2613     2.3718017229e+05 Pr: 0(0) 0.2s

Performed postsolve
Solving the original LP from the solution after postsolve

Model name          : Base
Model status        : Optimal
Simplex   iterations: 2613
Objective value     :  2.3718017229e+05
P-D objective error :  6.7489085837e-16
HiGHS run time      :          0.25
