LP Base has 14400 rows; 10800 cols; 35590 nonzeros
Coefficient ranges:
  Matrix  [2e-03, 2e+09]
  Cost    [5e-03, 3e+03]
  Bound   [1e+00, 1e+10]
  RHS     [5e+00, 5e+09]
WARNING: Problem has some excessively large column bounds
WARNING: Problem has some excessively large row bounds
WARNING:    Consider scaling the    bounds by 1e-5, or setting the user_bound_scale option to -14
Presolving model
13672 rows, 10431 cols, 34477 nonzeros 0s
Dependent equations search running on 1792 equations with time limit of 3.00s
Dependent equations search removed 0 rows and 0 nonzeros in 0.00s (limit = 3.00s)
12551 rows, 9711 cols, 32235 nonzeros 0s
Presolve reductions: rows 12551(-1849); columns 9711(-1089); nonzeros 32235(-3355) 
Solving the presolved LP
Using dual simplex solver
  Iteration        Objective     Infeasibilities num(sum)
          0     0.0000000000e+00 Ph1: 0(0) 0.1s
      10534    -6.6165865755e+07 Pr: 0(0); Du: 0(5.08083e-07) 2.2s
      10534    -6.6165865755e+07 Pr: 0(0); Du: 0(5.08083e-07) 2.2s
Using primal simplex solver
  Iteration        Objective     Infeasibilities num(sum)
      10534    -6.6165875355e+07 Pr: 0(0); Du: 10(0.0364062) 2.3s
      10550    -6.6165865838e+07 Pr: 0(0) 2.3s

Performed postsolve
Solving the original LP from the solution after postsolve

Model name          : Base
Model status        : Optimal
Simplex   iterations: 10550
Objective value     : -6.6165865838e+07
P-D objective error :  0.0000000000e+00
HiGHS run time      :          2.29
