[32m[success] SystemController creado[0m
> Archivo LP guardado en: /home/mathiasr/Escritorio/generator-aware-row-scaling/results-revision/research-audit/identifiability-confirmatory/R1_S6_coupling/lp/coupling_S6_seed20260909_Base.lp
[PREPROC PHASES] metadata_s=1.3828e-05 diagnostico_s=1.3791e-05 aplicacion_s=2.2056e-05
Archivo LP guardado en: /home/mathiasr/Escritorio/generator-aware-row-scaling/results-revision/research-audit/identifiability-confirmatory/R1_S6_coupling/lp/coupling_S6_seed20260909_SAMat.lp
[PREPROC] modo plano: 43 filas tratadas como un unico bloque sin roles (kernel geomean por fila)
[PREPROC PHASES] metadata_s=1.248e-06 diagnostico_s=7.299e-06 aplicacion_s=1.0119e-05
Archivo LP guardado en: /home/mathiasr/Escritorio/generator-aware-row-scaling/results-revision/research-audit/identifiability-confirmatory/R1_S6_coupling/lp/coupling_S6_seed20260909_FlatGM.lp
[PREPROC] modo plano: 43 filas tratadas como un unico bloque sin roles (kernel geomean por fila)
[PREPROC PHASES] metadata_s=8.11e-07 diagnostico_s=6.583e-06 aplicacion_s=1.1186e-05
Archivo LP guardado en: /home/mathiasr/Escritorio/generator-aware-row-scaling/results-revision/research-audit/identifiability-confirmatory/R1_S6_coupling/lp/coupling_S6_seed20260909_FlatL2.lp
[PREPROC PHASES] metadata_s=1.2498e-05 diagnostico_s=1.1476e-05 aplicacion_s=1.1805e-05
Archivo LP guardado en: /home/mathiasr/Escritorio/generator-aware-row-scaling/results-revision/research-audit/identifiability-confirmatory/R1_S6_coupling/lp/coupling_S6_seed20260909_RoleHybrid.lp
[PREPROC PHASES] metadata_s=1.2747e-05 diagnostico_s=1.1654e-05 aplicacion_s=2.0576e-05
Archivo LP guardado en: /home/mathiasr/Escritorio/generator-aware-row-scaling/results-revision/research-audit/identifiability-confirmatory/R1_S6_coupling/lp/coupling_S6_seed20260909_SAMatpermB.lp
Archivo LP guardado en: /home/mathiasr/Escritorio/generator-aware-row-scaling/results-revision/research-audit/identifiability-confirmatory/R1_S6_coupling/lp/coupling_S6_seed20260910_Base.lp
[PREPROC PHASES] metadata_s=7.208e-06 diagnostico_s=6.64e-06 aplicacion_s=1.3783e-05
Archivo LP guardado en: /home/mathiasr/Escritorio/generator-aware-row-scaling/results-revision/research-audit/identifiability-confirmatory/R1_S6_coupling/lp/coupling_S6_seed20260910_SAMat.lp
[PREPROC] modo plano: 43 filas tratadas como un unico bloque sin roles (kernel geomean por fila)
[PREPROC PHASES] metadata_s=1.457e-06 diagnostico_s=3.537e-06 aplicacion_s=5.794e-06
Archivo LP guardado en: /home/mathiasr/Escritorio/generator-aware-row-scaling/results-revision/research-audit/identifiability-confirmatory/R1_S6_coupling/lp/coupling_S6_seed20260910_FlatGM.lp
[PREPROC] modo plano: 43 filas tratadas como un unico bloque sin roles (kernel geomean por fila)
[PREPROC PHASES] metadata_s=4.51e-07 diagnostico_s=3.004e-06 aplicacion_s=4.667e-06
Archivo LP guardado en: /home/mathiasr/Escritorio/generator-aware-row-scaling/results-revision/research-audit/identifiability-confirmatory/R1_S6_coupling/lp/coupling_S6_seed20260910_FlatL2.lp
[PREPROC PHASES] metadata_s=7.06e-06 diagnostico_s=6.207e-06 aplicacion_s=6.594e-06
Archivo LP guardado en: /home/mathiasr/Escritorio/generator-aware-row-scaling/results-revision/research-audit/identifiability-confirmatory/R1_S6_coupling/lp/coupling_S6_seed20260910_RoleHybrid.lp
[PREPROC PHASES] metadata_s=7.166e-06 diagnostico_s=5.625e-06 aplicacion_s=1.2061e-05
Archivo LP guardado en: /home/mathiasr/Escritorio/generator-aware-row-scaling/results-revision/research-audit/identifiability-confirmatory/R1_S6_coupling/lp/coupling_S6_seed20260910_SAMatpermB.lp
Archivo LP guardado en: /home/mathiasr/Escritorio/generator-aware-row-scaling/results-revision/research-audit/identifiability-confirmatory/R1_S6_coupling/lp/coupling_S6_seed20260911_Base.lp
[PREPROC PHASES] metadata_s=7.266e-06 diagnostico_s=5.747e-06 aplicacion_s=6.255e-06
Archivo LP guardado en: /home/mathiasr/Escritorio/generator-aware-row-scaling/results-revision/research-audit/identifiability-confirmatory/R1_S6_coupling/lp/coupling_S6_seed20260911_SAMat.lp
[PREPROC] modo plano: 43 filas tratadas como un unico bloque sin roles (kernel geomean por fila)
[PREPROC PHASES] metadata_s=5.75e-07 diagnostico_s=3.122e-06 aplicacion_s=4.789e-06
Archivo LP guardado en: /home/mathiasr/Escritorio/generator-aware-row-scaling/results-revision/research-audit/identifiability-confirmatory/R1_S6_coupling/lp/coupling_S6_seed20260911_FlatGM.lp
[PREPROC] modo plano: 43 filas tratadas como un unico bloque sin roles (kernel geomean por fila)
[PREPROC PHASES] metadata_s=3.91e-07 diagnostico_s=2.807e-06 aplicacion_s=4.748e-06
Archivo LP guardado en: /home/mathiasr/Escritorio/generator-aware-row-scaling/results-revision/research-audit/identifiability-confirmatory/R1_S6_coupling/lp/coupling_S6_seed20260911_FlatL2.lp
[PREPROC PHASES] metadata_s=7.215e-06 diagnostico_s=5.908e-06 aplicacion_s=8.026e-06
Archivo LP guardado en: /home/mathiasr/Escritorio/generator-aware-row-scaling/results-revision/research-audit/identifiability-confirmatory/R1_S6_coupling/lp/coupling_S6_seed20260911_RoleHybrid.lp
[PREPROC PHASES] metadata_s=7.082e-06 diagnostico_s=5.559e-06 aplicacion_s=1.0634e-05
Archivo LP guardado en: /home/mathiasr/Escritorio/generator-aware-row-scaling/results-revision/research-audit/identifiability-confirmatory/R1_S6_coupling/lp/coupling_S6_seed20260911_SAMatpermB.lp
Archivo LP guardado en: /home/mathiasr/Escritorio/generator-aware-row-scaling/results-revision/research-audit/identifiability-confirmatory/R1_S6_coupling/lp/coupling_S6_seed20260912_Base.lp
[PREPROC PHASES] metadata_s=7.382e-06 diagnostico_s=6.165e-06 aplicacion_s=6.072e-06
Archivo LP guardado en: /home/mathiasr/Escritorio/generator-aware-row-scaling/results-revision/research-audit/identifiability-confirmatory/R1_S6_coupling/lp/coupling_S6_seed20260912_SAMat.lp
[PREPROC] modo plano: 43 filas tratadas como un unico bloque sin roles (kernel geomean por fila)
[PREPROC PHASES] metadata_s=4.77e-07 diagnostico_s=3.131e-06 aplicacion_s=4.749e-06
Archivo LP guardado en: /home/mathiasr/Escritorio/generator-aware-row-scaling/results-revision/research-audit/identifiability-confirmatory/R1_S6_coupling/lp/coupling_S6_seed20260912_FlatGM.lp
[PREPROC] modo plano: 43 filas tratadas como un unico bloque sin roles (kernel geomean por fila)
[PREPROC PHASES] metadata_s=4.27e-07 diagnostico_s=3.032e-06 aplicacion_s=4.736e-06
Archivo LP guardado en: /home/mathiasr/Escritorio/generator-aware-row-scaling/results-revision/research-audit/identifiability-confirmatory/R1_S6_coupling/lp/coupling_S6_seed20260912_FlatL2.lp
[PREPROC PHASES] metadata_s=7.012e-06 diagnostico_s=5.694e-06 aplicacion_s=5.569e-06
Archivo LP guardado en: /home/mathiasr/Escritorio/generator-aware-row-scaling/results-revision/research-audit/identifiability-confirmatory/R1_S6_coupling/lp/coupling_S6_seed20260912_RoleHybrid.lp
[PREPROC PHASES] metadata_s=7.166e-06 diagnostico_s=5.73e-06 aplicacion_s=1.0304e-05
Archivo LP guardado en: /home/mathiasr/Escritorio/generator-aware-row-scaling/results-revision/research-audit/identifiability-confirmatory/R1_S6_coupling/lp/coupling_S6_seed20260912_SAMatpermB.lp
Archivo LP guardado en: /home/mathiasr/Escritorio/generator-aware-row-scaling/results-revision/research-audit/identifiability-confirmatory/R1_S6_coupling/lp/coupling_S6_seed20260913_Base.lp
[PREPROC PHASES] metadata_s=7.146e-06 diagnostico_s=5.306e-06 aplicacion_s=5.851e-06
Archivo LP guardado en: /home/mathiasr/Escritorio/generator-aware-row-scaling/results-revision/research-audit/identifiability-confirmatory/R1_S6_coupling/lp/coupling_S6_seed20260913_SAMat.lp
[PREPROC] modo plano: 43 filas tratadas como un unico bloque sin roles (kernel geomean por fila)
[PREPROC PHASES] metadata_s=4.73e-07 diagnostico_s=2.96e-06 aplicacion_s=4.382e-06
Archivo LP guardado en: /home/mathiasr/Escritorio/generator-aware-row-scaling/results-revision/research-audit/identifiability-confirmatory/R1_S6_coupling/lp/coupling_S6_seed20260913_FlatGM.lp
[PREPROC] modo plano: 43 filas tratadas como un unico bloque sin roles (kernel geomean por fila)
[PREPROC PHASES] metadata_s=3.47e-07 diagnostico_s=2.736e-06 aplicacion_s=4.712e-06
Archivo LP guardado en: /home/mathiasr/Escritorio/generator-aware-row-scaling/results-revision/research-audit/identifiability-confirmatory/R1_S6_coupling/lp/coupling_S6_seed20260913_FlatL2.lp
[PREPROC PHASES] metadata_s=7.001e-06 diagnostico_s=5.206e-06 aplicacion_s=5.184e-06
Archivo LP guardado en: /home/mathiasr/Escritorio/generator-aware-row-scaling/results-revision/research-audit/identifiability-confirmatory/R1_S6_coupling/lp/coupling_S6_seed20260913_RoleHybrid.lp
[PREPROC PHASES] metadata_s=7.075e-06 diagnostico_s=5.206e-06 aplicacion_s=1.0047e-05
Archivo LP guardado en: /home/mathiasr/Escritorio/generator-aware-row-scaling/results-revision/research-audit/identifiability-confirmatory/R1_S6_coupling/lp/coupling_S6_seed20260913_SAMatpermB.lp
Archivo LP guardado en: /home/mathiasr/Escritorio/generator-aware-row-scaling/results-revision/research-audit/identifiability-confirmatory/R1_S6_coupling/lp/coupling_S6_seed20260914_Base.lp
[PREPROC PHASES] metadata_s=7.249e-06 diagnostico_s=5.591e-06 aplicacion_s=5.922e-06
Archivo LP guardado en: /home/mathiasr/Escritorio/generator-aware-row-scaling/results-revision/research-audit/identifiability-confirmatory/R1_S6_coupling/lp/coupling_S6_seed20260914_SAMat.lp
[PREPROC] modo plano: 43 filas tratadas como un unico bloque sin roles (kernel geomean por fila)
[PREPROC PHASES] metadata_s=3.62e-07 diagnostico_s=2.955e-06 aplicacion_s=5.008e-06
Archivo LP guardado en: /home/mathiasr/Escritorio/generator-aware-row-scaling/results-revision/research-audit/identifiability-confirmatory/R1_S6_coupling/lp/coupling_S6_seed20260914_FlatGM.lp
[PREPROC] modo plano: 43 filas tratadas como un unico bloque sin roles (kernel geomean por fila)
[PREPROC PHASES] metadata_s=3.68e-07 diagnostico_s=2.878e-06 aplicacion_s=4.971e-06
Archivo LP guardado en: /home/mathiasr/Escritorio/generator-aware-row-scaling/results-revision/research-audit/identifiability-confirmatory/R1_S6_coupling/lp/coupling_S6_seed20260914_FlatL2.lp
[PREPROC PHASES] metadata_s=7.014e-06 diagnostico_s=5.479e-06 aplicacion_s=5.63e-06
Archivo LP guardado en: /home/mathiasr/Escritorio/generator-aware-row-scaling/results-revision/research-audit/identifiability-confirmatory/R1_S6_coupling/lp/coupling_S6_seed20260914_RoleHybrid.lp
[PREPROC PHASES] metadata_s=7.034e-06 diagnostico_s=5.33e-06 aplicacion_s=1.0646e-05
Archivo LP guardado en: /home/mathiasr/Escritorio/generator-aware-row-scaling/results-revision/research-audit/identifiability-confirmatory/R1_S6_coupling/lp/coupling_S6_seed20260914_SAMatpermB.lp
Archivo LP guardado en: /home/mathiasr/Escritorio/generator-aware-row-scaling/results-revision/research-audit/identifiability-confirmatory/R1_S6_coupling/lp/coupling_S6_seed20260915_Base.lp
[PREPROC PHASES] metadata_s=6.966e-06 diagnostico_s=5.748e-06 aplicacion_s=6.453e-06
Archivo LP guardado en: /home/mathiasr/Escritorio/generator-aware-row-scaling/results-revision/research-audit/identifiability-confirmatory/R1_S6_coupling/lp/coupling_S6_seed20260915_SAMat.lp
[PREPROC] modo plano: 43 filas tratadas como un unico bloque sin roles (kernel geomean por fila)
[PREPROC PHASES] metadata_s=4.07e-07 diagnostico_s=3.071e-06 aplicacion_s=4.987e-06
Archivo LP guardado en: /home/mathiasr/Escritorio/generator-aware-row-scaling/results-revision/research-audit/identifiability-confirmatory/R1_S6_coupling/lp/coupling_S6_seed20260915_FlatGM.lp
[PREPROC] modo plano: 43 filas tratadas como un unico bloque sin roles (kernel geomean por fila)
[PREPROC PHASES] metadata_s=3.71e-07 diagnostico_s=2.928e-06 aplicacion_s=4.783e-06
Archivo LP guardado en: /home/mathiasr/Escritorio/generator-aware-row-scaling/results-revision/research-audit/identifiability-confirmatory/R1_S6_coupling/lp/coupling_S6_seed20260915_FlatL2.lp
[PREPROC PHASES] metadata_s=7.375e-06 diagnostico_s=5.893e-06 aplicacion_s=6.011e-06
Archivo LP guardado en: /home/mathiasr/Escritorio/generator-aware-row-scaling/results-revision/research-audit/identifiability-confirmatory/R1_S6_coupling/lp/coupling_S6_seed20260915_RoleHybrid.lp
[PREPROC PHASES] metadata_s=7.004e-06 diagnostico_s=5.635e-06 aplicacion_s=1.0663e-05
Archivo LP guardado en: /home/mathiasr/Escritorio/generator-aware-row-scaling/results-revision/research-audit/identifiability-confirmatory/R1_S6_coupling/lp/coupling_S6_seed20260915_SAMatpermB.lp
Archivo LP guardado en: /home/mathiasr/Escritorio/generator-aware-row-scaling/results-revision/research-audit/identifiability-confirmatory/R1_S6_coupling/lp/coupling_S6_seed20260916_Base.lp
[PREPROC PHASES] metadata_s=7.99e-06 diagnostico_s=5.53e-06 aplicacion_s=5.984e-06
Archivo LP guardado en: /home/mathiasr/Escritorio/generator-aware-row-scaling/results-revision/research-audit/identifiability-confirmatory/R1_S6_coupling/lp/coupling_S6_seed20260916_SAMat.lp
[PREPROC] modo plano: 43 filas tratadas como un unico bloque sin roles (kernel geomean por fila)
[PREPROC PHASES] metadata_s=4.32e-07 diagnostico_s=2.971e-06 aplicacion_s=4.698e-06
Archivo LP guardado en: /home/mathiasr/Escritorio/generator-aware-row-scaling/results-revision/research-audit/identifiability-confirmatory/R1_S6_coupling/lp/coupling_S6_seed20260916_FlatGM.lp
[PREPROC] modo plano: 43 filas tratadas como un unico bloque sin roles (kernel geomean por fila)
[PREPROC PHASES] metadata_s=3.07e-07 diagnostico_s=2.976e-06 aplicacion_s=4.746e-06
Archivo LP guardado en: /home/mathiasr/Escritorio/generator-aware-row-scaling/results-revision/research-audit/identifiability-confirmatory/R1_S6_coupling/lp/coupling_S6_seed20260916_FlatL2.lp
[PREPROC PHASES] metadata_s=6.989e-06 diagnostico_s=5.359e-06 aplicacion_s=5.477e-06
Archivo LP guardado en: /home/mathiasr/Escritorio/generator-aware-row-scaling/results-revision/research-audit/identifiability-confirmatory/R1_S6_coupling/lp/coupling_S6_seed20260916_RoleHybrid.lp
[PREPROC PHASES] metadata_s=7.081e-06 diagnostico_s=5.178e-06 aplicacion_s=1.0012e-05
Archivo LP guardado en: /home/mathiasr/Escritorio/generator-aware-row-scaling/results-revision/research-audit/identifiability-confirmatory/R1_S6_coupling/lp/coupling_S6_seed20260916_SAMatpermB.lp
Archivo LP guardado en: /home/mathiasr/Escritorio/generator-aware-row-scaling/results-revision/research-audit/identifiability-confirmatory/R1_S6_coupling/lp/coupling_S6_seed20260917_Base.lp
[PREPROC PHASES] metadata_s=7.027e-06 diagnostico_s=5.598e-06 aplicacion_s=6.948e-06
Archivo LP guardado en: /home/mathiasr/Escritorio/generator-aware-row-scaling/results-revision/research-audit/identifiability-confirmatory/R1_S6_coupling/lp/coupling_S6_seed20260917_SAMat.lp
[PREPROC] modo plano: 43 filas tratadas como un unico bloque sin roles (kernel geomean por fila)
[PREPROC PHASES] metadata_s=4.01e-07 diagnostico_s=3.202e-06 aplicacion_s=5.35e-06
Archivo LP guardado en: /home/mathiasr/Escritorio/generator-aware-row-scaling/results-revision/research-audit/identifiability-confirmatory/R1_S6_coupling/lp/coupling_S6_seed20260917_FlatGM.lp
[PREPROC] modo plano: 43 filas tratadas como un unico bloque sin roles (kernel geomean por fila)
[PREPROC PHASES] metadata_s=3.38e-07 diagnostico_s=2.983e-06 aplicacion_s=4.732e-06
Archivo LP guardado en: /home/mathiasr/Escritorio/generator-aware-row-scaling/results-revision/research-audit/identifiability-confirmatory/R1_S6_coupling/lp/coupling_S6_seed20260917_FlatL2.lp
[PREPROC PHASES] metadata_s=6.947e-06 diagnostico_s=5.596e-06 aplicacion_s=6.023e-06
Archivo LP guardado en: /home/mathiasr/Escritorio/generator-aware-row-scaling/results-revision/research-audit/identifiability-confirmatory/R1_S6_coupling/lp/coupling_S6_seed20260917_RoleHybrid.lp
[PREPROC PHASES] metadata_s=7.444e-06 diagnostico_s=5.452e-06 aplicacion_s=1.0778e-05
Archivo LP guardado en: /home/mathiasr/Escritorio/generator-aware-row-scaling/results-revision/research-audit/identifiability-confirmatory/R1_S6_coupling/lp/coupling_S6_seed20260917_SAMatpermB.lp
Archivo LP guardado en: /home/mathiasr/Escritorio/generator-aware-row-scaling/results-revision/research-audit/identifiability-confirmatory/R1_S6_coupling/lp/coupling_S6_seed20260918_Base.lp
[PREPROC PHASES] metadata_s=6.997e-06 diagnostico_s=6.327e-06 aplicacion_s=6.169e-06
Archivo LP guardado en: /home/mathiasr/Escritorio/generator-aware-row-scaling/results-revision/research-audit/identifiability-confirmatory/R1_S6_coupling/lp/coupling_S6_seed20260918_SAMat.lp
[PREPROC] modo plano: 43 filas tratadas como un unico bloque sin roles (kernel geomean por fila)
[PREPROC PHASES] metadata_s=3.36e-07 diagnostico_s=3.117e-06 aplicacion_s=5.175e-06
Archivo LP guardado en: /home/mathiasr/Escritorio/generator-aware-row-scaling/results-revision/research-audit/identifiability-confirmatory/R1_S6_coupling/lp/coupling_S6_seed20260918_FlatGM.lp
[PREPROC] modo plano: 43 filas tratadas como un unico bloque sin roles (kernel geomean por fila)
[PREPROC PHASES] metadata_s=3.1e-07 diagnostico_s=2.917e-06 aplicacion_s=4.884e-06
Archivo LP guardado en: /home/mathiasr/Escritorio/generator-aware-row-scaling/results-revision/research-audit/identifiability-confirmatory/R1_S6_coupling/lp/coupling_S6_seed20260918_FlatL2.lp
[PREPROC PHASES] metadata_s=7.246e-06 diagnostico_s=5.531e-06 aplicacion_s=5.829e-06
Archivo LP guardado en: /home/mathiasr/Escritorio/generator-aware-row-scaling/results-revision/research-audit/identifiability-confirmatory/R1_S6_coupling/lp/coupling_S6_seed20260918_RoleHybrid.lp
[PREPROC PHASES] metadata_s=6.945e-06 diagnostico_s=5.64e-06 aplicacion_s=1.0771e-05
Archivo LP guardado en: /home/mathiasr/Escritorio/generator-aware-row-scaling/results-revision/research-audit/identifiability-confirmatory/R1_S6_coupling/lp/coupling_S6_seed20260918_SAMatpermB.lp
[32m[success] Benchmark sintético: 60 corridas (instancia × variante). CSV: /home/mathiasr/Escritorio/generator-aware-row-scaling/results-revision/research-audit/identifiability-confirmatory/R1_S6_coupling/metrics.csv[0m
> [32m[success] Saliendo del programa...[0m
[32m[success] SystemController destruido[0m
