LP Base has 23763 rows; 16561 cols; 57555 nonzeros
Coefficient ranges:
  Matrix  [6e-04, 1e+10]
  Cost    [5e-04, 1e+02]
  Bound   [1e+00, 1e+10]
  RHS     [5e+00, 1e+10]
WARNING: Problem has some excessively large column bounds
WARNING: Problem has some excessively large row bounds
WARNING:    Consider scaling the    bounds by 1e-5, or setting the user_bound_scale option to -14
Presolving model
23395 rows, 16551 cols, 57161 nonzeros 0s
Dependent equations search running on 2512 equations with time limit of 1.00s
Dependent equations search removed 0 rows and 0 nonzeros in 0.00s (limit = 1.00s)
22300 rows, 15471 cols, 54971 nonzeros 0s
Presolve reductions: rows 22300(-1463); columns 15471(-1090); nonzeros 54971(-2584) 
Solving the presolved LP
Using dual simplex solver
  Iteration        Objective     Infeasibilities num(sum)
          0    -2.0000000000e+03 Ph1: 3(1500); Du: 1(2) 0.1s
      11592    -2.4227541104e+05 Pr: 4721(1.9905e+08) 5.3s
      16263     4.6336529585e+05 Pr: 4763(1.90107e+09); Du: 0(1.62137e-07) 10.5s
      19732     7.3372322637e+05 Pr: 3202(1.87719e+10) 15.7s
      22905     8.6289180891e+05 Pr: 1150(3.59032e+08) 20.7s
      24925     8.9050106389e+05 Pr: 0(0) 24.1s
      24925     8.9050106389e+05 Pr: 0(0) 24.1s

Performed postsolve
Solving the original LP from the solution after postsolve

Model name          : Base
Model status        : Optimal
Simplex   iterations: 24925
Objective value     :  8.9050106389e+05
P-D objective error :  5.8828526469e-16
HiGHS run time      :         24.14
