LP Base has 23763 rows; 16561 cols; 57555 nonzeros
Coefficient ranges:
  Matrix  [6e-04, 1e+10]
  Cost    [5e-04, 1e+02]
  Bound   [1e+00, 1e+10]
  RHS     [5e+00, 1e+10]
WARNING: Problem has some excessively large column bounds
WARNING: Problem has some excessively large row bounds
WARNING:    Consider scaling the    bounds by 1e-5, or setting the user_bound_scale option to -14
Presolving model
23395 rows, 16551 cols, 57161 nonzeros 0s
Dependent equations search running on 2512 equations with time limit of 3.00s
Dependent equations search removed 0 rows and 0 nonzeros in 0.00s (limit = 3.00s)
22300 rows, 15471 cols, 54971 nonzeros 0s
Presolve reductions: rows 22300(-1463); columns 15471(-1090); nonzeros 54971(-2584) 
Solving the presolved LP
Using dual simplex solver
  Iteration        Objective     Infeasibilities num(sum)
          0    -2.0000000000e+03 Ph1: 3(1500); Du: 1(2) 0.2s
       9694    -6.2977068628e+05 Pr: 4719(2.13238e+08); Du: 0(6.94016e-08) 5.4s
      14249     1.0236107415e+05 Pr: 7963(2.04856e+11); Du: 0(2.57417e-23) 10.5s
      17432     5.6003495862e+05 Pr: 4533(3.1143e+09) 15.7s
      20757     7.9029823340e+05 Pr: 2513(3.49004e+09) 20.9s
      23205     8.6616350890e+05 Pr: 955(1.84809e+08) 26.2s
      24925     8.9050106389e+05 Pr: 0(0) 29.5s
      24925     8.9050106389e+05 Pr: 0(0) 29.5s

Performed postsolve
Solving the original LP from the solution after postsolve

Model name          : Base
Model status        : Optimal
Simplex   iterations: 24925
Objective value     :  8.9050106389e+05
P-D objective error :  5.8828526469e-16
HiGHS run time      :         29.55
