[32m[success] SystemController creado[0m
> Archivo LP guardado en: /home/mathiasr/Escritorio/generator-aware-row-scaling/results-revision/research-audit/identifiability-confirmatory/R1_S3_mixed/lp/mixed_S3_seed20260909_Base.lp
[PREPROC PHASES] metadata_s=7.224e-06 diagnostico_s=7.287e-06 aplicacion_s=1.208e-05
Archivo LP guardado en: /home/mathiasr/Escritorio/generator-aware-row-scaling/results-revision/research-audit/identifiability-confirmatory/R1_S3_mixed/lp/mixed_S3_seed20260909_SAMat.lp
[PREPROC] modo plano: 43 filas tratadas como un unico bloque sin roles (kernel geomean por fila)
[PREPROC PHASES] metadata_s=1.178e-06 diagnostico_s=3.278e-06 aplicacion_s=5.65e-06
Archivo LP guardado en: /home/mathiasr/Escritorio/generator-aware-row-scaling/results-revision/research-audit/identifiability-confirmatory/R1_S3_mixed/lp/mixed_S3_seed20260909_FlatGM.lp
[PREPROC] modo plano: 43 filas tratadas como un unico bloque sin roles (kernel geomean por fila)
[PREPROC PHASES] metadata_s=4.92e-07 diagnostico_s=2.884e-06 aplicacion_s=5.849e-06
Archivo LP guardado en: /home/mathiasr/Escritorio/generator-aware-row-scaling/results-revision/research-audit/identifiability-confirmatory/R1_S3_mixed/lp/mixed_S3_seed20260909_FlatL2.lp
[PREPROC PHASES] metadata_s=7.114e-06 diagnostico_s=6.459e-06 aplicacion_s=6.92e-06
Archivo LP guardado en: /home/mathiasr/Escritorio/generator-aware-row-scaling/results-revision/research-audit/identifiability-confirmatory/R1_S3_mixed/lp/mixed_S3_seed20260909_RoleHybrid.lp
[PREPROC PHASES] metadata_s=7.1e-06 diagnostico_s=6.067e-06 aplicacion_s=1.2575e-05
Archivo LP guardado en: /home/mathiasr/Escritorio/generator-aware-row-scaling/results-revision/research-audit/identifiability-confirmatory/R1_S3_mixed/lp/mixed_S3_seed20260909_SAMatpermB.lp
Archivo LP guardado en: /home/mathiasr/Escritorio/generator-aware-row-scaling/results-revision/research-audit/identifiability-confirmatory/R1_S3_mixed/lp/mixed_S3_seed20260910_Base.lp
[PREPROC PHASES] metadata_s=7.11e-06 diagnostico_s=6.035e-06 aplicacion_s=6.572e-06
Archivo LP guardado en: /home/mathiasr/Escritorio/generator-aware-row-scaling/results-revision/research-audit/identifiability-confirmatory/R1_S3_mixed/lp/mixed_S3_seed20260910_SAMat.lp
[PREPROC] modo plano: 43 filas tratadas como un unico bloque sin roles (kernel geomean por fila)
[PREPROC PHASES] metadata_s=5.08e-07 diagnostico_s=3.016e-06 aplicacion_s=4.988e-06
Archivo LP guardado en: /home/mathiasr/Escritorio/generator-aware-row-scaling/results-revision/research-audit/identifiability-confirmatory/R1_S3_mixed/lp/mixed_S3_seed20260910_FlatGM.lp
[PREPROC] modo plano: 43 filas tratadas como un unico bloque sin roles (kernel geomean por fila)
[PREPROC PHASES] metadata_s=6.56e-07 diagnostico_s=3.273e-06 aplicacion_s=6.371e-06
Archivo LP guardado en: /home/mathiasr/Escritorio/generator-aware-row-scaling/results-revision/research-audit/identifiability-confirmatory/R1_S3_mixed/lp/mixed_S3_seed20260910_FlatL2.lp
[PREPROC PHASES] metadata_s=7.142e-06 diagnostico_s=6.615e-06 aplicacion_s=7.568e-06
Archivo LP guardado en: /home/mathiasr/Escritorio/generator-aware-row-scaling/results-revision/research-audit/identifiability-confirmatory/R1_S3_mixed/lp/mixed_S3_seed20260910_RoleHybrid.lp
[PREPROC PHASES] metadata_s=7.205e-06 diagnostico_s=6.122e-06 aplicacion_s=1.213e-05
Archivo LP guardado en: /home/mathiasr/Escritorio/generator-aware-row-scaling/results-revision/research-audit/identifiability-confirmatory/R1_S3_mixed/lp/mixed_S3_seed20260910_SAMatpermB.lp
Archivo LP guardado en: /home/mathiasr/Escritorio/generator-aware-row-scaling/results-revision/research-audit/identifiability-confirmatory/R1_S3_mixed/lp/mixed_S3_seed20260911_Base.lp
[PREPROC PHASES] metadata_s=7.041e-06 diagnostico_s=6.141e-06 aplicacion_s=7.385e-06
Archivo LP guardado en: /home/mathiasr/Escritorio/generator-aware-row-scaling/results-revision/research-audit/identifiability-confirmatory/R1_S3_mixed/lp/mixed_S3_seed20260911_SAMat.lp
[PREPROC] modo plano: 43 filas tratadas como un unico bloque sin roles (kernel geomean por fila)
[PREPROC PHASES] metadata_s=5.05e-07 diagnostico_s=3.025e-06 aplicacion_s=5.492e-06
Archivo LP guardado en: /home/mathiasr/Escritorio/generator-aware-row-scaling/results-revision/research-audit/identifiability-confirmatory/R1_S3_mixed/lp/mixed_S3_seed20260911_FlatGM.lp
[PREPROC] modo plano: 43 filas tratadas como un unico bloque sin roles (kernel geomean por fila)
[PREPROC PHASES] metadata_s=3.42e-07 diagnostico_s=2.78e-06 aplicacion_s=5.471e-06
Archivo LP guardado en: /home/mathiasr/Escritorio/generator-aware-row-scaling/results-revision/research-audit/identifiability-confirmatory/R1_S3_mixed/lp/mixed_S3_seed20260911_FlatL2.lp
[PREPROC PHASES] metadata_s=7.224e-06 diagnostico_s=6.162e-06 aplicacion_s=6.271e-06
Archivo LP guardado en: /home/mathiasr/Escritorio/generator-aware-row-scaling/results-revision/research-audit/identifiability-confirmatory/R1_S3_mixed/lp/mixed_S3_seed20260911_RoleHybrid.lp
[PREPROC PHASES] metadata_s=7.098e-06 diagnostico_s=6.03e-06 aplicacion_s=1.0883e-05
Archivo LP guardado en: /home/mathiasr/Escritorio/generator-aware-row-scaling/results-revision/research-audit/identifiability-confirmatory/R1_S3_mixed/lp/mixed_S3_seed20260911_SAMatpermB.lp
Archivo LP guardado en: /home/mathiasr/Escritorio/generator-aware-row-scaling/results-revision/research-audit/identifiability-confirmatory/R1_S3_mixed/lp/mixed_S3_seed20260912_Base.lp
[PREPROC PHASES] metadata_s=7.146e-06 diagnostico_s=6.312e-06 aplicacion_s=6.92e-06
Archivo LP guardado en: /home/mathiasr/Escritorio/generator-aware-row-scaling/results-revision/research-audit/identifiability-confirmatory/R1_S3_mixed/lp/mixed_S3_seed20260912_SAMat.lp
[PREPROC] modo plano: 43 filas tratadas como un unico bloque sin roles (kernel geomean por fila)
[PREPROC PHASES] metadata_s=5.31e-07 diagnostico_s=2.861e-06 aplicacion_s=5.234e-06
Archivo LP guardado en: /home/mathiasr/Escritorio/generator-aware-row-scaling/results-revision/research-audit/identifiability-confirmatory/R1_S3_mixed/lp/mixed_S3_seed20260912_FlatGM.lp
[PREPROC] modo plano: 43 filas tratadas como un unico bloque sin roles (kernel geomean por fila)
[PREPROC PHASES] metadata_s=3.46e-07 diagnostico_s=2.803e-06 aplicacion_s=5.259e-06
Archivo LP guardado en: /home/mathiasr/Escritorio/generator-aware-row-scaling/results-revision/research-audit/identifiability-confirmatory/R1_S3_mixed/lp/mixed_S3_seed20260912_FlatL2.lp
[PREPROC PHASES] metadata_s=7.216e-06 diagnostico_s=5.925e-06 aplicacion_s=5.944e-06
Archivo LP guardado en: /home/mathiasr/Escritorio/generator-aware-row-scaling/results-revision/research-audit/identifiability-confirmatory/R1_S3_mixed/lp/mixed_S3_seed20260912_RoleHybrid.lp
[PREPROC PHASES] metadata_s=7.168e-06 diagnostico_s=5.76e-06 aplicacion_s=1.136e-05
Archivo LP guardado en: /home/mathiasr/Escritorio/generator-aware-row-scaling/results-revision/research-audit/identifiability-confirmatory/R1_S3_mixed/lp/mixed_S3_seed20260912_SAMatpermB.lp
Archivo LP guardado en: /home/mathiasr/Escritorio/generator-aware-row-scaling/results-revision/research-audit/identifiability-confirmatory/R1_S3_mixed/lp/mixed_S3_seed20260913_Base.lp
[PREPROC PHASES] metadata_s=7.271e-06 diagnostico_s=6.68e-06 aplicacion_s=7.572e-06
Archivo LP guardado en: /home/mathiasr/Escritorio/generator-aware-row-scaling/results-revision/research-audit/identifiability-confirmatory/R1_S3_mixed/lp/mixed_S3_seed20260913_SAMat.lp
[PREPROC] modo plano: 43 filas tratadas como un unico bloque sin roles (kernel geomean por fila)
[PREPROC PHASES] metadata_s=3.67e-07 diagnostico_s=3.007e-06 aplicacion_s=5.729e-06
Archivo LP guardado en: /home/mathiasr/Escritorio/generator-aware-row-scaling/results-revision/research-audit/identifiability-confirmatory/R1_S3_mixed/lp/mixed_S3_seed20260913_FlatGM.lp
[PREPROC] modo plano: 43 filas tratadas como un unico bloque sin roles (kernel geomean por fila)
[PREPROC PHASES] metadata_s=3.59e-07 diagnostico_s=2.857e-06 aplicacion_s=5.599e-06
Archivo LP guardado en: /home/mathiasr/Escritorio/generator-aware-row-scaling/results-revision/research-audit/identifiability-confirmatory/R1_S3_mixed/lp/mixed_S3_seed20260913_FlatL2.lp
[PREPROC PHASES] metadata_s=7.187e-06 diagnostico_s=6.33e-06 aplicacion_s=6.319e-06
Archivo LP guardado en: /home/mathiasr/Escritorio/generator-aware-row-scaling/results-revision/research-audit/identifiability-confirmatory/R1_S3_mixed/lp/mixed_S3_seed20260913_RoleHybrid.lp
[PREPROC PHASES] metadata_s=7.178e-06 diagnostico_s=6.03e-06 aplicacion_s=1.0851e-05
Archivo LP guardado en: /home/mathiasr/Escritorio/generator-aware-row-scaling/results-revision/research-audit/identifiability-confirmatory/R1_S3_mixed/lp/mixed_S3_seed20260913_SAMatpermB.lp
Archivo LP guardado en: /home/mathiasr/Escritorio/generator-aware-row-scaling/results-revision/research-audit/identifiability-confirmatory/R1_S3_mixed/lp/mixed_S3_seed20260914_Base.lp
[PREPROC PHASES] metadata_s=7.179e-06 diagnostico_s=6.087e-06 aplicacion_s=6.665e-06
Archivo LP guardado en: /home/mathiasr/Escritorio/generator-aware-row-scaling/results-revision/research-audit/identifiability-confirmatory/R1_S3_mixed/lp/mixed_S3_seed20260914_SAMat.lp
[PREPROC] modo plano: 43 filas tratadas como un unico bloque sin roles (kernel geomean por fila)
[PREPROC PHASES] metadata_s=3.36e-07 diagnostico_s=2.821e-06 aplicacion_s=5.097e-06
Archivo LP guardado en: /home/mathiasr/Escritorio/generator-aware-row-scaling/results-revision/research-audit/identifiability-confirmatory/R1_S3_mixed/lp/mixed_S3_seed20260914_FlatGM.lp
[PREPROC] modo plano: 43 filas tratadas como un unico bloque sin roles (kernel geomean por fila)
[PREPROC PHASES] metadata_s=3.54e-07 diagnostico_s=2.757e-06 aplicacion_s=4.961e-06
Archivo LP guardado en: /home/mathiasr/Escritorio/generator-aware-row-scaling/results-revision/research-audit/identifiability-confirmatory/R1_S3_mixed/lp/mixed_S3_seed20260914_FlatL2.lp
[PREPROC PHASES] metadata_s=1.1727e-05 diagnostico_s=1.0859e-05 aplicacion_s=1.0716e-05
Archivo LP guardado en: /home/mathiasr/Escritorio/generator-aware-row-scaling/results-revision/research-audit/identifiability-confirmatory/R1_S3_mixed/lp/mixed_S3_seed20260914_RoleHybrid.lp
[PREPROC PHASES] metadata_s=7.613e-06 diagnostico_s=6.145e-06 aplicacion_s=1.2101e-05
Archivo LP guardado en: /home/mathiasr/Escritorio/generator-aware-row-scaling/results-revision/research-audit/identifiability-confirmatory/R1_S3_mixed/lp/mixed_S3_seed20260914_SAMatpermB.lp
Archivo LP guardado en: /home/mathiasr/Escritorio/generator-aware-row-scaling/results-revision/research-audit/identifiability-confirmatory/R1_S3_mixed/lp/mixed_S3_seed20260915_Base.lp
[PREPROC PHASES] metadata_s=7.271e-06 diagnostico_s=6.65e-06 aplicacion_s=7.489e-06
Archivo LP guardado en: /home/mathiasr/Escritorio/generator-aware-row-scaling/results-revision/research-audit/identifiability-confirmatory/R1_S3_mixed/lp/mixed_S3_seed20260915_SAMat.lp
[PREPROC] modo plano: 43 filas tratadas como un unico bloque sin roles (kernel geomean por fila)
[PREPROC PHASES] metadata_s=6.71e-07 diagnostico_s=3.07e-06 aplicacion_s=5.605e-06
Archivo LP guardado en: /home/mathiasr/Escritorio/generator-aware-row-scaling/results-revision/research-audit/identifiability-confirmatory/R1_S3_mixed/lp/mixed_S3_seed20260915_FlatGM.lp
[PREPROC] modo plano: 43 filas tratadas como un unico bloque sin roles (kernel geomean por fila)
[PREPROC PHASES] metadata_s=3.81e-07 diagnostico_s=2.912e-06 aplicacion_s=5.645e-06
Archivo LP guardado en: /home/mathiasr/Escritorio/generator-aware-row-scaling/results-revision/research-audit/identifiability-confirmatory/R1_S3_mixed/lp/mixed_S3_seed20260915_FlatL2.lp
[PREPROC PHASES] metadata_s=7.249e-06 diagnostico_s=6.296e-06 aplicacion_s=6.375e-06
Archivo LP guardado en: /home/mathiasr/Escritorio/generator-aware-row-scaling/results-revision/research-audit/identifiability-confirmatory/R1_S3_mixed/lp/mixed_S3_seed20260915_RoleHybrid.lp
[PREPROC PHASES] metadata_s=7.177e-06 diagnostico_s=6.084e-06 aplicacion_s=1.1286e-05
Archivo LP guardado en: /home/mathiasr/Escritorio/generator-aware-row-scaling/results-revision/research-audit/identifiability-confirmatory/R1_S3_mixed/lp/mixed_S3_seed20260915_SAMatpermB.lp
Archivo LP guardado en: /home/mathiasr/Escritorio/generator-aware-row-scaling/results-revision/research-audit/identifiability-confirmatory/R1_S3_mixed/lp/mixed_S3_seed20260916_Base.lp
[PREPROC PHASES] metadata_s=7.285e-06 diagnostico_s=6.149e-06 aplicacion_s=7e-06
Archivo LP guardado en: /home/mathiasr/Escritorio/generator-aware-row-scaling/results-revision/research-audit/identifiability-confirmatory/R1_S3_mixed/lp/mixed_S3_seed20260916_SAMat.lp
[PREPROC] modo plano: 43 filas tratadas como un unico bloque sin roles (kernel geomean por fila)
[PREPROC PHASES] metadata_s=3.96e-07 diagnostico_s=2.974e-06 aplicacion_s=5.44e-06
Archivo LP guardado en: /home/mathiasr/Escritorio/generator-aware-row-scaling/results-revision/research-audit/identifiability-confirmatory/R1_S3_mixed/lp/mixed_S3_seed20260916_FlatGM.lp
[PREPROC] modo plano: 43 filas tratadas como un unico bloque sin roles (kernel geomean por fila)
[PREPROC PHASES] metadata_s=3.82e-07 diagnostico_s=2.878e-06 aplicacion_s=5.652e-06
Archivo LP guardado en: /home/mathiasr/Escritorio/generator-aware-row-scaling/results-revision/research-audit/identifiability-confirmatory/R1_S3_mixed/lp/mixed_S3_seed20260916_FlatL2.lp
[PREPROC PHASES] metadata_s=7.239e-06 diagnostico_s=6.391e-06 aplicacion_s=6.163e-06
Archivo LP guardado en: /home/mathiasr/Escritorio/generator-aware-row-scaling/results-revision/research-audit/identifiability-confirmatory/R1_S3_mixed/lp/mixed_S3_seed20260916_RoleHybrid.lp
[PREPROC PHASES] metadata_s=7.358e-06 diagnostico_s=6.795e-06 aplicacion_s=1.1165e-05
Archivo LP guardado en: /home/mathiasr/Escritorio/generator-aware-row-scaling/results-revision/research-audit/identifiability-confirmatory/R1_S3_mixed/lp/mixed_S3_seed20260916_SAMatpermB.lp
Archivo LP guardado en: /home/mathiasr/Escritorio/generator-aware-row-scaling/results-revision/research-audit/identifiability-confirmatory/R1_S3_mixed/lp/mixed_S3_seed20260917_Base.lp
[PREPROC PHASES] metadata_s=9.004e-06 diagnostico_s=6.586e-06 aplicacion_s=6.98e-06
Archivo LP guardado en: /home/mathiasr/Escritorio/generator-aware-row-scaling/results-revision/research-audit/identifiability-confirmatory/R1_S3_mixed/lp/mixed_S3_seed20260917_SAMat.lp
[PREPROC] modo plano: 43 filas tratadas como un unico bloque sin roles (kernel geomean por fila)
[PREPROC PHASES] metadata_s=3.57e-07 diagnostico_s=2.902e-06 aplicacion_s=5.186e-06
Archivo LP guardado en: /home/mathiasr/Escritorio/generator-aware-row-scaling/results-revision/research-audit/identifiability-confirmatory/R1_S3_mixed/lp/mixed_S3_seed20260917_FlatGM.lp
[PREPROC] modo plano: 43 filas tratadas como un unico bloque sin roles (kernel geomean por fila)
[PREPROC PHASES] metadata_s=3.97e-07 diagnostico_s=2.764e-06 aplicacion_s=5.134e-06
Archivo LP guardado en: /home/mathiasr/Escritorio/generator-aware-row-scaling/results-revision/research-audit/identifiability-confirmatory/R1_S3_mixed/lp/mixed_S3_seed20260917_FlatL2.lp
[PREPROC PHASES] metadata_s=7.334e-06 diagnostico_s=6.049e-06 aplicacion_s=6.36e-06
Archivo LP guardado en: /home/mathiasr/Escritorio/generator-aware-row-scaling/results-revision/research-audit/identifiability-confirmatory/R1_S3_mixed/lp/mixed_S3_seed20260917_RoleHybrid.lp
[PREPROC PHASES] metadata_s=7.35e-06 diagnostico_s=5.906e-06 aplicacion_s=1.0801e-05
Archivo LP guardado en: /home/mathiasr/Escritorio/generator-aware-row-scaling/results-revision/research-audit/identifiability-confirmatory/R1_S3_mixed/lp/mixed_S3_seed20260917_SAMatpermB.lp
Archivo LP guardado en: /home/mathiasr/Escritorio/generator-aware-row-scaling/results-revision/research-audit/identifiability-confirmatory/R1_S3_mixed/lp/mixed_S3_seed20260918_Base.lp
[PREPROC PHASES] metadata_s=8.709e-06 diagnostico_s=5.918e-06 aplicacion_s=6.892e-06
Archivo LP guardado en: /home/mathiasr/Escritorio/generator-aware-row-scaling/results-revision/research-audit/identifiability-confirmatory/R1_S3_mixed/lp/mixed_S3_seed20260918_SAMat.lp
[PREPROC] modo plano: 43 filas tratadas como un unico bloque sin roles (kernel geomean por fila)
[PREPROC PHASES] metadata_s=4.02e-07 diagnostico_s=2.836e-06 aplicacion_s=5.255e-06
Archivo LP guardado en: /home/mathiasr/Escritorio/generator-aware-row-scaling/results-revision/research-audit/identifiability-confirmatory/R1_S3_mixed/lp/mixed_S3_seed20260918_FlatGM.lp
[PREPROC] modo plano: 43 filas tratadas como un unico bloque sin roles (kernel geomean por fila)
[PREPROC PHASES] metadata_s=3.62e-07 diagnostico_s=2.856e-06 aplicacion_s=5.354e-06
Archivo LP guardado en: /home/mathiasr/Escritorio/generator-aware-row-scaling/results-revision/research-audit/identifiability-confirmatory/R1_S3_mixed/lp/mixed_S3_seed20260918_FlatL2.lp
[PREPROC PHASES] metadata_s=7.213e-06 diagnostico_s=6.022e-06 aplicacion_s=6.138e-06
Archivo LP guardado en: /home/mathiasr/Escritorio/generator-aware-row-scaling/results-revision/research-audit/identifiability-confirmatory/R1_S3_mixed/lp/mixed_S3_seed20260918_RoleHybrid.lp
[PREPROC PHASES] metadata_s=7.674e-06 diagnostico_s=5.945e-06 aplicacion_s=1.0731e-05
Archivo LP guardado en: /home/mathiasr/Escritorio/generator-aware-row-scaling/results-revision/research-audit/identifiability-confirmatory/R1_S3_mixed/lp/mixed_S3_seed20260918_SAMatpermB.lp
[32m[success] Benchmark sintético: 60 corridas (instancia × variante). CSV: /home/mathiasr/Escritorio/generator-aware-row-scaling/results-revision/research-audit/identifiability-confirmatory/R1_S3_mixed/metrics.csv[0m
> [32m[success] Saliendo del programa...[0m
[32m[success] SystemController destruido[0m
