[32m[success] SystemController creado[0m
> [32m[success] El programa se ha iniciado correctamente[0m
> > 
========== DEBUG CONSTRUCTOR RioNegroBoneteNoLineal ==========
volumenesBonete.size()         = 118
valoresBellman.size()          = 118
derivadasValoresBellman.size() = 118
volumenesBonete.front() = 1487
volumenesBonete.back()  = 10239.8139534883
==============================================================

[info] RioNegroNoLineal: activación de tramos de altura horaria
[32m[success] Se ha creado el agente 'Río Negro Bonete No Lineal' exitosamente[0m
> > [34m[info] Agregando agente Salto Grande[0m
[34m[info] Ingrese costo de agua de Salto Grande:[0m
[34m[info] Ingrese volumen inicial de Salto Grande:[0m
[34m[info] Ingrese aportes de Salto Grande en una sola línea (360 valores):[0m
[info] SaltoGrande: activación de tramos de altura horaria
[32m[success] Se ha creado el agente 'Salto Grande' exitosamente[0m
> > [34m[info] Agregando agente Unidad Térmica Simple[0m
[34m[info] Ingrese potencia máxima de la unidad térmica simple:[0m
[34m[info] Ingrese costo variable de la unidad térmica simple:[0m
[32m[success] Se ha creado el agente 'Unidad Térmica Simple' exitosamente[0m
> > [34m[info] Agregando agente Demanda Fija[0m
[34m[info] Ingrese demandas en una sola línea (360 valores):[0m
[32m[success] Se ha creado el agente 'Demanda Fija' exitosamente[0m
> > [34m[info] Creando despacho de mercado[0m
[34m[info] Modo: despacho de mercado con demanda total explícita[0m
[34m[info] Ingrese cantidad de tramos del despacho de mercado:[0m
[34m[info] Ingrese porcentajes acumulados de los tramos en una sola línea (4 valores):[0m
[34m[info] Ingrese costos marginales de los tramos en una sola línea (4 valores):[0m
[34m[info] Ingrese demanda total en una sola línea (360 valores):[0m
[32m[success] Se ha creado el despacho de mercado exitosamente[0m
> > [32m[success] Solver 'DummyLp' configurado | timeout=1800s | mipgap=0.0001[0m
> 
========== DEBUG RANGO BONETE ==========
volumenInicialBonete [m3] = 3118472000
v0 [hm3]                  = 3118.472
vRef1 [hm3]               = 2650.7012
vRef2 [hm3]               = 3118.472
vRef3 [hm3]               = 3586.2428
min volumen Bellman [hm3] = 1487
max volumen Bellman [hm3] = 10239.8139534883
========================================


========== DEBUG Bonete Bellman ==========
volumenesBonete.size()          = 118
valoresBellman.size()           = 118
derivadasValoresBellman.size()  = 118
v0 [hm3]       = 3118.472
i0             = 22
vCorte0 [hm3]  = 3132.8282647585
B0 = B(vCorte0)= 59032592.8794348
Corte 1:
  vRef1 [hm3]       = 2650.7012
  i1                = 16
  vCorte1 [hm3]     = 2683.96601073345
  B1                = 52130446.8128055
  q1 [costo/hm3]    = 20581.4766503415
  coef1 [costo/m3]  = 0.0205814766503415
  rhs1              = 62142129.84685
Corte 2:
  vRef2 [hm3]       = 3118.472
  i2                = 22
  vCorte2 [hm3]     = 3132.8282647585
  B2                = 59032592.8794348
  q2 [costo/hm3]    = 10790.8474094507
  coef2 [costo/m3]  = 0.0107908474094507
  rhs2              = 33805871.7650232
Corte 3:
  vRef3 [hm3]       = 3586.2428
  i3                = 28
  vCorte3 [hm3]     = 3581.69051878354
  B3                = 62447496.6523991
  q3 [costo/hm3]    = 5139.18139066925
  coef3 [costo/m3]  = 0.00513918139066925
  rhs3              = 14992053.4883046
Variable final usada: a1_v1h(360)
Variable delta usada: a1_delta1h
Restriccion 1 esperada: a1_delta1h + (0.0205814766503415) * a1_v1h(360) >= 62142129.84685
Restriccion 2 esperada: a1_delta1h + (0.0107908474094507) * a1_v1h(360) >= 33805871.7650232
Restriccion 3 esperada: a1_delta1h + (0.00513918139066925) * a1_v1h(360) >= 14992053.4883046
==========================================

[DEBUG Despacho] j=0 idGen=1 coefParticipacionDespacho=1
[DEBUG Despacho] j=1 idGen=2 coefParticipacionDespacho=0.5
[DEBUG Despacho] j=2 idGen=3 coefParticipacionDespacho=1

[DEBUG Despacho] Cantidad de generadores = 3
[DEBUG Despacho] j=0 puntero=0x608f8ed290a0 idGen=1 coefParticipacionDespacho=1
[DEBUG Despacho] j=1 puntero=0x608f8ed23a80 idGen=2 coefParticipacionDespacho=0.5
[DEBUG Despacho] j=2 puntero=0x608f8ed23c60 idGen=3 coefParticipacionDespacho=1

------------------------------------------------------------
  PREPROCESAMIENTO MIP - Diagnostico Numerico
------------------------------------------------------------
Rango de coeficientes (toda la matriz):
  max |coef| = 8.706e+09
  min |coef| = 7.251e-04
  proxy rango= 1.201e+13

Diagnostico por bloque:
Bloque              max|coef|      min|coef|      kappa_aprox   vars    alpha     beta      cols      disc_omit aux_omit  escalado
------------------------------------------------------------------------------------------------------------------------------
a1_                 3.121e+09      1.576e-03      1.98e+12      9361    1.00e+00  1.00e+00  0         0         0         no
a2_                 8.706e+09      7.251e-04      1.20e+13      5040    1.00e+00  1.00e+00  0         0         0         no
a3_                 sin filas      sin filas      N/A           360     1.00e+00  1.00e+00  0         0         0         no  (sin filas locales; aporta g3 al despacho)
sin_agente          1.000e+00      1.000e+00      1.00e+00      0       1.00e+00  1.00e+00  0         0         0         no

Restriccion(es) global(es): 2160 fila(s)
  acoplamiento balance = 360 fila(s)
  global no acoplante  = 1800 fila(s)
  rho aprox (solo acoplamiento) = 1.000e+00
  gamma acoplamiento   = 1.000000
  gamma candidato      = 1.000000
  filas acop. escaladas= no
  filas normaliz. fisica= 0
  motivo gamma=1       = rho bajo; no se escala la fila de acoplamiento

ADVERTENCIAS:
  [!] Rango de coeficientes elevado (12006336393236). Riesgo de sensibilidad numerica.
  [!] Bloque 'a1_' internamente mal escalado (kappa~1980746920268). Conviene comparar equilibrado interno por filas/columnas.
  [!] Bloque 'a2_' internamente mal escalado (kappa~12006336393236). Conviene comparar equilibrado interno por filas/columnas.

[Modo diagnostico: no se modifico el modelo]
------------------------------------------------------------

[32m[success] Diagnostico completado (modelo sin modificar).[0m
> [pipeline] Preprocesamiento seleccionado: Ninguno
[pipeline] Modelo interno sin modificaciones de preprocesamiento.
Archivo LP guardado en: /home/mathiasr/Escritorio/generator-aware-row-scaling/results-revision/research-audit/fixed-basis-final-20260914/fresh/full/instance012/Base.lp
[32m[success] Se ha guardado el modelo exitosamente[0m
> [32m[success] Saliendo del programa...[0m
[32m[success] SystemController destruido[0m
