LP Base has 23763 rows; 16561 cols; 57555 nonzeros
Coefficient ranges:
  Matrix  [7e-04, 9e+09]
  Cost    [1e-04, 1e+02]
  Bound   [1e+00, 1e+10]
  RHS     [5e+00, 6e+09]
WARNING: Problem has some excessively large column bounds
WARNING: Problem has some excessively large row bounds
WARNING:    Consider scaling the    bounds by 1e-5, or setting the user_bound_scale option to -14
Presolving model
23395 rows, 16552 cols, 57162 nonzeros 0s
Dependent equations search running on 2512 equations with time limit of 3.00s
Dependent equations search removed 0 rows and 0 nonzeros in 0.00s (limit = 3.00s)
22305 rows, 15472 cols, 54982 nonzeros 0s
Presolve reductions: rows 22305(-1458); columns 15472(-1089); nonzeros 54982(-2573) 
Solving the presolved LP
Using dual simplex solver
  Iteration        Objective     Infeasibilities num(sum)
          0    -2.0000000000e+03 Ph1: 3(1250); Du: 1(2) 0.2s
       9134    -6.8531965130e+06 Pr: 2337(3.65802e+10); Du: 0(1.71041e-06) 5.4s
      13993    -6.4847245271e+06 Pr: 2045(1.87848e+10); Du: 0(2.76819e-07) 10.5s
      17550    -6.4189083086e+06 Pr: 1575(5.19161e+09); Du: 0(3.77765e-07) 15.7s
      21102    -6.2924721516e+06 Pr: 457(1.1482e+07) 21.2s
      21756    -6.2981461346e+06 Pr: 0(0) 22.4s
      21756    -6.2981461346e+06 Pr: 0(0) 22.4s

Performed postsolve
Solving the original LP from the solution after postsolve

Model name          : Base
Model status        : Optimal
Simplex   iterations: 21756
Objective value     : -6.2981461346e+06
P-D objective error :  2.7356409163e-15
HiGHS run time      :         22.43
