LP Base has 10080 rows; 6120 cols; 22679 nonzeros
Coefficient ranges:
  Matrix  [7e-04, 1e+10]
  Cost    [7e-03, 1e+02]
  Bound   [1e+00, 4e+09]
  RHS     [1e+01, 9e+09]
WARNING: Problem has some excessively large column bounds
WARNING: Problem has some excessively large row bounds
WARNING:    Consider scaling the    bounds by 1e-4, or setting the user_bound_scale option to -14
Presolving model
9680 rows, 6119 cols, 22238 nonzeros 0s
Dependent equations search running on 720 equations with time limit of 3.00s
Dependent equations search removed 0 rows and 0 nonzeros in 0.00s (limit = 3.00s)
9220 rows, 5759 cols, 21318 nonzeros 0s
Presolve reductions: rows 9220(-860); columns 5759(-361); nonzeros 21318(-1361) 
Solving the presolved LP
Using dual simplex solver
  Iteration        Objective     Infeasibilities num(sum)
          0     0.0000000000e+00 Ph1: 0(0) 0.0s
       6621    -2.6190943801e+07 Pr: 0(0) 1.2s

Performed postsolve
Solving the original LP from the solution after postsolve

Model name          : Base
Model status        : Optimal
Simplex   iterations: 6621
Objective value     : -2.6190943801e+07
P-D objective error :  4.4093102534e-15
HiGHS run time      :          1.21
