[32m[success] SystemController creado[0m
> Archivo LP guardado en: /home/mathiasr/Escritorio/generator-aware-row-scaling/results-revision/research-audit/identifiability-final/R2_S3_mixed/lp/mixed_S3_seed20260909_Base.lp
[PREPROC PHASES] metadata_s=4.89e-05 diagnostico_s=4.9843e-05 aplicacion_s=4.5958e-05
Archivo LP guardado en: /home/mathiasr/Escritorio/generator-aware-row-scaling/results-revision/research-audit/identifiability-final/R2_S3_mixed/lp/mixed_S3_seed20260909_SAMat.lp
[PREPROC] modo plano: 43 filas tratadas como un unico bloque sin roles (kernel geomean por fila)
[PREPROC PHASES] metadata_s=1.7e-06 diagnostico_s=2.9964e-05 aplicacion_s=2.9291e-05
Archivo LP guardado en: /home/mathiasr/Escritorio/generator-aware-row-scaling/results-revision/research-audit/identifiability-final/R2_S3_mixed/lp/mixed_S3_seed20260909_FlatGM.lp
[PREPROC] modo plano: 43 filas tratadas como un unico bloque sin roles (kernel geomean por fila)
[PREPROC PHASES] metadata_s=1.286e-06 diagnostico_s=2.87e-05 aplicacion_s=2.8294e-05
Archivo LP guardado en: /home/mathiasr/Escritorio/generator-aware-row-scaling/results-revision/research-audit/identifiability-final/R2_S3_mixed/lp/mixed_S3_seed20260909_FlatL2.lp
[PREPROC PHASES] metadata_s=4.841e-05 diagnostico_s=4.8576e-05 aplicacion_s=3.9344e-05
Archivo LP guardado en: /home/mathiasr/Escritorio/generator-aware-row-scaling/results-revision/research-audit/identifiability-final/R2_S3_mixed/lp/mixed_S3_seed20260909_RoleHybrid.lp
[PREPROC PHASES] metadata_s=4.92e-05 diagnostico_s=4.838e-05 aplicacion_s=5.3088e-05
Archivo LP guardado en: /home/mathiasr/Escritorio/generator-aware-row-scaling/results-revision/research-audit/identifiability-final/R2_S3_mixed/lp/mixed_S3_seed20260909_SAMatpermB.lp
Archivo LP guardado en: /home/mathiasr/Escritorio/generator-aware-row-scaling/results-revision/research-audit/identifiability-final/R2_S3_mixed/lp/mixed_S3_seed20260910_Base.lp
[PREPROC PHASES] metadata_s=5.316e-05 diagnostico_s=4.856e-05 aplicacion_s=4.5371e-05
Archivo LP guardado en: /home/mathiasr/Escritorio/generator-aware-row-scaling/results-revision/research-audit/identifiability-final/R2_S3_mixed/lp/mixed_S3_seed20260910_SAMat.lp
[PREPROC] modo plano: 43 filas tratadas como un unico bloque sin roles (kernel geomean por fila)
[PREPROC PHASES] metadata_s=1.733e-06 diagnostico_s=3.1539e-05 aplicacion_s=3.0982e-05
Archivo LP guardado en: /home/mathiasr/Escritorio/generator-aware-row-scaling/results-revision/research-audit/identifiability-final/R2_S3_mixed/lp/mixed_S3_seed20260910_FlatGM.lp
[PREPROC] modo plano: 43 filas tratadas como un unico bloque sin roles (kernel geomean por fila)
[PREPROC PHASES] metadata_s=1.478e-06 diagnostico_s=2.9183e-05 aplicacion_s=2.8978e-05
Archivo LP guardado en: /home/mathiasr/Escritorio/generator-aware-row-scaling/results-revision/research-audit/identifiability-final/R2_S3_mixed/lp/mixed_S3_seed20260910_FlatL2.lp
[PREPROC PHASES] metadata_s=5.1078e-05 diagnostico_s=5.1324e-05 aplicacion_s=4.1498e-05
Archivo LP guardado en: /home/mathiasr/Escritorio/generator-aware-row-scaling/results-revision/research-audit/identifiability-final/R2_S3_mixed/lp/mixed_S3_seed20260910_RoleHybrid.lp
[PREPROC PHASES] metadata_s=4.9496e-05 diagnostico_s=4.764e-05 aplicacion_s=5.4352e-05
Archivo LP guardado en: /home/mathiasr/Escritorio/generator-aware-row-scaling/results-revision/research-audit/identifiability-final/R2_S3_mixed/lp/mixed_S3_seed20260910_SAMatpermB.lp
Archivo LP guardado en: /home/mathiasr/Escritorio/generator-aware-row-scaling/results-revision/research-audit/identifiability-final/R2_S3_mixed/lp/mixed_S3_seed20260911_Base.lp
[PREPROC PHASES] metadata_s=4.8834e-05 diagnostico_s=4.9462e-05 aplicacion_s=4.3627e-05
Archivo LP guardado en: /home/mathiasr/Escritorio/generator-aware-row-scaling/results-revision/research-audit/identifiability-final/R2_S3_mixed/lp/mixed_S3_seed20260911_SAMat.lp
[PREPROC] modo plano: 43 filas tratadas como un unico bloque sin roles (kernel geomean por fila)
[PREPROC PHASES] metadata_s=1.295e-06 diagnostico_s=2.8645e-05 aplicacion_s=2.783e-05
Archivo LP guardado en: /home/mathiasr/Escritorio/generator-aware-row-scaling/results-revision/research-audit/identifiability-final/R2_S3_mixed/lp/mixed_S3_seed20260911_FlatGM.lp
[PREPROC] modo plano: 43 filas tratadas como un unico bloque sin roles (kernel geomean por fila)
[PREPROC PHASES] metadata_s=1.341e-06 diagnostico_s=2.9207e-05 aplicacion_s=2.8957e-05
Archivo LP guardado en: /home/mathiasr/Escritorio/generator-aware-row-scaling/results-revision/research-audit/identifiability-final/R2_S3_mixed/lp/mixed_S3_seed20260911_FlatL2.lp
[PREPROC PHASES] metadata_s=4.8047e-05 diagnostico_s=4.8179e-05 aplicacion_s=3.952e-05
Archivo LP guardado en: /home/mathiasr/Escritorio/generator-aware-row-scaling/results-revision/research-audit/identifiability-final/R2_S3_mixed/lp/mixed_S3_seed20260911_RoleHybrid.lp
[PREPROC PHASES] metadata_s=4.9306e-05 diagnostico_s=4.6953e-05 aplicacion_s=5.169e-05
Archivo LP guardado en: /home/mathiasr/Escritorio/generator-aware-row-scaling/results-revision/research-audit/identifiability-final/R2_S3_mixed/lp/mixed_S3_seed20260911_SAMatpermB.lp
Archivo LP guardado en: /home/mathiasr/Escritorio/generator-aware-row-scaling/results-revision/research-audit/identifiability-final/R2_S3_mixed/lp/mixed_S3_seed20260912_Base.lp
[PREPROC PHASES] metadata_s=4.9026e-05 diagnostico_s=4.8142e-05 aplicacion_s=4.4324e-05
Archivo LP guardado en: /home/mathiasr/Escritorio/generator-aware-row-scaling/results-revision/research-audit/identifiability-final/R2_S3_mixed/lp/mixed_S3_seed20260912_SAMat.lp
[PREPROC] modo plano: 43 filas tratadas como un unico bloque sin roles (kernel geomean por fila)
[PREPROC PHASES] metadata_s=1.266e-06 diagnostico_s=2.9712e-05 aplicacion_s=3.0346e-05
Archivo LP guardado en: /home/mathiasr/Escritorio/generator-aware-row-scaling/results-revision/research-audit/identifiability-final/R2_S3_mixed/lp/mixed_S3_seed20260912_FlatGM.lp
[PREPROC] modo plano: 43 filas tratadas como un unico bloque sin roles (kernel geomean por fila)
[PREPROC PHASES] metadata_s=1.332e-06 diagnostico_s=2.9327e-05 aplicacion_s=3.0175e-05
Archivo LP guardado en: /home/mathiasr/Escritorio/generator-aware-row-scaling/results-revision/research-audit/identifiability-final/R2_S3_mixed/lp/mixed_S3_seed20260912_FlatL2.lp
[PREPROC PHASES] metadata_s=4.8832e-05 diagnostico_s=4.7447e-05 aplicacion_s=4.1478e-05
Archivo LP guardado en: /home/mathiasr/Escritorio/generator-aware-row-scaling/results-revision/research-audit/identifiability-final/R2_S3_mixed/lp/mixed_S3_seed20260912_RoleHybrid.lp
[PREPROC PHASES] metadata_s=4.9153e-05 diagnostico_s=4.6889e-05 aplicacion_s=5.3208e-05
Archivo LP guardado en: /home/mathiasr/Escritorio/generator-aware-row-scaling/results-revision/research-audit/identifiability-final/R2_S3_mixed/lp/mixed_S3_seed20260912_SAMatpermB.lp
Archivo LP guardado en: /home/mathiasr/Escritorio/generator-aware-row-scaling/results-revision/research-audit/identifiability-final/R2_S3_mixed/lp/mixed_S3_seed20260913_Base.lp
[PREPROC PHASES] metadata_s=4.9536e-05 diagnostico_s=4.8944e-05 aplicacion_s=4.3177e-05
Archivo LP guardado en: /home/mathiasr/Escritorio/generator-aware-row-scaling/results-revision/research-audit/identifiability-final/R2_S3_mixed/lp/mixed_S3_seed20260913_SAMat.lp
[PREPROC] modo plano: 43 filas tratadas como un unico bloque sin roles (kernel geomean por fila)
[PREPROC PHASES] metadata_s=1.412e-06 diagnostico_s=2.8657e-05 aplicacion_s=3.3031e-05
Archivo LP guardado en: /home/mathiasr/Escritorio/generator-aware-row-scaling/results-revision/research-audit/identifiability-final/R2_S3_mixed/lp/mixed_S3_seed20260913_FlatGM.lp
[PREPROC] modo plano: 43 filas tratadas como un unico bloque sin roles (kernel geomean por fila)
[PREPROC PHASES] metadata_s=1.367e-06 diagnostico_s=2.9041e-05 aplicacion_s=2.8619e-05
Archivo LP guardado en: /home/mathiasr/Escritorio/generator-aware-row-scaling/results-revision/research-audit/identifiability-final/R2_S3_mixed/lp/mixed_S3_seed20260913_FlatL2.lp
[PREPROC PHASES] metadata_s=4.9642e-05 diagnostico_s=4.7704e-05 aplicacion_s=4.2842e-05
Archivo LP guardado en: /home/mathiasr/Escritorio/generator-aware-row-scaling/results-revision/research-audit/identifiability-final/R2_S3_mixed/lp/mixed_S3_seed20260913_RoleHybrid.lp
[PREPROC PHASES] metadata_s=4.9158e-05 diagnostico_s=4.7647e-05 aplicacion_s=5.2833e-05
Archivo LP guardado en: /home/mathiasr/Escritorio/generator-aware-row-scaling/results-revision/research-audit/identifiability-final/R2_S3_mixed/lp/mixed_S3_seed20260913_SAMatpermB.lp
Archivo LP guardado en: /home/mathiasr/Escritorio/generator-aware-row-scaling/results-revision/research-audit/identifiability-final/R2_S3_mixed/lp/mixed_S3_seed20260914_Base.lp
[PREPROC PHASES] metadata_s=4.8495e-05 diagnostico_s=4.8695e-05 aplicacion_s=4.1833e-05
Archivo LP guardado en: /home/mathiasr/Escritorio/generator-aware-row-scaling/results-revision/research-audit/identifiability-final/R2_S3_mixed/lp/mixed_S3_seed20260914_SAMat.lp
[PREPROC] modo plano: 43 filas tratadas como un unico bloque sin roles (kernel geomean por fila)
[PREPROC PHASES] metadata_s=1.266e-06 diagnostico_s=2.8438e-05 aplicacion_s=2.8462e-05
Archivo LP guardado en: /home/mathiasr/Escritorio/generator-aware-row-scaling/results-revision/research-audit/identifiability-final/R2_S3_mixed/lp/mixed_S3_seed20260914_FlatGM.lp
[PREPROC] modo plano: 43 filas tratadas como un unico bloque sin roles (kernel geomean por fila)
[PREPROC PHASES] metadata_s=1.372e-06 diagnostico_s=2.9173e-05 aplicacion_s=2.8693e-05
Archivo LP guardado en: /home/mathiasr/Escritorio/generator-aware-row-scaling/results-revision/research-audit/identifiability-final/R2_S3_mixed/lp/mixed_S3_seed20260914_FlatL2.lp
[PREPROC PHASES] metadata_s=4.9287e-05 diagnostico_s=4.7732e-05 aplicacion_s=3.9336e-05
Archivo LP guardado en: /home/mathiasr/Escritorio/generator-aware-row-scaling/results-revision/research-audit/identifiability-final/R2_S3_mixed/lp/mixed_S3_seed20260914_RoleHybrid.lp
[PREPROC PHASES] metadata_s=4.8781e-05 diagnostico_s=4.6656e-05 aplicacion_s=5.1904e-05
Archivo LP guardado en: /home/mathiasr/Escritorio/generator-aware-row-scaling/results-revision/research-audit/identifiability-final/R2_S3_mixed/lp/mixed_S3_seed20260914_SAMatpermB.lp
Archivo LP guardado en: /home/mathiasr/Escritorio/generator-aware-row-scaling/results-revision/research-audit/identifiability-final/R2_S3_mixed/lp/mixed_S3_seed20260915_Base.lp
[PREPROC PHASES] metadata_s=4.9032e-05 diagnostico_s=4.8183e-05 aplicacion_s=4.2857e-05
Archivo LP guardado en: /home/mathiasr/Escritorio/generator-aware-row-scaling/results-revision/research-audit/identifiability-final/R2_S3_mixed/lp/mixed_S3_seed20260915_SAMat.lp
[PREPROC] modo plano: 43 filas tratadas como un unico bloque sin roles (kernel geomean por fila)
[PREPROC PHASES] metadata_s=1.289e-06 diagnostico_s=2.7786e-05 aplicacion_s=2.8173e-05
Archivo LP guardado en: /home/mathiasr/Escritorio/generator-aware-row-scaling/results-revision/research-audit/identifiability-final/R2_S3_mixed/lp/mixed_S3_seed20260915_FlatGM.lp
[PREPROC] modo plano: 43 filas tratadas como un unico bloque sin roles (kernel geomean por fila)
[PREPROC PHASES] metadata_s=1.261e-06 diagnostico_s=2.9117e-05 aplicacion_s=2.7332e-05
Archivo LP guardado en: /home/mathiasr/Escritorio/generator-aware-row-scaling/results-revision/research-audit/identifiability-final/R2_S3_mixed/lp/mixed_S3_seed20260915_FlatL2.lp
[PREPROC PHASES] metadata_s=4.9195e-05 diagnostico_s=4.786e-05 aplicacion_s=3.9845e-05
Archivo LP guardado en: /home/mathiasr/Escritorio/generator-aware-row-scaling/results-revision/research-audit/identifiability-final/R2_S3_mixed/lp/mixed_S3_seed20260915_RoleHybrid.lp
[PREPROC PHASES] metadata_s=4.9032e-05 diagnostico_s=4.7625e-05 aplicacion_s=5.3449e-05
Archivo LP guardado en: /home/mathiasr/Escritorio/generator-aware-row-scaling/results-revision/research-audit/identifiability-final/R2_S3_mixed/lp/mixed_S3_seed20260915_SAMatpermB.lp
Archivo LP guardado en: /home/mathiasr/Escritorio/generator-aware-row-scaling/results-revision/research-audit/identifiability-final/R2_S3_mixed/lp/mixed_S3_seed20260916_Base.lp
[PREPROC PHASES] metadata_s=4.8679e-05 diagnostico_s=4.8152e-05 aplicacion_s=4.3544e-05
Archivo LP guardado en: /home/mathiasr/Escritorio/generator-aware-row-scaling/results-revision/research-audit/identifiability-final/R2_S3_mixed/lp/mixed_S3_seed20260916_SAMat.lp
[PREPROC] modo plano: 43 filas tratadas como un unico bloque sin roles (kernel geomean por fila)
[PREPROC PHASES] metadata_s=1.401e-06 diagnostico_s=2.81e-05 aplicacion_s=2.9036e-05
Archivo LP guardado en: /home/mathiasr/Escritorio/generator-aware-row-scaling/results-revision/research-audit/identifiability-final/R2_S3_mixed/lp/mixed_S3_seed20260916_FlatGM.lp
[PREPROC] modo plano: 43 filas tratadas como un unico bloque sin roles (kernel geomean por fila)
[PREPROC PHASES] metadata_s=1.375e-06 diagnostico_s=2.8713e-05 aplicacion_s=2.7612e-05
Archivo LP guardado en: /home/mathiasr/Escritorio/generator-aware-row-scaling/results-revision/research-audit/identifiability-final/R2_S3_mixed/lp/mixed_S3_seed20260916_FlatL2.lp
[PREPROC PHASES] metadata_s=4.9026e-05 diagnostico_s=4.7318e-05 aplicacion_s=4.14e-05
Archivo LP guardado en: /home/mathiasr/Escritorio/generator-aware-row-scaling/results-revision/research-audit/identifiability-final/R2_S3_mixed/lp/mixed_S3_seed20260916_RoleHybrid.lp
[PREPROC PHASES] metadata_s=4.9259e-05 diagnostico_s=4.7368e-05 aplicacion_s=5.3396e-05
Archivo LP guardado en: /home/mathiasr/Escritorio/generator-aware-row-scaling/results-revision/research-audit/identifiability-final/R2_S3_mixed/lp/mixed_S3_seed20260916_SAMatpermB.lp
Archivo LP guardado en: /home/mathiasr/Escritorio/generator-aware-row-scaling/results-revision/research-audit/identifiability-final/R2_S3_mixed/lp/mixed_S3_seed20260917_Base.lp
[PREPROC PHASES] metadata_s=4.8821e-05 diagnostico_s=4.7777e-05 aplicacion_s=4.3054e-05
Archivo LP guardado en: /home/mathiasr/Escritorio/generator-aware-row-scaling/results-revision/research-audit/identifiability-final/R2_S3_mixed/lp/mixed_S3_seed20260917_SAMat.lp
[PREPROC] modo plano: 43 filas tratadas como un unico bloque sin roles (kernel geomean por fila)
[PREPROC PHASES] metadata_s=1.256e-06 diagnostico_s=2.7849e-05 aplicacion_s=2.9576e-05
Archivo LP guardado en: /home/mathiasr/Escritorio/generator-aware-row-scaling/results-revision/research-audit/identifiability-final/R2_S3_mixed/lp/mixed_S3_seed20260917_FlatGM.lp
[PREPROC] modo plano: 43 filas tratadas como un unico bloque sin roles (kernel geomean por fila)
[PREPROC PHASES] metadata_s=1.209e-06 diagnostico_s=2.9303e-05 aplicacion_s=2.9209e-05
Archivo LP guardado en: /home/mathiasr/Escritorio/generator-aware-row-scaling/results-revision/research-audit/identifiability-final/R2_S3_mixed/lp/mixed_S3_seed20260917_FlatL2.lp
[PREPROC PHASES] metadata_s=4.8826e-05 diagnostico_s=4.7515e-05 aplicacion_s=4.1331e-05
Archivo LP guardado en: /home/mathiasr/Escritorio/generator-aware-row-scaling/results-revision/research-audit/identifiability-final/R2_S3_mixed/lp/mixed_S3_seed20260917_RoleHybrid.lp
[PREPROC PHASES] metadata_s=4.9142e-05 diagnostico_s=4.6919e-05 aplicacion_s=5.3106e-05
Archivo LP guardado en: /home/mathiasr/Escritorio/generator-aware-row-scaling/results-revision/research-audit/identifiability-final/R2_S3_mixed/lp/mixed_S3_seed20260917_SAMatpermB.lp
Archivo LP guardado en: /home/mathiasr/Escritorio/generator-aware-row-scaling/results-revision/research-audit/identifiability-final/R2_S3_mixed/lp/mixed_S3_seed20260918_Base.lp
[PREPROC PHASES] metadata_s=4.8152e-05 diagnostico_s=4.8857e-05 aplicacion_s=4.1607e-05
Archivo LP guardado en: /home/mathiasr/Escritorio/generator-aware-row-scaling/results-revision/research-audit/identifiability-final/R2_S3_mixed/lp/mixed_S3_seed20260918_SAMat.lp
[PREPROC] modo plano: 43 filas tratadas como un unico bloque sin roles (kernel geomean por fila)
[PREPROC PHASES] metadata_s=1.258e-06 diagnostico_s=3.2449e-05 aplicacion_s=2.7288e-05
Archivo LP guardado en: /home/mathiasr/Escritorio/generator-aware-row-scaling/results-revision/research-audit/identifiability-final/R2_S3_mixed/lp/mixed_S3_seed20260918_FlatGM.lp
[PREPROC] modo plano: 43 filas tratadas como un unico bloque sin roles (kernel geomean por fila)
[PREPROC PHASES] metadata_s=1.215e-06 diagnostico_s=2.9432e-05 aplicacion_s=2.6976e-05
Archivo LP guardado en: /home/mathiasr/Escritorio/generator-aware-row-scaling/results-revision/research-audit/identifiability-final/R2_S3_mixed/lp/mixed_S3_seed20260918_FlatL2.lp
[PREPROC PHASES] metadata_s=4.8552e-05 diagnostico_s=4.8149e-05 aplicacion_s=4.0481e-05
Archivo LP guardado en: /home/mathiasr/Escritorio/generator-aware-row-scaling/results-revision/research-audit/identifiability-final/R2_S3_mixed/lp/mixed_S3_seed20260918_RoleHybrid.lp
[PREPROC PHASES] metadata_s=4.9011e-05 diagnostico_s=4.7584e-05 aplicacion_s=5.4305e-05
Archivo LP guardado en: /home/mathiasr/Escritorio/generator-aware-row-scaling/results-revision/research-audit/identifiability-final/R2_S3_mixed/lp/mixed_S3_seed20260918_SAMatpermB.lp
[32m[success] Benchmark sintético: 60 corridas (instancia × variante). CSV: /home/mathiasr/Escritorio/generator-aware-row-scaling/results-revision/research-audit/identifiability-final/R2_S3_mixed/metrics.csv[0m
> [32m[success] Saliendo del programa...[0m
[32m[success] SystemController destruido[0m
