[32m[success] SystemController creado[0m
> Archivo LP guardado en: /home/mathiasr/Escritorio/generator-aware-row-scaling/results-revision/research-audit/identifiability-final/R2_S6_coupling/lp/coupling_S6_seed20260909_Base.lp
[PREPROC PHASES] metadata_s=7.9225e-05 diagnostico_s=8.927e-05 aplicacion_s=8.6299e-05
Archivo LP guardado en: /home/mathiasr/Escritorio/generator-aware-row-scaling/results-revision/research-audit/identifiability-final/R2_S6_coupling/lp/coupling_S6_seed20260909_SAMat.lp
[PREPROC] modo plano: 43 filas tratadas como un unico bloque sin roles (kernel geomean por fila)
[PREPROC PHASES] metadata_s=2.801e-06 diagnostico_s=4.888e-05 aplicacion_s=5.4673e-05
Archivo LP guardado en: /home/mathiasr/Escritorio/generator-aware-row-scaling/results-revision/research-audit/identifiability-final/R2_S6_coupling/lp/coupling_S6_seed20260909_FlatGM.lp
[PREPROC] modo plano: 43 filas tratadas como un unico bloque sin roles (kernel geomean por fila)
[PREPROC PHASES] metadata_s=2.47e-06 diagnostico_s=5.2853e-05 aplicacion_s=5.447e-05
Archivo LP guardado en: /home/mathiasr/Escritorio/generator-aware-row-scaling/results-revision/research-audit/identifiability-final/R2_S6_coupling/lp/coupling_S6_seed20260909_FlatL2.lp
[PREPROC PHASES] metadata_s=7.6742e-05 diagnostico_s=8.4009e-05 aplicacion_s=7.5575e-05
Archivo LP guardado en: /home/mathiasr/Escritorio/generator-aware-row-scaling/results-revision/research-audit/identifiability-final/R2_S6_coupling/lp/coupling_S6_seed20260909_RoleHybrid.lp
[PREPROC PHASES] metadata_s=7.4862e-05 diagnostico_s=8.3348e-05 aplicacion_s=9.2996e-05
Archivo LP guardado en: /home/mathiasr/Escritorio/generator-aware-row-scaling/results-revision/research-audit/identifiability-final/R2_S6_coupling/lp/coupling_S6_seed20260909_SAMatpermB.lp
Archivo LP guardado en: /home/mathiasr/Escritorio/generator-aware-row-scaling/results-revision/research-audit/identifiability-final/R2_S6_coupling/lp/coupling_S6_seed20260910_Base.lp
[PREPROC PHASES] metadata_s=5.5746e-05 diagnostico_s=5.3678e-05 aplicacion_s=5.6e-05
Archivo LP guardado en: /home/mathiasr/Escritorio/generator-aware-row-scaling/results-revision/research-audit/identifiability-final/R2_S6_coupling/lp/coupling_S6_seed20260910_SAMat.lp
[PREPROC] modo plano: 43 filas tratadas como un unico bloque sin roles (kernel geomean por fila)
[PREPROC PHASES] metadata_s=1.693e-06 diagnostico_s=3.1096e-05 aplicacion_s=3.4779e-05
Archivo LP guardado en: /home/mathiasr/Escritorio/generator-aware-row-scaling/results-revision/research-audit/identifiability-final/R2_S6_coupling/lp/coupling_S6_seed20260910_FlatGM.lp
[PREPROC] modo plano: 43 filas tratadas como un unico bloque sin roles (kernel geomean por fila)
[PREPROC PHASES] metadata_s=1.366e-06 diagnostico_s=3.1716e-05 aplicacion_s=3.3907e-05
Archivo LP guardado en: /home/mathiasr/Escritorio/generator-aware-row-scaling/results-revision/research-audit/identifiability-final/R2_S6_coupling/lp/coupling_S6_seed20260910_FlatL2.lp
[PREPROC PHASES] metadata_s=5.1835e-05 diagnostico_s=4.8401e-05 aplicacion_s=4.5917e-05
Archivo LP guardado en: /home/mathiasr/Escritorio/generator-aware-row-scaling/results-revision/research-audit/identifiability-final/R2_S6_coupling/lp/coupling_S6_seed20260910_RoleHybrid.lp
[PREPROC PHASES] metadata_s=5.1548e-05 diagnostico_s=4.8012e-05 aplicacion_s=5.9707e-05
Archivo LP guardado en: /home/mathiasr/Escritorio/generator-aware-row-scaling/results-revision/research-audit/identifiability-final/R2_S6_coupling/lp/coupling_S6_seed20260910_SAMatpermB.lp
Archivo LP guardado en: /home/mathiasr/Escritorio/generator-aware-row-scaling/results-revision/research-audit/identifiability-final/R2_S6_coupling/lp/coupling_S6_seed20260911_Base.lp
[PREPROC PHASES] metadata_s=5.0586e-05 diagnostico_s=4.7675e-05 aplicacion_s=5.1151e-05
Archivo LP guardado en: /home/mathiasr/Escritorio/generator-aware-row-scaling/results-revision/research-audit/identifiability-final/R2_S6_coupling/lp/coupling_S6_seed20260911_SAMat.lp
[PREPROC] modo plano: 43 filas tratadas como un unico bloque sin roles (kernel geomean por fila)
[PREPROC PHASES] metadata_s=1.39e-06 diagnostico_s=3.0765e-05 aplicacion_s=3.2894e-05
Archivo LP guardado en: /home/mathiasr/Escritorio/generator-aware-row-scaling/results-revision/research-audit/identifiability-final/R2_S6_coupling/lp/coupling_S6_seed20260911_FlatGM.lp
[PREPROC] modo plano: 43 filas tratadas como un unico bloque sin roles (kernel geomean por fila)
[PREPROC PHASES] metadata_s=1.353e-06 diagnostico_s=2.96e-05 aplicacion_s=3.2307e-05
Archivo LP guardado en: /home/mathiasr/Escritorio/generator-aware-row-scaling/results-revision/research-audit/identifiability-final/R2_S6_coupling/lp/coupling_S6_seed20260911_FlatL2.lp
[PREPROC PHASES] metadata_s=5.0336e-05 diagnostico_s=4.7296e-05 aplicacion_s=4.7699e-05
Archivo LP guardado en: /home/mathiasr/Escritorio/generator-aware-row-scaling/results-revision/research-audit/identifiability-final/R2_S6_coupling/lp/coupling_S6_seed20260911_RoleHybrid.lp
[PREPROC PHASES] metadata_s=5.043e-05 diagnostico_s=5.1912e-05 aplicacion_s=5.6658e-05
Archivo LP guardado en: /home/mathiasr/Escritorio/generator-aware-row-scaling/results-revision/research-audit/identifiability-final/R2_S6_coupling/lp/coupling_S6_seed20260911_SAMatpermB.lp
Archivo LP guardado en: /home/mathiasr/Escritorio/generator-aware-row-scaling/results-revision/research-audit/identifiability-final/R2_S6_coupling/lp/coupling_S6_seed20260912_Base.lp
[PREPROC PHASES] metadata_s=5.0343e-05 diagnostico_s=4.841e-05 aplicacion_s=4.678e-05
Archivo LP guardado en: /home/mathiasr/Escritorio/generator-aware-row-scaling/results-revision/research-audit/identifiability-final/R2_S6_coupling/lp/coupling_S6_seed20260912_SAMat.lp
[PREPROC] modo plano: 43 filas tratadas como un unico bloque sin roles (kernel geomean por fila)
[PREPROC PHASES] metadata_s=1.454e-06 diagnostico_s=3.0341e-05 aplicacion_s=3.1339e-05
Archivo LP guardado en: /home/mathiasr/Escritorio/generator-aware-row-scaling/results-revision/research-audit/identifiability-final/R2_S6_coupling/lp/coupling_S6_seed20260912_FlatGM.lp
[PREPROC] modo plano: 43 filas tratadas como un unico bloque sin roles (kernel geomean por fila)
[PREPROC PHASES] metadata_s=1.296e-06 diagnostico_s=2.9322e-05 aplicacion_s=3.2304e-05
Archivo LP guardado en: /home/mathiasr/Escritorio/generator-aware-row-scaling/results-revision/research-audit/identifiability-final/R2_S6_coupling/lp/coupling_S6_seed20260912_FlatL2.lp
[PREPROC PHASES] metadata_s=0.000186558 diagnostico_s=6.0969e-05 aplicacion_s=4.7035e-05
Archivo LP guardado en: /home/mathiasr/Escritorio/generator-aware-row-scaling/results-revision/research-audit/identifiability-final/R2_S6_coupling/lp/coupling_S6_seed20260912_RoleHybrid.lp
[PREPROC PHASES] metadata_s=4.963e-05 diagnostico_s=4.7127e-05 aplicacion_s=5.7502e-05
Archivo LP guardado en: /home/mathiasr/Escritorio/generator-aware-row-scaling/results-revision/research-audit/identifiability-final/R2_S6_coupling/lp/coupling_S6_seed20260912_SAMatpermB.lp
Archivo LP guardado en: /home/mathiasr/Escritorio/generator-aware-row-scaling/results-revision/research-audit/identifiability-final/R2_S6_coupling/lp/coupling_S6_seed20260913_Base.lp
[PREPROC PHASES] metadata_s=4.9311e-05 diagnostico_s=4.5542e-05 aplicacion_s=4.4903e-05
Archivo LP guardado en: /home/mathiasr/Escritorio/generator-aware-row-scaling/results-revision/research-audit/identifiability-final/R2_S6_coupling/lp/coupling_S6_seed20260913_SAMat.lp
[PREPROC] modo plano: 43 filas tratadas como un unico bloque sin roles (kernel geomean por fila)
[PREPROC PHASES] metadata_s=1.499e-06 diagnostico_s=2.9029e-05 aplicacion_s=3.3412e-05
Archivo LP guardado en: /home/mathiasr/Escritorio/generator-aware-row-scaling/results-revision/research-audit/identifiability-final/R2_S6_coupling/lp/coupling_S6_seed20260913_FlatGM.lp
[PREPROC] modo plano: 43 filas tratadas como un unico bloque sin roles (kernel geomean por fila)
[PREPROC PHASES] metadata_s=1.35e-06 diagnostico_s=3.032e-05 aplicacion_s=3.1473e-05
Archivo LP guardado en: /home/mathiasr/Escritorio/generator-aware-row-scaling/results-revision/research-audit/identifiability-final/R2_S6_coupling/lp/coupling_S6_seed20260913_FlatL2.lp
[PREPROC PHASES] metadata_s=5.0315e-05 diagnostico_s=4.6187e-05 aplicacion_s=4.4327e-05
Archivo LP guardado en: /home/mathiasr/Escritorio/generator-aware-row-scaling/results-revision/research-audit/identifiability-final/R2_S6_coupling/lp/coupling_S6_seed20260913_RoleHybrid.lp
[PREPROC PHASES] metadata_s=5.5872e-05 diagnostico_s=4.4701e-05 aplicacion_s=5.4693e-05
Archivo LP guardado en: /home/mathiasr/Escritorio/generator-aware-row-scaling/results-revision/research-audit/identifiability-final/R2_S6_coupling/lp/coupling_S6_seed20260913_SAMatpermB.lp
Archivo LP guardado en: /home/mathiasr/Escritorio/generator-aware-row-scaling/results-revision/research-audit/identifiability-final/R2_S6_coupling/lp/coupling_S6_seed20260914_Base.lp
[PREPROC PHASES] metadata_s=5.2389e-05 diagnostico_s=4.6484e-05 aplicacion_s=4.5138e-05
Archivo LP guardado en: /home/mathiasr/Escritorio/generator-aware-row-scaling/results-revision/research-audit/identifiability-final/R2_S6_coupling/lp/coupling_S6_seed20260914_SAMat.lp
[PREPROC] modo plano: 43 filas tratadas como un unico bloque sin roles (kernel geomean por fila)
[PREPROC PHASES] metadata_s=1.431e-06 diagnostico_s=2.9851e-05 aplicacion_s=3.0614e-05
Archivo LP guardado en: /home/mathiasr/Escritorio/generator-aware-row-scaling/results-revision/research-audit/identifiability-final/R2_S6_coupling/lp/coupling_S6_seed20260914_FlatGM.lp
[PREPROC] modo plano: 43 filas tratadas como un unico bloque sin roles (kernel geomean por fila)
[PREPROC PHASES] metadata_s=1.279e-06 diagnostico_s=3.1953e-05 aplicacion_s=3.106e-05
Archivo LP guardado en: /home/mathiasr/Escritorio/generator-aware-row-scaling/results-revision/research-audit/identifiability-final/R2_S6_coupling/lp/coupling_S6_seed20260914_FlatL2.lp
[PREPROC PHASES] metadata_s=4.8996e-05 diagnostico_s=4.6057e-05 aplicacion_s=4.4462e-05
Archivo LP guardado en: /home/mathiasr/Escritorio/generator-aware-row-scaling/results-revision/research-audit/identifiability-final/R2_S6_coupling/lp/coupling_S6_seed20260914_RoleHybrid.lp
[PREPROC PHASES] metadata_s=4.8938e-05 diagnostico_s=4.5516e-05 aplicacion_s=5.739e-05
Archivo LP guardado en: /home/mathiasr/Escritorio/generator-aware-row-scaling/results-revision/research-audit/identifiability-final/R2_S6_coupling/lp/coupling_S6_seed20260914_SAMatpermB.lp
Archivo LP guardado en: /home/mathiasr/Escritorio/generator-aware-row-scaling/results-revision/research-audit/identifiability-final/R2_S6_coupling/lp/coupling_S6_seed20260915_Base.lp
[PREPROC PHASES] metadata_s=4.9582e-05 diagnostico_s=4.6851e-05 aplicacion_s=4.4801e-05
Archivo LP guardado en: /home/mathiasr/Escritorio/generator-aware-row-scaling/results-revision/research-audit/identifiability-final/R2_S6_coupling/lp/coupling_S6_seed20260915_SAMat.lp
[PREPROC] modo plano: 43 filas tratadas como un unico bloque sin roles (kernel geomean por fila)
[PREPROC PHASES] metadata_s=1.44e-06 diagnostico_s=3.0378e-05 aplicacion_s=3.1889e-05
Archivo LP guardado en: /home/mathiasr/Escritorio/generator-aware-row-scaling/results-revision/research-audit/identifiability-final/R2_S6_coupling/lp/coupling_S6_seed20260915_FlatGM.lp
[PREPROC] modo plano: 43 filas tratadas como un unico bloque sin roles (kernel geomean por fila)
[PREPROC PHASES] metadata_s=1.567e-06 diagnostico_s=2.9229e-05 aplicacion_s=3.2235e-05
Archivo LP guardado en: /home/mathiasr/Escritorio/generator-aware-row-scaling/results-revision/research-audit/identifiability-final/R2_S6_coupling/lp/coupling_S6_seed20260915_FlatL2.lp
[PREPROC PHASES] metadata_s=4.9251e-05 diagnostico_s=4.5943e-05 aplicacion_s=4.208e-05
Archivo LP guardado en: /home/mathiasr/Escritorio/generator-aware-row-scaling/results-revision/research-audit/identifiability-final/R2_S6_coupling/lp/coupling_S6_seed20260915_RoleHybrid.lp
[PREPROC PHASES] metadata_s=4.9353e-05 diagnostico_s=4.5233e-05 aplicacion_s=5.8968e-05
Archivo LP guardado en: /home/mathiasr/Escritorio/generator-aware-row-scaling/results-revision/research-audit/identifiability-final/R2_S6_coupling/lp/coupling_S6_seed20260915_SAMatpermB.lp
Archivo LP guardado en: /home/mathiasr/Escritorio/generator-aware-row-scaling/results-revision/research-audit/identifiability-final/R2_S6_coupling/lp/coupling_S6_seed20260916_Base.lp
[PREPROC PHASES] metadata_s=4.9151e-05 diagnostico_s=4.6541e-05 aplicacion_s=4.4687e-05
Archivo LP guardado en: /home/mathiasr/Escritorio/generator-aware-row-scaling/results-revision/research-audit/identifiability-final/R2_S6_coupling/lp/coupling_S6_seed20260916_SAMat.lp
[PREPROC] modo plano: 43 filas tratadas como un unico bloque sin roles (kernel geomean por fila)
[PREPROC PHASES] metadata_s=1.164e-06 diagnostico_s=2.8357e-05 aplicacion_s=3.1015e-05
Archivo LP guardado en: /home/mathiasr/Escritorio/generator-aware-row-scaling/results-revision/research-audit/identifiability-final/R2_S6_coupling/lp/coupling_S6_seed20260916_FlatGM.lp
[PREPROC] modo plano: 43 filas tratadas como un unico bloque sin roles (kernel geomean por fila)
[PREPROC PHASES] metadata_s=1.241e-06 diagnostico_s=2.9103e-05 aplicacion_s=3.1304e-05
Archivo LP guardado en: /home/mathiasr/Escritorio/generator-aware-row-scaling/results-revision/research-audit/identifiability-final/R2_S6_coupling/lp/coupling_S6_seed20260916_FlatL2.lp
[PREPROC PHASES] metadata_s=5.3354e-05 diagnostico_s=4.5411e-05 aplicacion_s=4.2609e-05
Archivo LP guardado en: /home/mathiasr/Escritorio/generator-aware-row-scaling/results-revision/research-audit/identifiability-final/R2_S6_coupling/lp/coupling_S6_seed20260916_RoleHybrid.lp
[PREPROC PHASES] metadata_s=4.9089e-05 diagnostico_s=4.55e-05 aplicacion_s=5.4933e-05
Archivo LP guardado en: /home/mathiasr/Escritorio/generator-aware-row-scaling/results-revision/research-audit/identifiability-final/R2_S6_coupling/lp/coupling_S6_seed20260916_SAMatpermB.lp
Archivo LP guardado en: /home/mathiasr/Escritorio/generator-aware-row-scaling/results-revision/research-audit/identifiability-final/R2_S6_coupling/lp/coupling_S6_seed20260917_Base.lp
[PREPROC PHASES] metadata_s=4.9404e-05 diagnostico_s=4.6521e-05 aplicacion_s=4.459e-05
Archivo LP guardado en: /home/mathiasr/Escritorio/generator-aware-row-scaling/results-revision/research-audit/identifiability-final/R2_S6_coupling/lp/coupling_S6_seed20260917_SAMat.lp
[PREPROC] modo plano: 43 filas tratadas como un unico bloque sin roles (kernel geomean por fila)
[PREPROC PHASES] metadata_s=1.302e-06 diagnostico_s=2.8628e-05 aplicacion_s=3.1258e-05
Archivo LP guardado en: /home/mathiasr/Escritorio/generator-aware-row-scaling/results-revision/research-audit/identifiability-final/R2_S6_coupling/lp/coupling_S6_seed20260917_FlatGM.lp
[PREPROC] modo plano: 43 filas tratadas como un unico bloque sin roles (kernel geomean por fila)
[PREPROC PHASES] metadata_s=1.326e-06 diagnostico_s=2.9761e-05 aplicacion_s=3.149e-05
Archivo LP guardado en: /home/mathiasr/Escritorio/generator-aware-row-scaling/results-revision/research-audit/identifiability-final/R2_S6_coupling/lp/coupling_S6_seed20260917_FlatL2.lp
[PREPROC PHASES] metadata_s=4.8795e-05 diagnostico_s=4.5585e-05 aplicacion_s=4.2165e-05
Archivo LP guardado en: /home/mathiasr/Escritorio/generator-aware-row-scaling/results-revision/research-audit/identifiability-final/R2_S6_coupling/lp/coupling_S6_seed20260917_RoleHybrid.lp
[PREPROC PHASES] metadata_s=4.9039e-05 diagnostico_s=4.6098e-05 aplicacion_s=5.5206e-05
Archivo LP guardado en: /home/mathiasr/Escritorio/generator-aware-row-scaling/results-revision/research-audit/identifiability-final/R2_S6_coupling/lp/coupling_S6_seed20260917_SAMatpermB.lp
Archivo LP guardado en: /home/mathiasr/Escritorio/generator-aware-row-scaling/results-revision/research-audit/identifiability-final/R2_S6_coupling/lp/coupling_S6_seed20260918_Base.lp
[PREPROC PHASES] metadata_s=4.8756e-05 diagnostico_s=4.6015e-05 aplicacion_s=4.5419e-05
Archivo LP guardado en: /home/mathiasr/Escritorio/generator-aware-row-scaling/results-revision/research-audit/identifiability-final/R2_S6_coupling/lp/coupling_S6_seed20260918_SAMat.lp
[PREPROC] modo plano: 43 filas tratadas como un unico bloque sin roles (kernel geomean por fila)
[PREPROC PHASES] metadata_s=1.406e-06 diagnostico_s=2.8584e-05 aplicacion_s=3.1056e-05
Archivo LP guardado en: /home/mathiasr/Escritorio/generator-aware-row-scaling/results-revision/research-audit/identifiability-final/R2_S6_coupling/lp/coupling_S6_seed20260918_FlatGM.lp
[PREPROC] modo plano: 43 filas tratadas como un unico bloque sin roles (kernel geomean por fila)
[PREPROC PHASES] metadata_s=1.371e-06 diagnostico_s=2.998e-05 aplicacion_s=3.1231e-05
Archivo LP guardado en: /home/mathiasr/Escritorio/generator-aware-row-scaling/results-revision/research-audit/identifiability-final/R2_S6_coupling/lp/coupling_S6_seed20260918_FlatL2.lp
[PREPROC PHASES] metadata_s=5.3802e-05 diagnostico_s=4.6366e-05 aplicacion_s=4.304e-05
Archivo LP guardado en: /home/mathiasr/Escritorio/generator-aware-row-scaling/results-revision/research-audit/identifiability-final/R2_S6_coupling/lp/coupling_S6_seed20260918_RoleHybrid.lp
[PREPROC PHASES] metadata_s=4.8859e-05 diagnostico_s=4.572e-05 aplicacion_s=5.5555e-05
Archivo LP guardado en: /home/mathiasr/Escritorio/generator-aware-row-scaling/results-revision/research-audit/identifiability-final/R2_S6_coupling/lp/coupling_S6_seed20260918_SAMatpermB.lp
[32m[success] Benchmark sintético: 60 corridas (instancia × variante). CSV: /home/mathiasr/Escritorio/generator-aware-row-scaling/results-revision/research-audit/identifiability-final/R2_S6_coupling/metrics.csv[0m
> [32m[success] Saliendo del programa...[0m
[32m[success] SystemController destruido[0m
