LP Base has 23763 rows; 16561 cols; 57555 nonzeros
Coefficient ranges:
  Matrix  [3e-04, 1e+10]
  Cost    [2e-04, 1e+02]
  Bound   [1e+00, 1e+10]
  RHS     [5e+00, 1e+10]
WARNING: Problem has some excessively large column bounds
WARNING: Problem has some excessively large row bounds
WARNING:    Consider scaling the    bounds by 1e-5, or setting the user_bound_scale option to -14
Presolving model
23395 rows, 16551 cols, 57161 nonzeros 0s
Dependent equations search running on 2512 equations with time limit of 3.00s
Dependent equations search removed 0 rows and 0 nonzeros in 0.00s (limit = 3.00s)
22298 rows, 15471 cols, 54967 nonzeros 0s
Presolve reductions: rows 22298(-1465); columns 15471(-1090); nonzeros 54967(-2588) 
Solving the presolved LP
Using dual simplex solver
  Iteration        Objective     Infeasibilities num(sum)
          0    -2.0000000000e+03 Ph1: 3(3500); Du: 1(2) 0.1s
      13601    -8.1865877029e+05 Pr: 3478(1.27808e+14); Du: 0(1.30262e-19) 5.2s
      18283    -7.0456724266e+05 Pr: 2060(2.20078e+09); Du: 0(9.42979e-08) 10.5s
      19906    -6.8249526001e+05 Pr: 0(0); Du: 0(7.31627e-08) 12.1s
      19906    -6.8249526001e+05 Pr: 0(0); Du: 0(7.31627e-08) 12.1s
      19906    -6.8249526001e+05 Pr: 0(0); Du: 0(7.31627e-08) 12.1s
Using primal simplex solver
  Iteration        Objective     Infeasibilities num(sum)
      19906    -6.8249526001e+05 Pr: 0(0); Du: 1(7.49216e-05) 12.1s
      19907    -6.8249526020e+05 Pr: 0(0); Du: 0(3.62339e-09) 12.1s

Performed postsolve
Solving the original LP from the solution after postsolve

Model name          : Base
Model status        : Optimal
Simplex   iterations: 19907
Objective value     : -6.8249526020e+05
P-D objective error :  4.2643239935e-16
HiGHS run time      :         12.19
