LP Base has 23763 rows; 16561 cols; 57555 nonzeros
Coefficient ranges:
  Matrix  [2e-04, 8e+09]
  Cost    [2e-04, 1e+02]
  Bound   [1e+00, 1e+10]
  RHS     [5e+00, 7e+09]
WARNING: Problem has some excessively large column bounds
WARNING: Problem has some excessively large row bounds
WARNING:    Consider scaling the    bounds by 1e-5, or setting the user_bound_scale option to -14
Presolving model
23395 rows, 16551 cols, 57161 nonzeros 0s
Dependent equations search running on 2512 equations with time limit of 3.00s
Dependent equations search removed 0 rows and 0 nonzeros in 0.00s (limit = 3.00s)
22315 rows, 15471 cols, 55001 nonzeros 0s
Presolve reductions: rows 22315(-1448); columns 15471(-1090); nonzeros 55001(-2554) 
Solving the presolved LP
Using dual simplex solver
  Iteration        Objective     Infeasibilities num(sum)
          0    -1.0000000000e+03 Ph1: 3(2500); Du: 1(1) 0.2s
       9739    -1.1160173328e+06 Pr: 3893(1.02429e+10); Du: 0(2.53364e-07) 5.3s
      15079    -9.3135500931e+05 Pr: 5266(1.83548e+10); Du: 0(7.83358e-08) 10.6s
      18118    -8.6245561085e+05 Pr: 3291(3.901e+09); Du: 0(3.65613e-08) 15.8s
      20423    -8.4150221015e+05 Pr: 2762(3.00742e+09) 21.1s
      23405    -8.2212183194e+05 Pr: 1244(6.28723e+08) 26.4s
      24743    -8.2974862953e+05 Pr: 0(0) 29.3s
      24743    -8.2974862953e+05 Pr: 0(0) 29.3s

Performed postsolve
Solving the original LP from the solution after postsolve

Model name          : Base
Model status        : Optimal
Simplex   iterations: 24743
Objective value     : -8.2974862953e+05
P-D objective error :  5.6120732248e-16
HiGHS run time      :         29.46
