[32m[success] SystemController creado[0m
> [32m[success] El programa se ha iniciado correctamente[0m
> > 
========== DEBUG CONSTRUCTOR RioNegroBoneteNoLineal ==========
volumenesBonete.size()         = 118
valoresBellman.size()          = 118
derivadasValoresBellman.size() = 118
volumenesBonete.front() = 1487
volumenesBonete.back()  = 10239.8139534883
==============================================================

[info] RioNegroNoLineal: activación de tramos de altura horaria
[32m[success] Se ha creado el agente 'Río Negro Bonete No Lineal' exitosamente[0m
> > [34m[info] Agregando agente Salto Grande[0m
[34m[info] Ingrese costo de agua de Salto Grande:[0m
[34m[info] Ingrese volumen inicial de Salto Grande:[0m
[34m[info] Ingrese aportes de Salto Grande en una sola línea (360 valores):[0m
[info] SaltoGrande: activación de tramos de altura horaria
[32m[success] Se ha creado el agente 'Salto Grande' exitosamente[0m
> > [34m[info] Agregando agente Unidad Térmica Simple[0m
[34m[info] Ingrese potencia máxima de la unidad térmica simple:[0m
[34m[info] Ingrese costo variable de la unidad térmica simple:[0m
[32m[success] Se ha creado el agente 'Unidad Térmica Simple' exitosamente[0m
> > [34m[info] Agregando agente Demanda Fija[0m
[34m[info] Ingrese demandas en una sola línea (360 valores):[0m
[32m[success] Se ha creado el agente 'Demanda Fija' exitosamente[0m
> > [34m[info] Creando despacho de mercado[0m
[34m[info] Modo: despacho de mercado con demanda total explícita[0m
[34m[info] Ingrese cantidad de tramos del despacho de mercado:[0m
[34m[info] Ingrese porcentajes acumulados de los tramos en una sola línea (4 valores):[0m
[34m[info] Ingrese costos marginales de los tramos en una sola línea (4 valores):[0m
[34m[info] Ingrese demanda total en una sola línea (360 valores):[0m
[32m[success] Se ha creado el despacho de mercado exitosamente[0m
> > [32m[success] Solver 'DummyLp' configurado | timeout=1800s | mipgap=0.0001[0m
> 
========== DEBUG RANGO BONETE ==========
volumenInicialBonete [m3] = 7267615000
v0 [hm3]                  = 7267.615
vRef1 [hm3]               = 6177.47275
vRef2 [hm3]               = 7267.615
vRef3 [hm3]               = 8357.75725
min volumen Bellman [hm3] = 1487
max volumen Bellman [hm3] = 10239.8139534883
========================================


========== DEBUG Bonete Bellman ==========
volumenesBonete.size()          = 118
valoresBellman.size()           = 118
derivadasValoresBellman.size()  = 118
v0 [hm3]       = 7267.615
i0             = 77
vCorte0 [hm3]  = 7247.39892665474
B0 = B(vCorte0)= 69785466.527459
Corte 1:
  vRef1 [hm3]       = 6177.47275
  i1                = 63
  vCorte1 [hm3]     = 6200.05366726297
  B1                = 68995951.8359983
  q1 [costo/hm3]    = 1192.39249366084
  coef1 [costo/m3]  = 0.00119239249366084
  rhs1              = 8182412.14459943
Corte 2:
  vRef2 [hm3]       = 7267.615
  i2                = 77
  vCorte2 [hm3]     = 7247.39892665474
  B2                = 69785466.527459
  q2 [costo/hm3]    = 418.73840055879
  coef2 [costo/m3]  = 0.00041873840055879
  rhs2              = 3034764.2347589
Corte 3:
  vRef3 [hm3]       = 8357.75725
  i3                = 92
  vCorte3 [hm3]     = 8369.55456171735
  B3                = 70107365.9662811
  q3 [costo/hm3]    = 184.15237351557
  coef3 [costo/m3]  = 0.00018415237351557
  rhs3              = 1219373.89898621
Variable final usada: a1_v1h(360)
Variable delta usada: a1_delta1h
Restriccion 1 esperada: a1_delta1h + (0.00119239249366084) * a1_v1h(360) >= 8182412.14459943
Restriccion 2 esperada: a1_delta1h + (0.00041873840055879) * a1_v1h(360) >= 3034764.2347589
Restriccion 3 esperada: a1_delta1h + (0.00018415237351557) * a1_v1h(360) >= 1219373.89898621
==========================================

[DEBUG Despacho] j=0 idGen=1 coefParticipacionDespacho=1
[DEBUG Despacho] j=1 idGen=2 coefParticipacionDespacho=0.5
[DEBUG Despacho] j=2 idGen=3 coefParticipacionDespacho=1

[DEBUG Despacho] Cantidad de generadores = 3
[DEBUG Despacho] j=0 puntero=0x57e340974fd0 idGen=1 coefParticipacionDespacho=1
[DEBUG Despacho] j=1 puntero=0x57e34096fa80 idGen=2 coefParticipacionDespacho=0.5
[DEBUG Despacho] j=2 puntero=0x57e340970780 idGen=3 coefParticipacionDespacho=1
[PREPROC PHASES] metadata_s=0.169424752 diagnostico_s=0.036518851 aplicacion_s=0.058733777

------------------------------------------------------------
  PREPROCESAMIENTO MIP - Diagnostico Numerico
------------------------------------------------------------
Rango de coeficientes (toda la matriz):
  max |coef| = 2.370e+08
  min |coef| = 1.123e-05
  proxy rango= 2.110e+13

Diagnostico por bloque:
Bloque              max|coef|      min|coef|      kappa_aprox   vars    alpha     beta      cols      disc_omit aux_omit  escalado
------------------------------------------------------------------------------------------------------------------------------
a1_                 2.370e+08      2.576e-05      9.20e+12      9361    1.26e-02  1.00e+00  0         0         0         SI  (filas=10083, alpha_min=2.58e-05, alpha_max=7.37e+01)
a2_                 3.375e+07      1.123e-05      3.01e+12      5040    1.33e-01  1.00e+00  0         0         0         SI  (filas=6480, alpha_min=1.12e-05, alpha_max=4.21e+01)
a3_                 sin filas      sin filas      N/A           360     1.00e+00  1.00e+00  0         0         0         no  (sin filas locales; aporta g3 al despacho)
sin_agente          1.000e+00      1.000e+00      1.00e+00      0       1.00e+00  1.00e+00  0         0         0         no

Restriccion(es) global(es): 2160 fila(s)
  acoplamiento balance = 360 fila(s)
  global no acoplante  = 1800 fila(s)
  rho aprox (solo acoplamiento) = 1.000e+00
  gamma acoplamiento   = 1.000000
  gamma candidato      = 1.000000
  filas acop. escaladas= no
  filas normaliz. fisica= 0
  motivo gamma=1       = rho bajo; no se escala la fila de acoplamiento

ADVERTENCIAS:
  [!] Rango de coeficientes elevado (21099789259652). Riesgo de sensibilidad numerica.
  [!] Bloque 'a1_' internamente mal escalado (kappa~9197080878271). Conviene comparar equilibrado interno por filas/columnas.
  [!] Bloque 'a2_' internamente mal escalado (kappa~3005012082467). Conviene comparar equilibrado interno por filas/columnas.
------------------------------------------------------------

------------------------------------------------------------
  COMPARACION NUMERICA ANTES / DESPUES
------------------------------------------------------------
Indicador                   antes           despues         despues/antes
----------------------------------------------------------------------------
rango global                4.306e+13       2.110e+13       4.901e-01
rho acoplamiento            1.000e+00       1.000e+00       1.000e+00
gamma aplicado              1.000000        1.000000        1.000000

Bloques locales:
Bloque              kappa antes     kappa despues   alpha       beta        filas       cols        disc_omit   aux_omit    escalado
------------------------------------------------------------------------------------------------------------------------------------
a1_                 3.948e+13       9.197e+12       1.262e-02   1.000e+00   10083       0           0           0           SI
a2_                 1.406e+13       3.005e+12       1.329e-01   1.000e+00   6480        0           0           0           SI
a3_                 N/A             N/A             1.000e+00   1.000e+00   0           0           0           0           no
sin_agente          1.000e+00       1.000e+00       1.000e+00   1.000e+00   0           0           0           0           no

Interpretacion: valores despues/antes menores que 1 indican mejora del proxy.
rho se calcula solo con filas de acoplamiento; las cotas de demanda sobre g quedan fuera.
El escalamiento local activo fue estructurado: alpha_r interno y beta_i entre bloques.
------------------------------------------------------------

[PREPROC TIME] variante=role_hybrid tiempo_s=0.265031478 u=2 K=4 epsMin=1e-09 epsMax=1000000000
[32m[success] Preprocesamiento aplicado.[0m
> [pipeline] Preprocesamiento seleccionado: Ninguno
[pipeline] Modelo interno sin modificaciones de preprocesamiento.
Archivo LP guardado en: /home/mathiasr/Escritorio/generator-aware-row-scaling/results-revision/research-audit/fixed-basis-final-20260914/fresh/full/instance044/Role-Hybrid.lp
[32m[success] Se ha guardado el modelo exitosamente[0m
> [32m[success] Saliendo del programa...[0m
[32m[success] SystemController destruido[0m
