LP Base has 23763 rows; 16561 cols; 57555 nonzeros
Coefficient ranges:
  Matrix  [3e-04, 8e+09]
  Cost    [1e-04, 1e+02]
  Bound   [1e+00, 1e+10]
  RHS     [5e+00, 7e+09]
WARNING: Problem has some excessively large column bounds
WARNING: Problem has some excessively large row bounds
WARNING:    Consider scaling the    bounds by 1e-5, or setting the user_bound_scale option to -14
Presolving model
23395 rows, 16543 cols, 57137 nonzeros 0s
Dependent equations search running on 2504 equations with time limit of 3.00s
Dependent equations search removed 0 rows and 0 nonzeros in 0.00s (limit = 3.00s)
22291 rows, 15447 cols, 54937 nonzeros 0s
Presolve reductions: rows 22291(-1472); columns 15447(-1114); nonzeros 54937(-2618) 
Solving the presolved LP
Using dual simplex solver
  Iteration        Objective     Infeasibilities num(sum)
          0    -2.0000000000e+03 Ph1: 3(3500); Du: 1(2) 0.2s
       8954    -1.1443968004e+06 Pr: 1920(1.40315e+09); Du: 0(4.93805e-07) 5.3s
      13980    -1.0731417943e+06 Pr: 2391(3.31335e+08); Du: 0(1.98071e-07) 10.3s
      18660    -9.7422240902e+05 Pr: 747(1.26116e+08); Du: 0(7.45324e-18) 15.9s
      19901    -9.8117559059e+05 Pr: 0(0) 17.9s
      19901    -9.8117559059e+05 Pr: 0(0) 17.9s

Performed postsolve
Solving the original LP from the solution after postsolve

Model name          : Base
Model status        : Optimal
Simplex   iterations: 19901
Objective value     : -9.8117559059e+05
P-D objective error :  4.1527064336e-15
HiGHS run time      :         18.01
