LP Base has 23763 rows; 16561 cols; 57555 nonzeros
Coefficient ranges:
  Matrix  [3e-04, 1e+10]
  Cost    [2e-04, 1e+02]
  Bound   [1e+00, 1e+10]
  RHS     [5e+00, 1e+10]
WARNING: Problem has some excessively large column bounds
WARNING: Problem has some excessively large row bounds
WARNING:    Consider scaling the    bounds by 1e-5, or setting the user_bound_scale option to -14
Presolving model
23395 rows, 16551 cols, 57161 nonzeros 0s
Dependent equations search running on 2512 equations with time limit of 3.00s
Dependent equations search removed 0 rows and 0 nonzeros in 0.00s (limit = 3.00s)
22307 rows, 15471 cols, 54985 nonzeros 0s
Presolve reductions: rows 22307(-1456); columns 15471(-1090); nonzeros 54985(-2570) 
Solving the presolved LP
Using dual simplex solver
  Iteration        Objective     Infeasibilities num(sum)
          0    -1.0000000000e+03 Ph1: 3(1750); Du: 1(1) 0.1s
      11626    -9.3818194229e+05 Pr: 2719(1.87685e+08); Du: 0(5.13e-08) 5.2s
      17029    -8.0336835235e+05 Pr: 5931(2.02676e+12); Du: 0(4.02975e-08) 10.4s
      21013    -7.5152305482e+05 Pr: 614(7.03866e+07); Du: 0(1.28651e-07) 15.9s
      21649    -7.5827991854e+05 Pr: 0(0); Du: 0(4.31486e-08) 16.9s
      21649    -7.5827991854e+05 Pr: 0(0); Du: 0(4.31486e-08) 16.9s
Using primal simplex solver
  Iteration        Objective     Infeasibilities num(sum)
      21649    -7.5828175201e+05 Pr: 0(0); Du: 2(0.00565557) 16.9s
      21650    -7.5827991854e+05 Pr: 0(0) 17.0s

Performed postsolve
Solving the original LP from the solution after postsolve

Model name          : Base
Model status        : Optimal
Simplex   iterations: 21650
Objective value     : -7.5827991854e+05
P-D objective error :  1.4891966008e-14
HiGHS run time      :         17.02
