LP Base has 14400 rows; 10800 cols; 35590 nonzeros
Coefficient ranges:
  Matrix  [3e-03, 2e+09]
  Cost    [5e-03, 3e+03]
  Bound   [1e+00, 1e+10]
  RHS     [5e+00, 7e+09]
WARNING: Problem has some excessively large column bounds
WARNING: Problem has some excessively large row bounds
WARNING:    Consider scaling the    bounds by 1e-5, or setting the user_bound_scale option to -14
Presolving model
13672 rows, 10431 cols, 34477 nonzeros 0s
Dependent equations search running on 1792 equations with time limit of 3.00s
Dependent equations search removed 0 rows and 0 nonzeros in 0.00s (limit = 3.00s)
12938 rows, 9711 cols, 33009 nonzeros 0s
Presolve reductions: rows 12938(-1462); columns 9711(-1089); nonzeros 33009(-2581) 
Solving the presolved LP
Using dual simplex solver
  Iteration        Objective     Infeasibilities num(sum)
          0     0.0000000000e+00 Ph1: 0(0) 0.1s
       9780    -2.7440986765e+08 Pr: 921(2.58084e+08); Du: 0(5.73481e-08) 5.1s
      11363    -2.7434904206e+08 Pr: 0(0); Du: 0(8.43285e-14) 6.4s
      11363    -2.7434904206e+08 Pr: 0(0); Du: 0(8.43285e-14) 6.4s

Performed postsolve
Solving the original LP from the solution after postsolve

Model name          : Base
Model status        : Optimal
Simplex   iterations: 11363
Objective value     : -2.7434904206e+08
P-D objective error :  1.0862921959e-16
HiGHS run time      :          6.45
