[32m[success] SystemController creado[0m
> Archivo LP guardado en: /home/mathiasr/Escritorio/generator-aware-row-scaling/results-revision/research-audit/identifiability-final/R3_S6_mixed/lp/mixed_S6_seed20260909_Base.lp
[PREPROC PHASES] metadata_s=5.2349e-05 diagnostico_s=5.0953e-05 aplicacion_s=5.2409e-05
Archivo LP guardado en: /home/mathiasr/Escritorio/generator-aware-row-scaling/results-revision/research-audit/identifiability-final/R3_S6_mixed/lp/mixed_S6_seed20260909_SAMat.lp
[PREPROC] modo plano: 43 filas tratadas como un unico bloque sin roles (kernel geomean por fila)
[PREPROC PHASES] metadata_s=1.57e-06 diagnostico_s=3.0386e-05 aplicacion_s=3.4785e-05
Archivo LP guardado en: /home/mathiasr/Escritorio/generator-aware-row-scaling/results-revision/research-audit/identifiability-final/R3_S6_mixed/lp/mixed_S6_seed20260909_FlatGM.lp
[PREPROC] modo plano: 43 filas tratadas como un unico bloque sin roles (kernel geomean por fila)
[PREPROC PHASES] metadata_s=1.271e-06 diagnostico_s=2.9111e-05 aplicacion_s=3.2985e-05
Archivo LP guardado en: /home/mathiasr/Escritorio/generator-aware-row-scaling/results-revision/research-audit/identifiability-final/R3_S6_mixed/lp/mixed_S6_seed20260909_FlatL2.lp
[PREPROC PHASES] metadata_s=5.2575e-05 diagnostico_s=4.9473e-05 aplicacion_s=4.7018e-05
Archivo LP guardado en: /home/mathiasr/Escritorio/generator-aware-row-scaling/results-revision/research-audit/identifiability-final/R3_S6_mixed/lp/mixed_S6_seed20260909_RoleHybrid.lp
[PREPROC PHASES] metadata_s=5.1683e-05 diagnostico_s=5.3058e-05 aplicacion_s=6.0193e-05
Archivo LP guardado en: /home/mathiasr/Escritorio/generator-aware-row-scaling/results-revision/research-audit/identifiability-final/R3_S6_mixed/lp/mixed_S6_seed20260909_SAMatpermB.lp
Archivo LP guardado en: /home/mathiasr/Escritorio/generator-aware-row-scaling/results-revision/research-audit/identifiability-final/R3_S6_mixed/lp/mixed_S6_seed20260910_Base.lp
[PREPROC PHASES] metadata_s=5.2093e-05 diagnostico_s=5.4632e-05 aplicacion_s=4.7145e-05
Archivo LP guardado en: /home/mathiasr/Escritorio/generator-aware-row-scaling/results-revision/research-audit/identifiability-final/R3_S6_mixed/lp/mixed_S6_seed20260910_SAMat.lp
[PREPROC] modo plano: 43 filas tratadas como un unico bloque sin roles (kernel geomean por fila)
[PREPROC PHASES] metadata_s=1.498e-06 diagnostico_s=3.0007e-05 aplicacion_s=3.2782e-05
Archivo LP guardado en: /home/mathiasr/Escritorio/generator-aware-row-scaling/results-revision/research-audit/identifiability-final/R3_S6_mixed/lp/mixed_S6_seed20260910_FlatGM.lp
[PREPROC] modo plano: 43 filas tratadas como un unico bloque sin roles (kernel geomean por fila)
[PREPROC PHASES] metadata_s=1.291e-06 diagnostico_s=2.9775e-05 aplicacion_s=3.0785e-05
Archivo LP guardado en: /home/mathiasr/Escritorio/generator-aware-row-scaling/results-revision/research-audit/identifiability-final/R3_S6_mixed/lp/mixed_S6_seed20260910_FlatL2.lp
[PREPROC PHASES] metadata_s=5.1758e-05 diagnostico_s=4.8783e-05 aplicacion_s=4.3232e-05
Archivo LP guardado en: /home/mathiasr/Escritorio/generator-aware-row-scaling/results-revision/research-audit/identifiability-final/R3_S6_mixed/lp/mixed_S6_seed20260910_RoleHybrid.lp
[PREPROC PHASES] metadata_s=5.1582e-05 diagnostico_s=4.8136e-05 aplicacion_s=5.6324e-05
Archivo LP guardado en: /home/mathiasr/Escritorio/generator-aware-row-scaling/results-revision/research-audit/identifiability-final/R3_S6_mixed/lp/mixed_S6_seed20260910_SAMatpermB.lp
Archivo LP guardado en: /home/mathiasr/Escritorio/generator-aware-row-scaling/results-revision/research-audit/identifiability-final/R3_S6_mixed/lp/mixed_S6_seed20260911_Base.lp
[PREPROC PHASES] metadata_s=5.1742e-05 diagnostico_s=4.9721e-05 aplicacion_s=4.7616e-05
Archivo LP guardado en: /home/mathiasr/Escritorio/generator-aware-row-scaling/results-revision/research-audit/identifiability-final/R3_S6_mixed/lp/mixed_S6_seed20260911_SAMat.lp
[PREPROC] modo plano: 43 filas tratadas como un unico bloque sin roles (kernel geomean por fila)
[PREPROC PHASES] metadata_s=1.482e-06 diagnostico_s=2.978e-05 aplicacion_s=3.2396e-05
Archivo LP guardado en: /home/mathiasr/Escritorio/generator-aware-row-scaling/results-revision/research-audit/identifiability-final/R3_S6_mixed/lp/mixed_S6_seed20260911_FlatGM.lp
[PREPROC] modo plano: 43 filas tratadas como un unico bloque sin roles (kernel geomean por fila)
[PREPROC PHASES] metadata_s=1.33e-06 diagnostico_s=2.9176e-05 aplicacion_s=3.2869e-05
Archivo LP guardado en: /home/mathiasr/Escritorio/generator-aware-row-scaling/results-revision/research-audit/identifiability-final/R3_S6_mixed/lp/mixed_S6_seed20260911_FlatL2.lp
[PREPROC PHASES] metadata_s=5.1342e-05 diagnostico_s=4.8429e-05 aplicacion_s=4.4629e-05
Archivo LP guardado en: /home/mathiasr/Escritorio/generator-aware-row-scaling/results-revision/research-audit/identifiability-final/R3_S6_mixed/lp/mixed_S6_seed20260911_RoleHybrid.lp
[PREPROC PHASES] metadata_s=5.1845e-05 diagnostico_s=4.8187e-05 aplicacion_s=5.7648e-05
Archivo LP guardado en: /home/mathiasr/Escritorio/generator-aware-row-scaling/results-revision/research-audit/identifiability-final/R3_S6_mixed/lp/mixed_S6_seed20260911_SAMatpermB.lp
Archivo LP guardado en: /home/mathiasr/Escritorio/generator-aware-row-scaling/results-revision/research-audit/identifiability-final/R3_S6_mixed/lp/mixed_S6_seed20260912_Base.lp
[PREPROC PHASES] metadata_s=5.1563e-05 diagnostico_s=4.9447e-05 aplicacion_s=4.6713e-05
Archivo LP guardado en: /home/mathiasr/Escritorio/generator-aware-row-scaling/results-revision/research-audit/identifiability-final/R3_S6_mixed/lp/mixed_S6_seed20260912_SAMat.lp
[PREPROC] modo plano: 43 filas tratadas como un unico bloque sin roles (kernel geomean por fila)
[PREPROC PHASES] metadata_s=1.255e-06 diagnostico_s=3.0281e-05 aplicacion_s=3.6552e-05
Archivo LP guardado en: /home/mathiasr/Escritorio/generator-aware-row-scaling/results-revision/research-audit/identifiability-final/R3_S6_mixed/lp/mixed_S6_seed20260912_FlatGM.lp
[PREPROC] modo plano: 43 filas tratadas como un unico bloque sin roles (kernel geomean por fila)
[PREPROC PHASES] metadata_s=1.212e-06 diagnostico_s=2.9486e-05 aplicacion_s=3.2724e-05
Archivo LP guardado en: /home/mathiasr/Escritorio/generator-aware-row-scaling/results-revision/research-audit/identifiability-final/R3_S6_mixed/lp/mixed_S6_seed20260912_FlatL2.lp
[PREPROC PHASES] metadata_s=5.465e-05 diagnostico_s=4.8194e-05 aplicacion_s=4.4426e-05
Archivo LP guardado en: /home/mathiasr/Escritorio/generator-aware-row-scaling/results-revision/research-audit/identifiability-final/R3_S6_mixed/lp/mixed_S6_seed20260912_RoleHybrid.lp
[PREPROC PHASES] metadata_s=5.2006e-05 diagnostico_s=4.7859e-05 aplicacion_s=5.73e-05
Archivo LP guardado en: /home/mathiasr/Escritorio/generator-aware-row-scaling/results-revision/research-audit/identifiability-final/R3_S6_mixed/lp/mixed_S6_seed20260912_SAMatpermB.lp
Archivo LP guardado en: /home/mathiasr/Escritorio/generator-aware-row-scaling/results-revision/research-audit/identifiability-final/R3_S6_mixed/lp/mixed_S6_seed20260913_Base.lp
[PREPROC PHASES] metadata_s=5.1893e-05 diagnostico_s=4.9886e-05 aplicacion_s=4.9094e-05
Archivo LP guardado en: /home/mathiasr/Escritorio/generator-aware-row-scaling/results-revision/research-audit/identifiability-final/R3_S6_mixed/lp/mixed_S6_seed20260913_SAMat.lp
[PREPROC] modo plano: 43 filas tratadas como un unico bloque sin roles (kernel geomean por fila)
[PREPROC PHASES] metadata_s=1.294e-06 diagnostico_s=2.984e-05 aplicacion_s=3.2926e-05
Archivo LP guardado en: /home/mathiasr/Escritorio/generator-aware-row-scaling/results-revision/research-audit/identifiability-final/R3_S6_mixed/lp/mixed_S6_seed20260913_FlatGM.lp
[PREPROC] modo plano: 43 filas tratadas como un unico bloque sin roles (kernel geomean por fila)
[PREPROC PHASES] metadata_s=1.201e-06 diagnostico_s=2.9328e-05 aplicacion_s=3.3669e-05
Archivo LP guardado en: /home/mathiasr/Escritorio/generator-aware-row-scaling/results-revision/research-audit/identifiability-final/R3_S6_mixed/lp/mixed_S6_seed20260913_FlatL2.lp
[PREPROC PHASES] metadata_s=5.18e-05 diagnostico_s=5.0977e-05 aplicacion_s=4.6709e-05
Archivo LP guardado en: /home/mathiasr/Escritorio/generator-aware-row-scaling/results-revision/research-audit/identifiability-final/R3_S6_mixed/lp/mixed_S6_seed20260913_RoleHybrid.lp
[PREPROC PHASES] metadata_s=5.1961e-05 diagnostico_s=5.1826e-05 aplicacion_s=5.8208e-05
Archivo LP guardado en: /home/mathiasr/Escritorio/generator-aware-row-scaling/results-revision/research-audit/identifiability-final/R3_S6_mixed/lp/mixed_S6_seed20260913_SAMatpermB.lp
Archivo LP guardado en: /home/mathiasr/Escritorio/generator-aware-row-scaling/results-revision/research-audit/identifiability-final/R3_S6_mixed/lp/mixed_S6_seed20260914_Base.lp
[PREPROC PHASES] metadata_s=5.1675e-05 diagnostico_s=4.9089e-05 aplicacion_s=5.0638e-05
Archivo LP guardado en: /home/mathiasr/Escritorio/generator-aware-row-scaling/results-revision/research-audit/identifiability-final/R3_S6_mixed/lp/mixed_S6_seed20260914_SAMat.lp
[PREPROC] modo plano: 43 filas tratadas como un unico bloque sin roles (kernel geomean por fila)
[PREPROC PHASES] metadata_s=1.237e-06 diagnostico_s=3.0064e-05 aplicacion_s=3.2964e-05
Archivo LP guardado en: /home/mathiasr/Escritorio/generator-aware-row-scaling/results-revision/research-audit/identifiability-final/R3_S6_mixed/lp/mixed_S6_seed20260914_FlatGM.lp
[PREPROC] modo plano: 43 filas tratadas como un unico bloque sin roles (kernel geomean por fila)
[PREPROC PHASES] metadata_s=1.13e-06 diagnostico_s=2.9513e-05 aplicacion_s=3.3001e-05
Archivo LP guardado en: /home/mathiasr/Escritorio/generator-aware-row-scaling/results-revision/research-audit/identifiability-final/R3_S6_mixed/lp/mixed_S6_seed20260914_FlatL2.lp
[PREPROC PHASES] metadata_s=5.198e-05 diagnostico_s=5.0744e-05 aplicacion_s=5.1233e-05
Archivo LP guardado en: /home/mathiasr/Escritorio/generator-aware-row-scaling/results-revision/research-audit/identifiability-final/R3_S6_mixed/lp/mixed_S6_seed20260914_RoleHybrid.lp
[PREPROC PHASES] metadata_s=5.1916e-05 diagnostico_s=4.8083e-05 aplicacion_s=5.8981e-05
Archivo LP guardado en: /home/mathiasr/Escritorio/generator-aware-row-scaling/results-revision/research-audit/identifiability-final/R3_S6_mixed/lp/mixed_S6_seed20260914_SAMatpermB.lp
Archivo LP guardado en: /home/mathiasr/Escritorio/generator-aware-row-scaling/results-revision/research-audit/identifiability-final/R3_S6_mixed/lp/mixed_S6_seed20260915_Base.lp
[PREPROC PHASES] metadata_s=5.1935e-05 diagnostico_s=4.9476e-05 aplicacion_s=4.6637e-05
Archivo LP guardado en: /home/mathiasr/Escritorio/generator-aware-row-scaling/results-revision/research-audit/identifiability-final/R3_S6_mixed/lp/mixed_S6_seed20260915_SAMat.lp
[PREPROC] modo plano: 43 filas tratadas como un unico bloque sin roles (kernel geomean por fila)
[PREPROC PHASES] metadata_s=1.435e-06 diagnostico_s=2.9769e-05 aplicacion_s=3.1078e-05
Archivo LP guardado en: /home/mathiasr/Escritorio/generator-aware-row-scaling/results-revision/research-audit/identifiability-final/R3_S6_mixed/lp/mixed_S6_seed20260915_FlatGM.lp
[PREPROC] modo plano: 43 filas tratadas como un unico bloque sin roles (kernel geomean por fila)
[PREPROC PHASES] metadata_s=1.373e-06 diagnostico_s=2.9742e-05 aplicacion_s=3.3145e-05
Archivo LP guardado en: /home/mathiasr/Escritorio/generator-aware-row-scaling/results-revision/research-audit/identifiability-final/R3_S6_mixed/lp/mixed_S6_seed20260915_FlatL2.lp
[PREPROC PHASES] metadata_s=5.2006e-05 diagnostico_s=4.7881e-05 aplicacion_s=4.3074e-05
Archivo LP guardado en: /home/mathiasr/Escritorio/generator-aware-row-scaling/results-revision/research-audit/identifiability-final/R3_S6_mixed/lp/mixed_S6_seed20260915_RoleHybrid.lp
[PREPROC PHASES] metadata_s=5.1729e-05 diagnostico_s=4.7837e-05 aplicacion_s=5.658e-05
Archivo LP guardado en: /home/mathiasr/Escritorio/generator-aware-row-scaling/results-revision/research-audit/identifiability-final/R3_S6_mixed/lp/mixed_S6_seed20260915_SAMatpermB.lp
Archivo LP guardado en: /home/mathiasr/Escritorio/generator-aware-row-scaling/results-revision/research-audit/identifiability-final/R3_S6_mixed/lp/mixed_S6_seed20260916_Base.lp
[PREPROC PHASES] metadata_s=5.1789e-05 diagnostico_s=4.9919e-05 aplicacion_s=5.236e-05
Archivo LP guardado en: /home/mathiasr/Escritorio/generator-aware-row-scaling/results-revision/research-audit/identifiability-final/R3_S6_mixed/lp/mixed_S6_seed20260916_SAMat.lp
[PREPROC] modo plano: 43 filas tratadas como un unico bloque sin roles (kernel geomean por fila)
[PREPROC PHASES] metadata_s=1.376e-06 diagnostico_s=3.0273e-05 aplicacion_s=3.3264e-05
Archivo LP guardado en: /home/mathiasr/Escritorio/generator-aware-row-scaling/results-revision/research-audit/identifiability-final/R3_S6_mixed/lp/mixed_S6_seed20260916_FlatGM.lp
[PREPROC] modo plano: 43 filas tratadas como un unico bloque sin roles (kernel geomean por fila)
[PREPROC PHASES] metadata_s=1.18e-06 diagnostico_s=2.8951e-05 aplicacion_s=3.4518e-05
Archivo LP guardado en: /home/mathiasr/Escritorio/generator-aware-row-scaling/results-revision/research-audit/identifiability-final/R3_S6_mixed/lp/mixed_S6_seed20260916_FlatL2.lp
[PREPROC PHASES] metadata_s=5.5773e-05 diagnostico_s=4.87e-05 aplicacion_s=4.379e-05
Archivo LP guardado en: /home/mathiasr/Escritorio/generator-aware-row-scaling/results-revision/research-audit/identifiability-final/R3_S6_mixed/lp/mixed_S6_seed20260916_RoleHybrid.lp
[PREPROC PHASES] metadata_s=5.1957e-05 diagnostico_s=4.7883e-05 aplicacion_s=5.6992e-05
Archivo LP guardado en: /home/mathiasr/Escritorio/generator-aware-row-scaling/results-revision/research-audit/identifiability-final/R3_S6_mixed/lp/mixed_S6_seed20260916_SAMatpermB.lp
Archivo LP guardado en: /home/mathiasr/Escritorio/generator-aware-row-scaling/results-revision/research-audit/identifiability-final/R3_S6_mixed/lp/mixed_S6_seed20260917_Base.lp
[PREPROC PHASES] metadata_s=5.205e-05 diagnostico_s=4.9516e-05 aplicacion_s=4.7919e-05
Archivo LP guardado en: /home/mathiasr/Escritorio/generator-aware-row-scaling/results-revision/research-audit/identifiability-final/R3_S6_mixed/lp/mixed_S6_seed20260917_SAMat.lp
[PREPROC] modo plano: 43 filas tratadas como un unico bloque sin roles (kernel geomean por fila)
[PREPROC PHASES] metadata_s=1.308e-06 diagnostico_s=2.9874e-05 aplicacion_s=3.3928e-05
Archivo LP guardado en: /home/mathiasr/Escritorio/generator-aware-row-scaling/results-revision/research-audit/identifiability-final/R3_S6_mixed/lp/mixed_S6_seed20260917_FlatGM.lp
[PREPROC] modo plano: 43 filas tratadas como un unico bloque sin roles (kernel geomean por fila)
[PREPROC PHASES] metadata_s=1.353e-06 diagnostico_s=2.9196e-05 aplicacion_s=3.2255e-05
Archivo LP guardado en: /home/mathiasr/Escritorio/generator-aware-row-scaling/results-revision/research-audit/identifiability-final/R3_S6_mixed/lp/mixed_S6_seed20260917_FlatL2.lp
[PREPROC PHASES] metadata_s=5.2362e-05 diagnostico_s=4.8588e-05 aplicacion_s=4.4378e-05
Archivo LP guardado en: /home/mathiasr/Escritorio/generator-aware-row-scaling/results-revision/research-audit/identifiability-final/R3_S6_mixed/lp/mixed_S6_seed20260917_RoleHybrid.lp
[PREPROC PHASES] metadata_s=5.2105e-05 diagnostico_s=4.8049e-05 aplicacion_s=5.6509e-05
Archivo LP guardado en: /home/mathiasr/Escritorio/generator-aware-row-scaling/results-revision/research-audit/identifiability-final/R3_S6_mixed/lp/mixed_S6_seed20260917_SAMatpermB.lp
Archivo LP guardado en: /home/mathiasr/Escritorio/generator-aware-row-scaling/results-revision/research-audit/identifiability-final/R3_S6_mixed/lp/mixed_S6_seed20260918_Base.lp
[PREPROC PHASES] metadata_s=5.1845e-05 diagnostico_s=5.3829e-05 aplicacion_s=4.7203e-05
Archivo LP guardado en: /home/mathiasr/Escritorio/generator-aware-row-scaling/results-revision/research-audit/identifiability-final/R3_S6_mixed/lp/mixed_S6_seed20260918_SAMat.lp
[PREPROC] modo plano: 43 filas tratadas como un unico bloque sin roles (kernel geomean por fila)
[PREPROC PHASES] metadata_s=1.469e-06 diagnostico_s=3.0016e-05 aplicacion_s=3.1974e-05
Archivo LP guardado en: /home/mathiasr/Escritorio/generator-aware-row-scaling/results-revision/research-audit/identifiability-final/R3_S6_mixed/lp/mixed_S6_seed20260918_FlatGM.lp
[PREPROC] modo plano: 43 filas tratadas como un unico bloque sin roles (kernel geomean por fila)
[PREPROC PHASES] metadata_s=1.228e-06 diagnostico_s=2.9136e-05 aplicacion_s=3.2577e-05
Archivo LP guardado en: /home/mathiasr/Escritorio/generator-aware-row-scaling/results-revision/research-audit/identifiability-final/R3_S6_mixed/lp/mixed_S6_seed20260918_FlatL2.lp
[PREPROC PHASES] metadata_s=5.189e-05 diagnostico_s=4.8559e-05 aplicacion_s=4.3481e-05
Archivo LP guardado en: /home/mathiasr/Escritorio/generator-aware-row-scaling/results-revision/research-audit/identifiability-final/R3_S6_mixed/lp/mixed_S6_seed20260918_RoleHybrid.lp
[PREPROC PHASES] metadata_s=5.2023e-05 diagnostico_s=4.8191e-05 aplicacion_s=5.545e-05
Archivo LP guardado en: /home/mathiasr/Escritorio/generator-aware-row-scaling/results-revision/research-audit/identifiability-final/R3_S6_mixed/lp/mixed_S6_seed20260918_SAMatpermB.lp
[32m[success] Benchmark sintético: 60 corridas (instancia × variante). CSV: /home/mathiasr/Escritorio/generator-aware-row-scaling/results-revision/research-audit/identifiability-final/R3_S6_mixed/metrics.csv[0m
> [32m[success] Saliendo del programa...[0m
[32m[success] SystemController destruido[0m
