[32m[success] SystemController creado[0m
> Archivo LP guardado en: /home/mathiasr/Escritorio/generator-aware-row-scaling/results-revision/research-audit/identifiability-final/R1_S6_coupling_uniform/lp/coupling_uniform_S6_seed20260909_Base.lp
[PREPROC PHASES] metadata_s=5.6751e-05 diagnostico_s=5.4705e-05 aplicacion_s=5.5082e-05
Archivo LP guardado en: /home/mathiasr/Escritorio/generator-aware-row-scaling/results-revision/research-audit/identifiability-final/R1_S6_coupling_uniform/lp/coupling_uniform_S6_seed20260909_SAMat.lp
[PREPROC] modo plano: 43 filas tratadas como un unico bloque sin roles (kernel geomean por fila)
[PREPROC PHASES] metadata_s=1.795e-06 diagnostico_s=3.227e-05 aplicacion_s=3.3364e-05
Archivo LP guardado en: /home/mathiasr/Escritorio/generator-aware-row-scaling/results-revision/research-audit/identifiability-final/R1_S6_coupling_uniform/lp/coupling_uniform_S6_seed20260909_FlatGM.lp
[PREPROC] modo plano: 43 filas tratadas como un unico bloque sin roles (kernel geomean por fila)
[PREPROC PHASES] metadata_s=1.537e-06 diagnostico_s=3.0722e-05 aplicacion_s=3.1186e-05
Archivo LP guardado en: /home/mathiasr/Escritorio/generator-aware-row-scaling/results-revision/research-audit/identifiability-final/R1_S6_coupling_uniform/lp/coupling_uniform_S6_seed20260909_FlatL2.lp
[PREPROC PHASES] metadata_s=5.3305e-05 diagnostico_s=5.1644e-05 aplicacion_s=4.521e-05
Archivo LP guardado en: /home/mathiasr/Escritorio/generator-aware-row-scaling/results-revision/research-audit/identifiability-final/R1_S6_coupling_uniform/lp/coupling_uniform_S6_seed20260909_RoleHybrid.lp
[PREPROC PHASES] metadata_s=5.3144e-05 diagnostico_s=4.8032e-05 aplicacion_s=5.9839e-05
Archivo LP guardado en: /home/mathiasr/Escritorio/generator-aware-row-scaling/results-revision/research-audit/identifiability-final/R1_S6_coupling_uniform/lp/coupling_uniform_S6_seed20260909_SAMatpermB.lp
Archivo LP guardado en: /home/mathiasr/Escritorio/generator-aware-row-scaling/results-revision/research-audit/identifiability-final/R1_S6_coupling_uniform/lp/coupling_uniform_S6_seed20260910_Base.lp
[PREPROC PHASES] metadata_s=5.1677e-05 diagnostico_s=4.8269e-05 aplicacion_s=4.5549e-05
Archivo LP guardado en: /home/mathiasr/Escritorio/generator-aware-row-scaling/results-revision/research-audit/identifiability-final/R1_S6_coupling_uniform/lp/coupling_uniform_S6_seed20260910_SAMat.lp
[PREPROC] modo plano: 43 filas tratadas como un unico bloque sin roles (kernel geomean por fila)
[PREPROC PHASES] metadata_s=1.418e-06 diagnostico_s=3.0761e-05 aplicacion_s=3.0955e-05
Archivo LP guardado en: /home/mathiasr/Escritorio/generator-aware-row-scaling/results-revision/research-audit/identifiability-final/R1_S6_coupling_uniform/lp/coupling_uniform_S6_seed20260910_FlatGM.lp
[PREPROC] modo plano: 43 filas tratadas como un unico bloque sin roles (kernel geomean por fila)
[PREPROC PHASES] metadata_s=1.527e-06 diagnostico_s=2.9381e-05 aplicacion_s=3.0457e-05
Archivo LP guardado en: /home/mathiasr/Escritorio/generator-aware-row-scaling/results-revision/research-audit/identifiability-final/R1_S6_coupling_uniform/lp/coupling_uniform_S6_seed20260910_FlatL2.lp
[PREPROC PHASES] metadata_s=5.1168e-05 diagnostico_s=4.7469e-05 aplicacion_s=4.2913e-05
Archivo LP guardado en: /home/mathiasr/Escritorio/generator-aware-row-scaling/results-revision/research-audit/identifiability-final/R1_S6_coupling_uniform/lp/coupling_uniform_S6_seed20260910_RoleHybrid.lp
[PREPROC PHASES] metadata_s=5.0574e-05 diagnostico_s=4.5844e-05 aplicacion_s=5.6345e-05
Archivo LP guardado en: /home/mathiasr/Escritorio/generator-aware-row-scaling/results-revision/research-audit/identifiability-final/R1_S6_coupling_uniform/lp/coupling_uniform_S6_seed20260910_SAMatpermB.lp
Archivo LP guardado en: /home/mathiasr/Escritorio/generator-aware-row-scaling/results-revision/research-audit/identifiability-final/R1_S6_coupling_uniform/lp/coupling_uniform_S6_seed20260911_Base.lp
[PREPROC PHASES] metadata_s=5.035e-05 diagnostico_s=5.2719e-05 aplicacion_s=4.3774e-05
Archivo LP guardado en: /home/mathiasr/Escritorio/generator-aware-row-scaling/results-revision/research-audit/identifiability-final/R1_S6_coupling_uniform/lp/coupling_uniform_S6_seed20260911_SAMat.lp
[PREPROC] modo plano: 43 filas tratadas como un unico bloque sin roles (kernel geomean por fila)
[PREPROC PHASES] metadata_s=1.538e-06 diagnostico_s=2.9043e-05 aplicacion_s=3.1493e-05
Archivo LP guardado en: /home/mathiasr/Escritorio/generator-aware-row-scaling/results-revision/research-audit/identifiability-final/R1_S6_coupling_uniform/lp/coupling_uniform_S6_seed20260911_FlatGM.lp
[PREPROC] modo plano: 43 filas tratadas como un unico bloque sin roles (kernel geomean por fila)
[PREPROC PHASES] metadata_s=1.283e-06 diagnostico_s=2.8227e-05 aplicacion_s=2.9444e-05
Archivo LP guardado en: /home/mathiasr/Escritorio/generator-aware-row-scaling/results-revision/research-audit/identifiability-final/R1_S6_coupling_uniform/lp/coupling_uniform_S6_seed20260911_FlatL2.lp
[PREPROC PHASES] metadata_s=5.0512e-05 diagnostico_s=4.7025e-05 aplicacion_s=4.1501e-05
Archivo LP guardado en: /home/mathiasr/Escritorio/generator-aware-row-scaling/results-revision/research-audit/identifiability-final/R1_S6_coupling_uniform/lp/coupling_uniform_S6_seed20260911_RoleHybrid.lp
[PREPROC PHASES] metadata_s=4.9678e-05 diagnostico_s=4.6689e-05 aplicacion_s=5.782e-05
Archivo LP guardado en: /home/mathiasr/Escritorio/generator-aware-row-scaling/results-revision/research-audit/identifiability-final/R1_S6_coupling_uniform/lp/coupling_uniform_S6_seed20260911_SAMatpermB.lp
Archivo LP guardado en: /home/mathiasr/Escritorio/generator-aware-row-scaling/results-revision/research-audit/identifiability-final/R1_S6_coupling_uniform/lp/coupling_uniform_S6_seed20260912_Base.lp
[PREPROC PHASES] metadata_s=4.8624e-05 diagnostico_s=4.5414e-05 aplicacion_s=4.5984e-05
Archivo LP guardado en: /home/mathiasr/Escritorio/generator-aware-row-scaling/results-revision/research-audit/identifiability-final/R1_S6_coupling_uniform/lp/coupling_uniform_S6_seed20260912_SAMat.lp
[PREPROC] modo plano: 43 filas tratadas como un unico bloque sin roles (kernel geomean por fila)
[PREPROC PHASES] metadata_s=1.454e-06 diagnostico_s=2.8565e-05 aplicacion_s=2.7928e-05
Archivo LP guardado en: /home/mathiasr/Escritorio/generator-aware-row-scaling/results-revision/research-audit/identifiability-final/R1_S6_coupling_uniform/lp/coupling_uniform_S6_seed20260912_FlatGM.lp
[PREPROC] modo plano: 43 filas tratadas como un unico bloque sin roles (kernel geomean por fila)
[PREPROC PHASES] metadata_s=1.316e-06 diagnostico_s=2.7888e-05 aplicacion_s=2.9407e-05
Archivo LP guardado en: /home/mathiasr/Escritorio/generator-aware-row-scaling/results-revision/research-audit/identifiability-final/R1_S6_coupling_uniform/lp/coupling_uniform_S6_seed20260912_FlatL2.lp
[PREPROC PHASES] metadata_s=4.881e-05 diagnostico_s=4.4843e-05 aplicacion_s=3.9819e-05
Archivo LP guardado en: /home/mathiasr/Escritorio/generator-aware-row-scaling/results-revision/research-audit/identifiability-final/R1_S6_coupling_uniform/lp/coupling_uniform_S6_seed20260912_RoleHybrid.lp
[PREPROC PHASES] metadata_s=5.2914e-05 diagnostico_s=4.4911e-05 aplicacion_s=5.1563e-05
Archivo LP guardado en: /home/mathiasr/Escritorio/generator-aware-row-scaling/results-revision/research-audit/identifiability-final/R1_S6_coupling_uniform/lp/coupling_uniform_S6_seed20260912_SAMatpermB.lp
Archivo LP guardado en: /home/mathiasr/Escritorio/generator-aware-row-scaling/results-revision/research-audit/identifiability-final/R1_S6_coupling_uniform/lp/coupling_uniform_S6_seed20260913_Base.lp
[PREPROC PHASES] metadata_s=5.3875e-05 diagnostico_s=4.6592e-05 aplicacion_s=4.1476e-05
Archivo LP guardado en: /home/mathiasr/Escritorio/generator-aware-row-scaling/results-revision/research-audit/identifiability-final/R1_S6_coupling_uniform/lp/coupling_uniform_S6_seed20260913_SAMat.lp
[PREPROC] modo plano: 43 filas tratadas como un unico bloque sin roles (kernel geomean por fila)
[PREPROC PHASES] metadata_s=1.362e-06 diagnostico_s=2.867e-05 aplicacion_s=2.7698e-05
Archivo LP guardado en: /home/mathiasr/Escritorio/generator-aware-row-scaling/results-revision/research-audit/identifiability-final/R1_S6_coupling_uniform/lp/coupling_uniform_S6_seed20260913_FlatGM.lp
[PREPROC] modo plano: 43 filas tratadas como un unico bloque sin roles (kernel geomean por fila)
[PREPROC PHASES] metadata_s=1.235e-06 diagnostico_s=2.8106e-05 aplicacion_s=3.1358e-05
Archivo LP guardado en: /home/mathiasr/Escritorio/generator-aware-row-scaling/results-revision/research-audit/identifiability-final/R1_S6_coupling_uniform/lp/coupling_uniform_S6_seed20260913_FlatL2.lp
[PREPROC PHASES] metadata_s=4.9126e-05 diagnostico_s=4.5811e-05 aplicacion_s=4.308e-05
Archivo LP guardado en: /home/mathiasr/Escritorio/generator-aware-row-scaling/results-revision/research-audit/identifiability-final/R1_S6_coupling_uniform/lp/coupling_uniform_S6_seed20260913_RoleHybrid.lp
[PREPROC PHASES] metadata_s=4.9185e-05 diagnostico_s=4.5316e-05 aplicacion_s=5.2995e-05
Archivo LP guardado en: /home/mathiasr/Escritorio/generator-aware-row-scaling/results-revision/research-audit/identifiability-final/R1_S6_coupling_uniform/lp/coupling_uniform_S6_seed20260913_SAMatpermB.lp
Archivo LP guardado en: /home/mathiasr/Escritorio/generator-aware-row-scaling/results-revision/research-audit/identifiability-final/R1_S6_coupling_uniform/lp/coupling_uniform_S6_seed20260914_Base.lp
[PREPROC PHASES] metadata_s=4.8971e-05 diagnostico_s=4.5322e-05 aplicacion_s=4.4394e-05
Archivo LP guardado en: /home/mathiasr/Escritorio/generator-aware-row-scaling/results-revision/research-audit/identifiability-final/R1_S6_coupling_uniform/lp/coupling_uniform_S6_seed20260914_SAMat.lp
[PREPROC] modo plano: 43 filas tratadas como un unico bloque sin roles (kernel geomean por fila)
[PREPROC PHASES] metadata_s=1.488e-06 diagnostico_s=2.8369e-05 aplicacion_s=2.8221e-05
Archivo LP guardado en: /home/mathiasr/Escritorio/generator-aware-row-scaling/results-revision/research-audit/identifiability-final/R1_S6_coupling_uniform/lp/coupling_uniform_S6_seed20260914_FlatGM.lp
[PREPROC] modo plano: 43 filas tratadas como un unico bloque sin roles (kernel geomean por fila)
[PREPROC PHASES] metadata_s=1.299e-06 diagnostico_s=2.7775e-05 aplicacion_s=2.8123e-05
Archivo LP guardado en: /home/mathiasr/Escritorio/generator-aware-row-scaling/results-revision/research-audit/identifiability-final/R1_S6_coupling_uniform/lp/coupling_uniform_S6_seed20260914_FlatL2.lp
[PREPROC PHASES] metadata_s=4.9662e-05 diagnostico_s=4.5369e-05 aplicacion_s=4.0516e-05
Archivo LP guardado en: /home/mathiasr/Escritorio/generator-aware-row-scaling/results-revision/research-audit/identifiability-final/R1_S6_coupling_uniform/lp/coupling_uniform_S6_seed20260914_RoleHybrid.lp
[PREPROC PHASES] metadata_s=4.8901e-05 diagnostico_s=4.4377e-05 aplicacion_s=5.49e-05
Archivo LP guardado en: /home/mathiasr/Escritorio/generator-aware-row-scaling/results-revision/research-audit/identifiability-final/R1_S6_coupling_uniform/lp/coupling_uniform_S6_seed20260914_SAMatpermB.lp
Archivo LP guardado en: /home/mathiasr/Escritorio/generator-aware-row-scaling/results-revision/research-audit/identifiability-final/R1_S6_coupling_uniform/lp/coupling_uniform_S6_seed20260915_Base.lp
[PREPROC PHASES] metadata_s=4.9499e-05 diagnostico_s=4.7315e-05 aplicacion_s=4.3882e-05
Archivo LP guardado en: /home/mathiasr/Escritorio/generator-aware-row-scaling/results-revision/research-audit/identifiability-final/R1_S6_coupling_uniform/lp/coupling_uniform_S6_seed20260915_SAMat.lp
[PREPROC] modo plano: 43 filas tratadas como un unico bloque sin roles (kernel geomean por fila)
[PREPROC PHASES] metadata_s=1.303e-06 diagnostico_s=2.8887e-05 aplicacion_s=2.74e-05
Archivo LP guardado en: /home/mathiasr/Escritorio/generator-aware-row-scaling/results-revision/research-audit/identifiability-final/R1_S6_coupling_uniform/lp/coupling_uniform_S6_seed20260915_FlatGM.lp
[PREPROC] modo plano: 43 filas tratadas como un unico bloque sin roles (kernel geomean por fila)
[PREPROC PHASES] metadata_s=1.416e-06 diagnostico_s=2.756e-05 aplicacion_s=2.791e-05
Archivo LP guardado en: /home/mathiasr/Escritorio/generator-aware-row-scaling/results-revision/research-audit/identifiability-final/R1_S6_coupling_uniform/lp/coupling_uniform_S6_seed20260915_FlatL2.lp
[PREPROC PHASES] metadata_s=4.9256e-05 diagnostico_s=4.5111e-05 aplicacion_s=3.7878e-05
Archivo LP guardado en: /home/mathiasr/Escritorio/generator-aware-row-scaling/results-revision/research-audit/identifiability-final/R1_S6_coupling_uniform/lp/coupling_uniform_S6_seed20260915_RoleHybrid.lp
[PREPROC PHASES] metadata_s=4.9205e-05 diagnostico_s=4.5751e-05 aplicacion_s=5.1591e-05
Archivo LP guardado en: /home/mathiasr/Escritorio/generator-aware-row-scaling/results-revision/research-audit/identifiability-final/R1_S6_coupling_uniform/lp/coupling_uniform_S6_seed20260915_SAMatpermB.lp
Archivo LP guardado en: /home/mathiasr/Escritorio/generator-aware-row-scaling/results-revision/research-audit/identifiability-final/R1_S6_coupling_uniform/lp/coupling_uniform_S6_seed20260916_Base.lp
[PREPROC PHASES] metadata_s=4.8928e-05 diagnostico_s=4.531e-05 aplicacion_s=4.3029e-05
Archivo LP guardado en: /home/mathiasr/Escritorio/generator-aware-row-scaling/results-revision/research-audit/identifiability-final/R1_S6_coupling_uniform/lp/coupling_uniform_S6_seed20260916_SAMat.lp
[PREPROC] modo plano: 43 filas tratadas como un unico bloque sin roles (kernel geomean por fila)
[PREPROC PHASES] metadata_s=1.341e-06 diagnostico_s=2.8582e-05 aplicacion_s=2.7493e-05
Archivo LP guardado en: /home/mathiasr/Escritorio/generator-aware-row-scaling/results-revision/research-audit/identifiability-final/R1_S6_coupling_uniform/lp/coupling_uniform_S6_seed20260916_FlatGM.lp
[PREPROC] modo plano: 43 filas tratadas como un unico bloque sin roles (kernel geomean por fila)
[PREPROC PHASES] metadata_s=1.32e-06 diagnostico_s=2.7194e-05 aplicacion_s=2.7847e-05
Archivo LP guardado en: /home/mathiasr/Escritorio/generator-aware-row-scaling/results-revision/research-audit/identifiability-final/R1_S6_coupling_uniform/lp/coupling_uniform_S6_seed20260916_FlatL2.lp
[PREPROC PHASES] metadata_s=4.927e-05 diagnostico_s=4.6204e-05 aplicacion_s=3.8116e-05
Archivo LP guardado en: /home/mathiasr/Escritorio/generator-aware-row-scaling/results-revision/research-audit/identifiability-final/R1_S6_coupling_uniform/lp/coupling_uniform_S6_seed20260916_RoleHybrid.lp
[PREPROC PHASES] metadata_s=4.8636e-05 diagnostico_s=4.5227e-05 aplicacion_s=5.1789e-05
Archivo LP guardado en: /home/mathiasr/Escritorio/generator-aware-row-scaling/results-revision/research-audit/identifiability-final/R1_S6_coupling_uniform/lp/coupling_uniform_S6_seed20260916_SAMatpermB.lp
Archivo LP guardado en: /home/mathiasr/Escritorio/generator-aware-row-scaling/results-revision/research-audit/identifiability-final/R1_S6_coupling_uniform/lp/coupling_uniform_S6_seed20260917_Base.lp
[PREPROC PHASES] metadata_s=4.935e-05 diagnostico_s=4.5552e-05 aplicacion_s=4.2959e-05
Archivo LP guardado en: /home/mathiasr/Escritorio/generator-aware-row-scaling/results-revision/research-audit/identifiability-final/R1_S6_coupling_uniform/lp/coupling_uniform_S6_seed20260917_SAMat.lp
[PREPROC] modo plano: 43 filas tratadas como un unico bloque sin roles (kernel geomean por fila)
[PREPROC PHASES] metadata_s=1.474e-06 diagnostico_s=2.8873e-05 aplicacion_s=2.8382e-05
Archivo LP guardado en: /home/mathiasr/Escritorio/generator-aware-row-scaling/results-revision/research-audit/identifiability-final/R1_S6_coupling_uniform/lp/coupling_uniform_S6_seed20260917_FlatGM.lp
[PREPROC] modo plano: 43 filas tratadas como un unico bloque sin roles (kernel geomean por fila)
[PREPROC PHASES] metadata_s=1.312e-06 diagnostico_s=2.7874e-05 aplicacion_s=2.7478e-05
Archivo LP guardado en: /home/mathiasr/Escritorio/generator-aware-row-scaling/results-revision/research-audit/identifiability-final/R1_S6_coupling_uniform/lp/coupling_uniform_S6_seed20260917_FlatL2.lp
[PREPROC PHASES] metadata_s=4.9182e-05 diagnostico_s=4.5305e-05 aplicacion_s=3.9177e-05
Archivo LP guardado en: /home/mathiasr/Escritorio/generator-aware-row-scaling/results-revision/research-audit/identifiability-final/R1_S6_coupling_uniform/lp/coupling_uniform_S6_seed20260917_RoleHybrid.lp
[PREPROC PHASES] metadata_s=4.8912e-05 diagnostico_s=4.4673e-05 aplicacion_s=5.1642e-05
Archivo LP guardado en: /home/mathiasr/Escritorio/generator-aware-row-scaling/results-revision/research-audit/identifiability-final/R1_S6_coupling_uniform/lp/coupling_uniform_S6_seed20260917_SAMatpermB.lp
Archivo LP guardado en: /home/mathiasr/Escritorio/generator-aware-row-scaling/results-revision/research-audit/identifiability-final/R1_S6_coupling_uniform/lp/coupling_uniform_S6_seed20260918_Base.lp
[PREPROC PHASES] metadata_s=4.9228e-05 diagnostico_s=4.4224e-05 aplicacion_s=4.0876e-05
Archivo LP guardado en: /home/mathiasr/Escritorio/generator-aware-row-scaling/results-revision/research-audit/identifiability-final/R1_S6_coupling_uniform/lp/coupling_uniform_S6_seed20260918_SAMat.lp
[PREPROC] modo plano: 43 filas tratadas como un unico bloque sin roles (kernel geomean por fila)
[PREPROC PHASES] metadata_s=1.202e-06 diagnostico_s=2.9915e-05 aplicacion_s=2.9928e-05
Archivo LP guardado en: /home/mathiasr/Escritorio/generator-aware-row-scaling/results-revision/research-audit/identifiability-final/R1_S6_coupling_uniform/lp/coupling_uniform_S6_seed20260918_FlatGM.lp
[PREPROC] modo plano: 43 filas tratadas como un unico bloque sin roles (kernel geomean por fila)
[PREPROC PHASES] metadata_s=1.085e-06 diagnostico_s=2.6431e-05 aplicacion_s=2.6529e-05
Archivo LP guardado en: /home/mathiasr/Escritorio/generator-aware-row-scaling/results-revision/research-audit/identifiability-final/R1_S6_coupling_uniform/lp/coupling_uniform_S6_seed20260918_FlatL2.lp
[PREPROC PHASES] metadata_s=4.8957e-05 diagnostico_s=4.6893e-05 aplicacion_s=3.9826e-05
Archivo LP guardado en: /home/mathiasr/Escritorio/generator-aware-row-scaling/results-revision/research-audit/identifiability-final/R1_S6_coupling_uniform/lp/coupling_uniform_S6_seed20260918_RoleHybrid.lp
[PREPROC PHASES] metadata_s=4.9239e-05 diagnostico_s=4.4377e-05 aplicacion_s=5.0425e-05
Archivo LP guardado en: /home/mathiasr/Escritorio/generator-aware-row-scaling/results-revision/research-audit/identifiability-final/R1_S6_coupling_uniform/lp/coupling_uniform_S6_seed20260918_SAMatpermB.lp
[32m[success] Benchmark sintético: 60 corridas (instancia × variante). CSV: /home/mathiasr/Escritorio/generator-aware-row-scaling/results-revision/research-audit/identifiability-final/R1_S6_coupling_uniform/metrics.csv[0m
> [32m[success] Saliendo del programa...[0m
[32m[success] SystemController destruido[0m
