LP Base has 14400 rows; 10800 cols; 35590 nonzeros
Coefficient ranges:
  Matrix  [1e-03, 1e+09]
  Cost    [3e-03, 3e+03]
  Bound   [1e+00, 1e+10]
  RHS     [5e+00, 2e+09]
WARNING: Problem has some excessively large column bounds
WARNING: Problem has some excessively large row bounds
WARNING:    Consider scaling the    bounds by 1e-5, or setting the user_bound_scale option to -14
Presolving model
13672 rows, 10431 cols, 34477 nonzeros 0s
Dependent equations search running on 1784 equations with time limit of 3.00s
Dependent equations search removed 0 rows and 0 nonzeros in 0.00s (limit = 3.00s)
12900 rows, 9703 cols, 32933 nonzeros 0s
Presolve reductions: rows 12900(-1500); columns 9703(-1097); nonzeros 32933(-2657) 
Solving the presolved LP
Using dual simplex solver
  Iteration        Objective     Infeasibilities num(sum)
          0     0.0000000000e+00 Ph1: 0(0) 0.1s
      11161    -3.5041161954e+08 Pr: 0(0) 4.6s
      11161    -3.5041161954e+08 Pr: 0(0) 4.6s

Performed postsolve
Solving the original LP from the solution after postsolve

Model name          : Base
Model status        : Optimal
Simplex   iterations: 11161
Objective value     : -3.5041161954e+08
P-D objective error :  2.5514840847e-16
HiGHS run time      :          4.63
