LP Base has 14400 rows; 10800 cols; 35590 nonzeros
Coefficient ranges:
  Matrix  [2e-03, 2e+09]
  Cost    [5e-03, 3e+03]
  Bound   [1e+00, 1e+10]
  RHS     [5e+00, 5e+09]
WARNING: Problem has some excessively large column bounds
WARNING: Problem has some excessively large row bounds
WARNING:    Consider scaling the    bounds by 1e-5, or setting the user_bound_scale option to -14
Presolving model
13672 rows, 10431 cols, 34477 nonzeros 0s
Dependent equations search running on 1792 equations with time limit of 3.00s
Dependent equations search removed 0 rows and 0 nonzeros in 0.00s (limit = 3.00s)
12938 rows, 9711 cols, 33009 nonzeros 0s
Presolve reductions: rows 12938(-1462); columns 9711(-1089); nonzeros 33009(-2581) 
Solving the presolved LP
Using dual simplex solver
  Iteration        Objective     Infeasibilities num(sum)
          0     0.0000000000e+00 Ph1: 0(0) 0.1s
      10169    -3.4833370013e+08 Pr: 997(1.87691e+11); Du: 0(1.88628e-07) 5.2s
      11187    -3.4810101537e+08 Pr: 0(0) 5.9s
      11187    -3.4810101537e+08 Pr: 0(0) 5.9s

Performed postsolve
Solving the original LP from the solution after postsolve

Model name          : Base
Model status        : Optimal
Simplex   iterations: 11187
Objective value     : -3.4810101537e+08
P-D objective error :  1.7122801158e-16
HiGHS run time      :          5.90
