[32m[success] SystemController creado[0m
> Archivo LP guardado en: /home/mathiasr/Escritorio/generator-aware-row-scaling/results-revision/research-audit/identifiability-final/R3_S3_coupling/lp/coupling_S3_seed20260909_Base.lp
[PREPROC PHASES] metadata_s=5.174e-05 diagnostico_s=4.7736e-05 aplicacion_s=4.976e-05
Archivo LP guardado en: /home/mathiasr/Escritorio/generator-aware-row-scaling/results-revision/research-audit/identifiability-final/R3_S3_coupling/lp/coupling_S3_seed20260909_SAMat.lp
[PREPROC] modo plano: 43 filas tratadas como un unico bloque sin roles (kernel geomean por fila)
[PREPROC PHASES] metadata_s=1.527e-06 diagnostico_s=3.0336e-05 aplicacion_s=3.2523e-05
Archivo LP guardado en: /home/mathiasr/Escritorio/generator-aware-row-scaling/results-revision/research-audit/identifiability-final/R3_S3_coupling/lp/coupling_S3_seed20260909_FlatGM.lp
[PREPROC] modo plano: 43 filas tratadas como un unico bloque sin roles (kernel geomean por fila)
[PREPROC PHASES] metadata_s=1.329e-06 diagnostico_s=2.9232e-05 aplicacion_s=3.3217e-05
Archivo LP guardado en: /home/mathiasr/Escritorio/generator-aware-row-scaling/results-revision/research-audit/identifiability-final/R3_S3_coupling/lp/coupling_S3_seed20260909_FlatL2.lp
[PREPROC PHASES] metadata_s=5.0977e-05 diagnostico_s=4.6914e-05 aplicacion_s=4.2534e-05
Archivo LP guardado en: /home/mathiasr/Escritorio/generator-aware-row-scaling/results-revision/research-audit/identifiability-final/R3_S3_coupling/lp/coupling_S3_seed20260909_RoleHybrid.lp
[PREPROC PHASES] metadata_s=5.0937e-05 diagnostico_s=4.6196e-05 aplicacion_s=5.6291e-05
Archivo LP guardado en: /home/mathiasr/Escritorio/generator-aware-row-scaling/results-revision/research-audit/identifiability-final/R3_S3_coupling/lp/coupling_S3_seed20260909_SAMatpermB.lp
Archivo LP guardado en: /home/mathiasr/Escritorio/generator-aware-row-scaling/results-revision/research-audit/identifiability-final/R3_S3_coupling/lp/coupling_S3_seed20260910_Base.lp
[PREPROC PHASES] metadata_s=5.0308e-05 diagnostico_s=5.0612e-05 aplicacion_s=4.5865e-05
Archivo LP guardado en: /home/mathiasr/Escritorio/generator-aware-row-scaling/results-revision/research-audit/identifiability-final/R3_S3_coupling/lp/coupling_S3_seed20260910_SAMat.lp
[PREPROC] modo plano: 43 filas tratadas como un unico bloque sin roles (kernel geomean por fila)
[PREPROC PHASES] metadata_s=1.475e-06 diagnostico_s=3.0891e-05 aplicacion_s=3.3278e-05
Archivo LP guardado en: /home/mathiasr/Escritorio/generator-aware-row-scaling/results-revision/research-audit/identifiability-final/R3_S3_coupling/lp/coupling_S3_seed20260910_FlatGM.lp
[PREPROC] modo plano: 43 filas tratadas como un unico bloque sin roles (kernel geomean por fila)
[PREPROC PHASES] metadata_s=1.268e-06 diagnostico_s=2.9127e-05 aplicacion_s=3.1599e-05
Archivo LP guardado en: /home/mathiasr/Escritorio/generator-aware-row-scaling/results-revision/research-audit/identifiability-final/R3_S3_coupling/lp/coupling_S3_seed20260910_FlatL2.lp
[PREPROC PHASES] metadata_s=5.5346e-05 diagnostico_s=4.675e-05 aplicacion_s=4.2203e-05
Archivo LP guardado en: /home/mathiasr/Escritorio/generator-aware-row-scaling/results-revision/research-audit/identifiability-final/R3_S3_coupling/lp/coupling_S3_seed20260910_RoleHybrid.lp
[PREPROC PHASES] metadata_s=5.3973e-05 diagnostico_s=4.6097e-05 aplicacion_s=5.6077e-05
Archivo LP guardado en: /home/mathiasr/Escritorio/generator-aware-row-scaling/results-revision/research-audit/identifiability-final/R3_S3_coupling/lp/coupling_S3_seed20260910_SAMatpermB.lp
Archivo LP guardado en: /home/mathiasr/Escritorio/generator-aware-row-scaling/results-revision/research-audit/identifiability-final/R3_S3_coupling/lp/coupling_S3_seed20260911_Base.lp
[PREPROC PHASES] metadata_s=5.3078e-05 diagnostico_s=4.5734e-05 aplicacion_s=4.4859e-05
Archivo LP guardado en: /home/mathiasr/Escritorio/generator-aware-row-scaling/results-revision/research-audit/identifiability-final/R3_S3_coupling/lp/coupling_S3_seed20260911_SAMat.lp
[PREPROC] modo plano: 43 filas tratadas como un unico bloque sin roles (kernel geomean por fila)
[PREPROC PHASES] metadata_s=1.229e-06 diagnostico_s=2.9938e-05 aplicacion_s=3.2256e-05
Archivo LP guardado en: /home/mathiasr/Escritorio/generator-aware-row-scaling/results-revision/research-audit/identifiability-final/R3_S3_coupling/lp/coupling_S3_seed20260911_FlatGM.lp
[PREPROC] modo plano: 43 filas tratadas como un unico bloque sin roles (kernel geomean por fila)
[PREPROC PHASES] metadata_s=1.263e-06 diagnostico_s=2.9285e-05 aplicacion_s=3.0888e-05
Archivo LP guardado en: /home/mathiasr/Escritorio/generator-aware-row-scaling/results-revision/research-audit/identifiability-final/R3_S3_coupling/lp/coupling_S3_seed20260911_FlatL2.lp
[PREPROC PHASES] metadata_s=5.0885e-05 diagnostico_s=4.6129e-05 aplicacion_s=4.1985e-05
Archivo LP guardado en: /home/mathiasr/Escritorio/generator-aware-row-scaling/results-revision/research-audit/identifiability-final/R3_S3_coupling/lp/coupling_S3_seed20260911_RoleHybrid.lp
[PREPROC PHASES] metadata_s=5.064e-05 diagnostico_s=4.5234e-05 aplicacion_s=5.4966e-05
Archivo LP guardado en: /home/mathiasr/Escritorio/generator-aware-row-scaling/results-revision/research-audit/identifiability-final/R3_S3_coupling/lp/coupling_S3_seed20260911_SAMatpermB.lp
Archivo LP guardado en: /home/mathiasr/Escritorio/generator-aware-row-scaling/results-revision/research-audit/identifiability-final/R3_S3_coupling/lp/coupling_S3_seed20260912_Base.lp
[PREPROC PHASES] metadata_s=5.0871e-05 diagnostico_s=4.6317e-05 aplicacion_s=4.5961e-05
Archivo LP guardado en: /home/mathiasr/Escritorio/generator-aware-row-scaling/results-revision/research-audit/identifiability-final/R3_S3_coupling/lp/coupling_S3_seed20260912_SAMat.lp
[PREPROC] modo plano: 43 filas tratadas como un unico bloque sin roles (kernel geomean por fila)
[PREPROC PHASES] metadata_s=1.369e-06 diagnostico_s=3.0423e-05 aplicacion_s=3.1315e-05
Archivo LP guardado en: /home/mathiasr/Escritorio/generator-aware-row-scaling/results-revision/research-audit/identifiability-final/R3_S3_coupling/lp/coupling_S3_seed20260912_FlatGM.lp
[PREPROC] modo plano: 43 filas tratadas como un unico bloque sin roles (kernel geomean por fila)
[PREPROC PHASES] metadata_s=1.337e-06 diagnostico_s=2.8878e-05 aplicacion_s=3.1671e-05
Archivo LP guardado en: /home/mathiasr/Escritorio/generator-aware-row-scaling/results-revision/research-audit/identifiability-final/R3_S3_coupling/lp/coupling_S3_seed20260912_FlatL2.lp
[PREPROC PHASES] metadata_s=5.1118e-05 diagnostico_s=4.6382e-05 aplicacion_s=4.2411e-05
Archivo LP guardado en: /home/mathiasr/Escritorio/generator-aware-row-scaling/results-revision/research-audit/identifiability-final/R3_S3_coupling/lp/coupling_S3_seed20260912_RoleHybrid.lp
[PREPROC PHASES] metadata_s=5.0951e-05 diagnostico_s=4.8743e-05 aplicacion_s=5.6072e-05
Archivo LP guardado en: /home/mathiasr/Escritorio/generator-aware-row-scaling/results-revision/research-audit/identifiability-final/R3_S3_coupling/lp/coupling_S3_seed20260912_SAMatpermB.lp
Archivo LP guardado en: /home/mathiasr/Escritorio/generator-aware-row-scaling/results-revision/research-audit/identifiability-final/R3_S3_coupling/lp/coupling_S3_seed20260913_Base.lp
[PREPROC PHASES] metadata_s=5.1418e-05 diagnostico_s=4.6274e-05 aplicacion_s=4.6287e-05
Archivo LP guardado en: /home/mathiasr/Escritorio/generator-aware-row-scaling/results-revision/research-audit/identifiability-final/R3_S3_coupling/lp/coupling_S3_seed20260913_SAMat.lp
[PREPROC] modo plano: 43 filas tratadas como un unico bloque sin roles (kernel geomean por fila)
[PREPROC PHASES] metadata_s=1.387e-06 diagnostico_s=3.0207e-05 aplicacion_s=3.1873e-05
Archivo LP guardado en: /home/mathiasr/Escritorio/generator-aware-row-scaling/results-revision/research-audit/identifiability-final/R3_S3_coupling/lp/coupling_S3_seed20260913_FlatGM.lp
[PREPROC] modo plano: 43 filas tratadas como un unico bloque sin roles (kernel geomean por fila)
[PREPROC PHASES] metadata_s=1.329e-06 diagnostico_s=2.9072e-05 aplicacion_s=3.1812e-05
Archivo LP guardado en: /home/mathiasr/Escritorio/generator-aware-row-scaling/results-revision/research-audit/identifiability-final/R3_S3_coupling/lp/coupling_S3_seed20260913_FlatL2.lp
[PREPROC PHASES] metadata_s=5.0538e-05 diagnostico_s=4.5683e-05 aplicacion_s=4.4133e-05
Archivo LP guardado en: /home/mathiasr/Escritorio/generator-aware-row-scaling/results-revision/research-audit/identifiability-final/R3_S3_coupling/lp/coupling_S3_seed20260913_RoleHybrid.lp
[PREPROC PHASES] metadata_s=5.0598e-05 diagnostico_s=4.4938e-05 aplicacion_s=5.5785e-05
Archivo LP guardado en: /home/mathiasr/Escritorio/generator-aware-row-scaling/results-revision/research-audit/identifiability-final/R3_S3_coupling/lp/coupling_S3_seed20260913_SAMatpermB.lp
Archivo LP guardado en: /home/mathiasr/Escritorio/generator-aware-row-scaling/results-revision/research-audit/identifiability-final/R3_S3_coupling/lp/coupling_S3_seed20260914_Base.lp
[PREPROC PHASES] metadata_s=5.1321e-05 diagnostico_s=4.7124e-05 aplicacion_s=4.7598e-05
Archivo LP guardado en: /home/mathiasr/Escritorio/generator-aware-row-scaling/results-revision/research-audit/identifiability-final/R3_S3_coupling/lp/coupling_S3_seed20260914_SAMat.lp
[PREPROC] modo plano: 43 filas tratadas como un unico bloque sin roles (kernel geomean por fila)
[PREPROC PHASES] metadata_s=1.38e-06 diagnostico_s=2.9953e-05 aplicacion_s=3.4647e-05
Archivo LP guardado en: /home/mathiasr/Escritorio/generator-aware-row-scaling/results-revision/research-audit/identifiability-final/R3_S3_coupling/lp/coupling_S3_seed20260914_FlatGM.lp
[PREPROC] modo plano: 43 filas tratadas como un unico bloque sin roles (kernel geomean por fila)
[PREPROC PHASES] metadata_s=1.317e-06 diagnostico_s=2.8931e-05 aplicacion_s=3.1254e-05
Archivo LP guardado en: /home/mathiasr/Escritorio/generator-aware-row-scaling/results-revision/research-audit/identifiability-final/R3_S3_coupling/lp/coupling_S3_seed20260914_FlatL2.lp
[PREPROC PHASES] metadata_s=5.4283e-05 diagnostico_s=4.6255e-05 aplicacion_s=4.2538e-05
Archivo LP guardado en: /home/mathiasr/Escritorio/generator-aware-row-scaling/results-revision/research-audit/identifiability-final/R3_S3_coupling/lp/coupling_S3_seed20260914_RoleHybrid.lp
[PREPROC PHASES] metadata_s=5.0831e-05 diagnostico_s=4.7046e-05 aplicacion_s=5.5768e-05
Archivo LP guardado en: /home/mathiasr/Escritorio/generator-aware-row-scaling/results-revision/research-audit/identifiability-final/R3_S3_coupling/lp/coupling_S3_seed20260914_SAMatpermB.lp
Archivo LP guardado en: /home/mathiasr/Escritorio/generator-aware-row-scaling/results-revision/research-audit/identifiability-final/R3_S3_coupling/lp/coupling_S3_seed20260915_Base.lp
[PREPROC PHASES] metadata_s=5.077e-05 diagnostico_s=4.7207e-05 aplicacion_s=4.5416e-05
Archivo LP guardado en: /home/mathiasr/Escritorio/generator-aware-row-scaling/results-revision/research-audit/identifiability-final/R3_S3_coupling/lp/coupling_S3_seed20260915_SAMat.lp
[PREPROC] modo plano: 43 filas tratadas como un unico bloque sin roles (kernel geomean por fila)
[PREPROC PHASES] metadata_s=1.165e-06 diagnostico_s=3.0312e-05 aplicacion_s=3.1788e-05
Archivo LP guardado en: /home/mathiasr/Escritorio/generator-aware-row-scaling/results-revision/research-audit/identifiability-final/R3_S3_coupling/lp/coupling_S3_seed20260915_FlatGM.lp
[PREPROC] modo plano: 43 filas tratadas como un unico bloque sin roles (kernel geomean por fila)
[PREPROC PHASES] metadata_s=1.519e-06 diagnostico_s=2.9272e-05 aplicacion_s=3.1839e-05
Archivo LP guardado en: /home/mathiasr/Escritorio/generator-aware-row-scaling/results-revision/research-audit/identifiability-final/R3_S3_coupling/lp/coupling_S3_seed20260915_FlatL2.lp
[PREPROC PHASES] metadata_s=5.1634e-05 diagnostico_s=4.6875e-05 aplicacion_s=4.2879e-05
Archivo LP guardado en: /home/mathiasr/Escritorio/generator-aware-row-scaling/results-revision/research-audit/identifiability-final/R3_S3_coupling/lp/coupling_S3_seed20260915_RoleHybrid.lp
[PREPROC PHASES] metadata_s=5.511e-05 diagnostico_s=4.6028e-05 aplicacion_s=5.5054e-05
Archivo LP guardado en: /home/mathiasr/Escritorio/generator-aware-row-scaling/results-revision/research-audit/identifiability-final/R3_S3_coupling/lp/coupling_S3_seed20260915_SAMatpermB.lp
Archivo LP guardado en: /home/mathiasr/Escritorio/generator-aware-row-scaling/results-revision/research-audit/identifiability-final/R3_S3_coupling/lp/coupling_S3_seed20260916_Base.lp
[PREPROC PHASES] metadata_s=5.0617e-05 diagnostico_s=4.6785e-05 aplicacion_s=4.4415e-05
Archivo LP guardado en: /home/mathiasr/Escritorio/generator-aware-row-scaling/results-revision/research-audit/identifiability-final/R3_S3_coupling/lp/coupling_S3_seed20260916_SAMat.lp
[PREPROC] modo plano: 43 filas tratadas como un unico bloque sin roles (kernel geomean por fila)
[PREPROC PHASES] metadata_s=1.442e-06 diagnostico_s=2.9836e-05 aplicacion_s=3.1404e-05
Archivo LP guardado en: /home/mathiasr/Escritorio/generator-aware-row-scaling/results-revision/research-audit/identifiability-final/R3_S3_coupling/lp/coupling_S3_seed20260916_FlatGM.lp
[PREPROC] modo plano: 43 filas tratadas como un unico bloque sin roles (kernel geomean por fila)
[PREPROC PHASES] metadata_s=1.151e-06 diagnostico_s=2.9029e-05 aplicacion_s=3.1569e-05
Archivo LP guardado en: /home/mathiasr/Escritorio/generator-aware-row-scaling/results-revision/research-audit/identifiability-final/R3_S3_coupling/lp/coupling_S3_seed20260916_FlatL2.lp
[PREPROC PHASES] metadata_s=5.0872e-05 diagnostico_s=4.5347e-05 aplicacion_s=4.322e-05
Archivo LP guardado en: /home/mathiasr/Escritorio/generator-aware-row-scaling/results-revision/research-audit/identifiability-final/R3_S3_coupling/lp/coupling_S3_seed20260916_RoleHybrid.lp
[PREPROC PHASES] metadata_s=5.0363e-05 diagnostico_s=4.6515e-05 aplicacion_s=5.8735e-05
Archivo LP guardado en: /home/mathiasr/Escritorio/generator-aware-row-scaling/results-revision/research-audit/identifiability-final/R3_S3_coupling/lp/coupling_S3_seed20260916_SAMatpermB.lp
Archivo LP guardado en: /home/mathiasr/Escritorio/generator-aware-row-scaling/results-revision/research-audit/identifiability-final/R3_S3_coupling/lp/coupling_S3_seed20260917_Base.lp
[PREPROC PHASES] metadata_s=5.0499e-05 diagnostico_s=4.6369e-05 aplicacion_s=4.8444e-05
Archivo LP guardado en: /home/mathiasr/Escritorio/generator-aware-row-scaling/results-revision/research-audit/identifiability-final/R3_S3_coupling/lp/coupling_S3_seed20260917_SAMat.lp
[PREPROC] modo plano: 43 filas tratadas como un unico bloque sin roles (kernel geomean por fila)
[PREPROC PHASES] metadata_s=1.378e-06 diagnostico_s=3.0205e-05 aplicacion_s=3.2063e-05
Archivo LP guardado en: /home/mathiasr/Escritorio/generator-aware-row-scaling/results-revision/research-audit/identifiability-final/R3_S3_coupling/lp/coupling_S3_seed20260917_FlatGM.lp
[PREPROC] modo plano: 43 filas tratadas como un unico bloque sin roles (kernel geomean por fila)
[PREPROC PHASES] metadata_s=1.291e-06 diagnostico_s=2.9135e-05 aplicacion_s=3.2135e-05
Archivo LP guardado en: /home/mathiasr/Escritorio/generator-aware-row-scaling/results-revision/research-audit/identifiability-final/R3_S3_coupling/lp/coupling_S3_seed20260917_FlatL2.lp
[PREPROC PHASES] metadata_s=5.0619e-05 diagnostico_s=4.6012e-05 aplicacion_s=4.1633e-05
Archivo LP guardado en: /home/mathiasr/Escritorio/generator-aware-row-scaling/results-revision/research-audit/identifiability-final/R3_S3_coupling/lp/coupling_S3_seed20260917_RoleHybrid.lp
[PREPROC PHASES] metadata_s=5.5379e-05 diagnostico_s=4.6372e-05 aplicacion_s=5.4245e-05
Archivo LP guardado en: /home/mathiasr/Escritorio/generator-aware-row-scaling/results-revision/research-audit/identifiability-final/R3_S3_coupling/lp/coupling_S3_seed20260917_SAMatpermB.lp
Archivo LP guardado en: /home/mathiasr/Escritorio/generator-aware-row-scaling/results-revision/research-audit/identifiability-final/R3_S3_coupling/lp/coupling_S3_seed20260918_Base.lp
[PREPROC PHASES] metadata_s=5.0795e-05 diagnostico_s=4.7373e-05 aplicacion_s=4.5121e-05
Archivo LP guardado en: /home/mathiasr/Escritorio/generator-aware-row-scaling/results-revision/research-audit/identifiability-final/R3_S3_coupling/lp/coupling_S3_seed20260918_SAMat.lp
[PREPROC] modo plano: 43 filas tratadas como un unico bloque sin roles (kernel geomean por fila)
[PREPROC PHASES] metadata_s=1.33e-06 diagnostico_s=3.0002e-05 aplicacion_s=3.1768e-05
Archivo LP guardado en: /home/mathiasr/Escritorio/generator-aware-row-scaling/results-revision/research-audit/identifiability-final/R3_S3_coupling/lp/coupling_S3_seed20260918_FlatGM.lp
[PREPROC] modo plano: 43 filas tratadas como un unico bloque sin roles (kernel geomean por fila)
[PREPROC PHASES] metadata_s=1.167e-06 diagnostico_s=2.8943e-05 aplicacion_s=3.2013e-05
Archivo LP guardado en: /home/mathiasr/Escritorio/generator-aware-row-scaling/results-revision/research-audit/identifiability-final/R3_S3_coupling/lp/coupling_S3_seed20260918_FlatL2.lp
[PREPROC PHASES] metadata_s=5.0649e-05 diagnostico_s=4.6828e-05 aplicacion_s=4.7841e-05
Archivo LP guardado en: /home/mathiasr/Escritorio/generator-aware-row-scaling/results-revision/research-audit/identifiability-final/R3_S3_coupling/lp/coupling_S3_seed20260918_RoleHybrid.lp
[PREPROC PHASES] metadata_s=5.0848e-05 diagnostico_s=4.562e-05 aplicacion_s=5.5054e-05
Archivo LP guardado en: /home/mathiasr/Escritorio/generator-aware-row-scaling/results-revision/research-audit/identifiability-final/R3_S3_coupling/lp/coupling_S3_seed20260918_SAMatpermB.lp
[32m[success] Benchmark sintético: 60 corridas (instancia × variante). CSV: /home/mathiasr/Escritorio/generator-aware-row-scaling/results-revision/research-audit/identifiability-final/R3_S3_coupling/metrics.csv[0m
> [32m[success] Saliendo del programa...[0m
[32m[success] SystemController destruido[0m
