LP Base has 14400 rows; 10800 cols; 35590 nonzeros
Coefficient ranges:
  Matrix  [3e-03, 2e+09]
  Cost    [5e-03, 3e+03]
  Bound   [1e+00, 1e+10]
  RHS     [5e+00, 7e+09]
WARNING: Problem has some excessively large column bounds
WARNING: Problem has some excessively large row bounds
WARNING:    Consider scaling the    bounds by 1e-5, or setting the user_bound_scale option to -14
Presolving model
13672 rows, 10431 cols, 34477 nonzeros 0s
Dependent equations search running on 1792 equations with time limit of 3.00s
Dependent equations search removed 0 rows and 0 nonzeros in 0.00s (limit = 3.00s)
12948 rows, 9711 cols, 33029 nonzeros 0s
Presolve reductions: rows 12948(-1452); columns 9711(-1089); nonzeros 33029(-2561) 
Solving the presolved LP
Using dual simplex solver
  Iteration        Objective     Infeasibilities num(sum)
          0     0.0000000000e+00 Ph1: 0(0) 0.1s
      10494    -3.0053526929e+08 Pr: 1317(3.89188e+08) 5.3s
      11884    -3.0051445352e+08 Pr: 0(0) 6.9s
      11884    -3.0051445352e+08 Pr: 0(0) 6.9s

Performed postsolve
Solving the original LP from the solution after postsolve

Model name          : Base
Model status        : Optimal
Simplex   iterations: 11884
Objective value     : -3.0051445352e+08
P-D objective error :  2.9751303462e-16
HiGHS run time      :          6.98
