LP Base has 23763 rows; 16561 cols; 57555 nonzeros
Coefficient ranges:
  Matrix  [2e-04, 1e+10]
  Cost    [1e-04, 1e+02]
  Bound   [1e+00, 1e+10]
  RHS     [5e+00, 1e+10]
WARNING: Problem has some excessively large column bounds
WARNING: Problem has some excessively large row bounds
WARNING:    Consider scaling the    bounds by 1e-5, or setting the user_bound_scale option to -14
Presolving model
23395 rows, 16551 cols, 57161 nonzeros 0s
Dependent equations search running on 2512 equations with time limit of 3.00s
Dependent equations search removed 0 rows and 0 nonzeros in 0.00s (limit = 3.00s)
22216 rows, 15471 cols, 54803 nonzeros 0s
Presolve reductions: rows 22216(-1547); columns 15471(-1090); nonzeros 54803(-2752) 
Solving the presolved LP
Using dual simplex solver
  Iteration        Objective     Infeasibilities num(sum)
          0    -1.0000000000e+03 Ph1: 3(2000); Du: 1(1) 0.1s
       9515    -6.7134184863e+05 Pr: 2815(1.88979e+08); Du: 0(6.99244e-07) 5.2s
      16442    -5.5143570524e+05 Pr: 1686(1.06185e+08); Du: 0(1.36472e-22) 10.4s
      20108    -5.4038275659e+05 Pr: 0(0) 15.1s
      20108    -5.4038275659e+05 Pr: 0(0) 15.1s

Performed postsolve
Solving the original LP from the solution after postsolve

Model name          : Base
Model status        : Optimal
Simplex   iterations: 20108
Objective value     : -5.4038275659e+05
P-D objective error :  2.3374266808e-14
HiGHS run time      :         15.18
