LP Base has 14400 rows; 10800 cols; 35590 nonzeros
Coefficient ranges:
  Matrix  [2e-03, 2e+09]
  Cost    [3e-03, 2e+03]
  Bound   [1e+00, 1e+10]
  RHS     [5e+00, 6e+09]
WARNING: Problem has some excessively large column bounds
WARNING: Problem has some excessively large row bounds
WARNING:    Consider scaling the    bounds by 1e-5, or setting the user_bound_scale option to -14
Presolving model
13672 rows, 10431 cols, 34477 nonzeros 0s
Dependent equations search running on 1792 equations with time limit of 3.00s
Dependent equations search removed 0 rows and 0 nonzeros in 0.00s (limit = 3.00s)
12944 rows, 9711 cols, 33021 nonzeros 0s
Presolve reductions: rows 12944(-1456); columns 9711(-1089); nonzeros 33021(-2569) 
Solving the presolved LP
Using dual simplex solver
  Iteration        Objective     Infeasibilities num(sum)
          0     0.0000000000e+00 Ph1: 0(0) 0.1s
      10474    -2.3405839745e+08 Pr: 0(0) 3.6s
      10474    -2.3405839745e+08 Pr: 0(0) 3.6s

Performed postsolve
Solving the original LP from the solution after postsolve

Model name          : Base
Model status        : Optimal
Simplex   iterations: 10474
Objective value     : -2.3405839745e+08
P-D objective error :  3.1832143867e-16
HiGHS run time      :          3.66
