[32m[success] SystemController creado[0m
> Archivo LP guardado en: /home/mathiasr/Escritorio/generator-aware-row-scaling/results-revision/research-audit/identifiability-confirmatory/R3_S6_coupling/lp/coupling_S6_seed20260909_Base.lp
[PREPROC PHASES] metadata_s=7.229e-06 diagnostico_s=6.858e-06 aplicacion_s=9.945e-06
Archivo LP guardado en: /home/mathiasr/Escritorio/generator-aware-row-scaling/results-revision/research-audit/identifiability-confirmatory/R3_S6_coupling/lp/coupling_S6_seed20260909_SAMat.lp
[PREPROC] modo plano: 43 filas tratadas como un unico bloque sin roles (kernel geomean por fila)
[PREPROC PHASES] metadata_s=9.28e-07 diagnostico_s=4.17e-06 aplicacion_s=5.544e-06
Archivo LP guardado en: /home/mathiasr/Escritorio/generator-aware-row-scaling/results-revision/research-audit/identifiability-confirmatory/R3_S6_coupling/lp/coupling_S6_seed20260909_FlatGM.lp
[PREPROC] modo plano: 43 filas tratadas como un unico bloque sin roles (kernel geomean por fila)
[PREPROC PHASES] metadata_s=4.11e-07 diagnostico_s=3.511e-06 aplicacion_s=5.552e-06
Archivo LP guardado en: /home/mathiasr/Escritorio/generator-aware-row-scaling/results-revision/research-audit/identifiability-confirmatory/R3_S6_coupling/lp/coupling_S6_seed20260909_FlatL2.lp
[PREPROC PHASES] metadata_s=7.26e-06 diagnostico_s=6.379e-06 aplicacion_s=6.867e-06
Archivo LP guardado en: /home/mathiasr/Escritorio/generator-aware-row-scaling/results-revision/research-audit/identifiability-confirmatory/R3_S6_coupling/lp/coupling_S6_seed20260909_RoleHybrid.lp
[PREPROC PHASES] metadata_s=7.37e-06 diagnostico_s=6.44e-06 aplicacion_s=1.257e-05
Archivo LP guardado en: /home/mathiasr/Escritorio/generator-aware-row-scaling/results-revision/research-audit/identifiability-confirmatory/R3_S6_coupling/lp/coupling_S6_seed20260909_SAMatpermB.lp
Archivo LP guardado en: /home/mathiasr/Escritorio/generator-aware-row-scaling/results-revision/research-audit/identifiability-confirmatory/R3_S6_coupling/lp/coupling_S6_seed20260910_Base.lp
[PREPROC PHASES] metadata_s=7.066e-06 diagnostico_s=6.153e-06 aplicacion_s=6.72e-06
Archivo LP guardado en: /home/mathiasr/Escritorio/generator-aware-row-scaling/results-revision/research-audit/identifiability-confirmatory/R3_S6_coupling/lp/coupling_S6_seed20260910_SAMat.lp
[PREPROC] modo plano: 43 filas tratadas como un unico bloque sin roles (kernel geomean por fila)
[PREPROC PHASES] metadata_s=4.32e-07 diagnostico_s=3.769e-06 aplicacion_s=5.187e-06
Archivo LP guardado en: /home/mathiasr/Escritorio/generator-aware-row-scaling/results-revision/research-audit/identifiability-confirmatory/R3_S6_coupling/lp/coupling_S6_seed20260910_FlatGM.lp
[PREPROC] modo plano: 43 filas tratadas como un unico bloque sin roles (kernel geomean por fila)
[PREPROC PHASES] metadata_s=3.9e-07 diagnostico_s=3.413e-06 aplicacion_s=5.159e-06
Archivo LP guardado en: /home/mathiasr/Escritorio/generator-aware-row-scaling/results-revision/research-audit/identifiability-confirmatory/R3_S6_coupling/lp/coupling_S6_seed20260910_FlatL2.lp
[PREPROC PHASES] metadata_s=7.302e-06 diagnostico_s=5.865e-06 aplicacion_s=6.422e-06
Archivo LP guardado en: /home/mathiasr/Escritorio/generator-aware-row-scaling/results-revision/research-audit/identifiability-confirmatory/R3_S6_coupling/lp/coupling_S6_seed20260910_RoleHybrid.lp
[PREPROC PHASES] metadata_s=7.134e-06 diagnostico_s=5.529e-06 aplicacion_s=1.1316e-05
Archivo LP guardado en: /home/mathiasr/Escritorio/generator-aware-row-scaling/results-revision/research-audit/identifiability-confirmatory/R3_S6_coupling/lp/coupling_S6_seed20260910_SAMatpermB.lp
Archivo LP guardado en: /home/mathiasr/Escritorio/generator-aware-row-scaling/results-revision/research-audit/identifiability-confirmatory/R3_S6_coupling/lp/coupling_S6_seed20260911_Base.lp
[PREPROC PHASES] metadata_s=6.938e-06 diagnostico_s=5.892e-06 aplicacion_s=6.05e-06
Archivo LP guardado en: /home/mathiasr/Escritorio/generator-aware-row-scaling/results-revision/research-audit/identifiability-confirmatory/R3_S6_coupling/lp/coupling_S6_seed20260911_SAMat.lp
[PREPROC] modo plano: 43 filas tratadas como un unico bloque sin roles (kernel geomean por fila)
[PREPROC PHASES] metadata_s=4.39e-07 diagnostico_s=3.512e-06 aplicacion_s=5.17e-06
Archivo LP guardado en: /home/mathiasr/Escritorio/generator-aware-row-scaling/results-revision/research-audit/identifiability-confirmatory/R3_S6_coupling/lp/coupling_S6_seed20260911_FlatGM.lp
[PREPROC] modo plano: 43 filas tratadas como un unico bloque sin roles (kernel geomean por fila)
[PREPROC PHASES] metadata_s=3.4e-07 diagnostico_s=3.211e-06 aplicacion_s=5.364e-06
Archivo LP guardado en: /home/mathiasr/Escritorio/generator-aware-row-scaling/results-revision/research-audit/identifiability-confirmatory/R3_S6_coupling/lp/coupling_S6_seed20260911_FlatL2.lp
[PREPROC PHASES] metadata_s=7.014e-06 diagnostico_s=5.994e-06 aplicacion_s=6.103e-06
Archivo LP guardado en: /home/mathiasr/Escritorio/generator-aware-row-scaling/results-revision/research-audit/identifiability-confirmatory/R3_S6_coupling/lp/coupling_S6_seed20260911_RoleHybrid.lp
[PREPROC PHASES] metadata_s=6.982e-06 diagnostico_s=5.948e-06 aplicacion_s=1.3727e-05
Archivo LP guardado en: /home/mathiasr/Escritorio/generator-aware-row-scaling/results-revision/research-audit/identifiability-confirmatory/R3_S6_coupling/lp/coupling_S6_seed20260911_SAMatpermB.lp
Archivo LP guardado en: /home/mathiasr/Escritorio/generator-aware-row-scaling/results-revision/research-audit/identifiability-confirmatory/R3_S6_coupling/lp/coupling_S6_seed20260912_Base.lp
[PREPROC PHASES] metadata_s=7.257e-06 diagnostico_s=6.117e-06 aplicacion_s=6.593e-06
Archivo LP guardado en: /home/mathiasr/Escritorio/generator-aware-row-scaling/results-revision/research-audit/identifiability-confirmatory/R3_S6_coupling/lp/coupling_S6_seed20260912_SAMat.lp
[PREPROC] modo plano: 43 filas tratadas como un unico bloque sin roles (kernel geomean por fila)
[PREPROC PHASES] metadata_s=4.13e-07 diagnostico_s=3.509e-06 aplicacion_s=5.287e-06
Archivo LP guardado en: /home/mathiasr/Escritorio/generator-aware-row-scaling/results-revision/research-audit/identifiability-confirmatory/R3_S6_coupling/lp/coupling_S6_seed20260912_FlatGM.lp
[PREPROC] modo plano: 43 filas tratadas como un unico bloque sin roles (kernel geomean por fila)
[PREPROC PHASES] metadata_s=3.35e-07 diagnostico_s=3.297e-06 aplicacion_s=5.035e-06
Archivo LP guardado en: /home/mathiasr/Escritorio/generator-aware-row-scaling/results-revision/research-audit/identifiability-confirmatory/R3_S6_coupling/lp/coupling_S6_seed20260912_FlatL2.lp
[PREPROC PHASES] metadata_s=7.012e-06 diagnostico_s=5.896e-06 aplicacion_s=6.09e-06
Archivo LP guardado en: /home/mathiasr/Escritorio/generator-aware-row-scaling/results-revision/research-audit/identifiability-confirmatory/R3_S6_coupling/lp/coupling_S6_seed20260912_RoleHybrid.lp
[PREPROC PHASES] metadata_s=7.121e-06 diagnostico_s=5.414e-06 aplicacion_s=1.0568e-05
Archivo LP guardado en: /home/mathiasr/Escritorio/generator-aware-row-scaling/results-revision/research-audit/identifiability-confirmatory/R3_S6_coupling/lp/coupling_S6_seed20260912_SAMatpermB.lp
Archivo LP guardado en: /home/mathiasr/Escritorio/generator-aware-row-scaling/results-revision/research-audit/identifiability-confirmatory/R3_S6_coupling/lp/coupling_S6_seed20260913_Base.lp
[PREPROC PHASES] metadata_s=7.068e-06 diagnostico_s=5.419e-06 aplicacion_s=6.141e-06
Archivo LP guardado en: /home/mathiasr/Escritorio/generator-aware-row-scaling/results-revision/research-audit/identifiability-confirmatory/R3_S6_coupling/lp/coupling_S6_seed20260913_SAMat.lp
[PREPROC] modo plano: 43 filas tratadas como un unico bloque sin roles (kernel geomean por fila)
[PREPROC PHASES] metadata_s=3.84e-07 diagnostico_s=3.874e-06 aplicacion_s=5.046e-06
Archivo LP guardado en: /home/mathiasr/Escritorio/generator-aware-row-scaling/results-revision/research-audit/identifiability-confirmatory/R3_S6_coupling/lp/coupling_S6_seed20260913_FlatGM.lp
[PREPROC] modo plano: 43 filas tratadas como un unico bloque sin roles (kernel geomean por fila)
[PREPROC PHASES] metadata_s=3.27e-07 diagnostico_s=3.232e-06 aplicacion_s=5.264e-06
Archivo LP guardado en: /home/mathiasr/Escritorio/generator-aware-row-scaling/results-revision/research-audit/identifiability-confirmatory/R3_S6_coupling/lp/coupling_S6_seed20260913_FlatL2.lp
[PREPROC PHASES] metadata_s=7.061e-06 diagnostico_s=5.581e-06 aplicacion_s=6.252e-06
Archivo LP guardado en: /home/mathiasr/Escritorio/generator-aware-row-scaling/results-revision/research-audit/identifiability-confirmatory/R3_S6_coupling/lp/coupling_S6_seed20260913_RoleHybrid.lp
[PREPROC PHASES] metadata_s=7.083e-06 diagnostico_s=5.337e-06 aplicacion_s=1.0864e-05
Archivo LP guardado en: /home/mathiasr/Escritorio/generator-aware-row-scaling/results-revision/research-audit/identifiability-confirmatory/R3_S6_coupling/lp/coupling_S6_seed20260913_SAMatpermB.lp
Archivo LP guardado en: /home/mathiasr/Escritorio/generator-aware-row-scaling/results-revision/research-audit/identifiability-confirmatory/R3_S6_coupling/lp/coupling_S6_seed20260914_Base.lp
[PREPROC PHASES] metadata_s=7.456e-06 diagnostico_s=5.879e-06 aplicacion_s=6.412e-06
Archivo LP guardado en: /home/mathiasr/Escritorio/generator-aware-row-scaling/results-revision/research-audit/identifiability-confirmatory/R3_S6_coupling/lp/coupling_S6_seed20260914_SAMat.lp
[PREPROC] modo plano: 43 filas tratadas como un unico bloque sin roles (kernel geomean por fila)
[PREPROC PHASES] metadata_s=3.73e-07 diagnostico_s=3.599e-06 aplicacion_s=5.277e-06
Archivo LP guardado en: /home/mathiasr/Escritorio/generator-aware-row-scaling/results-revision/research-audit/identifiability-confirmatory/R3_S6_coupling/lp/coupling_S6_seed20260914_FlatGM.lp
[PREPROC] modo plano: 43 filas tratadas como un unico bloque sin roles (kernel geomean por fila)
[PREPROC PHASES] metadata_s=3.53e-07 diagnostico_s=3.314e-06 aplicacion_s=5.369e-06
Archivo LP guardado en: /home/mathiasr/Escritorio/generator-aware-row-scaling/results-revision/research-audit/identifiability-confirmatory/R3_S6_coupling/lp/coupling_S6_seed20260914_FlatL2.lp
[PREPROC PHASES] metadata_s=7.24e-06 diagnostico_s=5.622e-06 aplicacion_s=6.138e-06
Archivo LP guardado en: /home/mathiasr/Escritorio/generator-aware-row-scaling/results-revision/research-audit/identifiability-confirmatory/R3_S6_coupling/lp/coupling_S6_seed20260914_RoleHybrid.lp
[PREPROC PHASES] metadata_s=6.95e-06 diagnostico_s=6.189e-06 aplicacion_s=1.1532e-05
Archivo LP guardado en: /home/mathiasr/Escritorio/generator-aware-row-scaling/results-revision/research-audit/identifiability-confirmatory/R3_S6_coupling/lp/coupling_S6_seed20260914_SAMatpermB.lp
Archivo LP guardado en: /home/mathiasr/Escritorio/generator-aware-row-scaling/results-revision/research-audit/identifiability-confirmatory/R3_S6_coupling/lp/coupling_S6_seed20260915_Base.lp
[PREPROC PHASES] metadata_s=7.184e-06 diagnostico_s=5.962e-06 aplicacion_s=5.991e-06
Archivo LP guardado en: /home/mathiasr/Escritorio/generator-aware-row-scaling/results-revision/research-audit/identifiability-confirmatory/R3_S6_coupling/lp/coupling_S6_seed20260915_SAMat.lp
[PREPROC] modo plano: 43 filas tratadas como un unico bloque sin roles (kernel geomean por fila)
[PREPROC PHASES] metadata_s=3.47e-07 diagnostico_s=3.714e-06 aplicacion_s=5.348e-06
Archivo LP guardado en: /home/mathiasr/Escritorio/generator-aware-row-scaling/results-revision/research-audit/identifiability-confirmatory/R3_S6_coupling/lp/coupling_S6_seed20260915_FlatGM.lp
[PREPROC] modo plano: 43 filas tratadas como un unico bloque sin roles (kernel geomean por fila)
[PREPROC PHASES] metadata_s=3.31e-07 diagnostico_s=3.407e-06 aplicacion_s=5.4e-06
Archivo LP guardado en: /home/mathiasr/Escritorio/generator-aware-row-scaling/results-revision/research-audit/identifiability-confirmatory/R3_S6_coupling/lp/coupling_S6_seed20260915_FlatL2.lp
[PREPROC PHASES] metadata_s=7.052e-06 diagnostico_s=6.373e-06 aplicacion_s=6.297e-06
Archivo LP guardado en: /home/mathiasr/Escritorio/generator-aware-row-scaling/results-revision/research-audit/identifiability-confirmatory/R3_S6_coupling/lp/coupling_S6_seed20260915_RoleHybrid.lp
[PREPROC PHASES] metadata_s=7.105e-06 diagnostico_s=5.879e-06 aplicacion_s=1.1158e-05
Archivo LP guardado en: /home/mathiasr/Escritorio/generator-aware-row-scaling/results-revision/research-audit/identifiability-confirmatory/R3_S6_coupling/lp/coupling_S6_seed20260915_SAMatpermB.lp
Archivo LP guardado en: /home/mathiasr/Escritorio/generator-aware-row-scaling/results-revision/research-audit/identifiability-confirmatory/R3_S6_coupling/lp/coupling_S6_seed20260916_Base.lp
[PREPROC PHASES] metadata_s=7.023e-06 diagnostico_s=5.978e-06 aplicacion_s=6.554e-06
Archivo LP guardado en: /home/mathiasr/Escritorio/generator-aware-row-scaling/results-revision/research-audit/identifiability-confirmatory/R3_S6_coupling/lp/coupling_S6_seed20260916_SAMat.lp
[PREPROC] modo plano: 43 filas tratadas como un unico bloque sin roles (kernel geomean por fila)
[PREPROC PHASES] metadata_s=3.98e-07 diagnostico_s=3.811e-06 aplicacion_s=5.433e-06
Archivo LP guardado en: /home/mathiasr/Escritorio/generator-aware-row-scaling/results-revision/research-audit/identifiability-confirmatory/R3_S6_coupling/lp/coupling_S6_seed20260916_FlatGM.lp
[PREPROC] modo plano: 43 filas tratadas como un unico bloque sin roles (kernel geomean por fila)
[PREPROC PHASES] metadata_s=3.79e-07 diagnostico_s=3.433e-06 aplicacion_s=8.02e-06
Archivo LP guardado en: /home/mathiasr/Escritorio/generator-aware-row-scaling/results-revision/research-audit/identifiability-confirmatory/R3_S6_coupling/lp/coupling_S6_seed20260916_FlatL2.lp
[PREPROC PHASES] metadata_s=7.036e-06 diagnostico_s=5.779e-06 aplicacion_s=5.926e-06
Archivo LP guardado en: /home/mathiasr/Escritorio/generator-aware-row-scaling/results-revision/research-audit/identifiability-confirmatory/R3_S6_coupling/lp/coupling_S6_seed20260916_RoleHybrid.lp
[PREPROC PHASES] metadata_s=7.029e-06 diagnostico_s=5.635e-06 aplicacion_s=1.1179e-05
Archivo LP guardado en: /home/mathiasr/Escritorio/generator-aware-row-scaling/results-revision/research-audit/identifiability-confirmatory/R3_S6_coupling/lp/coupling_S6_seed20260916_SAMatpermB.lp
Archivo LP guardado en: /home/mathiasr/Escritorio/generator-aware-row-scaling/results-revision/research-audit/identifiability-confirmatory/R3_S6_coupling/lp/coupling_S6_seed20260917_Base.lp
[PREPROC PHASES] metadata_s=7.219e-06 diagnostico_s=5.803e-06 aplicacion_s=6.859e-06
Archivo LP guardado en: /home/mathiasr/Escritorio/generator-aware-row-scaling/results-revision/research-audit/identifiability-confirmatory/R3_S6_coupling/lp/coupling_S6_seed20260917_SAMat.lp
[PREPROC] modo plano: 43 filas tratadas como un unico bloque sin roles (kernel geomean por fila)
[PREPROC PHASES] metadata_s=4.04e-07 diagnostico_s=3.766e-06 aplicacion_s=5.172e-06
Archivo LP guardado en: /home/mathiasr/Escritorio/generator-aware-row-scaling/results-revision/research-audit/identifiability-confirmatory/R3_S6_coupling/lp/coupling_S6_seed20260917_FlatGM.lp
[PREPROC] modo plano: 43 filas tratadas como un unico bloque sin roles (kernel geomean por fila)
[PREPROC PHASES] metadata_s=3.58e-07 diagnostico_s=3.409e-06 aplicacion_s=5.579e-06
Archivo LP guardado en: /home/mathiasr/Escritorio/generator-aware-row-scaling/results-revision/research-audit/identifiability-confirmatory/R3_S6_coupling/lp/coupling_S6_seed20260917_FlatL2.lp
[PREPROC PHASES] metadata_s=7.111e-06 diagnostico_s=5.789e-06 aplicacion_s=6.304e-06
Archivo LP guardado en: /home/mathiasr/Escritorio/generator-aware-row-scaling/results-revision/research-audit/identifiability-confirmatory/R3_S6_coupling/lp/coupling_S6_seed20260917_RoleHybrid.lp
[PREPROC PHASES] metadata_s=6.964e-06 diagnostico_s=5.8e-06 aplicacion_s=1.0979e-05
Archivo LP guardado en: /home/mathiasr/Escritorio/generator-aware-row-scaling/results-revision/research-audit/identifiability-confirmatory/R3_S6_coupling/lp/coupling_S6_seed20260917_SAMatpermB.lp
Archivo LP guardado en: /home/mathiasr/Escritorio/generator-aware-row-scaling/results-revision/research-audit/identifiability-confirmatory/R3_S6_coupling/lp/coupling_S6_seed20260918_Base.lp
[PREPROC PHASES] metadata_s=7.123e-06 diagnostico_s=5.737e-06 aplicacion_s=6.2e-06
Archivo LP guardado en: /home/mathiasr/Escritorio/generator-aware-row-scaling/results-revision/research-audit/identifiability-confirmatory/R3_S6_coupling/lp/coupling_S6_seed20260918_SAMat.lp
[PREPROC] modo plano: 43 filas tratadas como un unico bloque sin roles (kernel geomean por fila)
[PREPROC PHASES] metadata_s=3.68e-07 diagnostico_s=3.578e-06 aplicacion_s=5.01e-06
Archivo LP guardado en: /home/mathiasr/Escritorio/generator-aware-row-scaling/results-revision/research-audit/identifiability-confirmatory/R3_S6_coupling/lp/coupling_S6_seed20260918_FlatGM.lp
[PREPROC] modo plano: 43 filas tratadas como un unico bloque sin roles (kernel geomean por fila)
[PREPROC PHASES] metadata_s=3.3e-07 diagnostico_s=3.429e-06 aplicacion_s=5.294e-06
Archivo LP guardado en: /home/mathiasr/Escritorio/generator-aware-row-scaling/results-revision/research-audit/identifiability-confirmatory/R3_S6_coupling/lp/coupling_S6_seed20260918_FlatL2.lp
[PREPROC PHASES] metadata_s=7.011e-06 diagnostico_s=5.88e-06 aplicacion_s=6.242e-06
Archivo LP guardado en: /home/mathiasr/Escritorio/generator-aware-row-scaling/results-revision/research-audit/identifiability-confirmatory/R3_S6_coupling/lp/coupling_S6_seed20260918_RoleHybrid.lp
[PREPROC PHASES] metadata_s=6.999e-06 diagnostico_s=5.479e-06 aplicacion_s=1.1058e-05
Archivo LP guardado en: /home/mathiasr/Escritorio/generator-aware-row-scaling/results-revision/research-audit/identifiability-confirmatory/R3_S6_coupling/lp/coupling_S6_seed20260918_SAMatpermB.lp
[32m[success] Benchmark sintético: 60 corridas (instancia × variante). CSV: /home/mathiasr/Escritorio/generator-aware-row-scaling/results-revision/research-audit/identifiability-confirmatory/R3_S6_coupling/metrics.csv[0m
> [32m[success] Saliendo del programa...[0m
[32m[success] SystemController destruido[0m
