[32m[success] SystemController creado[0m
> Archivo LP guardado en: /home/mathiasr/Escritorio/generator-aware-row-scaling/results-revision/research-audit/identifiability-confirmatory/R3_S3_coupling/lp/coupling_S3_seed20260909_Base.lp
[PREPROC PHASES] metadata_s=7.183e-06 diagnostico_s=6.852e-06 aplicacion_s=1.5681e-05
Archivo LP guardado en: /home/mathiasr/Escritorio/generator-aware-row-scaling/results-revision/research-audit/identifiability-confirmatory/R3_S3_coupling/lp/coupling_S3_seed20260909_SAMat.lp
[PREPROC] modo plano: 43 filas tratadas como un unico bloque sin roles (kernel geomean por fila)
[PREPROC PHASES] metadata_s=9.09e-07 diagnostico_s=4.222e-06 aplicacion_s=5.697e-06
Archivo LP guardado en: /home/mathiasr/Escritorio/generator-aware-row-scaling/results-revision/research-audit/identifiability-confirmatory/R3_S3_coupling/lp/coupling_S3_seed20260909_FlatGM.lp
[PREPROC] modo plano: 43 filas tratadas como un unico bloque sin roles (kernel geomean por fila)
[PREPROC PHASES] metadata_s=4.51e-07 diagnostico_s=3.775e-06 aplicacion_s=5.476e-06
Archivo LP guardado en: /home/mathiasr/Escritorio/generator-aware-row-scaling/results-revision/research-audit/identifiability-confirmatory/R3_S3_coupling/lp/coupling_S3_seed20260909_FlatL2.lp
[PREPROC PHASES] metadata_s=7.015e-06 diagnostico_s=6.181e-06 aplicacion_s=6.386e-06
Archivo LP guardado en: /home/mathiasr/Escritorio/generator-aware-row-scaling/results-revision/research-audit/identifiability-confirmatory/R3_S3_coupling/lp/coupling_S3_seed20260909_RoleHybrid.lp
[PREPROC PHASES] metadata_s=7.035e-06 diagnostico_s=5.611e-06 aplicacion_s=1.2208e-05
Archivo LP guardado en: /home/mathiasr/Escritorio/generator-aware-row-scaling/results-revision/research-audit/identifiability-confirmatory/R3_S3_coupling/lp/coupling_S3_seed20260909_SAMatpermB.lp
Archivo LP guardado en: /home/mathiasr/Escritorio/generator-aware-row-scaling/results-revision/research-audit/identifiability-confirmatory/R3_S3_coupling/lp/coupling_S3_seed20260910_Base.lp
[PREPROC PHASES] metadata_s=6.991e-06 diagnostico_s=5.83e-06 aplicacion_s=6.727e-06
Archivo LP guardado en: /home/mathiasr/Escritorio/generator-aware-row-scaling/results-revision/research-audit/identifiability-confirmatory/R3_S3_coupling/lp/coupling_S3_seed20260910_SAMat.lp
[PREPROC] modo plano: 43 filas tratadas como un unico bloque sin roles (kernel geomean por fila)
[PREPROC PHASES] metadata_s=5.52e-07 diagnostico_s=3.55e-06 aplicacion_s=5.216e-06
Archivo LP guardado en: /home/mathiasr/Escritorio/generator-aware-row-scaling/results-revision/research-audit/identifiability-confirmatory/R3_S3_coupling/lp/coupling_S3_seed20260910_FlatGM.lp
[PREPROC] modo plano: 43 filas tratadas como un unico bloque sin roles (kernel geomean por fila)
[PREPROC PHASES] metadata_s=4.05e-07 diagnostico_s=3.351e-06 aplicacion_s=5.619e-06
Archivo LP guardado en: /home/mathiasr/Escritorio/generator-aware-row-scaling/results-revision/research-audit/identifiability-confirmatory/R3_S3_coupling/lp/coupling_S3_seed20260910_FlatL2.lp
[PREPROC PHASES] metadata_s=7.369e-06 diagnostico_s=6.215e-06 aplicacion_s=6.156e-06
Archivo LP guardado en: /home/mathiasr/Escritorio/generator-aware-row-scaling/results-revision/research-audit/identifiability-confirmatory/R3_S3_coupling/lp/coupling_S3_seed20260910_RoleHybrid.lp
[PREPROC PHASES] metadata_s=7.175e-06 diagnostico_s=5.92e-06 aplicacion_s=1.0896e-05
Archivo LP guardado en: /home/mathiasr/Escritorio/generator-aware-row-scaling/results-revision/research-audit/identifiability-confirmatory/R3_S3_coupling/lp/coupling_S3_seed20260910_SAMatpermB.lp
Archivo LP guardado en: /home/mathiasr/Escritorio/generator-aware-row-scaling/results-revision/research-audit/identifiability-confirmatory/R3_S3_coupling/lp/coupling_S3_seed20260911_Base.lp
[PREPROC PHASES] metadata_s=7.389e-06 diagnostico_s=6.06e-06 aplicacion_s=7.202e-06
Archivo LP guardado en: /home/mathiasr/Escritorio/generator-aware-row-scaling/results-revision/research-audit/identifiability-confirmatory/R3_S3_coupling/lp/coupling_S3_seed20260911_SAMat.lp
[PREPROC] modo plano: 43 filas tratadas como un unico bloque sin roles (kernel geomean por fila)
[PREPROC PHASES] metadata_s=5.59e-07 diagnostico_s=3.718e-06 aplicacion_s=5.234e-06
Archivo LP guardado en: /home/mathiasr/Escritorio/generator-aware-row-scaling/results-revision/research-audit/identifiability-confirmatory/R3_S3_coupling/lp/coupling_S3_seed20260911_FlatGM.lp
[PREPROC] modo plano: 43 filas tratadas como un unico bloque sin roles (kernel geomean por fila)
[PREPROC PHASES] metadata_s=2.91e-07 diagnostico_s=3.198e-06 aplicacion_s=5.368e-06
Archivo LP guardado en: /home/mathiasr/Escritorio/generator-aware-row-scaling/results-revision/research-audit/identifiability-confirmatory/R3_S3_coupling/lp/coupling_S3_seed20260911_FlatL2.lp
[PREPROC PHASES] metadata_s=7.147e-06 diagnostico_s=6.093e-06 aplicacion_s=6.189e-06
Archivo LP guardado en: /home/mathiasr/Escritorio/generator-aware-row-scaling/results-revision/research-audit/identifiability-confirmatory/R3_S3_coupling/lp/coupling_S3_seed20260911_RoleHybrid.lp
[PREPROC PHASES] metadata_s=7.016e-06 diagnostico_s=5.67e-06 aplicacion_s=1.1482e-05
Archivo LP guardado en: /home/mathiasr/Escritorio/generator-aware-row-scaling/results-revision/research-audit/identifiability-confirmatory/R3_S3_coupling/lp/coupling_S3_seed20260911_SAMatpermB.lp
Archivo LP guardado en: /home/mathiasr/Escritorio/generator-aware-row-scaling/results-revision/research-audit/identifiability-confirmatory/R3_S3_coupling/lp/coupling_S3_seed20260912_Base.lp
[PREPROC PHASES] metadata_s=7.104e-06 diagnostico_s=5.865e-06 aplicacion_s=6.764e-06
Archivo LP guardado en: /home/mathiasr/Escritorio/generator-aware-row-scaling/results-revision/research-audit/identifiability-confirmatory/R3_S3_coupling/lp/coupling_S3_seed20260912_SAMat.lp
[PREPROC] modo plano: 43 filas tratadas como un unico bloque sin roles (kernel geomean por fila)
[PREPROC PHASES] metadata_s=4.16e-07 diagnostico_s=3.626e-06 aplicacion_s=5.007e-06
Archivo LP guardado en: /home/mathiasr/Escritorio/generator-aware-row-scaling/results-revision/research-audit/identifiability-confirmatory/R3_S3_coupling/lp/coupling_S3_seed20260912_FlatGM.lp
[PREPROC] modo plano: 43 filas tratadas como un unico bloque sin roles (kernel geomean por fila)
[PREPROC PHASES] metadata_s=3.87e-07 diagnostico_s=3.37e-06 aplicacion_s=5.297e-06
Archivo LP guardado en: /home/mathiasr/Escritorio/generator-aware-row-scaling/results-revision/research-audit/identifiability-confirmatory/R3_S3_coupling/lp/coupling_S3_seed20260912_FlatL2.lp
[PREPROC PHASES] metadata_s=7.112e-06 diagnostico_s=5.76e-06 aplicacion_s=6.049e-06
Archivo LP guardado en: /home/mathiasr/Escritorio/generator-aware-row-scaling/results-revision/research-audit/identifiability-confirmatory/R3_S3_coupling/lp/coupling_S3_seed20260912_RoleHybrid.lp
[PREPROC PHASES] metadata_s=7.023e-06 diagnostico_s=5.996e-06 aplicacion_s=1.1026e-05
Archivo LP guardado en: /home/mathiasr/Escritorio/generator-aware-row-scaling/results-revision/research-audit/identifiability-confirmatory/R3_S3_coupling/lp/coupling_S3_seed20260912_SAMatpermB.lp
Archivo LP guardado en: /home/mathiasr/Escritorio/generator-aware-row-scaling/results-revision/research-audit/identifiability-confirmatory/R3_S3_coupling/lp/coupling_S3_seed20260913_Base.lp
[PREPROC PHASES] metadata_s=6.99e-06 diagnostico_s=5.54e-06 aplicacion_s=6.068e-06
Archivo LP guardado en: /home/mathiasr/Escritorio/generator-aware-row-scaling/results-revision/research-audit/identifiability-confirmatory/R3_S3_coupling/lp/coupling_S3_seed20260913_SAMat.lp
[PREPROC] modo plano: 43 filas tratadas como un unico bloque sin roles (kernel geomean por fila)
[PREPROC PHASES] metadata_s=4.01e-07 diagnostico_s=3.746e-06 aplicacion_s=4.885e-06
Archivo LP guardado en: /home/mathiasr/Escritorio/generator-aware-row-scaling/results-revision/research-audit/identifiability-confirmatory/R3_S3_coupling/lp/coupling_S3_seed20260913_FlatGM.lp
[PREPROC] modo plano: 43 filas tratadas como un unico bloque sin roles (kernel geomean por fila)
[PREPROC PHASES] metadata_s=4.05e-07 diagnostico_s=3.308e-06 aplicacion_s=5.19e-06
Archivo LP guardado en: /home/mathiasr/Escritorio/generator-aware-row-scaling/results-revision/research-audit/identifiability-confirmatory/R3_S3_coupling/lp/coupling_S3_seed20260913_FlatL2.lp
[PREPROC PHASES] metadata_s=7.126e-06 diagnostico_s=5.389e-06 aplicacion_s=5.983e-06
Archivo LP guardado en: /home/mathiasr/Escritorio/generator-aware-row-scaling/results-revision/research-audit/identifiability-confirmatory/R3_S3_coupling/lp/coupling_S3_seed20260913_RoleHybrid.lp
[PREPROC PHASES] metadata_s=7.069e-06 diagnostico_s=5.337e-06 aplicacion_s=1.0592e-05
Archivo LP guardado en: /home/mathiasr/Escritorio/generator-aware-row-scaling/results-revision/research-audit/identifiability-confirmatory/R3_S3_coupling/lp/coupling_S3_seed20260913_SAMatpermB.lp
Archivo LP guardado en: /home/mathiasr/Escritorio/generator-aware-row-scaling/results-revision/research-audit/identifiability-confirmatory/R3_S3_coupling/lp/coupling_S3_seed20260914_Base.lp
[PREPROC PHASES] metadata_s=7.038e-06 diagnostico_s=5.994e-06 aplicacion_s=6.435e-06
Archivo LP guardado en: /home/mathiasr/Escritorio/generator-aware-row-scaling/results-revision/research-audit/identifiability-confirmatory/R3_S3_coupling/lp/coupling_S3_seed20260914_SAMat.lp
[PREPROC] modo plano: 43 filas tratadas como un unico bloque sin roles (kernel geomean por fila)
[PREPROC PHASES] metadata_s=3.61e-07 diagnostico_s=3.52e-06 aplicacion_s=5.168e-06
Archivo LP guardado en: /home/mathiasr/Escritorio/generator-aware-row-scaling/results-revision/research-audit/identifiability-confirmatory/R3_S3_coupling/lp/coupling_S3_seed20260914_FlatGM.lp
[PREPROC] modo plano: 43 filas tratadas como un unico bloque sin roles (kernel geomean por fila)
[PREPROC PHASES] metadata_s=3.81e-07 diagnostico_s=3.276e-06 aplicacion_s=5.258e-06
Archivo LP guardado en: /home/mathiasr/Escritorio/generator-aware-row-scaling/results-revision/research-audit/identifiability-confirmatory/R3_S3_coupling/lp/coupling_S3_seed20260914_FlatL2.lp
[PREPROC PHASES] metadata_s=7.125e-06 diagnostico_s=6.031e-06 aplicacion_s=6.188e-06
Archivo LP guardado en: /home/mathiasr/Escritorio/generator-aware-row-scaling/results-revision/research-audit/identifiability-confirmatory/R3_S3_coupling/lp/coupling_S3_seed20260914_RoleHybrid.lp
[PREPROC PHASES] metadata_s=7.211e-06 diagnostico_s=6.061e-06 aplicacion_s=1.0855e-05
Archivo LP guardado en: /home/mathiasr/Escritorio/generator-aware-row-scaling/results-revision/research-audit/identifiability-confirmatory/R3_S3_coupling/lp/coupling_S3_seed20260914_SAMatpermB.lp
Archivo LP guardado en: /home/mathiasr/Escritorio/generator-aware-row-scaling/results-revision/research-audit/identifiability-confirmatory/R3_S3_coupling/lp/coupling_S3_seed20260915_Base.lp
[PREPROC PHASES] metadata_s=7.086e-06 diagnostico_s=6.1e-06 aplicacion_s=6.268e-06
Archivo LP guardado en: /home/mathiasr/Escritorio/generator-aware-row-scaling/results-revision/research-audit/identifiability-confirmatory/R3_S3_coupling/lp/coupling_S3_seed20260915_SAMat.lp
[PREPROC] modo plano: 43 filas tratadas como un unico bloque sin roles (kernel geomean por fila)
[PREPROC PHASES] metadata_s=3.95e-07 diagnostico_s=3.545e-06 aplicacion_s=5.118e-06
Archivo LP guardado en: /home/mathiasr/Escritorio/generator-aware-row-scaling/results-revision/research-audit/identifiability-confirmatory/R3_S3_coupling/lp/coupling_S3_seed20260915_FlatGM.lp
[PREPROC] modo plano: 43 filas tratadas como un unico bloque sin roles (kernel geomean por fila)
[PREPROC PHASES] metadata_s=3.24e-07 diagnostico_s=3.435e-06 aplicacion_s=5.349e-06
Archivo LP guardado en: /home/mathiasr/Escritorio/generator-aware-row-scaling/results-revision/research-audit/identifiability-confirmatory/R3_S3_coupling/lp/coupling_S3_seed20260915_FlatL2.lp
[PREPROC PHASES] metadata_s=7.178e-06 diagnostico_s=5.512e-06 aplicacion_s=6.024e-06
Archivo LP guardado en: /home/mathiasr/Escritorio/generator-aware-row-scaling/results-revision/research-audit/identifiability-confirmatory/R3_S3_coupling/lp/coupling_S3_seed20260915_RoleHybrid.lp
[PREPROC PHASES] metadata_s=7.022e-06 diagnostico_s=5.586e-06 aplicacion_s=1.0633e-05
Archivo LP guardado en: /home/mathiasr/Escritorio/generator-aware-row-scaling/results-revision/research-audit/identifiability-confirmatory/R3_S3_coupling/lp/coupling_S3_seed20260915_SAMatpermB.lp
Archivo LP guardado en: /home/mathiasr/Escritorio/generator-aware-row-scaling/results-revision/research-audit/identifiability-confirmatory/R3_S3_coupling/lp/coupling_S3_seed20260916_Base.lp
[PREPROC PHASES] metadata_s=6.964e-06 diagnostico_s=5.83e-06 aplicacion_s=6.549e-06
Archivo LP guardado en: /home/mathiasr/Escritorio/generator-aware-row-scaling/results-revision/research-audit/identifiability-confirmatory/R3_S3_coupling/lp/coupling_S3_seed20260916_SAMat.lp
[PREPROC] modo plano: 43 filas tratadas como un unico bloque sin roles (kernel geomean por fila)
[PREPROC PHASES] metadata_s=3.93e-07 diagnostico_s=3.575e-06 aplicacion_s=5.124e-06
Archivo LP guardado en: /home/mathiasr/Escritorio/generator-aware-row-scaling/results-revision/research-audit/identifiability-confirmatory/R3_S3_coupling/lp/coupling_S3_seed20260916_FlatGM.lp
[PREPROC] modo plano: 43 filas tratadas como un unico bloque sin roles (kernel geomean por fila)
[PREPROC PHASES] metadata_s=3.62e-07 diagnostico_s=3.243e-06 aplicacion_s=5.258e-06
Archivo LP guardado en: /home/mathiasr/Escritorio/generator-aware-row-scaling/results-revision/research-audit/identifiability-confirmatory/R3_S3_coupling/lp/coupling_S3_seed20260916_FlatL2.lp
[PREPROC PHASES] metadata_s=7.21e-06 diagnostico_s=5.685e-06 aplicacion_s=6.208e-06
Archivo LP guardado en: /home/mathiasr/Escritorio/generator-aware-row-scaling/results-revision/research-audit/identifiability-confirmatory/R3_S3_coupling/lp/coupling_S3_seed20260916_RoleHybrid.lp
[PREPROC PHASES] metadata_s=7.285e-06 diagnostico_s=5.743e-06 aplicacion_s=1.1087e-05
Archivo LP guardado en: /home/mathiasr/Escritorio/generator-aware-row-scaling/results-revision/research-audit/identifiability-confirmatory/R3_S3_coupling/lp/coupling_S3_seed20260916_SAMatpermB.lp
Archivo LP guardado en: /home/mathiasr/Escritorio/generator-aware-row-scaling/results-revision/research-audit/identifiability-confirmatory/R3_S3_coupling/lp/coupling_S3_seed20260917_Base.lp
[PREPROC PHASES] metadata_s=7.234e-06 diagnostico_s=5.887e-06 aplicacion_s=6.161e-06
Archivo LP guardado en: /home/mathiasr/Escritorio/generator-aware-row-scaling/results-revision/research-audit/identifiability-confirmatory/R3_S3_coupling/lp/coupling_S3_seed20260917_SAMat.lp
[PREPROC] modo plano: 43 filas tratadas como un unico bloque sin roles (kernel geomean por fila)
[PREPROC PHASES] metadata_s=4.15e-07 diagnostico_s=3.751e-06 aplicacion_s=4.966e-06
Archivo LP guardado en: /home/mathiasr/Escritorio/generator-aware-row-scaling/results-revision/research-audit/identifiability-confirmatory/R3_S3_coupling/lp/coupling_S3_seed20260917_FlatGM.lp
[PREPROC] modo plano: 43 filas tratadas como un unico bloque sin roles (kernel geomean por fila)
[PREPROC PHASES] metadata_s=3.21e-07 diagnostico_s=3.301e-06 aplicacion_s=5.138e-06
Archivo LP guardado en: /home/mathiasr/Escritorio/generator-aware-row-scaling/results-revision/research-audit/identifiability-confirmatory/R3_S3_coupling/lp/coupling_S3_seed20260917_FlatL2.lp
[PREPROC PHASES] metadata_s=6.993e-06 diagnostico_s=5.677e-06 aplicacion_s=5.76e-06
Archivo LP guardado en: /home/mathiasr/Escritorio/generator-aware-row-scaling/results-revision/research-audit/identifiability-confirmatory/R3_S3_coupling/lp/coupling_S3_seed20260917_RoleHybrid.lp
[PREPROC PHASES] metadata_s=7.101e-06 diagnostico_s=5.529e-06 aplicacion_s=1.0227e-05
Archivo LP guardado en: /home/mathiasr/Escritorio/generator-aware-row-scaling/results-revision/research-audit/identifiability-confirmatory/R3_S3_coupling/lp/coupling_S3_seed20260917_SAMatpermB.lp
Archivo LP guardado en: /home/mathiasr/Escritorio/generator-aware-row-scaling/results-revision/research-audit/identifiability-confirmatory/R3_S3_coupling/lp/coupling_S3_seed20260918_Base.lp
[PREPROC PHASES] metadata_s=6.987e-06 diagnostico_s=5.633e-06 aplicacion_s=6.236e-06
Archivo LP guardado en: /home/mathiasr/Escritorio/generator-aware-row-scaling/results-revision/research-audit/identifiability-confirmatory/R3_S3_coupling/lp/coupling_S3_seed20260918_SAMat.lp
[PREPROC] modo plano: 43 filas tratadas como un unico bloque sin roles (kernel geomean por fila)
[PREPROC PHASES] metadata_s=3.58e-07 diagnostico_s=3.701e-06 aplicacion_s=5.104e-06
Archivo LP guardado en: /home/mathiasr/Escritorio/generator-aware-row-scaling/results-revision/research-audit/identifiability-confirmatory/R3_S3_coupling/lp/coupling_S3_seed20260918_FlatGM.lp
[PREPROC] modo plano: 43 filas tratadas como un unico bloque sin roles (kernel geomean por fila)
[PREPROC PHASES] metadata_s=3.18e-07 diagnostico_s=3.295e-06 aplicacion_s=5.009e-06
Archivo LP guardado en: /home/mathiasr/Escritorio/generator-aware-row-scaling/results-revision/research-audit/identifiability-confirmatory/R3_S3_coupling/lp/coupling_S3_seed20260918_FlatL2.lp
[PREPROC PHASES] metadata_s=7.113e-06 diagnostico_s=5.58e-06 aplicacion_s=6.255e-06
Archivo LP guardado en: /home/mathiasr/Escritorio/generator-aware-row-scaling/results-revision/research-audit/identifiability-confirmatory/R3_S3_coupling/lp/coupling_S3_seed20260918_RoleHybrid.lp
[PREPROC PHASES] metadata_s=7.083e-06 diagnostico_s=5.572e-06 aplicacion_s=1.1006e-05
Archivo LP guardado en: /home/mathiasr/Escritorio/generator-aware-row-scaling/results-revision/research-audit/identifiability-confirmatory/R3_S3_coupling/lp/coupling_S3_seed20260918_SAMatpermB.lp
[32m[success] Benchmark sintético: 60 corridas (instancia × variante). CSV: /home/mathiasr/Escritorio/generator-aware-row-scaling/results-revision/research-audit/identifiability-confirmatory/R3_S3_coupling/metrics.csv[0m
> [32m[success] Saliendo del programa...[0m
[32m[success] SystemController destruido[0m
