LP Base has 10080 rows; 6120 cols; 22679 nonzeros
Coefficient ranges:
  Matrix  [7e-04, 1e+10]
  Cost    [1e+00, 1e+02]
  Bound   [1e+00, 4e+09]
  RHS     [1e+01, 7e+09]
WARNING: Problem has some excessively large column bounds
WARNING: Problem has some excessively large row bounds
WARNING:    Consider scaling the    bounds by 1e-4, or setting the user_bound_scale option to -13
Presolving model
9703 rows, 6119 cols, 22284 nonzeros 0s
Dependent equations search running on 720 equations with time limit of 3.00s
Dependent equations search removed 0 rows and 0 nonzeros in 0.00s (limit = 3.00s)
9277 rows, 5759 cols, 21432 nonzeros 0s
Presolve reductions: rows 9277(-803); columns 5759(-361); nonzeros 21432(-1247) 
Solving the presolved LP
Using dual simplex solver
  Iteration        Objective     Infeasibilities num(sum)
          0     0.0000000000e+00 Pr: 1783(6.6842e+07) 0.1s
       2048     0.0000000000e+00 Pr: 0(0) 0.1s

Performed postsolve
Solving the original LP from the solution after postsolve

Model name          : Base
Model status        : Optimal
Simplex   iterations: 2048
Objective value     :  0.0000000000e+00
P-D objective error :  0.0000000000e+00
HiGHS run time      :          0.10
