[32m[success] SystemController creado[0m
> [32m[success] El programa se ha iniciado correctamente[0m
> [info] RioNegro: activación de tramos de altura horaria
[32m[success] Se ha creado el agente 'Río Negro' exitosamente[0m
> [34m[info] Agregando agente Demanda Fija[0m
[34m[info] Ingrese demandas en una sola línea (360 valores):[0m
[32m[success] Se ha creado el agente 'Demanda Fija' exitosamente[0m
> [32m[success] Se ha creado el despacho fijo exitosamente[0m
> > Set parameter WLSAccessID
Set parameter WLSSecret
Set parameter LicenseID to value 2849920
Academic license 2849920 - for non-commercial use only - registered to ma___@fing.edu.uy
[32m[success] Solver 'Gurobi' configurado | timeout=1800s | mipgap=0.001[0m
> [DEBUG Despacho] j=0 idGen=1 coefParticipacionDespacho=1

[DEBUG Despacho] Cantidad de generadores = 1
[DEBUG Despacho] j=0 puntero=0xd6c210 idGen=1 coefParticipacionDespacho=1
[PREPROC] modo plano: 14400 filas tratadas como un unico bloque sin roles (kernel geomean por fila)
[PREPROC PHASES] metadata_s=0.000109927 diagnostico_s=0.0014685 aplicacion_s=0.001765328

------------------------------------------------------------
  PREPROCESAMIENTO MIP - Diagnostico Numerico
------------------------------------------------------------
Rango de coeficientes (toda la matriz):
  max |coef| = 3.568e+09
  min |coef| = 1.018e-09
  proxy rango= 3.504e+18

Diagnostico por bloque:
Bloque              max|coef|      min|coef|      kappa_aprox   vars    alpha     beta      cols      disc_omit aux_omit  escalado
------------------------------------------------------------------------------------------------------------------------------
plano               3.568e+09      1.018e-09      3.50e+18      0       1.40e-03  1.00e+00  0         0         0         SI  (filas=6120, alpha_min=7.07e-08, alpha_max=5.00e-01)

Restriccion(es) global(es): 0 fila(s)
  acoplamiento balance = 0 fila(s)
  global no acoplante  = 0 fila(s)
  rho aprox (solo acoplamiento) = 0.000e+00
  gamma acoplamiento   = 1.000000
  gamma candidato      = 1.000000
  filas acop. escaladas= no
  filas normaliz. fisica= 0
  motivo gamma=1       = rho bajo; no se escala la fila de acoplamiento

ADVERTENCIAS:
  [!] Rango de coeficientes elevado (3503548705908342272). Riesgo de sensibilidad numerica.
  [!] Bloque 'plano' internamente mal escalado (kappa~3503548705908342272). Conviene comparar equilibrado interno por filas/columnas.
------------------------------------------------------------

------------------------------------------------------------
  COMPARACION NUMERICA ANTES / DESPUES
------------------------------------------------------------
Indicador                   antes           despues         despues/antes
----------------------------------------------------------------------------
rango global                2.234e+12       3.504e+18       1.568e+06
rho acoplamiento            0.000e+00       0.000e+00       0.000e+00
gamma aplicado              1.000000        1.000000        1.000000

Bloques locales:
Bloque              kappa antes     kappa despues   alpha       beta        filas       cols        disc_omit   aux_omit    escalado
------------------------------------------------------------------------------------------------------------------------------------
plano               2.234e+12       3.504e+18       1.397e-03   1.000e+00   6120        0           0           0           SI

Interpretacion: valores despues/antes menores que 1 indican mejora del proxy.
rho se calcula solo con filas de acoplamiento; las cotas de demanda sobre g quedan fuera.
El escalamiento local activo fue solo por fila: alpha_r = 1/sqrt(M_r*m_r).
------------------------------------------------------------

[PREPROC TIME] variante=matricial_plano_l2 tiempo_s=0.007374985 u=2 K=4 epsMin=1e-09 epsMax=1000000000
[32m[success] Preprocesamiento aplicado.[0m
> [MODELO] rows=14400 cols=10800 nnz=35590
[pipeline] Preprocesamiento seleccionado: Ninguno
[pipeline] Modelo interno sin modificaciones de preprocesamiento.
[pipeline] Estrategia de resolucion seleccionada: Monolitica
[pipeline] Resolviendo monoliticamente.
Set parameter TimeLimit to value 1800
Set parameter MIPGap to value 0.001
Set parameter Seed to value 42
Set parameter Threads to value 16
Gurobi Optimizer version 13.0.1 build v13.0.1rc0 (linux64 - "Debian GNU/Linux 12 (bookworm)")

CPU model: Intel(R) Xeon(R) Gold 6138 CPU @ 2.00GHz, instruction set [SSE2|AVX|AVX2|AVX512]
Thread count: 40 physical cores, 40 logical processors, using up to 16 threads

Non-default parameters:
TimeLimit  1800
MIPGap  0.001
Seed  42
Threads  16

Academic license 2849920 - for non-commercial use only - registered to ma___@fing.edu.uy
Optimize a model with 14400 rows, 10800 columns and 35590 nonzeros (Min)
Model fingerprint: 0xb65a584b
Model has 362 linear objective coefficients
Variable types: 8640 continuous, 2160 integer (2160 binary)
Coefficient statistics:
  Matrix range     [1e-09, 2e+09]
  Objective range  [3e-03, 3e+03]
  Bounds range     [1e+00, 1e+10]
  RHS range        [3e-02, 4e+09]
Warning: Model contains large matrix coefficient range
Warning: Model contains large rhs
Warning: Model contains large bounds
         Consider reformulating model or setting NumericFocus parameter
         to avoid numerical issues.

Presolve removed 4084 rows and 1992 columns
Presolve time: 0.23s
Presolved: 10316 rows, 8808 columns, 27444 nonzeros
Variable types: 7094 continuous, 1714 integer (1714 binary)
Found heuristic solution: objective -1.68566e+08
Found heuristic solution: objective -1.68671e+08
Found heuristic solution: objective -1.69182e+08

Root relaxation: interrupted, 5354 iterations, 0.23 seconds (0.27 work units)

    Nodes    |    Current Node    |     Objective Bounds      |     Work
 Expl Unexpl |  Obj  Depth IntInf | Incumbent    BestBd   Gap | It/Node Time

     0     0          -    0      -1.692e+08 -1.692e+08  0.03%     -    1s

Explored 1 nodes (5354 simplex iterations) in 1.00 seconds (1.10 work units)
Thread count was 16 (of 40 available processors)

Solution count 3: -1.69182e+08 -1.68671e+08 -1.68566e+08 

Optimal solution found (tolerance 1.00e-03)
Best objective -1.691815227581e+08, best bound -1.692265683591e+08, gap 0.0266%

User-callback calls 562, time in user-callback 0.00 sec
[NUM-KAPPA] kappa_solver=2068838 kappa_exact=-1 is_mip=1
[NUM-EFIC] work=1 root_gap=-1 root_time=-1
[pipeline] Tiempo de resolucion: 1.253913 s
[SOLVE] tiempo_solver_s=1.253923759000000 status=OPTIMAL gap=0.026625603240026 obj=-169181522.758143365383148 best_bound=-169226568.359148383140564 nodos=1.000000000000000 iter=5354.000000000000000 primal_integral=0.313134112732950
[VERIF ORIGINAL] etapa=solver_desescalado max_le=7.27595761418343e-12 (a1_discretizacion_palmar_restriccion_3i(107)) max_ge=0 () max_eq=2.41287052631378e-05 (a1_g2h_def(11)) max_lb=0 () max_ub=0 () max_int=0 () avg_viol=8.11977156271371e-09 p95_viol=4.65661287307739e-10 p99_viol=2.2135558538139e-07 max_viol_rel=2.41287052631378e-05 max_viol_relact=6.11168507601738e-13 viol_le_count=0 viol_ge_count=0 viol_eq_count=1 viol_lb_count=0 viol_ub_count=0 viol_int_count=0 missing_values=0 obj_original_recalc=-169181522.758143
[32m[success] Resultados guardados correctamente en /clusteruy/home/mathiasr/generator-aware-row-scaling/results-revision/final-variants/gurobi_simple_01pct/resultados/caso27a_matricial_plano_l2.csv[0m
[32m[success] Archivo CSV generado correctamente[0m

[POST DEBUG] ===== INICIO POSTPROCESAMIENTO GLOBAL =====
[POST DEBUG] --- DESPUÉS DE AGENTES ---
[POST DEBUG] Agentes | g1 antes=45460.55 despues=73611.0373709564 delta=28150.4873709564
[POST DEBUG] Agentes | g2 antes=0 despues=0 delta=0
[POST DEBUG] Agentes | g antes=45460.55 despues=45460.55 delta=0
[POST DEBUG] Agentes | costoFalla antes=0 despues=0 delta=0
[POST DEBUG] --- DESPUÉS DE DESPACHO ---
[POST DEBUG] Despacho | g1 antes=73611.0373709564 despues=73611.0373709564 delta=0
[POST DEBUG] Despacho | g2 antes=0 despues=0 delta=0
[POST DEBUG] Despacho | g antes=45460.55 despues=73611.0373709564 delta=28150.4873709564
[POST DEBUG] Despacho | costoFalla antes=0 despues=0 delta=0
[POST DEBUG] --- TOTAL ANTES VS FINAL ---
[POST DEBUG] Final | g1 antes=45460.55 despues=73611.0373709564 delta=28150.4873709564
[POST DEBUG] Final | g2 antes=0 despues=0 delta=0
[POST DEBUG] Final | g antes=45460.55 despues=73611.0373709564 delta=28150.4873709564
[POST DEBUG] Final | costoFalla antes=0 despues=0 delta=0
[POST DEBUG] valorFOOriginal = -169181522.758143
[POST DEBUG] valorFOPostProcesado = -259263082.345204
[POST DEBUG] deltaFO = -90081559.5870604
[POST DEBUG] ===== FIN POSTPROCESAMIENTO GLOBAL =====

[32m[success] Post-procesamiento completado. Nuevo valor F.O.: -259263082.345203757286072[0m
[VERIF ORIGINAL] etapa=postprocesado max_le=1035.90367104863 (a1_discretizacion_palmar_restriccion_3i(107)) max_ge=0 () max_eq=793637552.817357 (a1_g2h_def(190)) max_lb=0 () max_ub=0 () max_int=0 () avg_viol=7665167.68358906 p95_viol=61.5425809081227 p99_viol=272500270.040505 max_viol_rel=793637552.817357 max_viol_relact=1 viol_le_count=628 viol_ge_count=0 viol_eq_count=806 viol_lb_count=0 viol_ub_count=0 viol_int_count=0 missing_values=0 obj_original_recalc=-259263082.345204
[32m[success] Resultados guardados correctamente en /clusteruy/home/mathiasr/generator-aware-row-scaling/results-revision/final-variants/gurobi_simple_01pct/resultados/caso27a_matricial_plano_l2_postprocesado.csv[0m
> [32m[success] Saliendo del programa...[0m
[32m[success] SystemController destruido[0m
