[32m[success] SystemController creado[0m
> [32m[success] El programa se ha iniciado correctamente[0m
> [info] RioNegro: activación de tramos de altura horaria
[32m[success] Se ha creado el agente 'Río Negro' exitosamente[0m
> [34m[info] Agregando agente Demanda Fija[0m
[34m[info] Ingrese demandas en una sola línea (360 valores):[0m
[32m[success] Se ha creado el agente 'Demanda Fija' exitosamente[0m
> [32m[success] Se ha creado el despacho fijo exitosamente[0m
> > Set parameter WLSAccessID
Set parameter WLSSecret
Set parameter LicenseID to value 2849920
Academic license 2849920 - for non-commercial use only - registered to ma___@fing.edu.uy
[32m[success] Solver 'Gurobi' configurado | timeout=1800s | mipgap=0.001[0m
> [DEBUG Despacho] j=0 idGen=1 coefParticipacionDespacho=1

[DEBUG Despacho] Cantidad de generadores = 1
[DEBUG Despacho] j=0 puntero=0x68c210 idGen=1 coefParticipacionDespacho=1
[PREPROC] modo plano: 14400 filas tratadas como un unico bloque sin roles (kernel geomean por fila)
[PREPROC PHASES] metadata_s=0.000107669 diagnostico_s=0.001461037 aplicacion_s=0.001623039

------------------------------------------------------------
  PREPROCESAMIENTO MIP - Diagnostico Numerico
------------------------------------------------------------
Rango de coeficientes (toda la matriz):
  max |coef| = 6.364e+09
  min |coef| = 1.389e-04
  proxy rango= 4.582e+13

Diagnostico por bloque:
Bloque              max|coef|      min|coef|      kappa_aprox   vars    alpha     beta      cols      disc_omit aux_omit  escalado
------------------------------------------------------------------------------------------------------------------------------
plano               6.364e+09      1.389e-04      4.58e+13      0       3.37e-03  1.00e+00  0         0         0         SI  (filas=6120, alpha_min=1.39e-04, alpha_max=5.00e-01)

Restriccion(es) global(es): 0 fila(s)
  acoplamiento balance = 0 fila(s)
  global no acoplante  = 0 fila(s)
  rho aprox (solo acoplamiento) = 0.000e+00
  gamma acoplamiento   = 1.000000
  gamma candidato      = 1.000000
  filas acop. escaladas= no
  filas normaliz. fisica= 0
  motivo gamma=1       = rho bajo; no se escala la fila de acoplamiento

ADVERTENCIAS:
  [!] Rango de coeficientes elevado (45820769520688). Riesgo de sensibilidad numerica.
  [!] Bloque 'plano' internamente mal escalado (kappa~45820769520688). Conviene comparar equilibrado interno por filas/columnas.
------------------------------------------------------------

------------------------------------------------------------
  COMPARACION NUMERICA ANTES / DESPUES
------------------------------------------------------------
Indicador                   antes           despues         despues/antes
----------------------------------------------------------------------------
rango global                2.692e+12       4.582e+13       1.702e+01
rho acoplamiento            0.000e+00       0.000e+00       0.000e+00
gamma aplicado              1.000000        1.000000        1.000000

Bloques locales:
Bloque              kappa antes     kappa despues   alpha       beta        filas       cols        disc_omit   aux_omit    escalado
------------------------------------------------------------------------------------------------------------------------------------
plano               2.692e+12       4.582e+13       3.367e-03   1.000e+00   6120        0           0           0           SI

Interpretacion: valores despues/antes menores que 1 indican mejora del proxy.
rho se calcula solo con filas de acoplamiento; las cotas de demanda sobre g quedan fuera.
El escalamiento local activo fue solo por fila: alpha_r = 1/sqrt(M_r*m_r).
------------------------------------------------------------

[PREPROC TIME] variante=matricial_plano_l2 tiempo_s=0.007012792 u=2 K=4 epsMin=1e-09 epsMax=1000000000
[32m[success] Preprocesamiento aplicado.[0m
> [MODELO] rows=14400 cols=10800 nnz=35590
[pipeline] Preprocesamiento seleccionado: Ninguno
[pipeline] Modelo interno sin modificaciones de preprocesamiento.
[pipeline] Estrategia de resolucion seleccionada: Monolitica
[pipeline] Resolviendo monoliticamente.
Set parameter TimeLimit to value 1800
Set parameter MIPGap to value 0.001
Set parameter Seed to value 42
Set parameter Threads to value 16
Gurobi Optimizer version 13.0.1 build v13.0.1rc0 (linux64 - "Debian GNU/Linux 12 (bookworm)")

CPU model: Intel(R) Xeon(R) Gold 6138 CPU @ 2.00GHz, instruction set [SSE2|AVX|AVX2|AVX512]
Thread count: 40 physical cores, 40 logical processors, using up to 16 threads

Non-default parameters:
TimeLimit  1800
MIPGap  0.001
Seed  42
Threads  16

Academic license 2849920 - for non-commercial use only - registered to ma___@fing.edu.uy
Optimize a model with 14400 rows, 10800 columns and 35590 nonzeros (Min)
Model fingerprint: 0x096ef990
Model has 362 linear objective coefficients
Variable types: 8640 continuous, 2160 integer (2160 binary)
Coefficient statistics:
  Matrix range     [1e-04, 2e+09]
  Objective range  [5e-03, 3e+03]
  Bounds range     [1e+00, 1e+10]
  RHS range        [5e+00, 6e+09]
Warning: Model contains large matrix coefficient range
Warning: Model contains large rhs
Warning: Model contains large bounds
         Consider reformulating model or setting NumericFocus parameter
         to avoid numerical issues.

Presolve removed 2655 rows and 1581 columns
Presolve time: 0.26s
Presolved: 11745 rows, 9219 columns, 31421 nonzeros
Variable types: 7309 continuous, 1910 integer (1910 binary)
Found heuristic solution: objective -3.00461e+08

Root relaxation: interrupted, 11807 iterations, 1.39 seconds (1.64 work units)

    Nodes    |    Current Node    |     Objective Bounds      |     Work
 Expl Unexpl |  Obj  Depth IntInf | Incumbent    BestBd   Gap | It/Node Time

     0     0          -    0      -3.005e+08 -3.005e+08  0.01%     -    2s

Explored 1 nodes (11807 simplex iterations) in 2.37 seconds (2.65 work units)
Thread count was 16 (of 40 available processors)

Solution count 1: -3.00461e+08 

Optimal solution found (tolerance 1.00e-03)
Best objective -3.004609448713e+08, best bound -3.005045273610e+08, gap 0.0145%

User-callback calls 746, time in user-callback 0.00 sec
[NUM-KAPPA] kappa_solver=590202 kappa_exact=-1 is_mip=1
[NUM-EFIC] work=3 root_gap=-1 root_time=-1
[pipeline] Tiempo de resolucion: 2.894803 s
[SOLVE] tiempo_solver_s=2.894815730000000 status=OPTIMAL gap=0.014505209584543 obj=-300460944.871259450912476 best_bound=-300504527.361032724380493 nodos=1.000000000000000 iter=11807.000000000000000 primal_integral=0.173894901290614
[VERIF ORIGINAL] etapa=solver_desescalado max_le=7.27595761418343e-12 (a1_discretizacion_palmar_restriccion_3i(353)) max_ge=0 () max_eq=6.17315527051687e-05 (a1_v3h_din(213)) max_lb=0 () max_ub=0 () max_int=0 () avg_viol=1.80598688170432e-08 p95_viol=1.86264514923096e-08 p99_viol=3.75339295715094e-07 max_viol_rel=2.73808836936951e-07 max_viol_relact=9.08760074564973e-13 viol_le_count=0 viol_ge_count=0 viol_eq_count=11 viol_lb_count=0 viol_ub_count=0 viol_int_count=0 missing_values=0 obj_original_recalc=-300460944.87126
[32m[success] Resultados guardados correctamente en /clusteruy/home/mathiasr/generator-aware-row-scaling/results-revision/final-variants/gurobi_simple_01pct/resultados/caso20c_matricial_plano_l2.csv[0m
[32m[success] Archivo CSV generado correctamente[0m

[POST DEBUG] ===== INICIO POSTPROCESAMIENTO GLOBAL =====
[POST DEBUG] --- DESPUÉS DE AGENTES ---
[POST DEBUG] Agentes | g1 antes=80642.6599999999 despues=80464.1983940319 delta=-178.461605967983
[POST DEBUG] Agentes | g2 antes=0 despues=0 delta=0
[POST DEBUG] Agentes | g antes=80642.6599999999 despues=80642.6599999999 delta=0
[POST DEBUG] Agentes | costoFalla antes=0 despues=0 delta=0
[POST DEBUG] --- DESPUÉS DE DESPACHO ---
[POST DEBUG] Despacho | g1 antes=80464.1983940319 despues=80464.1983940319 delta=0
[POST DEBUG] Despacho | g2 antes=0 despues=0 delta=0
[POST DEBUG] Despacho | g antes=80642.6599999999 despues=80464.1983940319 delta=-178.461605967983
[POST DEBUG] Despacho | costoFalla antes=0 despues=0 delta=0
[POST DEBUG] --- TOTAL ANTES VS FINAL ---
[POST DEBUG] Final | g1 antes=80642.6599999999 despues=80464.1983940319 delta=-178.461605967983
[POST DEBUG] Final | g2 antes=0 despues=0 delta=0
[POST DEBUG] Final | g antes=80642.6599999999 despues=80464.1983940319 delta=-178.461605967983
[POST DEBUG] Final | costoFalla antes=0 despues=0 delta=0
[POST DEBUG] valorFOOriginal = -300460944.871259
[POST DEBUG] valorFOPostProcesado = -299889867.732162
[POST DEBUG] deltaFO = 571077.139097452
[POST DEBUG] ===== FIN POSTPROCESAMIENTO GLOBAL =====

[32m[success] Post-procesamiento completado. Nuevo valor F.O.: -299889867.732161998748779[0m
[VERIF ORIGINAL] etapa=postprocesado max_le=2206.06319542581 (a1_discretizacion_palmar_restriccion_3i(353)) max_ge=0 () max_eq=79954797.2495837 (a1_g2h_def(344)) max_lb=0 () max_ub=0 () max_int=0 () avg_viol=624339.562669805 p95_viol=1.93295198672224 p99_viol=26286033.5081399 max_viol_rel=79954797.2495837 max_viol_relact=0.999999999999965 viol_le_count=889 viol_ge_count=0 viol_eq_count=1012 viol_lb_count=0 viol_ub_count=0 viol_int_count=0 missing_values=0 obj_original_recalc=-299889867.732162
[32m[success] Resultados guardados correctamente en /clusteruy/home/mathiasr/generator-aware-row-scaling/results-revision/final-variants/gurobi_simple_01pct/resultados/caso20c_matricial_plano_l2_postprocesado.csv[0m
> [32m[success] Saliendo del programa...[0m
[32m[success] SystemController destruido[0m
