[32m[success] SystemController creado[0m
> [32m[success] El programa se ha iniciado correctamente[0m
> [info] RioNegro: activación de tramos de altura horaria
[32m[success] Se ha creado el agente 'Río Negro' exitosamente[0m
> [34m[info] Agregando agente Demanda Fija[0m
[34m[info] Ingrese demandas en una sola línea (360 valores):[0m
[32m[success] Se ha creado el agente 'Demanda Fija' exitosamente[0m
> [32m[success] Se ha creado el despacho fijo exitosamente[0m
> > Set parameter WLSAccessID
Set parameter WLSSecret
Set parameter LicenseID to value 2849920
Academic license 2849920 - for non-commercial use only - registered to ma___@fing.edu.uy
[32m[success] Solver 'Gurobi' configurado | timeout=1800s | mipgap=0.001[0m
> [DEBUG Despacho] j=0 idGen=1 coefParticipacionDespacho=1

[DEBUG Despacho] Cantidad de generadores = 1
[DEBUG Despacho] j=0 puntero=0x590210 idGen=1 coefParticipacionDespacho=1
[PREPROC] modo plano: 14400 filas tratadas como un unico bloque sin roles (kernel geomean por fila)
[PREPROC PHASES] metadata_s=0.00011906 diagnostico_s=0.001548846 aplicacion_s=0.002614474

------------------------------------------------------------
  PREPROCESAMIENTO MIP - Diagnostico Numerico
------------------------------------------------------------
Rango de coeficientes (toda la matriz):
  max |coef| = 4.004e+07
  min |coef| = 2.693e-05
  proxy rango= 1.487e+12

Diagnostico por bloque:
Bloque              max|coef|      min|coef|      kappa_aprox   vars    alpha     beta      cols      disc_omit aux_omit  escalado
------------------------------------------------------------------------------------------------------------------------------
plano               4.004e+07      2.693e-05      1.49e+12      0       1.33e-02  1.00e+00  0         0         0         SI  (filas=10080, alpha_min=2.69e-05, alpha_max=2.80e+01)

Restriccion(es) global(es): 0 fila(s)
  acoplamiento balance = 0 fila(s)
  global no acoplante  = 0 fila(s)
  rho aprox (solo acoplamiento) = 0.000e+00
  gamma acoplamiento   = 1.000000
  gamma candidato      = 1.000000
  filas acop. escaladas= no
  filas normaliz. fisica= 0
  motivo gamma=1       = rho bajo; no se escala la fila de acoplamiento

ADVERTENCIAS:
  [!] Rango de coeficientes elevado (1486882225015). Riesgo de sensibilidad numerica.
  [!] Bloque 'plano' internamente mal escalado (kappa~1486882225015). Conviene comparar equilibrado interno por filas/columnas.
------------------------------------------------------------

------------------------------------------------------------
  COMPARACION NUMERICA ANTES / DESPUES
------------------------------------------------------------
Indicador                   antes           despues         despues/antes
----------------------------------------------------------------------------
rango global                1.886e+12       1.487e+12       7.886e-01
rho acoplamiento            0.000e+00       0.000e+00       0.000e+00
gamma aplicado              1.000000        1.000000        1.000000

Bloques locales:
Bloque              kappa antes     kappa despues   alpha       beta        filas       cols        disc_omit   aux_omit    escalado
------------------------------------------------------------------------------------------------------------------------------------
plano               1.886e+12       1.487e+12       1.331e-02   1.000e+00   10080       0           0           0           SI

Interpretacion: valores despues/antes menores que 1 indican mejora del proxy.
rho se calcula solo con filas de acoplamiento; las cotas de demanda sobre g quedan fuera.
El escalamiento local activo fue solo por fila: alpha_r = 1/sqrt(M_r*m_r).
------------------------------------------------------------

[PREPROC TIME] variante=matricial_plano tiempo_s=0.008604301 u=2 K=4 epsMin=1e-09 epsMax=1000000000
[32m[success] Preprocesamiento aplicado.[0m
> [MODELO] rows=14400 cols=10800 nnz=35590
[pipeline] Preprocesamiento seleccionado: Ninguno
[pipeline] Modelo interno sin modificaciones de preprocesamiento.
[pipeline] Estrategia de resolucion seleccionada: Monolitica
[pipeline] Resolviendo monoliticamente.
Set parameter TimeLimit to value 1800
Set parameter MIPGap to value 0.001
Set parameter Seed to value 42
Set parameter Threads to value 16
Gurobi Optimizer version 13.0.1 build v13.0.1rc0 (linux64 - "Debian GNU/Linux 12 (bookworm)")

CPU model: Intel(R) Xeon(R) Gold 6138 CPU @ 2.00GHz, instruction set [SSE2|AVX|AVX2|AVX512]
Thread count: 40 physical cores, 40 logical processors, using up to 16 threads

Non-default parameters:
TimeLimit  1800
MIPGap  0.001
Seed  42
Threads  16

Academic license 2849920 - for non-commercial use only - registered to ma___@fing.edu.uy
Optimize a model with 14400 rows, 10800 columns and 35590 nonzeros (Min)
Model fingerprint: 0x92b5098f
Model has 362 linear objective coefficients
Variable types: 8640 continuous, 2160 integer (2160 binary)
Coefficient statistics:
  Matrix range     [3e-05, 4e+04]
  Objective range  [3e-03, 2e+03]
  Bounds range     [1e+00, 1e+10]
  RHS range        [4e-01, 4e+07]
Warning: Model contains large bounds
         Consider reformulating model or setting NumericFocus parameter
         to avoid numerical issues.

Presolve removed 2648 rows and 1925 columns
Presolve time: 0.28s
Presolved: 11752 rows, 8875 columns, 31403 nonzeros
Variable types: 6923 continuous, 1952 integer (1952 binary)
Found heuristic solution: objective -2.53740e+08

Root relaxation: objective -2.654623e+08, 11225 iterations, 0.97 seconds (1.13 work units)

    Nodes    |    Current Node    |     Objective Bounds      |     Work
 Expl Unexpl |  Obj  Depth IntInf | Incumbent    BestBd   Gap | It/Node Time

     0     0 -2.655e+08    0 1573 -2.537e+08 -2.655e+08  4.62%     -    2s
H    0     0                    -2.63292e+08 -2.654e+08  0.82%     -    2s
     0     0 -2.654e+08    0 1563 -2.633e+08 -2.654e+08  0.82%     -    2s
     0     0 -2.654e+08    0 1563 -2.633e+08 -2.654e+08  0.82%     -    3s
     0     0 -2.654e+08    0 1563 -2.633e+08 -2.654e+08  0.82%     -    3s
     0     0 -2.653e+08    0 1621 -2.633e+08 -2.653e+08  0.77%     -    3s
     0     0 -2.653e+08    0 1622 -2.633e+08 -2.653e+08  0.77%     -    3s
     0     0 -2.653e+08    0 1622 -2.633e+08 -2.653e+08  0.77%     -    3s
     0     0 -2.653e+08    0 1631 -2.633e+08 -2.653e+08  0.75%     -    4s
     0     0 -2.652e+08    0 1630 -2.633e+08 -2.652e+08  0.74%     -    4s
     0     0 -2.652e+08    0 1630 -2.633e+08 -2.652e+08  0.74%     -    4s
     0     0 -2.652e+08    0 1630 -2.633e+08 -2.652e+08  0.74%     -    4s
H    0     0                    -2.63293e+08 -2.652e+08  0.73%     -    4s
     0     0 -2.652e+08    0 1626 -2.633e+08 -2.652e+08  0.73%     -    4s
     0     0 -2.652e+08    0 1632 -2.633e+08 -2.652e+08  0.73%     -    4s
     0     0 -2.652e+08    0 1632 -2.633e+08 -2.652e+08  0.72%     -    4s
     0     0 -2.652e+08    0 1632 -2.633e+08 -2.652e+08  0.72%     -    4s
     0     0 -2.652e+08    0 1635 -2.633e+08 -2.652e+08  0.72%     -    5s
     0     0 -2.652e+08    0 1633 -2.633e+08 -2.652e+08  0.72%     -    5s
     0     0 -2.652e+08    0 1625 -2.633e+08 -2.652e+08  0.72%     -    5s
     0     2 -2.652e+08    0 1625 -2.633e+08 -2.652e+08  0.72%     -    6s
    21     2 -2.652e+08   11 1614 -2.633e+08 -2.652e+08  0.72%   710   10s
    83     6     cutoff   42      -2.633e+08 -2.650e+08  0.66%   729   15s
   149     3 infeasible   73      -2.633e+08 -2.648e+08  0.58%   702   20s
   202     6 -2.646e+08   96 1359 -2.633e+08 -2.646e+08  0.50%   742   25s
   378    40 -2.643e+08  118 1181 -2.633e+08 -2.643e+08  0.40%   616   30s
   832   412 -2.639e+08  149 1079 -2.633e+08 -2.643e+08  0.37%   366   35s
  1976  1480 -2.638e+08  251  919 -2.633e+08 -2.643e+08  0.37%   195   40s
  2278  1555 -2.637e+08  168 1625 -2.633e+08 -2.643e+08  0.37%   182   51s
  2281  1557 -2.638e+08  199 1554 -2.633e+08 -2.643e+08  0.37%   182   56s
  2498  1675 -2.643e+08   22 1482 -2.633e+08 -2.643e+08  0.37%   193   60s
H 2545  1597                    -2.63293e+08 -2.643e+08  0.37%   203   61s
  2666  1625 -2.643e+08   28 1471 -2.633e+08 -2.643e+08  0.37%   237   65s
H 2921  1606                    -2.63294e+08 -2.643e+08  0.37%   271   69s
H 2924  1535                    -2.63294e+08 -2.643e+08  0.37%   271   69s
  2949  1540     cutoff   36      -2.633e+08 -2.643e+08  0.37%   271   70s
  3541  1857     cutoff   46      -2.633e+08 -2.643e+08  0.37%   268   75s
H 4060  1846                    -2.63294e+08 -2.643e+08  0.37%   243   76s
H 4109  1767                    -2.63295e+08 -2.643e+08  0.37%   240   76s
  5226  2187     cutoff   53      -2.633e+08 -2.643e+08  0.37%   206   80s
H 5290  2128                    -2.63295e+08 -2.643e+08  0.37%   212   83s
  5890  2456 -2.643e+08   61 1316 -2.633e+08 -2.643e+08  0.37%   207   85s
  6303  2502 -2.643e+08   74 1298 -2.633e+08 -2.643e+08  0.37%   216   90s
H 6336  2502                    -2.63296e+08 -2.643e+08  0.37%   218   90s
H 7166  2987                    -2.63297e+08 -2.643e+08  0.37%   223   94s
  7179  3055     cutoff   87      -2.633e+08 -2.643e+08  0.37%   224   95s
  8933  3817 -2.642e+08  129 1252 -2.633e+08 -2.643e+08  0.37%   230  100s
 10350  4837 -2.640e+08  168 1191 -2.633e+08 -2.643e+08  0.37%   230  105s
 13411  6801 -2.639e+08  228 1101 -2.633e+08 -2.643e+08  0.37%   209  110s
*15337  6728             920    -2.63492e+08 -2.643e+08  0.30%   201  112s
*15338  6136             920    -2.63502e+08 -2.643e+08  0.29%   201  112s
*15600  5538             958    -2.63515e+08 -2.643e+08  0.29%   202  114s
 16225  6123 -2.638e+08  267  975 -2.635e+08 -2.643e+08  0.29%   196  115s
 18589  7467 -2.637e+08  296  919 -2.635e+08 -2.643e+08  0.29%   194  121s
 20203  8042 -2.636e+08  325  873 -2.635e+08 -2.643e+08  0.29%   191  127s
 20926  9509 -2.636e+08  338  779 -2.635e+08 -2.643e+08  0.29%   191  131s
 24207 10962 -2.643e+08   58 1374 -2.635e+08 -2.643e+08  0.29%   181  136s
*25946 11144             655    -2.63524e+08 -2.643e+08  0.29%   176  137s
*25947 10691             655    -2.63531e+08 -2.643e+08  0.28%   176  137s
*25949 10645             655    -2.63533e+08 -2.643e+08  0.28%   176  137s
 27378 11857 -2.643e+08   36 1328 -2.635e+08 -2.643e+08  0.28%   173  140s
 31469 15207     cutoff  161      -2.635e+08 -2.643e+08  0.28%   159  145s
 36236 18801 -2.643e+08  101 1258 -2.635e+08 -2.643e+08  0.28%   147  150s
*36776 18266             630    -2.63545e+08 -2.643e+08  0.28%   145  150s
H38144 19241                    -2.63551e+08 -2.643e+08  0.28%   141  152s
 39725 20809     cutoff   23      -2.636e+08 -2.643e+08  0.28%   140  157s
 41236 20861     cutoff   40      -2.636e+08 -2.643e+08  0.28%   144  161s
 41508 20933 -2.643e+08   48 1284 -2.636e+08 -2.643e+08  0.28%   150  181s
 41944 20847 -2.643e+08   60 1265 -2.636e+08 -2.643e+08  0.28%   157  193s
 43685 20547 infeasible  159      -2.636e+08 -2.643e+08  0.28%   185  205s
H44714 19199                    -2.63570e+08 -2.643e+08  0.27%   209  218s
H45329 19026                    -2.63573e+08 -2.643e+08  0.27%   220  218s
 45935 20503     cutoff   28      -2.636e+08 -2.643e+08  0.27%   235  234s
H46428 20123                    -2.63581e+08 -2.643e+08  0.26%   237  234s
H47119 20082                    -2.63582e+08 -2.643e+08  0.26%   239  234s
H48179 20031                    -2.63583e+08 -2.643e+08  0.26%   244  234s
 49065 20281 infeasible  108      -2.636e+08 -2.643e+08  0.26%   244  246s
 49962 21173     cutoff  121      -2.636e+08 -2.643e+08  0.26%   251  259s
 51683 22011 -2.637e+08  182  881 -2.636e+08 -2.643e+08  0.26%   256  271s
 53643 23102 infeasible   26      -2.636e+08 -2.642e+08  0.25%   264  283s
 55845 23970     cutoff  119      -2.636e+08 -2.642e+08  0.24%   269  294s
 57548 25588     cutoff  122      -2.636e+08 -2.642e+08  0.24%   275  305s
 60138 26749 -2.640e+08  138 1205 -2.636e+08 -2.642e+08  0.23%   274  315s
 62174 27359     cutoff  140      -2.636e+08 -2.642e+08  0.23%   276  322s
 63342 27319 infeasible  157      -2.636e+08 -2.642e+08  0.22%   277  332s
 63538 28649 infeasible  133      -2.636e+08 -2.642e+08  0.22%   281  343s
 65898 28928 infeasible   39      -2.636e+08 -2.642e+08  0.22%   283  352s
 66866 29822 infeasible  143      -2.636e+08 -2.641e+08  0.21%   290  362s
 68534 30516     cutoff  156      -2.636e+08 -2.641e+08  0.21%   293  373s
 70175 30646 infeasible  143      -2.636e+08 -2.641e+08  0.20%   296  384s
 71272 30810 infeasible  143      -2.636e+08 -2.641e+08  0.20%   303  399s
 72343 31585 -2.639e+08  156 1272 -2.636e+08 -2.641e+08  0.20%   310  410s
 74032 32643 infeasible  137      -2.636e+08 -2.641e+08  0.19%   312  421s
 76440 33183 -2.637e+08  167  978 -2.636e+08 -2.641e+08  0.19%   312  431s
 78198 34041 infeasible  122      -2.636e+08 -2.641e+08  0.18%   314  441s
 80179 35201 -2.639e+08  227 1128 -2.636e+08 -2.641e+08  0.18%   314  451s
 82451 36130     cutoff  251      -2.636e+08 -2.640e+08  0.17%   313  460s
 84350 37016 infeasible  150      -2.636e+08 -2.640e+08  0.17%   312  468s
 86066 37927     cutoff  161      -2.636e+08 -2.640e+08  0.17%   311  475s
 87717 38452     cutoff  257      -2.636e+08 -2.640e+08  0.17%   310  482s
 88998 39406 -2.638e+08  180  929 -2.636e+08 -2.640e+08  0.16%   311  489s
 90767 39685     cutoff  287      -2.636e+08 -2.640e+08  0.16%   309  496s
 91947 40305 -2.638e+08  223 1099 -2.636e+08 -2.640e+08  0.16%   311  504s
 93464 41184 -2.636e+08  273  722 -2.636e+08 -2.640e+08  0.16%   312  512s
 95299 41637 -2.639e+08  173 1088 -2.636e+08 -2.640e+08  0.15%   311  519s
 96483 42281 -2.637e+08  239  850 -2.636e+08 -2.640e+08  0.15%   312  527s
 98030 42757 -2.637e+08  181  971 -2.636e+08 -2.640e+08  0.15%   311  535s
 99456 43429 -2.636e+08  262  721 -2.636e+08 -2.640e+08  0.15%   312  542s
 101142 43815 infeasible  226      -2.636e+08 -2.640e+08  0.14%   312  550s
 102489 44746 -2.638e+08  143 1109 -2.636e+08 -2.640e+08  0.14%   312  558s
 104461 45465 -2.637e+08  240  847 -2.636e+08 -2.640e+08  0.14%   311  566s
 106143 45586     cutoff  196      -2.636e+08 -2.640e+08  0.14%   310  574s
 106754 47622 infeasible  191      -2.636e+08 -2.640e+08  0.14%   311  592s
 110675 48928 -2.636e+08  230  653 -2.636e+08 -2.639e+08  0.14%   309  601s
 113113 49481 -2.638e+08  153 1172 -2.636e+08 -2.639e+08  0.13%   307  610s
 114685 50065 -2.637e+08  193  953 -2.636e+08 -2.639e+08  0.13%   308  618s
 116190 50744 -2.638e+08  154  968 -2.636e+08 -2.639e+08  0.13%   308  626s
 117967 51631 -2.639e+08  160 1053 -2.636e+08 -2.639e+08  0.13%   308  634s
 119867 52025 -2.636e+08  212  627 -2.636e+08 -2.639e+08  0.13%   306  642s
 121027 52809 -2.636e+08  270  727 -2.636e+08 -2.639e+08  0.13%   306  650s
 122777 53564 infeasible  165      -2.636e+08 -2.639e+08  0.12%   306  658s
 124506 53966 infeasible  302      -2.636e+08 -2.639e+08  0.12%   305  666s
 125803 54351     cutoff  176      -2.636e+08 -2.639e+08  0.12%   306  674s
 127406 54907     cutoff  211      -2.636e+08 -2.639e+08  0.12%   307  682s
 129079 55767 -2.637e+08  202  903 -2.636e+08 -2.639e+08  0.12%   306  689s
 130882 56194 -2.637e+08  218  991 -2.636e+08 -2.639e+08  0.12%   305  696s
 132286 57051 -2.636e+08  197  711 -2.636e+08 -2.639e+08  0.12%   305  705s
 133921 57723 -2.636e+08  247  555 -2.636e+08 -2.639e+08  0.12%   304  712s
 135503 58338 -2.636e+08  225  575 -2.636e+08 -2.639e+08  0.12%   304  719s
 137150 59126     cutoff  124      -2.636e+08 -2.639e+08  0.12%   303  727s
 138937 59706     cutoff  154      -2.636e+08 -2.639e+08  0.12%   302  734s
 140373 60374 -2.636e+08  208  784 -2.636e+08 -2.639e+08  0.12%   302  741s
 142021 60947     cutoff  141      -2.636e+08 -2.639e+08  0.11%   302  749s
 143587 61608 -2.637e+08  178  952 -2.636e+08 -2.639e+08  0.11%   302  756s
 145182 62380 -2.636e+08  217  640 -2.636e+08 -2.639e+08  0.11%   301  763s
 146993 62940 infeasible  164      -2.636e+08 -2.639e+08  0.11%   300  771s
 148484 63660 -2.638e+08  173  953 -2.636e+08 -2.639e+08  0.11%   300  779s
 150179 64580 -2.637e+08  182  913 -2.636e+08 -2.639e+08  0.11%   299  786s
 152072 65274 -2.637e+08  164  897 -2.636e+08 -2.639e+08  0.11%   298  792s
 153720 65689     cutoff  214      -2.636e+08 -2.639e+08  0.11%   297  799s
 155048 66100 -2.637e+08  166  953 -2.636e+08 -2.639e+08  0.11%   297  806s
 156481 66865     cutoff  158      -2.636e+08 -2.639e+08  0.11%   297  815s
 158023 67262 -2.636e+08  219  771 -2.636e+08 -2.639e+08  0.11%   296  822s
 158773 67984 -2.637e+08  169  937 -2.636e+08 -2.639e+08  0.11%   296  830s
 160491 69033 -2.637e+08  164  934 -2.636e+08 -2.639e+08  0.11%   295  837s
 162493 69880     cutoff  189      -2.636e+08 -2.639e+08  0.11%   294  844s
 164422 70447 -2.636e+08  245  508 -2.636e+08 -2.639e+08  0.10%   293  851s
 166036 71330 -2.637e+08  214  873 -2.636e+08 -2.639e+08  0.10%   293  859s
 167832 72157     cutoff  242      -2.636e+08 -2.639e+08  0.10%   292  866s
 169539 73092 -2.638e+08  149 1135 -2.636e+08 -2.639e+08  0.10%   291  874s
 171574 73611 -2.637e+08  200  872 -2.636e+08 -2.639e+08  0.10%   290  880s
 172982 74390     cutoff  140      -2.636e+08 -2.638e+08  0.10%   290  886s
 174575 75080     cutoff  166      -2.636e+08 -2.638e+08  0.10%   289  893s

Cutting planes:
  Implied bound: 410
  Projected implied bound: 1
  MIR: 135
  Mixing: 13
  Flow cover: 451
  RLT: 17
  Relax-and-lift: 16

Explored 176228 nodes (50827874 simplex iterations) in 893.23 seconds (1391.38 work units)
Thread count was 16 (of 40 available processors)

Solution count 10: -2.63583e+08 -2.63582e+08 -2.63581e+08 ... -2.63524e+08

Optimal solution found (tolerance 1.00e-03)
Best objective -2.635832188729e+08, best bound -2.638455929199e+08, gap 0.0995%

User-callback calls 485641, time in user-callback 0.04 sec
[NUM-KAPPA] kappa_solver=5686546 kappa_exact=-1 is_mip=1
[NUM-EFIC] work=1391 root_gap=0 root_time=6
[pipeline] Tiempo de resolucion: 893.530381 s
[SOLVE] tiempo_solver_s=893.530393329000049 status=OPTIMAL gap=0.099541256131442 obj=-263583218.872909665107727 best_bound=-263845592.919927448034286 nodos=176228.000000000000000 iter=50827874.000000000000000 primal_integral=0.002755234504755
[VERIF ORIGINAL] etapa=solver_desescalado max_le=9.5367431640625e-07 (a1_restriccion_varphi32(170)) max_ge=0 () max_eq=8.28644260764122e-07 (a1_v3h_din(326)) max_lb=0 () max_ub=0 () max_int=0 () avg_viol=8.48742217726917e-09 p95_viol=2.3283064365387e-10 p99_viol=2.38418579101562e-07 max_viol_rel=5.0663948059082e-07 max_viol_relact=4.32058214805704e-12 viol_le_count=0 viol_ge_count=0 viol_eq_count=0 viol_lb_count=0 viol_ub_count=0 viol_int_count=0 missing_values=0 obj_original_recalc=-263583218.87291
[32m[success] Resultados guardados correctamente en /clusteruy/home/mathiasr/generator-aware-row-scaling/results-revision/final-variants/gurobi_simple_01pct/resultados/caso10e_matricial_plano.csv[0m
[32m[success] Archivo CSV generado correctamente[0m

[POST DEBUG] ===== INICIO POSTPROCESAMIENTO GLOBAL =====
[POST DEBUG] --- DESPUÉS DE AGENTES ---
[POST DEBUG] Agentes | g1 antes=152321.10012769 despues=152913.787359907 delta=592.687232216907
[POST DEBUG] Agentes | g2 antes=0 despues=0 delta=0
[POST DEBUG] Agentes | g antes=152321.10012769 despues=152321.10012769 delta=0
[POST DEBUG] Agentes | costoFalla antes=0 despues=0 delta=0
[POST DEBUG] --- DESPUÉS DE DESPACHO ---
[POST DEBUG] Despacho | g1 antes=152913.787359907 despues=152913.787359907 delta=0
[POST DEBUG] Despacho | g2 antes=0 despues=0 delta=0
[POST DEBUG] Despacho | g antes=152321.10012769 despues=152913.787359907 delta=592.687232216907
[POST DEBUG] Despacho | costoFalla antes=0 despues=0 delta=0
[POST DEBUG] --- TOTAL ANTES VS FINAL ---
[POST DEBUG] Final | g1 antes=152321.10012769 despues=152913.787359907 delta=592.687232216907
[POST DEBUG] Final | g2 antes=0 despues=0 delta=0
[POST DEBUG] Final | g antes=152321.10012769 despues=152913.787359907 delta=592.687232216907
[POST DEBUG] Final | costoFalla antes=0 despues=0 delta=0
[POST DEBUG] valorFOOriginal = -263583218.87291
[POST DEBUG] valorFOPostProcesado = -264531518.444457
[POST DEBUG] deltaFO = -948299.571546853
[POST DEBUG] ===== FIN POSTPROCESAMIENTO GLOBAL =====

[32m[success] Post-procesamiento completado. Nuevo valor F.O.: -264531518.444456517696381[0m
[VERIF ORIGINAL] etapa=postprocesado max_le=1406.61821288721 (a1_discretizacion_palmar_restriccion_3i(359)) max_ge=0 () max_eq=597507886.796014 (a1_g2h_def(99)) max_lb=0 () max_ub=0 () max_int=0 () avg_viol=588757.095548835 p95_viol=3.52527603260252 p99_viol=21122040.5044386 max_viol_rel=597507886.796014 max_viol_relact=0.932805571972703 viol_le_count=496 viol_ge_count=0 viol_eq_count=1018 viol_lb_count=0 viol_ub_count=0 viol_int_count=0 missing_values=0 obj_original_recalc=-264531518.444457
[32m[success] Resultados guardados correctamente en /clusteruy/home/mathiasr/generator-aware-row-scaling/results-revision/final-variants/gurobi_simple_01pct/resultados/caso10e_matricial_plano_postprocesado.csv[0m
> [32m[success] Saliendo del programa...[0m
[32m[success] SystemController destruido[0m
