[32m[success] SystemController creado[0m
> [32m[success] El programa se ha iniciado correctamente[0m
> [info] RioNegro: activación de tramos de altura horaria
[32m[success] Se ha creado el agente 'Río Negro' exitosamente[0m
> [34m[info] Agregando agente Demanda Fija[0m
[34m[info] Ingrese demandas en una sola línea (360 valores):[0m
[32m[success] Se ha creado el agente 'Demanda Fija' exitosamente[0m
> [32m[success] Se ha creado el despacho fijo exitosamente[0m
> > Set parameter WLSAccessID
Set parameter WLSSecret
Set parameter LicenseID to value 2849920
Academic license 2849920 - for non-commercial use only - registered to ma___@fing.edu.uy
[32m[success] Solver 'Gurobi' configurado | timeout=1800s | mipgap=0.001[0m
> [DEBUG Despacho] j=0 idGen=1 coefParticipacionDespacho=1

[DEBUG Despacho] Cantidad de generadores = 1
[DEBUG Despacho] j=0 puntero=0x9e20d0 idGen=1 coefParticipacionDespacho=1
[PREPROC] modo plano: 14400 filas tratadas como un unico bloque sin roles (kernel geomean por fila)
[PREPROC PHASES] metadata_s=0.000113127 diagnostico_s=0.001487742 aplicacion_s=0.002614142

------------------------------------------------------------
  PREPROCESAMIENTO MIP - Diagnostico Numerico
------------------------------------------------------------
Rango de coeficientes (toda la matriz):
  max |coef| = 8.908e+07
  min |coef| = 2.430e-05
  proxy rango= 3.666e+12

Diagnostico por bloque:
Bloque              max|coef|      min|coef|      kappa_aprox   vars    alpha     beta      cols      disc_omit aux_omit  escalado
------------------------------------------------------------------------------------------------------------------------------
plano               8.908e+07      2.430e-05      3.67e+12      0       1.31e-02  1.00e+00  0         0         0         SI  (filas=10080, alpha_min=2.43e-05, alpha_max=2.09e+01)

Restriccion(es) global(es): 0 fila(s)
  acoplamiento balance = 0 fila(s)
  global no acoplante  = 0 fila(s)
  rho aprox (solo acoplamiento) = 0.000e+00
  gamma acoplamiento   = 1.000000
  gamma candidato      = 1.000000
  filas acop. escaladas= no
  filas normaliz. fisica= 0
  motivo gamma=1       = rho bajo; no se escala la fila de acoplamiento

ADVERTENCIAS:
  [!] Rango de coeficientes elevado (3666432403776). Riesgo de sensibilidad numerica.
  [!] Bloque 'plano' internamente mal escalado (kappa~3666432403776). Conviene comparar equilibrado interno por filas/columnas.
------------------------------------------------------------

------------------------------------------------------------
  COMPARACION NUMERICA ANTES / DESPUES
------------------------------------------------------------
Indicador                   antes           despues         despues/antes
----------------------------------------------------------------------------
rango global                2.341e+12       3.666e+12       1.566e+00
rho acoplamiento            0.000e+00       0.000e+00       0.000e+00
gamma aplicado              1.000000        1.000000        1.000000

Bloques locales:
Bloque              kappa antes     kappa despues   alpha       beta        filas       cols        disc_omit   aux_omit    escalado
------------------------------------------------------------------------------------------------------------------------------------
plano               2.341e+12       3.666e+12       1.310e-02   1.000e+00   10080       0           0           0           SI

Interpretacion: valores despues/antes menores que 1 indican mejora del proxy.
rho se calcula solo con filas de acoplamiento; las cotas de demanda sobre g quedan fuera.
El escalamiento local activo fue solo por fila: alpha_r = 1/sqrt(M_r*m_r).
------------------------------------------------------------

[PREPROC TIME] variante=matricial_plano tiempo_s=0.008550253 u=2 K=4 epsMin=1e-09 epsMax=1000000000
[32m[success] Preprocesamiento aplicado.[0m
> [MODELO] rows=14400 cols=10800 nnz=35590
[pipeline] Preprocesamiento seleccionado: Ninguno
[pipeline] Modelo interno sin modificaciones de preprocesamiento.
[pipeline] Estrategia de resolucion seleccionada: Monolitica
[pipeline] Resolviendo monoliticamente.
Set parameter TimeLimit to value 1800
Set parameter MIPGap to value 0.001
Set parameter Seed to value 42
Set parameter Threads to value 16
Gurobi Optimizer version 13.0.1 build v13.0.1rc0 (linux64 - "Debian GNU/Linux 12 (bookworm)")

CPU model: Intel(R) Xeon(R) Gold 6138 CPU @ 2.00GHz, instruction set [SSE2|AVX|AVX2|AVX512]
Thread count: 40 physical cores, 40 logical processors, using up to 16 threads

Non-default parameters:
TimeLimit  1800
MIPGap  0.001
Seed  42
Threads  16

Academic license 2849920 - for non-commercial use only - registered to ma___@fing.edu.uy
Optimize a model with 14400 rows, 10800 columns and 35590 nonzeros (Min)
Model fingerprint: 0x5edbf539
Model has 362 linear objective coefficients
Variable types: 8640 continuous, 2160 integer (2160 binary)
Coefficient statistics:
  Matrix range     [2e-05, 4e+04]
  Objective range  [3e-03, 3e+03]
  Bounds range     [1e+00, 1e+10]
  RHS range        [2e-02, 9e+07]
Warning: Model contains large bounds
         Consider reformulating model or setting NumericFocus parameter
         to avoid numerical issues.

Presolve removed 3488 rows and 2084 columns
Presolve time: 0.23s
Presolved: 10912 rows, 8716 columns, 28972 nonzeros
Variable types: 6995 continuous, 1721 integer (1721 binary)
Found heuristic solution: objective -3.44335e+08
Found heuristic solution: objective -3.44349e+08

Root relaxation: interrupted, 8388 iterations, 0.62 seconds (0.89 work units)

    Nodes    |    Current Node    |     Objective Bounds      |     Work
 Expl Unexpl |  Obj  Depth IntInf | Incumbent    BestBd   Gap | It/Node Time

     0     0          -    0      -3.443e+08 -3.445e+08  0.04%     -    1s

Explored 1 nodes (8388 simplex iterations) in 1.37 seconds (1.79 work units)
Thread count was 16 (of 40 available processors)

Solution count 3: -3.44349e+08 -3.44349e+08 -3.44335e+08 

Optimal solution found (tolerance 1.00e-03)
Best objective -3.443488240774e+08, best bound -3.444707405625e+08, gap 0.0354%

User-callback calls 771, time in user-callback 0.00 sec
[NUM-KAPPA] kappa_solver=10987447 kappa_exact=-1 is_mip=1
[NUM-EFIC] work=2 root_gap=-1 root_time=-1
[pipeline] Tiempo de resolucion: 1.704688 s
[SOLVE] tiempo_solver_s=1.704697927000000 status=OPTIMAL gap=0.035404937266452 obj=-344348824.077350974082947 best_bound=-344470740.562493324279785 nodos=1.000000000000000 iter=8388.000000000000000 primal_integral=0.210839161471157
[VERIF ORIGINAL] etapa=solver_desescalado max_le=1.43051147460938e-06 (a1_restriccion_varphi1_2(360)) max_ge=0 () max_eq=2.62260437011719e-06 (a1_v3h_din(328)) max_lb=0 () max_ub=0 () max_int=0 () avg_viol=8.68619816120763e-09 p95_viol=4.65661287307739e-10 p99_viol=2.34693288803101e-07 max_viol_rel=1.828708263929e-06 max_viol_relact=5.94168090359495e-14 viol_le_count=1 viol_ge_count=0 viol_eq_count=2 viol_lb_count=0 viol_ub_count=0 viol_int_count=0 missing_values=0 obj_original_recalc=-344348824.077351
[32m[success] Resultados guardados correctamente en /clusteruy/home/mathiasr/generator-aware-row-scaling/results-revision/final-variants/gurobi_simple_01pct/resultados/caso01a_matricial_plano.csv[0m
[32m[success] Archivo CSV generado correctamente[0m

[POST DEBUG] ===== INICIO POSTPROCESAMIENTO GLOBAL =====
[POST DEBUG] --- DESPUÉS DE AGENTES ---
[POST DEBUG] Agentes | g1 antes=100164.98587179 despues=102924.995145872 delta=2760.0092740816
[POST DEBUG] Agentes | g2 antes=0 despues=0 delta=0
[POST DEBUG] Agentes | g antes=100164.98587179 despues=100164.98587179 delta=0
[POST DEBUG] Agentes | costoFalla antes=0 despues=0 delta=0
[POST DEBUG] --- DESPUÉS DE DESPACHO ---
[POST DEBUG] Despacho | g1 antes=102924.995145872 despues=102924.995145872 delta=0
[POST DEBUG] Despacho | g2 antes=0 despues=0 delta=0
[POST DEBUG] Despacho | g antes=100164.98587179 despues=102924.995145872 delta=2760.0092740816
[POST DEBUG] Despacho | costoFalla antes=0 despues=0 delta=0
[POST DEBUG] --- TOTAL ANTES VS FINAL ---
[POST DEBUG] Final | g1 antes=100164.98587179 despues=102924.995145872 delta=2760.0092740816
[POST DEBUG] Final | g2 antes=0 despues=0 delta=0
[POST DEBUG] Final | g antes=100164.98587179 despues=102924.995145872 delta=2760.0092740816
[POST DEBUG] Final | costoFalla antes=0 despues=0 delta=0
[POST DEBUG] valorFOOriginal = -344348824.077351
[POST DEBUG] valorFOPostProcesado = -353180853.754412
[POST DEBUG] deltaFO = -8832029.67706102
[POST DEBUG] ===== FIN POSTPROCESAMIENTO GLOBAL =====

[32m[success] Post-procesamiento completado. Nuevo valor F.O.: -353180853.754411995410919[0m
[VERIF ORIGINAL] etapa=postprocesado max_le=1201.66395897249 (a1_discretizacion_palmar_restriccion_3i(254)) max_ge=0 () max_eq=815405786.244151 (a1_g2h_def(99)) max_lb=0 () max_ub=0 () max_int=0 () avg_viol=4487245.83394744 p95_viol=6.30315195200212 p99_viol=141182541.090867 max_viol_rel=815405786.244151 max_viol_relact=0.909194436801052 viol_le_count=223 viol_ge_count=0 viol_eq_count=962 viol_lb_count=0 viol_ub_count=0 viol_int_count=0 missing_values=0 obj_original_recalc=-353180853.754412
[32m[success] Resultados guardados correctamente en /clusteruy/home/mathiasr/generator-aware-row-scaling/results-revision/final-variants/gurobi_simple_01pct/resultados/caso01a_matricial_plano_postprocesado.csv[0m
> [32m[success] Saliendo del programa...[0m
[32m[success] SystemController destruido[0m
