[32m[success] SystemController creado[0m
> [32m[success] El programa se ha iniciado correctamente[0m
> [info] RioNegro: activación de tramos de altura horaria
[32m[success] Se ha creado el agente 'Río Negro' exitosamente[0m
> [34m[info] Agregando agente Demanda Fija[0m
[34m[info] Ingrese demandas en una sola línea (360 valores):[0m
[32m[success] Se ha creado el agente 'Demanda Fija' exitosamente[0m
> [32m[success] Se ha creado el despacho fijo exitosamente[0m
> > Set parameter WLSAccessID
Set parameter WLSSecret
Set parameter LicenseID to value 2849920
Academic license 2849920 - for non-commercial use only - registered to ma___@fing.edu.uy
[32m[success] Solver 'Gurobi' configurado | timeout=1800s | mipgap=0.001[0m
> [DEBUG Despacho] j=0 idGen=1 coefParticipacionDespacho=1

[DEBUG Despacho] Cantidad de generadores = 1
[DEBUG Despacho] j=0 puntero=0x12c9210 idGen=1 coefParticipacionDespacho=1

------------------------------------------------------------
  PREPROCESAMIENTO MIP - Diagnostico Numerico
------------------------------------------------------------
Rango de coeficientes (toda la matriz):
  max |coef| = 6.594e+09
  min |coef| = 2.527e-03
  proxy rango= 2.609e+12

Diagnostico por bloque:
Bloque              max|coef|      min|coef|      kappa_aprox   vars    alpha     beta      cols      disc_omit aux_omit  escalado
------------------------------------------------------------------------------------------------------------------------------
a1_                 6.594e+09      2.527e-03      2.61e+12      9360    1.00e+00  1.00e+00  0         0         0         no
sin_agente          1.000e+00      1.000e+00      1.00e+00      0       1.00e+00  1.00e+00  0         0         0         no

Restriccion(es) global(es): 720 fila(s)
  acoplamiento balance = 360 fila(s)
  global no acoplante  = 360 fila(s)
  rho aprox (solo acoplamiento) = 2.450e-04
  gamma acoplamiento   = 1.000000
  gamma candidato      = 1.000000
  filas acop. escaladas= no
  filas normaliz. fisica= 0
  motivo gamma=1       = rho bajo; no se escala la fila de acoplamiento

ADVERTENCIAS:
  [!] Rango de coeficientes elevado (2608973608000). Riesgo de sensibilidad numerica.
  [!] Bloque 'a1_' internamente mal escalado (kappa~2608973608000). Conviene comparar equilibrado interno por filas/columnas.

[Modo diagnostico: no se modifico el modelo]
------------------------------------------------------------

[32m[success] Diagnostico completado (modelo sin modificar).[0m
> [MODELO] rows=14400 cols=10800 nnz=35590
[pipeline] Preprocesamiento seleccionado: Ninguno
[pipeline] Modelo interno sin modificaciones de preprocesamiento.
[pipeline] Estrategia de resolucion seleccionada: Monolitica
[pipeline] Resolviendo monoliticamente.
Set parameter TimeLimit to value 1800
Set parameter MIPGap to value 0.001
Set parameter Seed to value 42
Set parameter Threads to value 16
Gurobi Optimizer version 13.0.1 build v13.0.1rc0 (linux64 - "Debian GNU/Linux 12 (bookworm)")

CPU model: Intel(R) Xeon(R) Gold 6138 CPU @ 2.00GHz, instruction set [SSE2|AVX|AVX2|AVX512]
Thread count: 40 physical cores, 40 logical processors, using up to 16 threads

Non-default parameters:
TimeLimit  1800
MIPGap  0.001
Seed  42
Threads  16

Academic license 2849920 - for non-commercial use only - registered to ma___@fing.edu.uy
Optimize a model with 14400 rows, 10800 columns and 35590 nonzeros (Min)
Model fingerprint: 0x17b6f726
Model has 362 linear objective coefficients
Variable types: 8640 continuous, 2160 integer (2160 binary)
Coefficient statistics:
  Matrix range     [3e-03, 2e+09]
  Objective range  [3e-03, 3e+03]
  Bounds range     [1e+00, 1e+10]
  RHS range        [5e+00, 7e+09]
Warning: Model contains large matrix coefficients
Warning: Model contains large rhs
Warning: Model contains large bounds
         Consider reformulating model or setting NumericFocus parameter
         to avoid numerical issues.

Presolve removed 4602 rows and 2623 columns
Presolve time: 0.21s
Presolved: 9798 rows, 8177 columns, 26122 nonzeros
Variable types: 6775 continuous, 1402 integer (1402 binary)
Found heuristic solution: objective -4.24504e+08

Root relaxation: interrupted, 11998 iterations, 1.37 seconds (1.72 work units)

    Nodes    |    Current Node    |     Objective Bounds      |     Work
 Expl Unexpl |  Obj  Depth IntInf | Incumbent    BestBd   Gap | It/Node Time

     0     0          -    0      -4.245e+08 -4.246e+08  0.02%     -    2s

Explored 1 nodes (11998 simplex iterations) in 2.09 seconds (2.56 work units)
Thread count was 16 (of 40 available processors)

Solution count 1: -4.24504e+08 

Optimal solution found (tolerance 1.00e-03)
Warning: max constraint violation (1.3936e-06) exceeds tolerance
Best objective -4.245036683164e+08, best bound -4.245711759352e+08, gap 0.0159%

User-callback calls 1185, time in user-callback 0.00 sec
[NUM-KAPPA] kappa_solver=35241740.498672 kappa_exact=-1.000000 is_mip=1
[NUM-EFIC] work=2.561823 root_gap=-1.000000 root_time=-1.000000
[pipeline] Tiempo de resolucion: 2.466335 s
[SOLVE] tiempo_solver_s=2.466351646000000 status=OPTIMAL gap=0.015902717425881 obj=-424503668.316372334957123 best_bound=-424571175.935207188129425 nodos=1.000000000000000 iter=11998.000000000000000 primal_integral=0.148388462497159
[VERIF ORIGINAL] etapa=solver_desescalado max_le=3.63797880709171e-12 (a1_discretizacion_palmar_restriccion_3i(271)) max_ge=0 () max_eq=1.39362929019171e-06 (a1_g1h_def(251)) max_lb=0 () max_ub=0 () max_int=0 () avg_viol=4.43842554648446e-09 p95_viol=6.98491930961609e-10 p99_viol=1.22934579849243e-07 max_viol_rel=1.39362929019171e-06 max_viol_relact=5.00960450994213e-09 viol_le_count=0 viol_ge_count=0 viol_eq_count=1 viol_lb_count=0 viol_ub_count=0 viol_int_count=0 missing_values=0 obj_original_recalc=-424503668.316372
[32m[success] Resultados guardados correctamente en /clusteruy/home/mathiasr/generator-aware-row-scaling/results-revision/final-variants/gurobi_simple_01pct/resultados/caso42b_base.csv[0m
[32m[success] Archivo CSV generado correctamente[0m

[POST DEBUG] ===== INICIO POSTPROCESAMIENTO GLOBAL =====
[POST DEBUG] --- DESPUÉS DE AGENTES ---
[POST DEBUG] Agentes | g1 antes=118353.37 despues=118385.200230627 delta=31.8302306273399
[POST DEBUG] Agentes | g2 antes=0 despues=0 delta=0
[POST DEBUG] Agentes | g antes=118353.37 despues=118353.37 delta=0
[POST DEBUG] Agentes | costoFalla antes=0 despues=0 delta=0
[POST DEBUG] --- DESPUÉS DE DESPACHO ---
[POST DEBUG] Despacho | g1 antes=118385.200230627 despues=118385.200230627 delta=0
[POST DEBUG] Despacho | g2 antes=0 despues=0 delta=0
[POST DEBUG] Despacho | g antes=118353.37 despues=118385.200230627 delta=31.8302306273399
[POST DEBUG] Despacho | costoFalla antes=0 despues=0 delta=0
[POST DEBUG] --- TOTAL ANTES VS FINAL ---
[POST DEBUG] Final | g1 antes=118353.37 despues=118385.200230627 delta=31.8302306273399
[POST DEBUG] Final | g2 antes=0 despues=0 delta=0
[POST DEBUG] Final | g antes=118353.37 despues=118385.200230627 delta=31.8302306273399
[POST DEBUG] Final | costoFalla antes=0 despues=0 delta=0
[POST DEBUG] valorFOOriginal = -424503668.316372
[POST DEBUG] valorFOPostProcesado = -424605525.05438
[POST DEBUG] deltaFO = -101856.738007367
[POST DEBUG] ===== FIN POSTPROCESAMIENTO GLOBAL =====

[32m[success] Post-procesamiento completado. Nuevo valor F.O.: -424605525.054379701614380[0m
[VERIF ORIGINAL] etapa=postprocesado max_le=1984.42825263451 (a1_discretizacion_palmar_restriccion_3i(352)) max_ge=0 () max_eq=17315140.0586028 (a1_g2h_def(5)) max_lb=0 () max_ub=0 () max_int=0 () avg_viol=110975.779332657 p95_viol=3.64198779075857 p99_viol=5193562.24490789 max_viol_rel=17315140.0586028 max_viol_relact=1 viol_le_count=1397 viol_ge_count=0 viol_eq_count=1031 viol_lb_count=0 viol_ub_count=0 viol_int_count=0 missing_values=0 obj_original_recalc=-424605525.05438
[32m[success] Resultados guardados correctamente en /clusteruy/home/mathiasr/generator-aware-row-scaling/results-revision/final-variants/gurobi_simple_01pct/resultados/caso42b_base_postprocesado.csv[0m
> [32m[success] Saliendo del programa...[0m
[32m[success] SystemController destruido[0m
