[32m[success] SystemController creado[0m
> [32m[success] El programa se ha iniciado correctamente[0m
> [info] RioNegro: activación de tramos de altura horaria
[32m[success] Se ha creado el agente 'Río Negro' exitosamente[0m
> [34m[info] Agregando agente Demanda Fija[0m
[34m[info] Ingrese demandas en una sola línea (360 valores):[0m
[32m[success] Se ha creado el agente 'Demanda Fija' exitosamente[0m
> [32m[success] Se ha creado el despacho fijo exitosamente[0m
> > Set parameter WLSAccessID
Set parameter WLSSecret
Set parameter LicenseID to value 2849920
Academic license 2849920 - for non-commercial use only - registered to ma___@fing.edu.uy
[32m[success] Solver 'Gurobi' configurado | timeout=1800s | mipgap=0.001[0m
> [DEBUG Despacho] j=0 idGen=1 coefParticipacionDespacho=1

[DEBUG Despacho] Cantidad de generadores = 1
[DEBUG Despacho] j=0 puntero=0x179e3b0 idGen=1 coefParticipacionDespacho=1
[PREPROC] modo plano: 14400 filas tratadas como un unico bloque sin roles (kernel geomean por fila)
[PREPROC PHASES] metadata_s=0.000114856 diagnostico_s=0.001555874 aplicacion_s=0.002626079

------------------------------------------------------------
  PREPROCESAMIENTO MIP - Diagnostico Numerico
------------------------------------------------------------
Rango de coeficientes (toda la matriz):
  max |coef| = 6.799e+07
  min |coef| = 3.228e-05
  proxy rango= 2.106e+12

Diagnostico por bloque:
Bloque              max|coef|      min|coef|      kappa_aprox   vars    alpha     beta      cols      disc_omit aux_omit  escalado
------------------------------------------------------------------------------------------------------------------------------
plano               6.799e+07      3.228e-05      2.11e+12      0       1.40e-02  1.00e+00  0         0         0         SI  (filas=10080, alpha_min=3.23e-05, alpha_max=2.28e+01)

Restriccion(es) global(es): 0 fila(s)
  acoplamiento balance = 0 fila(s)
  global no acoplante  = 0 fila(s)
  rho aprox (solo acoplamiento) = 0.000e+00
  gamma acoplamiento   = 1.000000
  gamma candidato      = 1.000000
  filas acop. escaladas= no
  filas normaliz. fisica= 0
  motivo gamma=1       = rho bajo; no se escala la fila de acoplamiento

ADVERTENCIAS:
  [!] Rango de coeficientes elevado (2106236462951). Riesgo de sensibilidad numerica.
  [!] Bloque 'plano' internamente mal escalado (kappa~2106236462951). Conviene comparar equilibrado interno por filas/columnas.
------------------------------------------------------------

------------------------------------------------------------
  COMPARACION NUMERICA ANTES / DESPUES
------------------------------------------------------------
Indicador                   antes           despues         despues/antes
----------------------------------------------------------------------------
rango global                2.122e+12       2.106e+12       9.928e-01
rho acoplamiento            0.000e+00       0.000e+00       0.000e+00
gamma aplicado              1.000000        1.000000        1.000000

Bloques locales:
Bloque              kappa antes     kappa despues   alpha       beta        filas       cols        disc_omit   aux_omit    escalado
------------------------------------------------------------------------------------------------------------------------------------
plano               2.122e+12       2.106e+12       1.400e-02   1.000e+00   10080       0           0           0           SI

Interpretacion: valores despues/antes menores que 1 indican mejora del proxy.
rho se calcula solo con filas de acoplamiento; las cotas de demanda sobre g quedan fuera.
El escalamiento local activo fue solo por fila: alpha_r = 1/sqrt(M_r*m_r).
------------------------------------------------------------

[PREPROC TIME] variante=matricial_plano tiempo_s=0.008428062 u=2 K=4 epsMin=1e-09 epsMax=1000000000
[32m[success] Preprocesamiento aplicado.[0m
> [MODELO] rows=14400 cols=10800 nnz=35590
[pipeline] Preprocesamiento seleccionado: Ninguno
[pipeline] Modelo interno sin modificaciones de preprocesamiento.
[pipeline] Estrategia de resolucion seleccionada: Monolitica
[pipeline] Resolviendo monoliticamente.
Set parameter TimeLimit to value 1800
Set parameter MIPGap to value 0.001
Set parameter Seed to value 42
Set parameter Threads to value 16
Gurobi Optimizer version 13.0.1 build v13.0.1rc0 (linux64 - "Debian GNU/Linux 12 (bookworm)")

CPU model: Intel(R) Xeon(R) Gold 6138 CPU @ 2.00GHz, instruction set [SSE2|AVX|AVX2|AVX512]
Thread count: 40 physical cores, 40 logical processors, using up to 16 threads

Non-default parameters:
TimeLimit  1800
MIPGap  0.001
Seed  42
Threads  16

Academic license 2849920 - for non-commercial use only - registered to ma___@fing.edu.uy
Optimize a model with 14400 rows, 10800 columns and 35590 nonzeros (Min)
Model fingerprint: 0xd83a9317
Model has 362 linear objective coefficients
Variable types: 8640 continuous, 2160 integer (2160 binary)
Coefficient statistics:
  Matrix range     [3e-05, 3e+04]
  Objective range  [3e-03, 3e+03]
  Bounds range     [1e+00, 1e+10]
  RHS range        [8e+00, 7e+07]
Warning: Model contains large bounds
         Consider reformulating model or setting NumericFocus parameter
         to avoid numerical issues.

Presolve removed 3685 rows and 2174 columns
Presolve time: 0.14s
Presolved: 10715 rows, 8626 columns, 28445 nonzeros
Variable types: 6953 continuous, 1673 integer (1673 binary)
Found heuristic solution: objective -3.74651e+08
Found heuristic solution: objective -3.74720e+08

Root relaxation: objective -3.752300e+08, 8682 iterations, 0.42 seconds (0.39 work units)

    Nodes    |    Current Node    |     Objective Bounds      |     Work
 Expl Unexpl |  Obj  Depth IntInf | Incumbent    BestBd   Gap | It/Node Time

     0     0 -3.752e+08    0   50 -3.747e+08 -3.752e+08  0.14%     -    1s
     0     0 -3.752e+08    0   63 -3.747e+08 -3.752e+08  0.14%     -    1s
     0     0 -3.752e+08    0   62 -3.747e+08 -3.752e+08  0.14%     -    1s
     0     0 -3.752e+08    0   81 -3.747e+08 -3.752e+08  0.14%     -    1s
     0     0 -3.752e+08    0   81 -3.747e+08 -3.752e+08  0.14%     -    1s
     0     0 -3.752e+08    0   90 -3.747e+08 -3.752e+08  0.14%     -    1s
     0     0 -3.752e+08    0   90 -3.747e+08 -3.752e+08  0.14%     -    1s
     0     0 -3.752e+08    0   80 -3.747e+08 -3.752e+08  0.14%     -    1s
     0     0 -3.752e+08    0   79 -3.747e+08 -3.752e+08  0.14%     -    1s
     0     0 -3.752e+08    0   79 -3.747e+08 -3.752e+08  0.14%     -    1s
     0     0 -3.752e+08    0   79 -3.747e+08 -3.752e+08  0.14%     -    1s
     0     0 -3.752e+08    0   79 -3.747e+08 -3.752e+08  0.14%     -    1s
H    0     0                    -3.75219e+08 -3.752e+08  0.00%     -    1s

Cutting planes:
  Implied bound: 74
  MIR: 29
  Flow cover: 18
  RLT: 13
  Relax-and-lift: 6

Explored 1 nodes (9859 simplex iterations) in 1.80 seconds (1.57 work units)
Thread count was 16 (of 40 available processors)

Solution count 3: -3.75219e+08 -3.7472e+08 -3.74651e+08 

Optimal solution found (tolerance 1.00e-03)
Best objective -3.752191741603e+08, best bound -3.752289871337e+08, gap 0.0026%

User-callback calls 1030, time in user-callback 0.00 sec
[NUM-KAPPA] kappa_solver=523860 kappa_exact=-1 is_mip=1
[NUM-EFIC] work=2 root_gap=0 root_time=2
[pipeline] Tiempo de resolucion: 2.097317 s
[SOLVE] tiempo_solver_s=2.097329125000000 status=OPTIMAL gap=0.002615264380623 obj=-375219174.160277843475342 best_bound=-375228987.133688926696777 nodos=1.000000000000000 iter=9859.000000000000000 primal_integral=0.184572250182197
[VERIF ORIGINAL] etapa=solver_desescalado max_le=4.17232513427734e-05 (a1_restriccion_varphi33(113)) max_ge=0 () max_eq=1.27521343529224e-06 (a1_v1h_din(217)) max_lb=1.39077504475911e-08 (a1_y1h(12)) max_ub=9.26775101106614e-10 (a1_x3h(4)) max_int=0 () avg_viol=1.21604904555997e-08 p95_viol=4.65661287307739e-10 p99_viol=2.84994021058083e-07 max_viol_rel=3.5017728805542e-07 max_viol_relact=1.09787790832177e-12 viol_le_count=1 viol_ge_count=0 viol_eq_count=1 viol_lb_count=0 viol_ub_count=0 viol_int_count=0 missing_values=0 obj_original_recalc=-375219174.160278
[32m[success] Resultados guardados correctamente en /clusteruy/home/mathiasr/generator-aware-row-scaling/results-revision/final-variants/gurobi_simple_01pct/resultados/caso14a_matricial_plano.csv[0m
[32m[success] Archivo CSV generado correctamente[0m

[POST DEBUG] ===== INICIO POSTPROCESAMIENTO GLOBAL =====
[POST DEBUG] --- DESPUÉS DE AGENTES ---
[POST DEBUG] Agentes | g1 antes=109212.834588269 despues=118624.881393749 delta=9412.04680547967
[POST DEBUG] Agentes | g2 antes=0 despues=0 delta=0
[POST DEBUG] Agentes | g antes=109212.834588269 despues=109212.834588269 delta=0
[POST DEBUG] Agentes | costoFalla antes=0 despues=0 delta=0
[POST DEBUG] --- DESPUÉS DE DESPACHO ---
[POST DEBUG] Despacho | g1 antes=118624.881393749 despues=118624.881393749 delta=0
[POST DEBUG] Despacho | g2 antes=0 despues=0 delta=0
[POST DEBUG] Despacho | g antes=109212.834588269 despues=118624.881393749 delta=9412.04680547967
[POST DEBUG] Despacho | costoFalla antes=0 despues=0 delta=0
[POST DEBUG] --- TOTAL ANTES VS FINAL ---
[POST DEBUG] Final | g1 antes=109212.834588269 despues=118624.881393749 delta=9412.04680547967
[POST DEBUG] Final | g2 antes=0 despues=0 delta=0
[POST DEBUG] Final | g antes=109212.834588269 despues=118624.881393749 delta=9412.04680547967
[POST DEBUG] Final | costoFalla antes=0 despues=0 delta=0
[POST DEBUG] valorFOOriginal = -375219174.160278
[POST DEBUG] valorFOPostProcesado = -405337723.937813
[POST DEBUG] deltaFO = -30118549.7775352
[POST DEBUG] ===== FIN POSTPROCESAMIENTO GLOBAL =====

[32m[success] Post-procesamiento completado. Nuevo valor F.O.: -405337723.937813043594360[0m
[VERIF ORIGINAL] etapa=postprocesado max_le=37176.7246135549 (a1_discretizacion_palmar_restriccion_3i(97)) max_ge=0 () max_eq=210147366.718923 (a1_g2h_def(123)) max_lb=1.39077504475911e-08 (a1_y1h(12)) max_ub=9.26775101106614e-10 (a1_x3h(4)) max_int=0 () avg_viol=256233.330654063 p95_viol=136.554213424568 p99_viol=9339248.10410699 max_viol_rel=210147366.718923 max_viol_relact=1 viol_le_count=1589 viol_ge_count=0 viol_eq_count=841 viol_lb_count=0 viol_ub_count=0 viol_int_count=0 missing_values=0 obj_original_recalc=-405337723.937813
[32m[success] Resultados guardados correctamente en /clusteruy/home/mathiasr/generator-aware-row-scaling/results-revision/final-variants/gurobi_simple_01pct/resultados/caso14a_matricial_plano_postprocesado.csv[0m
> [32m[success] Saliendo del programa...[0m
[32m[success] SystemController destruido[0m
