[32m[success] SystemController creado[0m
> [32m[success] El programa se ha iniciado correctamente[0m
> [info] RioNegro: activación de tramos de altura horaria
[32m[success] Se ha creado el agente 'Río Negro' exitosamente[0m
> [34m[info] Agregando agente Demanda Fija[0m
[34m[info] Ingrese demandas en una sola línea (360 valores):[0m
[32m[success] Se ha creado el agente 'Demanda Fija' exitosamente[0m
> [32m[success] Se ha creado el despacho fijo exitosamente[0m
> > Set parameter WLSAccessID
Set parameter WLSSecret
Set parameter LicenseID to value 2849920
Academic license 2849920 - for non-commercial use only - registered to ma___@fing.edu.uy
[32m[success] Solver 'Gurobi' configurado | timeout=1800s | mipgap=0.001[0m
> [DEBUG Despacho] j=0 idGen=1 coefParticipacionDespacho=1

[DEBUG Despacho] Cantidad de generadores = 1
[DEBUG Despacho] j=0 puntero=0x1733300 idGen=1 coefParticipacionDespacho=1

------------------------------------------------------------
  PREPROCESAMIENTO MIP - Diagnostico Numerico
------------------------------------------------------------
Rango de coeficientes (toda la matriz):
  max |coef| = 4.546e+09
  min |coef| = 2.069e-03
  proxy rango= 2.197e+12

Diagnostico por bloque:
Bloque              max|coef|      min|coef|      kappa_aprox   vars    alpha     beta      cols      disc_omit aux_omit  escalado
------------------------------------------------------------------------------------------------------------------------------
a1_                 4.546e+09      2.069e-03      2.20e+12      9360    1.00e+00  1.00e+00  0         0         0         no
sin_agente          1.000e+00      1.000e+00      1.00e+00      0       1.00e+00  1.00e+00  0         0         0         no

Restriccion(es) global(es): 720 fila(s)
  acoplamiento balance = 360 fila(s)
  global no acoplante  = 360 fila(s)
  rho aprox (solo acoplamiento) = 3.261e-04
  gamma acoplamiento   = 1.000000
  gamma candidato      = 1.000000
  filas acop. escaladas= no
  filas normaliz. fisica= 0
  motivo gamma=1       = rho bajo; no se escala la fila de acoplamiento

ADVERTENCIAS:
  [!] Rango de coeficientes elevado (2196829013377). Riesgo de sensibilidad numerica.
  [!] Bloque 'a1_' internamente mal escalado (kappa~2196829013377). Conviene comparar equilibrado interno por filas/columnas.

[Modo diagnostico: no se modifico el modelo]
------------------------------------------------------------

[32m[success] Diagnostico completado (modelo sin modificar).[0m
> [MODELO] rows=14400 cols=10800 nnz=35590
[pipeline] Preprocesamiento seleccionado: Ninguno
[pipeline] Modelo interno sin modificaciones de preprocesamiento.
[pipeline] Estrategia de resolucion seleccionada: Monolitica
[pipeline] Resolviendo monoliticamente.
Set parameter TimeLimit to value 1800
Set parameter MIPGap to value 0.001
Set parameter Seed to value 42
Set parameter Threads to value 16
Gurobi Optimizer version 13.0.1 build v13.0.1rc0 (linux64 - "Debian GNU/Linux 12 (bookworm)")

CPU model: Intel(R) Xeon(R) Gold 6138 CPU @ 2.00GHz, instruction set [SSE2|AVX|AVX2|AVX512]
Thread count: 40 physical cores, 40 logical processors, using up to 16 threads

Non-default parameters:
TimeLimit  1800
MIPGap  0.001
Seed  42
Threads  16

Academic license 2849920 - for non-commercial use only - registered to ma___@fing.edu.uy
Optimize a model with 14400 rows, 10800 columns and 35590 nonzeros (Min)
Model fingerprint: 0xd9d34fbd
Model has 362 linear objective coefficients
Variable types: 8640 continuous, 2160 integer (2160 binary)
Coefficient statistics:
  Matrix range     [2e-03, 2e+09]
  Objective range  [5e-03, 3e+03]
  Bounds range     [1e+00, 1e+10]
  RHS range        [5e+00, 5e+09]
Warning: Model contains large matrix coefficients
Warning: Model contains large rhs
Warning: Model contains large bounds
         Consider reformulating model or setting NumericFocus parameter
         to avoid numerical issues.

Presolve removed 3808 rows and 2229 columns
Presolve time: 0.25s
Presolved: 10592 rows, 8571 columns, 28581 nonzeros
Variable types: 6872 continuous, 1699 integer (1699 binary)
Found heuristic solution: objective -2.67260e+08
Found heuristic solution: objective -2.67264e+08

Root relaxation: interrupted, 9897 iterations, 0.80 seconds (1.00 work units)

    Nodes    |    Current Node    |     Objective Bounds      |     Work
 Expl Unexpl |  Obj  Depth IntInf | Incumbent    BestBd   Gap | It/Node Time

     0     0          -    0      -2.673e+08 -2.673e+08  0.01%     -    1s

Explored 1 nodes (9897 simplex iterations) in 1.68 seconds (1.95 work units)
Thread count was 16 (of 40 available processors)

Solution count 2: -2.67264e+08 -2.6726e+08 

Optimal solution found (tolerance 1.00e-03)
Warning: max constraint violation (1.0713e-06) exceeds tolerance
Best objective -2.672639736375e+08, best bound -2.672919833408e+08, gap 0.0105%

User-callback calls 798, time in user-callback 0.00 sec
[NUM-KAPPA] kappa_solver=43650434.355476 kappa_exact=-1.000000 is_mip=1
[NUM-EFIC] work=1.949761 root_gap=-1.000000 root_time=-1.000000
[pipeline] Tiempo de resolucion: 2.022548 s
[SOLVE] tiempo_solver_s=2.022565763000000 status=OPTIMAL gap=0.010480164211830 obj=-267263973.637501657009125 best_bound=-267291983.340817928314209 nodos=1.000000000000000 iter=9897.000000000000000 primal_integral=0.236944536361852
[VERIF ORIGINAL] etapa=solver_desescalado max_le=3.63797880709171e-12 (a1_discretizacion_palmar_restriccion_3i(351)) max_ge=0 () max_eq=1.07125379145145e-06 (a1_v1h_din(86)) max_lb=0 () max_ub=0 () max_int=0 () avg_viol=4.33019860931499e-09 p95_viol=1.53273838066069e-11 p99_viol=1.19246542453767e-07 max_viol_rel=1.07125379145145e-06 max_viol_relact=3.02798678012506e-10 viol_le_count=0 viol_ge_count=0 viol_eq_count=1 viol_lb_count=0 viol_ub_count=0 viol_int_count=0 missing_values=0 obj_original_recalc=-267263973.637502
[32m[success] Resultados guardados correctamente en /clusteruy/home/mathiasr/generator-aware-row-scaling/results-revision/final-variants/gurobi_simple_01pct/resultados/caso29c_base.csv[0m
[32m[success] Archivo CSV generado correctamente[0m

[POST DEBUG] ===== INICIO POSTPROCESAMIENTO GLOBAL =====
[POST DEBUG] --- DESPUÉS DE AGENTES ---
[POST DEBUG] Agentes | g1 antes=75240.12 despues=74890.9171150567 delta=-349.202884943239
[POST DEBUG] Agentes | g2 antes=0 despues=0 delta=0
[POST DEBUG] Agentes | g antes=75240.12 despues=75240.12 delta=0
[POST DEBUG] Agentes | costoFalla antes=0 despues=0 delta=0
[POST DEBUG] --- DESPUÉS DE DESPACHO ---
[POST DEBUG] Despacho | g1 antes=74890.9171150567 despues=74890.9171150567 delta=0
[POST DEBUG] Despacho | g2 antes=0 despues=0 delta=0
[POST DEBUG] Despacho | g antes=75240.12 despues=74890.9171150567 delta=-349.202884943239
[POST DEBUG] Despacho | costoFalla antes=0 despues=0 delta=0
[POST DEBUG] --- TOTAL ANTES VS FINAL ---
[POST DEBUG] Final | g1 antes=75240.12 despues=74890.9171150567 delta=-349.202884943239
[POST DEBUG] Final | g2 antes=0 despues=0 delta=0
[POST DEBUG] Final | g antes=75240.12 despues=74890.9171150567 delta=-349.202884943239
[POST DEBUG] Final | costoFalla antes=0 despues=0 delta=0
[POST DEBUG] valorFOOriginal = -267263973.637502
[POST DEBUG] valorFOPostProcesado = -266146524.405683
[POST DEBUG] deltaFO = 1117449.23181853
[POST DEBUG] ===== FIN POSTPROCESAMIENTO GLOBAL =====

[32m[success] Post-procesamiento completado. Nuevo valor F.O.: -266146524.405683130025864[0m
[VERIF ORIGINAL] etapa=postprocesado max_le=2880.68076253895 (a1_discretizacion_palmar_restriccion_3i(353)) max_ge=0 () max_eq=315640497.344991 (a1_g2h_def(290)) max_lb=0 () max_ub=0 () max_int=0 () avg_viol=881329.244245354 p95_viol=0.839675253164258 p99_viol=30754179.2195724 max_viol_rel=315640497.344991 max_viol_relact=1 viol_le_count=410 viol_ge_count=0 viol_eq_count=894 viol_lb_count=0 viol_ub_count=0 viol_int_count=0 missing_values=0 obj_original_recalc=-266146524.405683
[32m[success] Resultados guardados correctamente en /clusteruy/home/mathiasr/generator-aware-row-scaling/results-revision/final-variants/gurobi_simple_01pct/resultados/caso29c_base_postprocesado.csv[0m
> [32m[success] Saliendo del programa...[0m
[32m[success] SystemController destruido[0m
