[32m[success] SystemController creado[0m
> [32m[success] El programa se ha iniciado correctamente[0m
> [info] RioNegro: activación de tramos de altura horaria
[32m[success] Se ha creado el agente 'Río Negro' exitosamente[0m
> [34m[info] Agregando agente Demanda Fija[0m
[34m[info] Ingrese demandas en una sola línea (360 valores):[0m
[32m[success] Se ha creado el agente 'Demanda Fija' exitosamente[0m
> [32m[success] Se ha creado el despacho fijo exitosamente[0m
> > Set parameter WLSAccessID
Set parameter WLSSecret
Set parameter LicenseID to value 2849920
Academic license 2849920 - for non-commercial use only - registered to ma___@fing.edu.uy
[32m[success] Solver 'Gurobi' configurado | timeout=1800s | mipgap=0.001[0m
> [DEBUG Despacho] j=0 idGen=1 coefParticipacionDespacho=1

[DEBUG Despacho] Cantidad de generadores = 1
[DEBUG Despacho] j=0 puntero=0x23f7210 idGen=1 coefParticipacionDespacho=1

------------------------------------------------------------
  PREPROCESAMIENTO MIP - Diagnostico Numerico
------------------------------------------------------------
Rango de coeficientes (toda la matriz):
  max |coef| = 3.817e+09
  min |coef| = 1.835e-03
  proxy rango= 2.080e+12

Diagnostico por bloque:
Bloque              max|coef|      min|coef|      kappa_aprox   vars    alpha     beta      cols      disc_omit aux_omit  escalado
------------------------------------------------------------------------------------------------------------------------------
a1_                 3.817e+09      1.835e-03      2.08e+12      9360    1.00e+00  1.00e+00  0         0         0         no
sin_agente          1.000e+00      1.000e+00      1.00e+00      0       1.00e+00  1.00e+00  0         0         0         no

Restriccion(es) global(es): 720 fila(s)
  acoplamiento balance = 360 fila(s)
  global no acoplante  = 360 fila(s)
  rho aprox (solo acoplamiento) = 3.779e-04
  gamma acoplamiento   = 1.000000
  gamma candidato      = 1.000000
  filas acop. escaladas= no
  filas normaliz. fisica= 0
  motivo gamma=1       = rho bajo; no se escala la fila de acoplamiento

ADVERTENCIAS:
  [!] Rango de coeficientes elevado (2079877311387). Riesgo de sensibilidad numerica.
  [!] Bloque 'a1_' internamente mal escalado (kappa~2079877311387). Conviene comparar equilibrado interno por filas/columnas.

[Modo diagnostico: no se modifico el modelo]
------------------------------------------------------------

[32m[success] Diagnostico completado (modelo sin modificar).[0m
> [MODELO] rows=14400 cols=10800 nnz=35590
[pipeline] Preprocesamiento seleccionado: Ninguno
[pipeline] Modelo interno sin modificaciones de preprocesamiento.
[pipeline] Estrategia de resolucion seleccionada: Monolitica
[pipeline] Resolviendo monoliticamente.
Set parameter TimeLimit to value 1800
Set parameter MIPGap to value 0.001
Set parameter Seed to value 42
Set parameter Threads to value 16
Gurobi Optimizer version 13.0.1 build v13.0.1rc0 (linux64 - "Debian GNU/Linux 12 (bookworm)")

CPU model: Intel(R) Xeon(R) Gold 6138 CPU @ 2.00GHz, instruction set [SSE2|AVX|AVX2|AVX512]
Thread count: 40 physical cores, 40 logical processors, using up to 16 threads

Non-default parameters:
TimeLimit  1800
MIPGap  0.001
Seed  42
Threads  16

Academic license 2849920 - for non-commercial use only - registered to ma___@fing.edu.uy
Optimize a model with 14400 rows, 10800 columns and 35590 nonzeros (Min)
Model fingerprint: 0x5b90e288
Model has 362 linear objective coefficients
Variable types: 8640 continuous, 2160 integer (2160 binary)
Coefficient statistics:
  Matrix range     [2e-03, 2e+09]
  Objective range  [5e-03, 2e+03]
  Bounds range     [1e+00, 1e+10]
  RHS range        [5e+00, 4e+09]
Warning: Model contains large matrix coefficients
Warning: Model contains large rhs
Warning: Model contains large bounds
         Consider reformulating model or setting NumericFocus parameter
         to avoid numerical issues.

Presolve removed 3950 rows and 2041 columns
Presolve time: 0.24s
Presolved: 10450 rows, 8759 columns, 27697 nonzeros
Variable types: 7065 continuous, 1694 integer (1694 binary)
Found heuristic solution: objective -6.89037e+07

Root relaxation: interrupted, 7820 iterations, 0.43 seconds (0.62 work units)

    Nodes    |    Current Node    |     Objective Bounds      |     Work
 Expl Unexpl |  Obj  Depth IntInf | Incumbent    BestBd   Gap | It/Node Time

     0     0          -    0      -6.890e+07 -6.891e+07  0.00%     -    1s

Explored 1 nodes (7820 simplex iterations) in 1.16 seconds (1.54 work units)
Thread count was 16 (of 40 available processors)

Solution count 2: -6.89037e+07 -6.89037e+07 

Optimal solution found (tolerance 1.00e-03)
Best objective -6.890372533908e+07, best bound -6.890500114060e+07, gap 0.0019%

User-callback calls 696, time in user-callback 0.00 sec
[NUM-KAPPA] kappa_solver=2921278.185977 kappa_exact=-1.000000 is_mip=1
[NUM-EFIC] work=1.541718 root_gap=-1.000000 root_time=-1.000000
[pipeline] Tiempo de resolucion: 1.499233 s
[SOLVE] tiempo_solver_s=1.499250936000000 status=OPTIMAL gap=0.001851571181807 obj=-68903725.339077904820442 best_bound=-68905001.140599474310875 nodos=1.000000000000000 iter=7820.000000000000000 primal_integral=0.398910496642137
[VERIF ORIGINAL] etapa=solver_desescalado max_le=1.25003231901445e-07 (a1_discretizacion_palmar_restriccion_3i(8)) max_ge=0 () max_eq=2.64495611190796e-07 (a1_g2h_def(36)) max_lb=3.11199256049262e-09 (a1_x3h(8)) max_ub=0 () max_int=0 () avg_viol=5.20736012741584e-09 p95_viol=2.98139639198778e-08 p99_viol=1.37843890115619e-07 max_viol_rel=2.64495611190796e-07 max_viol_relact=1.25003231901445e-07 viol_le_count=0 viol_ge_count=0 viol_eq_count=0 viol_lb_count=0 viol_ub_count=0 viol_int_count=0 missing_values=0 obj_original_recalc=-68903725.3390779
[32m[success] Resultados guardados correctamente en /clusteruy/home/mathiasr/generator-aware-row-scaling/results-revision/final-variants/gurobi_simple_01pct/resultados/caso33f_base.csv[0m
[32m[success] Archivo CSV generado correctamente[0m

[POST DEBUG] ===== INICIO POSTPROCESAMIENTO GLOBAL =====
[POST DEBUG] --- DESPUÉS DE AGENTES ---
[POST DEBUG] Agentes | g1 antes=27220.7900000001 despues=27093.4372807751 delta=-127.352719225004
[POST DEBUG] Agentes | g2 antes=0 despues=0 delta=0
[POST DEBUG] Agentes | g antes=27220.7900000001 despues=27220.7900000001 delta=0
[POST DEBUG] Agentes | costoFalla antes=0 despues=0 delta=0
[POST DEBUG] --- DESPUÉS DE DESPACHO ---
[POST DEBUG] Despacho | g1 antes=27093.4372807751 despues=27093.4372807751 delta=0
[POST DEBUG] Despacho | g2 antes=0 despues=0 delta=0
[POST DEBUG] Despacho | g antes=27220.7900000001 despues=27093.4372807751 delta=-127.352719225004
[POST DEBUG] Despacho | costoFalla antes=0 despues=0 delta=0
[POST DEBUG] --- TOTAL ANTES VS FINAL ---
[POST DEBUG] Final | g1 antes=27220.7900000001 despues=27093.4372807751 delta=-127.352719225004
[POST DEBUG] Final | g2 antes=0 despues=0 delta=0
[POST DEBUG] Final | g antes=27220.7900000001 despues=27093.4372807751 delta=-127.352719225004
[POST DEBUG] Final | costoFalla antes=0 despues=0 delta=0
[POST DEBUG] valorFOOriginal = -68903725.3390779
[POST DEBUG] valorFOPostProcesado = -68699960.9883181
[POST DEBUG] deltaFO = 203764.350759789
[POST DEBUG] ===== FIN POSTPROCESAMIENTO GLOBAL =====

[32m[success] Post-procesamiento completado. Nuevo valor F.O.: -68699960.988318115472794[0m
[VERIF ORIGINAL] etapa=postprocesado max_le=261.896857448677 (a1_discretizacion_palmar_restriccion_3i(355)) max_ge=0 () max_eq=44001212.365008 (a1_g2h_def(341)) max_lb=3.11199256049262e-09 (a1_x3h(8)) max_ub=0 () max_int=0 () avg_viol=157146.670593898 p95_viol=0.243791243323619 p99_viol=3717698.77714195 max_viol_rel=44001212.365008 max_viol_relact=1 viol_le_count=305 viol_ge_count=0 viol_eq_count=721 viol_lb_count=0 viol_ub_count=0 viol_int_count=0 missing_values=0 obj_original_recalc=-68699960.9883181
[32m[success] Resultados guardados correctamente en /clusteruy/home/mathiasr/generator-aware-row-scaling/results-revision/final-variants/gurobi_simple_01pct/resultados/caso33f_base_postprocesado.csv[0m
> [32m[success] Saliendo del programa...[0m
[32m[success] SystemController destruido[0m
