[32m[success] SystemController creado[0m
> [32m[success] El programa se ha iniciado correctamente[0m
> [info] RioNegro: activación de tramos de altura horaria
[32m[success] Se ha creado el agente 'Río Negro' exitosamente[0m
> [34m[info] Agregando agente Demanda Fija[0m
[34m[info] Ingrese demandas en una sola línea (360 valores):[0m
[32m[success] Se ha creado el agente 'Demanda Fija' exitosamente[0m
> [32m[success] Se ha creado el despacho fijo exitosamente[0m
> > Set parameter WLSAccessID
Set parameter WLSSecret
Set parameter LicenseID to value 2849920
Academic license 2849920 - for non-commercial use only - registered to ma___@fing.edu.uy
[32m[success] Solver 'Gurobi' configurado | timeout=1800s | mipgap=0.001[0m
> [DEBUG Despacho] j=0 idGen=1 coefParticipacionDespacho=1

[DEBUG Despacho] Cantidad de generadores = 1
[DEBUG Despacho] j=0 puntero=0xd14210 idGen=1 coefParticipacionDespacho=1
[PREPROC] modo plano: 14400 filas tratadas como un unico bloque sin roles (kernel geomean por fila)
[PREPROC PHASES] metadata_s=0.000107764 diagnostico_s=0.001443663 aplicacion_s=0.00256945

------------------------------------------------------------
  PREPROCESAMIENTO MIP - Diagnostico Numerico
------------------------------------------------------------
Rango de coeficientes (toda la matriz):
  max |coef| = 7.939e+07
  min |coef| = 2.426e-05
  proxy rango= 3.272e+12

Diagnostico por bloque:
Bloque              max|coef|      min|coef|      kappa_aprox   vars    alpha     beta      cols      disc_omit aux_omit  escalado
------------------------------------------------------------------------------------------------------------------------------
plano               7.939e+07      2.426e-05      3.27e+12      0       1.29e-02  1.00e+00  0         0         0         SI  (filas=10080, alpha_min=2.43e-05, alpha_max=2.17e+01)

Restriccion(es) global(es): 0 fila(s)
  acoplamiento balance = 0 fila(s)
  global no acoplante  = 0 fila(s)
  rho aprox (solo acoplamiento) = 0.000e+00
  gamma acoplamiento   = 1.000000
  gamma candidato      = 1.000000
  filas acop. escaladas= no
  filas normaliz. fisica= 0
  motivo gamma=1       = rho bajo; no se escala la fila de acoplamiento

ADVERTENCIAS:
  [!] Rango de coeficientes elevado (3272319535975). Riesgo de sensibilidad numerica.
  [!] Bloque 'plano' internamente mal escalado (kappa~3272319535975). Conviene comparar equilibrado interno por filas/columnas.
------------------------------------------------------------

------------------------------------------------------------
  COMPARACION NUMERICA ANTES / DESPUES
------------------------------------------------------------
Indicador                   antes           despues         despues/antes
----------------------------------------------------------------------------
rango global                2.234e+12       3.272e+12       1.465e+00
rho acoplamiento            0.000e+00       0.000e+00       0.000e+00
gamma aplicado              1.000000        1.000000        1.000000

Bloques locales:
Bloque              kappa antes     kappa despues   alpha       beta        filas       cols        disc_omit   aux_omit    escalado
------------------------------------------------------------------------------------------------------------------------------------
plano               2.234e+12       3.272e+12       1.292e-02   1.000e+00   10080       0           0           0           SI

Interpretacion: valores despues/antes menores que 1 indican mejora del proxy.
rho se calcula solo con filas de acoplamiento; las cotas de demanda sobre g quedan fuera.
El escalamiento local activo fue solo por fila: alpha_r = 1/sqrt(M_r*m_r).
------------------------------------------------------------

[PREPROC TIME] variante=matricial_plano tiempo_s=0.008305694 u=2 K=4 epsMin=1e-09 epsMax=1000000000
[32m[success] Preprocesamiento aplicado.[0m
> [MODELO] rows=14400 cols=10800 nnz=35590
[pipeline] Preprocesamiento seleccionado: Ninguno
[pipeline] Modelo interno sin modificaciones de preprocesamiento.
[pipeline] Estrategia de resolucion seleccionada: Monolitica
[pipeline] Resolviendo monoliticamente.
Set parameter TimeLimit to value 1800
Set parameter MIPGap to value 0.001
Set parameter Seed to value 42
Set parameter Threads to value 16
Gurobi Optimizer version 13.0.1 build v13.0.1rc0 (linux64 - "Debian GNU/Linux 12 (bookworm)")

CPU model: Intel(R) Xeon(R) Gold 6138 CPU @ 2.00GHz, instruction set [SSE2|AVX|AVX2|AVX512]
Thread count: 40 physical cores, 40 logical processors, using up to 16 threads

Non-default parameters:
TimeLimit  1800
MIPGap  0.001
Seed  42
Threads  16

Academic license 2849920 - for non-commercial use only - registered to ma___@fing.edu.uy
Optimize a model with 14400 rows, 10800 columns and 35590 nonzeros (Min)
Model fingerprint: 0xaa958252
Model has 362 linear objective coefficients
Variable types: 8640 continuous, 2160 integer (2160 binary)
Coefficient statistics:
  Matrix range     [2e-05, 4e+04]
  Objective range  [3e-03, 3e+03]
  Bounds range     [1e+00, 1e+10]
  RHS range        [5e-02, 8e+07]
Warning: Model contains large bounds
         Consider reformulating model or setting NumericFocus parameter
         to avoid numerical issues.

Presolve removed 4086 rows and 1996 columns
Presolve time: 0.24s
Presolved: 10314 rows, 8804 columns, 27443 nonzeros
Variable types: 7090 continuous, 1714 integer (1714 binary)
Found heuristic solution: objective -1.69213e+08
Found heuristic solution: objective -1.69219e+08

Root relaxation: interrupted, 7061 iterations, 0.28 seconds (0.36 work units)

    Nodes    |    Current Node    |     Objective Bounds      |     Work
 Expl Unexpl |  Obj  Depth IntInf | Incumbent    BestBd   Gap | It/Node Time

     0     0          -    0      -1.692e+08 -1.692e+08  0.00%     -    1s

Explored 1 nodes (7061 simplex iterations) in 1.10 seconds (1.25 work units)
Thread count was 16 (of 40 available processors)

Solution count 2: -1.69219e+08 -1.69213e+08 

Optimal solution found (tolerance 1.00e-03)
Best objective -1.692189330240e+08, best bound -1.692265480669e+08, gap 0.0045%

User-callback calls 696, time in user-callback 0.00 sec
[NUM-KAPPA] kappa_solver=101113 kappa_exact=-1 is_mip=1
[NUM-EFIC] work=1 root_gap=-1 root_time=-1
[pipeline] Tiempo de resolucion: 1.311048 s
[SOLVE] tiempo_solver_s=1.311059197000000 status=OPTIMAL gap=0.004500112774075 obj=-169218933.024045228958130 best_bound=-169226548.066866397857666 nodos=1.000000000000000 iter=7061.000000000000000 primal_integral=0.306353117745277
[VERIF ORIGINAL] etapa=solver_desescalado max_le=7.27595761418343e-12 (a1_discretizacion_palmar_restriccion_3i(107)) max_ge=0 () max_eq=1.10035762190819e-06 (a1_v1h_din(55)) max_lb=0 () max_ub=0 () max_int=0 () avg_viol=6.75125394646504e-09 p95_viol=4.65661287307739e-10 p99_viol=2.07731500267983e-07 max_viol_rel=3.44589352607727e-07 max_viol_relact=6.33093217693824e-13 viol_le_count=0 viol_ge_count=0 viol_eq_count=3 viol_lb_count=0 viol_ub_count=0 viol_int_count=0 missing_values=0 obj_original_recalc=-169218933.024045
[32m[success] Resultados guardados correctamente en /clusteruy/home/mathiasr/generator-aware-row-scaling/results-revision/final-variants/gurobi_simple_01pct/resultados/caso27a_matricial_plano.csv[0m
[32m[success] Archivo CSV generado correctamente[0m

[POST DEBUG] ===== INICIO POSTPROCESAMIENTO GLOBAL =====
[POST DEBUG] --- DESPUÉS DE AGENTES ---
[POST DEBUG] Agentes | g1 antes=45460.55 despues=71531.6442460088 delta=26071.0942460088
[POST DEBUG] Agentes | g2 antes=0 despues=0 delta=0
[POST DEBUG] Agentes | g antes=45460.55 despues=45460.55 delta=0
[POST DEBUG] Agentes | costoFalla antes=0 despues=0 delta=0
[POST DEBUG] --- DESPUÉS DE DESPACHO ---
[POST DEBUG] Despacho | g1 antes=71531.6442460088 despues=71531.6442460088 delta=0
[POST DEBUG] Despacho | g2 antes=0 despues=0 delta=0
[POST DEBUG] Despacho | g antes=45460.55 despues=71531.6442460088 delta=26071.0942460088
[POST DEBUG] Despacho | costoFalla antes=0 despues=0 delta=0
[POST DEBUG] --- TOTAL ANTES VS FINAL ---
[POST DEBUG] Final | g1 antes=45460.55 despues=71531.6442460088 delta=26071.0942460088
[POST DEBUG] Final | g2 antes=0 despues=0 delta=0
[POST DEBUG] Final | g antes=45460.55 despues=71531.6442460088 delta=26071.0942460088
[POST DEBUG] Final | costoFalla antes=0 despues=0 delta=0
[POST DEBUG] valorFOOriginal = -169218933.024045
[POST DEBUG] valorFOPostProcesado = -252646434.611273
[POST DEBUG] deltaFO = -83427501.5872282
[POST DEBUG] ===== FIN POSTPROCESAMIENTO GLOBAL =====

[32m[success] Post-procesamiento completado. Nuevo valor F.O.: -252646434.611273437738419[0m
[VERIF ORIGINAL] etapa=postprocesado max_le=520.540913365658 (a1_discretizacion_palmar_restriccion_3i(107)) max_ge=0 () max_eq=787693750.577208 (a1_g2h_def(198)) max_lb=0 () max_ub=0 () max_int=0 () avg_viol=7775387.52524794 p95_viol=12.6099315285733 p99_viol=354649152.938506 max_viol_rel=787693750.577208 max_viol_relact=1 viol_le_count=688 viol_ge_count=0 viol_eq_count=819 viol_lb_count=0 viol_ub_count=0 viol_int_count=0 missing_values=0 obj_original_recalc=-252646434.611273
[32m[success] Resultados guardados correctamente en /clusteruy/home/mathiasr/generator-aware-row-scaling/results-revision/final-variants/gurobi_simple_01pct/resultados/caso27a_matricial_plano_postprocesado.csv[0m
> [32m[success] Saliendo del programa...[0m
[32m[success] SystemController destruido[0m
