[32m[success] SystemController creado[0m
> [32m[success] El programa se ha iniciado correctamente[0m
> [info] RioNegro: activación de tramos de altura horaria
[32m[success] Se ha creado el agente 'Río Negro' exitosamente[0m
> [34m[info] Agregando agente Demanda Fija[0m
[34m[info] Ingrese demandas en una sola línea (360 valores):[0m
[32m[success] Se ha creado el agente 'Demanda Fija' exitosamente[0m
> [32m[success] Se ha creado el despacho fijo exitosamente[0m
> > Set parameter WLSAccessID
Set parameter WLSSecret
Set parameter LicenseID to value 2849920
Academic license 2849920 - for non-commercial use only - registered to ma___@fing.edu.uy
[32m[success] Solver 'Gurobi' configurado | timeout=1800s | mipgap=0.001[0m
> [DEBUG Despacho] j=0 idGen=1 coefParticipacionDespacho=1

[DEBUG Despacho] Cantidad de generadores = 1
[DEBUG Despacho] j=0 puntero=0xc39210 idGen=1 coefParticipacionDespacho=1

------------------------------------------------------------
  PREPROCESAMIENTO MIP - Diagnostico Numerico
------------------------------------------------------------
Rango de coeficientes (toda la matriz):
  max |coef| = 4.763e+09
  min |coef| = 2.132e-03
  proxy rango= 2.234e+12

Diagnostico por bloque:
Bloque              max|coef|      min|coef|      kappa_aprox   vars    alpha     beta      cols      disc_omit aux_omit  escalado
------------------------------------------------------------------------------------------------------------------------------
a1_                 4.763e+09      2.132e-03      2.23e+12      9360    1.00e+00  1.00e+00  0         0         0         no
sin_agente          1.000e+00      1.000e+00      1.00e+00      0       1.00e+00  1.00e+00  0         0         0         no

Restriccion(es) global(es): 720 fila(s)
  acoplamiento balance = 360 fila(s)
  global no acoplante  = 360 fila(s)
  rho aprox (solo acoplamiento) = 3.138e-04
  gamma acoplamiento   = 1.000000
  gamma candidato      = 1.000000
  filas acop. escaladas= no
  filas normaliz. fisica= 0
  motivo gamma=1       = rho bajo; no se escala la fila de acoplamiento

ADVERTENCIAS:
  [!] Rango de coeficientes elevado (2234296618711). Riesgo de sensibilidad numerica.
  [!] Bloque 'a1_' internamente mal escalado (kappa~2234296618711). Conviene comparar equilibrado interno por filas/columnas.

[Modo diagnostico: no se modifico el modelo]
------------------------------------------------------------

[32m[success] Diagnostico completado (modelo sin modificar).[0m
> [MODELO] rows=14400 cols=10800 nnz=35590
[pipeline] Preprocesamiento seleccionado: Ninguno
[pipeline] Modelo interno sin modificaciones de preprocesamiento.
[pipeline] Estrategia de resolucion seleccionada: Monolitica
[pipeline] Resolviendo monoliticamente.
Set parameter TimeLimit to value 1800
Set parameter MIPGap to value 0.001
Set parameter Seed to value 42
Set parameter Threads to value 16
Gurobi Optimizer version 13.0.1 build v13.0.1rc0 (linux64 - "Debian GNU/Linux 12 (bookworm)")

CPU model: Intel(R) Xeon(R) Gold 6138 CPU @ 2.00GHz, instruction set [SSE2|AVX|AVX2|AVX512]
Thread count: 40 physical cores, 40 logical processors, using up to 16 threads

Non-default parameters:
TimeLimit  1800
MIPGap  0.001
Seed  42
Threads  16

Academic license 2849920 - for non-commercial use only - registered to ma___@fing.edu.uy
Optimize a model with 14400 rows, 10800 columns and 35590 nonzeros (Min)
Model fingerprint: 0xf8fa57e7
Model has 362 linear objective coefficients
Variable types: 8640 continuous, 2160 integer (2160 binary)
Coefficient statistics:
  Matrix range     [2e-03, 2e+09]
  Objective range  [3e-03, 3e+03]
  Bounds range     [1e+00, 1e+10]
  RHS range        [5e+00, 5e+09]
Warning: Model contains large matrix coefficients
Warning: Model contains large rhs
Warning: Model contains large bounds
         Consider reformulating model or setting NumericFocus parameter
         to avoid numerical issues.

Presolve removed 4093 rows and 2003 columns
Presolve time: 0.23s
Presolved: 10307 rows, 8797 columns, 27419 nonzeros
Variable types: 7083 continuous, 1714 integer (1714 binary)
Found heuristic solution: objective -1.69213e+08

Root relaxation: interrupted, 5954 iterations, 0.25 seconds (0.31 work units)

    Nodes    |    Current Node    |     Objective Bounds      |     Work
 Expl Unexpl |  Obj  Depth IntInf | Incumbent    BestBd   Gap | It/Node Time

     0     0          -    0      -1.692e+08 -1.692e+08  0.01%     -    1s

Explored 1 nodes (5954 simplex iterations) in 1.02 seconds (1.20 work units)
Thread count was 16 (of 40 available processors)

Solution count 1: -1.69213e+08 

Optimal solution found (tolerance 1.00e-03)
Best objective -1.692125401028e+08, best bound -1.692265480669e+08, gap 0.0083%

User-callback calls 682, time in user-callback 0.00 sec
[NUM-KAPPA] kappa_solver=2774627.667536 kappa_exact=-1.000000 is_mip=1
[NUM-EFIC] work=1.203869 root_gap=-1.000000 root_time=-1.000000
[pipeline] Tiempo de resolucion: 1.344900 s
[SOLVE] tiempo_solver_s=1.344933749000000 status=OPTIMAL gap=0.008278325035672 obj=-169212540.102795571088791 best_bound=-169226548.066866397857666 nodos=1.000000000000000 iter=5954.000000000000000 primal_integral=0.304319750809713
[VERIF ORIGINAL] etapa=solver_desescalado max_le=4.54747350886464e-13 (a1_discretizacion_palmar_restriccion_3i(13)) max_ge=0 () max_eq=4.76604327559471e-07 (a1_v1h_din(51)) max_lb=0 () max_ub=0 () max_int=0 () avg_viol=2.4735377094213e-09 p95_viol=1.4210854715202e-14 p99_viol=6.51995651423933e-08 max_viol_rel=2.83122062683105e-07 max_viol_relact=9.57970270902458e-13 viol_le_count=0 viol_ge_count=0 viol_eq_count=0 viol_lb_count=0 viol_ub_count=0 viol_int_count=0 missing_values=0 obj_original_recalc=-169212540.102796
[32m[success] Resultados guardados correctamente en /clusteruy/home/mathiasr/generator-aware-row-scaling/results-revision/final-variants/gurobi_simple_01pct/resultados/caso27a_base.csv[0m
[32m[success] Archivo CSV generado correctamente[0m

[POST DEBUG] ===== INICIO POSTPROCESAMIENTO GLOBAL =====
[POST DEBUG] --- DESPUÉS DE AGENTES ---
[POST DEBUG] Agentes | g1 antes=45460.55 despues=72091.1440679027 delta=26630.5940679028
[POST DEBUG] Agentes | g2 antes=0 despues=0 delta=0
[POST DEBUG] Agentes | g antes=45460.55 despues=45460.55 delta=0
[POST DEBUG] Agentes | costoFalla antes=0 despues=0 delta=0
[POST DEBUG] --- DESPUÉS DE DESPACHO ---
[POST DEBUG] Despacho | g1 antes=72091.1440679027 despues=72091.1440679027 delta=0
[POST DEBUG] Despacho | g2 antes=0 despues=0 delta=0
[POST DEBUG] Despacho | g antes=45460.55 despues=72091.1440679027 delta=26630.5940679028
[POST DEBUG] Despacho | costoFalla antes=0 despues=0 delta=0
[POST DEBUG] --- TOTAL ANTES VS FINAL ---
[POST DEBUG] Final | g1 antes=45460.55 despues=72091.1440679027 delta=26630.5940679028
[POST DEBUG] Final | g2 antes=0 despues=0 delta=0
[POST DEBUG] Final | g antes=45460.55 despues=72091.1440679027 delta=26630.5940679028
[POST DEBUG] Final | costoFalla antes=0 despues=0 delta=0
[POST DEBUG] valorFOOriginal = -169212540.102796
[POST DEBUG] valorFOPostProcesado = -254430441.120084
[POST DEBUG] deltaFO = -85217901.0172888
[POST DEBUG] ===== FIN POSTPROCESAMIENTO GLOBAL =====

[32m[success] Post-procesamiento completado. Nuevo valor F.O.: -254430441.120084375143051[0m
[VERIF ORIGINAL] etapa=postprocesado max_le=1063.15712201018 (a1_discretizacion_palmar_restriccion_3i(107)) max_ge=0 () max_eq=790121808.821204 (a1_g2h_def(196)) max_lb=0 () max_ub=0 () max_int=0 () avg_viol=7859997.98698763 p95_viol=14.7537893312263 p99_viol=631302258.206315 max_viol_rel=790121808.821204 max_viol_relact=1 viol_le_count=593 viol_ge_count=0 viol_eq_count=812 viol_lb_count=0 viol_ub_count=0 viol_int_count=0 missing_values=0 obj_original_recalc=-254430441.120084
[32m[success] Resultados guardados correctamente en /clusteruy/home/mathiasr/generator-aware-row-scaling/results-revision/final-variants/gurobi_simple_01pct/resultados/caso27a_base_postprocesado.csv[0m
> [32m[success] Saliendo del programa...[0m
[32m[success] SystemController destruido[0m
