[32m[success] SystemController creado[0m
> [32m[success] El programa se ha iniciado correctamente[0m
> [info] RioNegro: activación de tramos de altura horaria
[32m[success] Se ha creado el agente 'Río Negro' exitosamente[0m
> [34m[info] Agregando agente Demanda Fija[0m
[34m[info] Ingrese demandas en una sola línea (360 valores):[0m
[32m[success] Se ha creado el agente 'Demanda Fija' exitosamente[0m
> [32m[success] Se ha creado el despacho fijo exitosamente[0m
> > Set parameter WLSAccessID
Set parameter WLSSecret
Set parameter LicenseID to value 2849920
Academic license 2849920 - for non-commercial use only - registered to ma___@fing.edu.uy
[32m[success] Solver 'Gurobi' configurado | timeout=1800s | mipgap=0.001[0m
> [DEBUG Despacho] j=0 idGen=1 coefParticipacionDespacho=1

[DEBUG Despacho] Cantidad de generadores = 1
[DEBUG Despacho] j=0 puntero=0x16b63b0 idGen=1 coefParticipacionDespacho=1

------------------------------------------------------------
  PREPROCESAMIENTO MIP - Diagnostico Numerico
------------------------------------------------------------
Rango de coeficientes (toda la matriz):
  max |coef| = 4.079e+09
  min |coef| = 1.923e-03
  proxy rango= 2.122e+12

Diagnostico por bloque:
Bloque              max|coef|      min|coef|      kappa_aprox   vars    alpha     beta      cols      disc_omit aux_omit  escalado
------------------------------------------------------------------------------------------------------------------------------
a1_                 4.079e+09      1.923e-03      2.12e+12      9360    1.00e+00  1.00e+00  0         0         0         no
sin_agente          1.000e+00      1.000e+00      1.00e+00      0       1.00e+00  1.00e+00  0         0         0         no

Restriccion(es) global(es): 720 fila(s)
  acoplamiento balance = 360 fila(s)
  global no acoplante  = 360 fila(s)
  rho aprox (solo acoplamiento) = 3.571e-04
  gamma acoplamiento   = 1.000000
  gamma candidato      = 1.000000
  filas acop. escaladas= no
  filas normaliz. fisica= 0
  motivo gamma=1       = rho bajo; no se escala la fila de acoplamiento

ADVERTENCIAS:
  [!] Rango de coeficientes elevado (2121503307398). Riesgo de sensibilidad numerica.
  [!] Bloque 'a1_' internamente mal escalado (kappa~2121503307398). Conviene comparar equilibrado interno por filas/columnas.

[Modo diagnostico: no se modifico el modelo]
------------------------------------------------------------

[32m[success] Diagnostico completado (modelo sin modificar).[0m
> [MODELO] rows=14400 cols=10800 nnz=35590
[pipeline] Preprocesamiento seleccionado: Ninguno
[pipeline] Modelo interno sin modificaciones de preprocesamiento.
[pipeline] Estrategia de resolucion seleccionada: Monolitica
[pipeline] Resolviendo monoliticamente.
Set parameter TimeLimit to value 1800
Set parameter MIPGap to value 0.001
Set parameter Seed to value 42
Set parameter Threads to value 16
Gurobi Optimizer version 13.0.1 build v13.0.1rc0 (linux64 - "Debian GNU/Linux 12 (bookworm)")

CPU model: Intel(R) Xeon(R) Gold 6138 CPU @ 2.00GHz, instruction set [SSE2|AVX|AVX2|AVX512]
Thread count: 40 physical cores, 40 logical processors, using up to 16 threads

Non-default parameters:
TimeLimit  1800
MIPGap  0.001
Seed  42
Threads  16

Academic license 2849920 - for non-commercial use only - registered to ma___@fing.edu.uy
Optimize a model with 14400 rows, 10800 columns and 35590 nonzeros (Min)
Model fingerprint: 0x88dede34
Model has 362 linear objective coefficients
Variable types: 8640 continuous, 2160 integer (2160 binary)
Coefficient statistics:
  Matrix range     [2e-03, 1e+09]
  Objective range  [3e-03, 3e+03]
  Bounds range     [1e+00, 1e+10]
  RHS range        [5e+00, 4e+09]
Warning: Model contains large matrix coefficients
Warning: Model contains large rhs
Warning: Model contains large bounds
         Consider reformulating model or setting NumericFocus parameter
         to avoid numerical issues.

Presolve removed 3685 rows and 2174 columns
Presolve time: 0.14s
Presolved: 10715 rows, 8626 columns, 28445 nonzeros
Variable types: 6953 continuous, 1673 integer (1673 binary)
Found heuristic solution: objective -3.74651e+08
Found heuristic solution: objective -3.74720e+08

Root relaxation: objective -3.752300e+08, 10014 iterations, 0.43 seconds (0.46 work units)

    Nodes    |    Current Node    |     Objective Bounds      |     Work
 Expl Unexpl |  Obj  Depth IntInf | Incumbent    BestBd   Gap | It/Node Time

     0     0 -3.752e+08    0   50 -3.747e+08 -3.752e+08  0.14%     -    1s
H    0     0                    -3.75220e+08 -3.752e+08  0.00%     -    1s
     0     0 -3.752e+08    0   49 -3.752e+08 -3.752e+08  0.00%     -    1s

Cutting planes:
  Implied bound: 1
  Flow cover: 21
  Relax-and-lift: 5

Explored 1 nodes (11024 simplex iterations) in 1.31 seconds (1.31 work units)
Thread count was 16 (of 40 available processors)

Solution count 3: -3.7522e+08 -3.7472e+08 -3.74651e+08 

Optimal solution found (tolerance 1.00e-03)
Best objective -3.752198116066e+08, best bound -3.752299138270e+08, gap 0.0027%

User-callback calls 795, time in user-callback 0.00 sec
[NUM-KAPPA] kappa_solver=8491435.340084 kappa_exact=-1.000000 is_mip=1
[NUM-EFIC] work=1.313812 root_gap=0.001362 root_time=1.296422
[pipeline] Tiempo de resolucion: 1.538626 s
[SOLVE] tiempo_solver_s=1.538659832000000 status=OPTIMAL gap=0.002692347281397 obj=-375219811.606605589389801 best_bound=-375229913.827002644538879 nodos=1.000000000000000 iter=11024.000000000000000 primal_integral=0.242270708004163
[VERIF ORIGINAL] etapa=solver_desescalado max_le=7.15255737304688e-07 (a1_restriccion_varphi33(290)) max_ge=0 () max_eq=4.69386577606201e-07 (a1_v1h_din(211)) max_lb=1.58876274956597e-09 (a1_y1h(4)) max_ub=0 () max_int=0 () avg_viol=3.32705411870481e-09 p95_viol=3.86357612569554e-14 p99_viol=1.02445483207703e-07 max_viol_rel=2.27242708206177e-07 max_viol_relact=1.14856332072334e-10 viol_le_count=0 viol_ge_count=0 viol_eq_count=0 viol_lb_count=0 viol_ub_count=0 viol_int_count=0 missing_values=0 obj_original_recalc=-375219811.606606
[32m[success] Resultados guardados correctamente en /clusteruy/home/mathiasr/generator-aware-row-scaling/results-revision/final-variants/gurobi_simple_01pct/resultados/caso14a_base.csv[0m
[32m[success] Archivo CSV generado correctamente[0m

[POST DEBUG] ===== INICIO POSTPROCESAMIENTO GLOBAL =====
[POST DEBUG] --- DESPUÉS DE AGENTES ---
[POST DEBUG] Agentes | g1 antes=109212.834588269 despues=119427.12237953 delta=10214.2877912607
[POST DEBUG] Agentes | g2 antes=0 despues=0 delta=0
[POST DEBUG] Agentes | g antes=109212.834588269 despues=109212.834588269 delta=0
[POST DEBUG] Agentes | costoFalla antes=0 despues=0 delta=0
[POST DEBUG] --- DESPUÉS DE DESPACHO ---
[POST DEBUG] Despacho | g1 antes=119427.12237953 despues=119427.12237953 delta=0
[POST DEBUG] Despacho | g2 antes=0 despues=0 delta=0
[POST DEBUG] Despacho | g antes=109212.834588269 despues=119427.12237953 delta=10214.2877912607
[POST DEBUG] Despacho | costoFalla antes=0 despues=0 delta=0
[POST DEBUG] --- TOTAL ANTES VS FINAL ---
[POST DEBUG] Final | g1 antes=109212.834588269 despues=119427.12237953 delta=10214.2877912607
[POST DEBUG] Final | g2 antes=0 despues=0 delta=0
[POST DEBUG] Final | g antes=109212.834588269 despues=119427.12237953 delta=10214.2877912607
[POST DEBUG] Final | costoFalla antes=0 despues=0 delta=0
[POST DEBUG] valorFOOriginal = -375219811.606606
[POST DEBUG] valorFOPostProcesado = -407905532.53864
[POST DEBUG] deltaFO = -32685720.9320342
[POST DEBUG] ===== FIN POSTPROCESAMIENTO GLOBAL =====

[32m[success] Post-procesamiento completado. Nuevo valor F.O.: -407905532.538639783859253[0m
[VERIF ORIGINAL] etapa=postprocesado max_le=37176.7246135549 (a1_discretizacion_palmar_restriccion_3i(171)) max_ge=0 () max_eq=210746123.112207 (a1_g2h_def(125)) max_lb=1.58876274956597e-09 (a1_y1h(4)) max_ub=0 () max_int=0 () avg_viol=305744.185433866 p95_viol=133.173762942495 p99_viol=9533354.41798915 max_viol_rel=210746123.112207 max_viol_relact=1 viol_le_count=1611 viol_ge_count=0 viol_eq_count=841 viol_lb_count=0 viol_ub_count=0 viol_int_count=0 missing_values=0 obj_original_recalc=-407905532.53864
[32m[success] Resultados guardados correctamente en /clusteruy/home/mathiasr/generator-aware-row-scaling/results-revision/final-variants/gurobi_simple_01pct/resultados/caso14a_base_postprocesado.csv[0m
> [32m[success] Saliendo del programa...[0m
[32m[success] SystemController destruido[0m
