[32m[success] SystemController creado[0m
> [32m[success] El programa se ha iniciado correctamente[0m
> [info] RioNegro: activación de tramos de altura horaria
[32m[success] Se ha creado el agente 'Río Negro' exitosamente[0m
> [34m[info] Agregando agente Demanda Fija[0m
[34m[info] Ingrese demandas en una sola línea (360 valores):[0m
[32m[success] Se ha creado el agente 'Demanda Fija' exitosamente[0m
> [32m[success] Se ha creado el despacho fijo exitosamente[0m
> > Set parameter WLSAccessID
Set parameter WLSSecret
Set parameter LicenseID to value 2849920
Academic license 2849920 - for non-commercial use only - registered to ma___@fing.edu.uy
[32m[success] Solver 'Gurobi' configurado | timeout=1800s | mipgap=0.001[0m
> [DEBUG Despacho] j=0 idGen=1 coefParticipacionDespacho=1

[DEBUG Despacho] Cantidad de generadores = 1
[DEBUG Despacho] j=0 puntero=0x13af210 idGen=1 coefParticipacionDespacho=1

------------------------------------------------------------
  PREPROCESAMIENTO MIP - Diagnostico Numerico
------------------------------------------------------------
Rango de coeficientes (toda la matriz):
  max |coef| = 6.928e+09
  min |coef| = 2.574e-03
  proxy rango= 2.692e+12

Diagnostico por bloque:
Bloque              max|coef|      min|coef|      kappa_aprox   vars    alpha     beta      cols      disc_omit aux_omit  escalado
------------------------------------------------------------------------------------------------------------------------------
a1_                 6.928e+09      2.574e-03      2.69e+12      9360    1.00e+00  1.00e+00  0         0         0         no
sin_agente          1.000e+00      1.000e+00      1.00e+00      0       1.00e+00  1.00e+00  0         0         0         no

Restriccion(es) global(es): 720 fila(s)
  acoplamiento balance = 360 fila(s)
  global no acoplante  = 360 fila(s)
  rho aprox (solo acoplamiento) = 2.368e-04
  gamma acoplamiento   = 1.000000
  gamma candidato      = 1.000000
  filas acop. escaladas= no
  filas normaliz. fisica= 0
  motivo gamma=1       = rho bajo; no se escala la fila de acoplamiento

ADVERTENCIAS:
  [!] Rango de coeficientes elevado (2691651477439). Riesgo de sensibilidad numerica.
  [!] Bloque 'a1_' internamente mal escalado (kappa~2691651477439). Conviene comparar equilibrado interno por filas/columnas.

[Modo diagnostico: no se modifico el modelo]
------------------------------------------------------------

[32m[success] Diagnostico completado (modelo sin modificar).[0m
> [MODELO] rows=14400 cols=10800 nnz=35590
[pipeline] Preprocesamiento seleccionado: Ninguno
[pipeline] Modelo interno sin modificaciones de preprocesamiento.
[pipeline] Estrategia de resolucion seleccionada: Monolitica
[pipeline] Resolviendo monoliticamente.
Set parameter TimeLimit to value 1800
Set parameter MIPGap to value 0.001
Set parameter Seed to value 42
Set parameter Threads to value 16
Gurobi Optimizer version 13.0.1 build v13.0.1rc0 (linux64 - "Debian GNU/Linux 12 (bookworm)")

CPU model: Intel(R) Xeon(R) Gold 6138 CPU @ 2.00GHz, instruction set [SSE2|AVX|AVX2|AVX512]
Thread count: 40 physical cores, 40 logical processors, using up to 16 threads

Non-default parameters:
TimeLimit  1800
MIPGap  0.001
Seed  42
Threads  16

Academic license 2849920 - for non-commercial use only - registered to ma___@fing.edu.uy
Optimize a model with 14400 rows, 10800 columns and 35590 nonzeros (Min)
Model fingerprint: 0x4a5b37f5
Model has 362 linear objective coefficients
Variable types: 8640 continuous, 2160 integer (2160 binary)
Coefficient statistics:
  Matrix range     [3e-03, 2e+09]
  Objective range  [5e-03, 3e+03]
  Bounds range     [1e+00, 1e+10]
  RHS range        [5e+00, 7e+09]
Warning: Model contains large matrix coefficients
Warning: Model contains large rhs
Warning: Model contains large bounds
         Consider reformulating model or setting NumericFocus parameter
         to avoid numerical issues.

Presolve removed 2636 rows and 1580 columns
Presolve time: 0.27s
Presolved: 11764 rows, 9220 columns, 31583 nonzeros
Variable types: 7308 continuous, 1912 integer (1912 binary)
Found heuristic solution: objective -3.00461e+08

Root relaxation: interrupted, 12317 iterations, 1.52 seconds (1.97 work units)

    Nodes    |    Current Node    |     Objective Bounds      |     Work
 Expl Unexpl |  Obj  Depth IntInf | Incumbent    BestBd   Gap | It/Node Time

     0     0          -    0      -3.005e+08 -3.005e+08  0.01%     -    2s

Explored 1 nodes (12317 simplex iterations) in 2.44 seconds (3.00 work units)
Thread count was 16 (of 40 available processors)

Solution count 1: -3.00461e+08 

Optimal solution found (tolerance 1.00e-03)
Warning: max constraint violation (9.0050e-06) exceeds tolerance
Best objective -3.004608514697e+08, best bound -3.005044893935e+08, gap 0.0145%

User-callback calls 827, time in user-callback 0.00 sec
[NUM-KAPPA] kappa_solver=53667222.257199 kappa_exact=-1.000000 is_mip=1
[NUM-EFIC] work=3.000677 root_gap=-1.000000 root_time=-1.000000
[pipeline] Tiempo de resolucion: 2.762903 s
[SOLVE] tiempo_solver_s=2.762921285000000 status=OPTIMAL gap=0.014523663734451 obj=-300460851.469743907451630 best_bound=-300504489.393465042114258 nodos=1.000000000000000 iter=12317.000000000000000 primal_integral=0.156432157604649
[VERIF ORIGINAL] etapa=solver_desescalado max_le=2.27373675443232e-13 (a1_discretizacion_palmar_restriccion_3ii(19)) max_ge=0 () max_eq=9.00498501898994e-06 (a1_g3h_def(190)) max_lb=0 () max_ub=0 () max_int=0 () avg_viol=4.82908944806237e-09 p95_viol=4.58385329693556e-10 p99_viol=1.26687809824944e-07 max_viol_rel=9.00498501898994e-06 max_viol_relact=1.04687566900012e-07 viol_le_count=0 viol_ge_count=0 viol_eq_count=1 viol_lb_count=0 viol_ub_count=0 viol_int_count=0 missing_values=0 obj_original_recalc=-300460851.469744
[32m[success] Resultados guardados correctamente en /clusteruy/home/mathiasr/generator-aware-row-scaling/results-revision/final-variants/gurobi_simple_01pct/resultados/caso20c_base.csv[0m
[32m[success] Archivo CSV generado correctamente[0m

[POST DEBUG] ===== INICIO POSTPROCESAMIENTO GLOBAL =====
[POST DEBUG] --- DESPUÉS DE AGENTES ---
[POST DEBUG] Agentes | g1 antes=80642.6599999999 despues=80468.5534293427 delta=-174.106570657153
[POST DEBUG] Agentes | g2 antes=0 despues=0 delta=0
[POST DEBUG] Agentes | g antes=80642.6599999999 despues=80642.6599999999 delta=0
[POST DEBUG] Agentes | costoFalla antes=0 despues=0 delta=0
[POST DEBUG] --- DESPUÉS DE DESPACHO ---
[POST DEBUG] Despacho | g1 antes=80468.5534293427 despues=80468.5534293427 delta=0
[POST DEBUG] Despacho | g2 antes=0 despues=0 delta=0
[POST DEBUG] Despacho | g antes=80642.6599999999 despues=80468.5534293427 delta=-174.106570657153
[POST DEBUG] Despacho | costoFalla antes=0 despues=0 delta=0
[POST DEBUG] --- TOTAL ANTES VS FINAL ---
[POST DEBUG] Final | g1 antes=80642.6599999999 despues=80468.5534293427 delta=-174.106570657153
[POST DEBUG] Final | g2 antes=0 despues=0 delta=0
[POST DEBUG] Final | g antes=80642.6599999999 despues=80468.5534293427 delta=-174.106570657153
[POST DEBUG] Final | costoFalla antes=0 despues=0 delta=0
[POST DEBUG] valorFOOriginal = -300460851.469744
[POST DEBUG] valorFOPostProcesado = -299903710.443641
[POST DEBUG] deltaFO = 557141.026103139
[POST DEBUG] ===== FIN POSTPROCESAMIENTO GLOBAL =====

[32m[success] Post-procesamiento completado. Nuevo valor F.O.: -299903710.443640768527985[0m
[VERIF ORIGINAL] etapa=postprocesado max_le=2206.06319542581 (a1_discretizacion_palmar_restriccion_3i(353)) max_ge=0 () max_eq=79954797.2495837 (a1_g2h_def(344)) max_lb=0 () max_ub=0 () max_int=0 () avg_viol=621053.833510196 p95_viol=1.93172533048484 p99_viol=26235056.1697435 max_viol_rel=79954797.2495837 max_viol_relact=0.999999999999965 viol_le_count=892 viol_ge_count=0 viol_eq_count=999 viol_lb_count=0 viol_ub_count=0 viol_int_count=0 missing_values=0 obj_original_recalc=-299903710.443641
[32m[success] Resultados guardados correctamente en /clusteruy/home/mathiasr/generator-aware-row-scaling/results-revision/final-variants/gurobi_simple_01pct/resultados/caso20c_base_postprocesado.csv[0m
> [32m[success] Saliendo del programa...[0m
[32m[success] SystemController destruido[0m
