[32m[success] SystemController creado[0m
> [32m[success] El programa se ha iniciado correctamente[0m
> [info] RioNegro: activación de tramos de altura horaria
[32m[success] Se ha creado el agente 'Río Negro' exitosamente[0m
> [34m[info] Agregando agente Demanda Fija[0m
[34m[info] Ingrese demandas en una sola línea (360 valores):[0m
[32m[success] Se ha creado el agente 'Demanda Fija' exitosamente[0m
> [32m[success] Se ha creado el despacho fijo exitosamente[0m
> > Set parameter WLSAccessID
Set parameter WLSSecret
Set parameter LicenseID to value 2849920
Academic license 2849920 - for non-commercial use only - registered to ma___@fing.edu.uy
[32m[success] Solver 'Gurobi' configurado | timeout=1800s | mipgap=0.001[0m
> [DEBUG Despacho] j=0 idGen=1 coefParticipacionDespacho=1

[DEBUG Despacho] Cantidad de generadores = 1
[DEBUG Despacho] j=0 puntero=0x144b300 idGen=1 coefParticipacionDespacho=1

------------------------------------------------------------
  PREPROCESAMIENTO MIP - Diagnostico Numerico
------------------------------------------------------------
Rango de coeficientes (toda la matriz):
  max |coef| = 6.600e+09
  min |coef| = 2.528e-03
  proxy rango= 2.611e+12

Diagnostico por bloque:
Bloque              max|coef|      min|coef|      kappa_aprox   vars    alpha     beta      cols      disc_omit aux_omit  escalado
------------------------------------------------------------------------------------------------------------------------------
a1_                 6.600e+09      2.528e-03      2.61e+12      9360    1.00e+00  1.00e+00  0         0         0         no
sin_agente          1.000e+00      1.000e+00      1.00e+00      0       1.00e+00  1.00e+00  0         0         0         no

Restriccion(es) global(es): 720 fila(s)
  acoplamiento balance = 360 fila(s)
  global no acoplante  = 360 fila(s)
  rho aprox (solo acoplamiento) = 2.448e-04
  gamma acoplamiento   = 1.000000
  gamma candidato      = 1.000000
  filas acop. escaladas= no
  filas normaliz. fisica= 0
  motivo gamma=1       = rho bajo; no se escala la fila de acoplamiento

ADVERTENCIAS:
  [!] Rango de coeficientes elevado (2610501264986). Riesgo de sensibilidad numerica.
  [!] Bloque 'a1_' internamente mal escalado (kappa~2610501264986). Conviene comparar equilibrado interno por filas/columnas.

[Modo diagnostico: no se modifico el modelo]
------------------------------------------------------------

[32m[success] Diagnostico completado (modelo sin modificar).[0m
> [MODELO] rows=14400 cols=10800 nnz=35590
[pipeline] Preprocesamiento seleccionado: Ninguno
[pipeline] Modelo interno sin modificaciones de preprocesamiento.
[pipeline] Estrategia de resolucion seleccionada: Monolitica
[pipeline] Resolviendo monoliticamente.
Set parameter TimeLimit to value 1800
Set parameter MIPGap to value 0.001
Set parameter Seed to value 42
Set parameter Threads to value 16
Gurobi Optimizer version 13.0.1 build v13.0.1rc0 (linux64 - "Debian GNU/Linux 12 (bookworm)")

CPU model: Intel(R) Xeon(R) Gold 6138 CPU @ 2.00GHz, instruction set [SSE2|AVX|AVX2|AVX512]
Thread count: 40 physical cores, 40 logical processors, using up to 16 threads

Non-default parameters:
TimeLimit  1800
MIPGap  0.001
Seed  42
Threads  16

Academic license 2849920 - for non-commercial use only - registered to ma___@fing.edu.uy
Optimize a model with 14400 rows, 10800 columns and 35590 nonzeros (Min)
Model fingerprint: 0x0cd8d070
Model has 362 linear objective coefficients
Variable types: 8640 continuous, 2160 integer (2160 binary)
Coefficient statistics:
  Matrix range     [3e-03, 2e+09]
  Objective range  [5e-03, 2e+03]
  Bounds range     [1e+00, 1e+10]
  RHS range        [5e+00, 7e+09]
Warning: Model contains large matrix coefficients
Warning: Model contains large rhs
Warning: Model contains large bounds
         Consider reformulating model or setting NumericFocus parameter
         to avoid numerical issues.

Presolve removed 3571 rows and 2282 columns
Presolve time: 0.24s
Presolved: 10829 rows, 8518 columns, 28676 nonzeros
Variable types: 6823 continuous, 1695 integer (1695 binary)
Found heuristic solution: objective -2.73863e+08

Root relaxation: objective -2.811443e+08, 12411 iterations, 0.90 seconds (1.12 work units)

    Nodes    |    Current Node    |     Objective Bounds      |     Work
 Expl Unexpl |  Obj  Depth IntInf | Incumbent    BestBd   Gap | It/Node Time

     0     0 -2.811e+08    0  615 -2.739e+08 -2.811e+08  2.66%     -    1s
     0     0 -2.811e+08    0  600 -2.739e+08 -2.811e+08  2.66%     -    1s
H    0     0                    -2.80658e+08 -2.811e+08  0.17%     -    2s
     0     0 -2.811e+08    0  569 -2.807e+08 -2.811e+08  0.17%     -    2s
     0     0 -2.811e+08    0  566 -2.807e+08 -2.811e+08  0.17%     -    2s
     0     0 -2.811e+08    0  567 -2.807e+08 -2.811e+08  0.17%     -    2s
     0     0 -2.811e+08    0  567 -2.807e+08 -2.811e+08  0.17%     -    2s
     0     0 -2.811e+08    0  520 -2.807e+08 -2.811e+08  0.16%     -    2s
     0     0 -2.811e+08    0  520 -2.807e+08 -2.811e+08  0.16%     -    2s
     0     0 -2.811e+08    0  520 -2.807e+08 -2.811e+08  0.15%     -    2s
     0     0 -2.811e+08    0  520 -2.807e+08 -2.811e+08  0.15%     -    3s
     0     0 -2.811e+08    0  520 -2.807e+08 -2.811e+08  0.15%     -    3s
     0     0 -2.811e+08    0  519 -2.807e+08 -2.811e+08  0.15%     -    3s
     0     2 -2.811e+08    0  519 -2.807e+08 -2.811e+08  0.15%     -    3s
    44     6 -2.810e+08   22  511 -2.807e+08 -2.810e+08  0.13%   276    5s
* 1409   534             175    -2.80818e+08 -2.810e+08  0.07%  49.8    9s

Cutting planes:
  Implied bound: 841
  MIR: 29
  Flow cover: 148
  RLT: 44
  Relax-and-lift: 70
  BQP: 44

Explored 1577 nodes (85462 simplex iterations) in 9.10 seconds (11.40 work units)
Thread count was 16 (of 40 available processors)

Solution count 3: -2.80818e+08 -2.80658e+08 -2.73863e+08 

Optimal solution found (tolerance 1.00e-03)
Best objective -2.808178134522e+08, best bound -2.810154557832e+08, gap 0.0704%

User-callback calls 5378, time in user-callback 0.00 sec
[NUM-KAPPA] kappa_solver=49997722.369685 kappa_exact=-1.000000 is_mip=1
[NUM-EFIC] work=11.396095 root_gap=0.001507 root_time=3.534591
[pipeline] Tiempo de resolucion: 9.298851 s
[SOLVE] tiempo_solver_s=9.298866697999999 status=OPTIMAL gap=0.070380980682626 obj=-280817813.452151656150818 best_bound=-281015455.783190786838531 nodos=1577.000000000000000 iter=85462.000000000000000 primal_integral=0.045981942338169
[VERIF ORIGINAL] etapa=solver_desescalado max_le=8.48649506224319e-09 (a1_discretizacion_palmar_restriccion_3viii(275)) max_ge=0 () max_eq=4.907778929919e-07 (a1_v1h_din(358)) max_lb=0 () max_ub=0 () max_int=0 () avg_viol=2.35851572445024e-09 p95_viol=4.54747350886464e-13 p99_viol=8.19563865661621e-08 max_viol_rel=4.907778929919e-07 max_viol_relact=9.56222298186689e-13 viol_le_count=0 viol_ge_count=0 viol_eq_count=0 viol_lb_count=0 viol_ub_count=0 viol_int_count=0 missing_values=0 obj_original_recalc=-280817813.452152
[32m[success] Resultados guardados correctamente en /clusteruy/home/mathiasr/generator-aware-row-scaling/results-revision/final-variants/gurobi_simple_01pct/resultados/caso24f_base.csv[0m
[32m[success] Archivo CSV generado correctamente[0m

[POST DEBUG] ===== INICIO POSTPROCESAMIENTO GLOBAL =====
[POST DEBUG] --- DESPUÉS DE AGENTES ---
[POST DEBUG] Agentes | g1 antes=156147.505452609 despues=157603.038415736 delta=1455.53296312672
[POST DEBUG] Agentes | g2 antes=0 despues=0 delta=0
[POST DEBUG] Agentes | g antes=156147.505452609 despues=156147.505452609 delta=0
[POST DEBUG] Agentes | costoFalla antes=0 despues=0 delta=0
[POST DEBUG] --- DESPUÉS DE DESPACHO ---
[POST DEBUG] Despacho | g1 antes=157603.038415736 despues=157603.038415736 delta=0
[POST DEBUG] Despacho | g2 antes=0 despues=0 delta=0
[POST DEBUG] Despacho | g antes=156147.505452609 despues=157603.038415736 delta=1455.53296312672
[POST DEBUG] Despacho | costoFalla antes=0 despues=0 delta=0
[POST DEBUG] --- TOTAL ANTES VS FINAL ---
[POST DEBUG] Final | g1 antes=156147.505452609 despues=157603.038415736 delta=1455.53296312672
[POST DEBUG] Final | g2 antes=0 despues=0 delta=0
[POST DEBUG] Final | g antes=156147.505452609 despues=157603.038415736 delta=1455.53296312672
[POST DEBUG] Final | costoFalla antes=0 despues=0 delta=0
[POST DEBUG] valorFOOriginal = -280817813.452152
[POST DEBUG] valorFOPostProcesado = -283146666.193154
[POST DEBUG] deltaFO = -2328852.74100238
[POST DEBUG] ===== FIN POSTPROCESAMIENTO GLOBAL =====

[32m[success] Post-procesamiento completado. Nuevo valor F.O.: -283146666.193154036998749[0m
[VERIF ORIGINAL] etapa=postprocesado max_le=527.50777029962 (a1_discretizacion_palmar_restriccion_3i(17)) max_ge=0 () max_eq=855167484.980985 (a1_g2h_def(48)) max_lb=0 () max_ub=0 () max_int=0 () avg_viol=1600606.88140852 p95_viol=4.69800904389241 p99_viol=42338313.541703 max_viol_rel=855167484.980985 max_viol_relact=1 viol_le_count=213 viol_ge_count=0 viol_eq_count=1027 viol_lb_count=0 viol_ub_count=0 viol_int_count=0 missing_values=0 obj_original_recalc=-283146666.193154
[32m[success] Resultados guardados correctamente en /clusteruy/home/mathiasr/generator-aware-row-scaling/results-revision/final-variants/gurobi_simple_01pct/resultados/caso24f_base_postprocesado.csv[0m
> [32m[success] Saliendo del programa...[0m
[32m[success] SystemController destruido[0m
