[32m[success] SystemController creado[0m
> [32m[success] El programa se ha iniciado correctamente[0m
> [info] RioNegro: activación de tramos de altura horaria
[32m[success] Se ha creado el agente 'Río Negro' exitosamente[0m
> [34m[info] Agregando agente Demanda Fija[0m
[34m[info] Ingrese demandas en una sola línea (360 valores):[0m
[32m[success] Se ha creado el agente 'Demanda Fija' exitosamente[0m
> [32m[success] Se ha creado el despacho fijo exitosamente[0m
> > Set parameter WLSAccessID
Set parameter WLSSecret
Set parameter LicenseID to value 2849920
Academic license 2849920 - for non-commercial use only - registered to ma___@fing.edu.uy
[32m[success] Solver 'Gurobi' configurado | timeout=1800s | mipgap=0.001[0m
> [DEBUG Despacho] j=0 idGen=1 coefParticipacionDespacho=1

[DEBUG Despacho] Cantidad de generadores = 1
[DEBUG Despacho] j=0 puntero=0x1938210 idGen=1 coefParticipacionDespacho=1
[PREPROC] modo plano: 14400 filas tratadas como un unico bloque sin roles (kernel geomean por fila)
[PREPROC PHASES] metadata_s=0.000102715 diagnostico_s=0.001324568 aplicacion_s=0.001546655

------------------------------------------------------------
  PREPROCESAMIENTO MIP - Diagnostico Numerico
------------------------------------------------------------
Rango de coeficientes (toda la matriz):
  max |coef| = 3.332e+09
  min |coef| = 1.389e-04
  proxy rango= 2.399e+13

Diagnostico por bloque:
Bloque              max|coef|      min|coef|      kappa_aprox   vars    alpha     beta      cols      disc_omit aux_omit  escalado
------------------------------------------------------------------------------------------------------------------------------
plano               3.332e+09      1.389e-04      2.40e+13      0       2.50e-03  1.00e+00  0         0         0         SI  (filas=5760, alpha_min=1.39e-04, alpha_max=5.00e-01)

Restriccion(es) global(es): 0 fila(s)
  acoplamiento balance = 0 fila(s)
  global no acoplante  = 0 fila(s)
  rho aprox (solo acoplamiento) = 0.000e+00
  gamma acoplamiento   = 1.000000
  gamma candidato      = 1.000000
  filas acop. escaladas= no
  filas normaliz. fisica= 0
  motivo gamma=1       = rho bajo; no se escala la fila de acoplamiento

ADVERTENCIAS:
  [!] Rango de coeficientes elevado (23991055489990). Riesgo de sensibilidad numerica.
  [!] Bloque 'plano' internamente mal escalado (kappa~23991055489990). Conviene comparar equilibrado interno por filas/columnas.
------------------------------------------------------------

------------------------------------------------------------
  COMPARACION NUMERICA ANTES / DESPUES
------------------------------------------------------------
Indicador                   antes           despues         despues/antes
----------------------------------------------------------------------------
rango global                2.194e+12       2.399e+13       1.094e+01
rho acoplamiento            0.000e+00       0.000e+00       0.000e+00
gamma aplicado              1.000000        1.000000        1.000000

Bloques locales:
Bloque              kappa antes     kappa despues   alpha       beta        filas       cols        disc_omit   aux_omit    escalado
------------------------------------------------------------------------------------------------------------------------------------
plano               2.194e+12       2.399e+13       2.498e-03   1.000e+00   5760        0           0           0           SI

Interpretacion: valores despues/antes menores que 1 indican mejora del proxy.
rho se calcula solo con filas de acoplamiento; las cotas de demanda sobre g quedan fuera.
El escalamiento local activo fue solo por fila: alpha_r = 1/sqrt(M_r*m_r).
------------------------------------------------------------

[PREPROC TIME] variante=matricial_plano_l2 tiempo_s=0.006713089 u=2 K=4 epsMin=1e-09 epsMax=1000000000
[32m[success] Preprocesamiento aplicado.[0m
> [MODELO] rows=14400 cols=10800 nnz=35590
[pipeline] Preprocesamiento seleccionado: Ninguno
[pipeline] Modelo interno sin modificaciones de preprocesamiento.
[pipeline] Estrategia de resolucion seleccionada: Monolitica
[pipeline] Resolviendo monoliticamente.
Set parameter TimeLimit to value 1800
Set parameter MIPGap to value 0.001
Set parameter Seed to value 42
Set parameter Threads to value 16
Gurobi Optimizer version 13.0.1 build v13.0.1rc0 (linux64 - "Debian GNU/Linux 12 (bookworm)")

CPU model: Intel(R) Xeon(R) Gold 6138 CPU @ 2.00GHz, instruction set [SSE2|AVX|AVX2|AVX512]
Thread count: 40 physical cores, 40 logical processors, using up to 16 threads

Non-default parameters:
TimeLimit  1800
MIPGap  0.001
Seed  42
Threads  16

Academic license 2849920 - for non-commercial use only - registered to ma___@fing.edu.uy
Optimize a model with 14400 rows, 10800 columns and 35590 nonzeros (Min)
Model fingerprint: 0xa5525e5f
Model has 362 linear objective coefficients
Variable types: 8640 continuous, 2160 integer (2160 binary)
Coefficient statistics:
  Matrix range     [1e-04, 2e+09]
  Objective range  [3e-03, 3e+03]
  Bounds range     [1e+00, 1e+10]
  RHS range        [3e-02, 3e+09]
Warning: Model contains large matrix coefficient range
Warning: Model contains large rhs
Warning: Model contains large bounds
         Consider reformulating model or setting NumericFocus parameter
         to avoid numerical issues.

Presolve removed 3436 rows and 2028 columns
Presolve time: 0.25s
Presolved: 10964 rows, 8772 columns, 28717 nonzeros
Variable types: 7072 continuous, 1700 integer (1700 binary)
Found heuristic solution: objective -3.79989e+08

Root relaxation: interrupted, 9685 iterations, 0.87 seconds (1.09 work units)

    Nodes    |    Current Node    |     Objective Bounds      |     Work
 Expl Unexpl |  Obj  Depth IntInf | Incumbent    BestBd   Gap | It/Node Time

     0     0          -    0      -3.800e+08 -3.801e+08  0.02%     -    1s

Explored 1 nodes (9685 simplex iterations) in 1.74 seconds (2.03 work units)
Thread count was 16 (of 40 available processors)

Solution count 2: -3.79989e+08 -3.79989e+08 

Optimal solution found (tolerance 1.00e-03)
Best objective -3.799892004345e+08, best bound -3.800619320679e+08, gap 0.0191%

User-callback calls 761, time in user-callback 0.00 sec
[NUM-KAPPA] kappa_solver=4607557 kappa_exact=-1 is_mip=1
[NUM-EFIC] work=2 root_gap=-1 root_time=-1
[pipeline] Tiempo de resolucion: 2.184935 s
[SOLVE] tiempo_solver_s=2.184945148000000 status=OPTIMAL gap=0.019140447513248 obj=-379989200.434468328952789 best_bound=-380061932.067933499813080 nodos=1.000000000000000 iter=9685.000000000000000 primal_integral=0.225902421296501
[VERIF ORIGINAL] etapa=solver_desescalado max_le=7.27595761418343e-12 (a1_discretizacion_palmar_restriccion_3i(345)) max_ge=0 () max_eq=2.38418579101562e-06 (a1_v3h_din(171)) max_lb=1.11563042788128e-10 (a1_x2h(10)) max_ub=0 () max_int=0 () avg_viol=7.99555463737012e-09 p95_viol=1.23749487102027e-08 p99_viol=2.28174030780792e-07 max_viol_rel=4.01626954037259e-07 max_viol_relact=4.01626954037259e-07 viol_le_count=0 viol_ge_count=0 viol_eq_count=2 viol_lb_count=0 viol_ub_count=0 viol_int_count=0 missing_values=0 obj_original_recalc=-379989200.434468
[32m[success] Resultados guardados correctamente en /clusteruy/home/mathiasr/generator-aware-row-scaling/results-revision/final-variants/gurobi_simple_01pct/resultados/caso03b_matricial_plano_l2.csv[0m
[32m[success] Archivo CSV generado correctamente[0m

[POST DEBUG] ===== INICIO POSTPROCESAMIENTO GLOBAL =====
[POST DEBUG] --- DESPUÉS DE AGENTES ---
[POST DEBUG] Agentes | g1 antes=109622.59 despues=109544.255290608 delta=-78.3347093924531
[POST DEBUG] Agentes | g2 antes=0 despues=0 delta=0
[POST DEBUG] Agentes | g antes=109622.59 despues=109622.59 delta=0
[POST DEBUG] Agentes | costoFalla antes=0 despues=0 delta=0
[POST DEBUG] --- DESPUÉS DE DESPACHO ---
[POST DEBUG] Despacho | g1 antes=109544.255290608 despues=109544.255290608 delta=0
[POST DEBUG] Despacho | g2 antes=0 despues=0 delta=0
[POST DEBUG] Despacho | g antes=109622.59 despues=109544.255290608 delta=-78.3347093924531
[POST DEBUG] Despacho | costoFalla antes=0 despues=0 delta=0
[POST DEBUG] --- TOTAL ANTES VS FINAL ---
[POST DEBUG] Final | g1 antes=109622.59 despues=109544.255290608 delta=-78.3347093924531
[POST DEBUG] Final | g2 antes=0 despues=0 delta=0
[POST DEBUG] Final | g antes=109622.59 despues=109544.255290608 delta=-78.3347093924531
[POST DEBUG] Final | costoFalla antes=0 despues=0 delta=0
[POST DEBUG] valorFOOriginal = -379989200.434468
[POST DEBUG] valorFOPostProcesado = -379738529.364413
[POST DEBUG] deltaFO = 250671.070055246
[POST DEBUG] ===== FIN POSTPROCESAMIENTO GLOBAL =====

[32m[success] Post-procesamiento completado. Nuevo valor F.O.: -379738529.364413082599640[0m
[VERIF ORIGINAL] etapa=postprocesado max_le=2270.64493973787 (a1_discretizacion_palmar_restriccion_3i(347)) max_ge=0 () max_eq=22537382.9200525 (a1_g2h_def(344)) max_lb=1.11563042788128e-10 (a1_x2h(10)) max_ub=0 () max_int=0 () avg_viol=156840.984802055 p95_viol=2.26331264620461 p99_viol=5857605.17735175 max_viol_rel=22537382.9200525 max_viol_relact=1 viol_le_count=1067 viol_ge_count=0 viol_eq_count=1002 viol_lb_count=0 viol_ub_count=0 viol_int_count=0 missing_values=0 obj_original_recalc=-379738529.364413
[32m[success] Resultados guardados correctamente en /clusteruy/home/mathiasr/generator-aware-row-scaling/results-revision/final-variants/gurobi_simple_01pct/resultados/caso03b_matricial_plano_l2_postprocesado.csv[0m
> [32m[success] Saliendo del programa...[0m
[32m[success] SystemController destruido[0m
