[32m[success] SystemController creado[0m
> [32m[success] El programa se ha iniciado correctamente[0m
> [info] RioNegro: activación de tramos de altura horaria
[32m[success] Se ha creado el agente 'Río Negro' exitosamente[0m
> [34m[info] Agregando agente Demanda Fija[0m
[34m[info] Ingrese demandas en una sola línea (360 valores):[0m
[32m[success] Se ha creado el agente 'Demanda Fija' exitosamente[0m
> [32m[success] Se ha creado el despacho fijo exitosamente[0m
> > Set parameter WLSAccessID
Set parameter WLSSecret
Set parameter LicenseID to value 2849920
Academic license 2849920 - for non-commercial use only - registered to ma___@fing.edu.uy
[32m[success] Solver 'Gurobi' configurado | timeout=1800s | mipgap=0.001[0m
> [DEBUG Despacho] j=0 idGen=1 coefParticipacionDespacho=1

[DEBUG Despacho] Cantidad de generadores = 1
[DEBUG Despacho] j=0 puntero=0x11a8210 idGen=1 coefParticipacionDespacho=1
[PREPROC PHASES] metadata_s=0.007521659 diagnostico_s=0.001569218 aplicacion_s=0.003044378

------------------------------------------------------------
  PREPROCESAMIENTO MIP - Diagnostico Numerico
------------------------------------------------------------
Rango de coeficientes (toda la matriz):
  max |coef| = 4.004e+07
  min |coef| = 2.693e-05
  proxy rango= 1.487e+12

Diagnostico por bloque:
Bloque              max|coef|      min|coef|      kappa_aprox   vars    alpha     beta      cols      disc_omit aux_omit  escalado
------------------------------------------------------------------------------------------------------------------------------
a1_                 4.004e+07      2.693e-05      1.49e+12      9360    1.33e-02  1.00e+00  0         0         0         SI  (filas=10080, alpha_min=2.69e-05, alpha_max=2.80e+01)
sin_agente          1.000e+00      1.000e+00      1.00e+00      0       1.00e+00  1.00e+00  0         0         0         no

Restriccion(es) global(es): 720 fila(s)
  acoplamiento balance = 360 fila(s)
  global no acoplante  = 360 fila(s)
  rho aprox (solo acoplamiento) = 3.045e-02
  gamma acoplamiento   = 1.000000
  gamma candidato      = 1.000000
  filas acop. escaladas= no
  filas normaliz. fisica= 0
  motivo gamma=1       = rho bajo; no se escala la fila de acoplamiento

ADVERTENCIAS:
  [!] Rango de coeficientes elevado (1486882225015). Riesgo de sensibilidad numerica.
  [!] Bloque 'a1_' internamente mal escalado (kappa~1486882225015). Conviene comparar equilibrado interno por filas/columnas.
------------------------------------------------------------

------------------------------------------------------------
  COMPARACION NUMERICA ANTES / DESPUES
------------------------------------------------------------
Indicador                   antes           despues         despues/antes
----------------------------------------------------------------------------
rango global                1.886e+12       1.487e+12       7.886e-01
rho acoplamiento            5.715e-04       3.045e-02       5.328e+01
gamma aplicado              1.000000        1.000000        1.000000

Bloques locales:
Bloque              kappa antes     kappa despues   alpha       beta        filas       cols        disc_omit   aux_omit    escalado
------------------------------------------------------------------------------------------------------------------------------------
a1_                 1.886e+12       1.487e+12       1.331e-02   1.000e+00   10080       0           0           0           SI
sin_agente          1.000e+00       1.000e+00       1.000e+00   1.000e+00   0           0           0           0           no

Interpretacion: valores despues/antes menores que 1 indican mejora del proxy.
rho se calcula solo con filas de acoplamiento; las cotas de demanda sobre g quedan fuera.
El escalamiento local activo fue estructurado: alpha_r interno y beta_i entre bloques.
------------------------------------------------------------

[PREPROC TIME] variante=role_hybrid tiempo_s=0.016264811 u=2 K=4 epsMin=1e-09 epsMax=1000000000
[32m[success] Preprocesamiento aplicado.[0m
> [MODELO] rows=14400 cols=10800 nnz=35590
[pipeline] Preprocesamiento seleccionado: Ninguno
[pipeline] Modelo interno sin modificaciones de preprocesamiento.
[pipeline] Estrategia de resolucion seleccionada: Monolitica
[pipeline] Resolviendo monoliticamente.
Set parameter TimeLimit to value 1800
Set parameter MIPGap to value 0.001
Set parameter Seed to value 42
Set parameter Threads to value 16
Gurobi Optimizer version 13.0.1 build v13.0.1rc0 (linux64 - "Debian GNU/Linux 12 (bookworm)")

CPU model: Intel(R) Xeon(R) Gold 6138 CPU @ 2.00GHz, instruction set [SSE2|AVX|AVX2|AVX512]
Thread count: 40 physical cores, 40 logical processors, using up to 16 threads

Non-default parameters:
TimeLimit  1800
MIPGap  0.001
Seed  42
Threads  16

Academic license 2849920 - for non-commercial use only - registered to ma___@fing.edu.uy
Optimize a model with 14400 rows, 10800 columns and 35590 nonzeros (Min)
Model fingerprint: 0x92b5098f
Model has 362 linear objective coefficients
Variable types: 8640 continuous, 2160 integer (2160 binary)
Coefficient statistics:
  Matrix range     [3e-05, 4e+04]
  Objective range  [3e-03, 2e+03]
  Bounds range     [1e+00, 1e+10]
  RHS range        [4e-01, 4e+07]
Warning: Model contains large bounds
         Consider reformulating model or setting NumericFocus parameter
         to avoid numerical issues.

Presolve removed 2648 rows and 1925 columns
Presolve time: 0.29s
Presolved: 11752 rows, 8875 columns, 31403 nonzeros
Variable types: 6923 continuous, 1952 integer (1952 binary)
Found heuristic solution: objective -2.53740e+08

Root relaxation: objective -2.654623e+08, 11225 iterations, 0.96 seconds (1.13 work units)

    Nodes    |    Current Node    |     Objective Bounds      |     Work
 Expl Unexpl |  Obj  Depth IntInf | Incumbent    BestBd   Gap | It/Node Time

     0     0 -2.655e+08    0 1573 -2.537e+08 -2.655e+08  4.62%     -    2s
H    0     0                    -2.63292e+08 -2.654e+08  0.82%     -    2s
     0     0 -2.654e+08    0 1563 -2.633e+08 -2.654e+08  0.82%     -    2s
     0     0 -2.654e+08    0 1563 -2.633e+08 -2.654e+08  0.82%     -    3s
     0     0 -2.654e+08    0 1563 -2.633e+08 -2.654e+08  0.82%     -    3s
     0     0 -2.653e+08    0 1621 -2.633e+08 -2.653e+08  0.77%     -    3s
     0     0 -2.653e+08    0 1622 -2.633e+08 -2.653e+08  0.77%     -    3s
     0     0 -2.653e+08    0 1622 -2.633e+08 -2.653e+08  0.77%     -    3s
     0     0 -2.653e+08    0 1631 -2.633e+08 -2.653e+08  0.75%     -    4s
     0     0 -2.652e+08    0 1630 -2.633e+08 -2.652e+08  0.74%     -    4s
     0     0 -2.652e+08    0 1630 -2.633e+08 -2.652e+08  0.74%     -    4s
     0     0 -2.652e+08    0 1630 -2.633e+08 -2.652e+08  0.74%     -    4s
H    0     0                    -2.63293e+08 -2.652e+08  0.73%     -    4s
     0     0 -2.652e+08    0 1626 -2.633e+08 -2.652e+08  0.73%     -    4s
     0     0 -2.652e+08    0 1632 -2.633e+08 -2.652e+08  0.73%     -    4s
     0     0 -2.652e+08    0 1632 -2.633e+08 -2.652e+08  0.72%     -    4s
     0     0 -2.652e+08    0 1632 -2.633e+08 -2.652e+08  0.72%     -    4s
     0     0 -2.652e+08    0 1635 -2.633e+08 -2.652e+08  0.72%     -    4s
     0     0 -2.652e+08    0 1633 -2.633e+08 -2.652e+08  0.72%     -    5s
     0     0 -2.652e+08    0 1625 -2.633e+08 -2.652e+08  0.72%     -    5s
     0     2 -2.652e+08    0 1625 -2.633e+08 -2.652e+08  0.72%     -    6s
    25     2 -2.652e+08   13 1612 -2.633e+08 -2.652e+08  0.72%   650   10s
    73     6 infeasible   37      -2.633e+08 -2.651e+08  0.67%   749   15s
   143     6     cutoff   71      -2.633e+08 -2.648e+08  0.59%   720   20s
   198     3 -2.646e+08   95 1389 -2.633e+08 -2.646e+08  0.50%   724   25s
   340    27 -2.643e+08  117 1183 -2.633e+08 -2.644e+08  0.41%   647   30s
   636   155 -2.640e+08  134 1102 -2.633e+08 -2.643e+08  0.37%   461   35s
  1711  1303 -2.639e+08  229  967 -2.633e+08 -2.643e+08  0.37%   216   40s
  2278  1555 -2.637e+08  168 1625 -2.633e+08 -2.643e+08  0.37%   182   52s
  2280  1556 -2.635e+08  164 1554 -2.633e+08 -2.643e+08  0.37%   182   55s
  2449  1667     cutoff   20      -2.633e+08 -2.643e+08  0.37%   182   60s
H 2545  1597                    -2.63293e+08 -2.643e+08  0.37%   203   62s
  2630  1621     cutoff   26      -2.633e+08 -2.643e+08  0.37%   224   65s
  2884  1668 -2.643e+08   35 1461 -2.633e+08 -2.643e+08  0.37%   269   70s
H 2921  1606                    -2.63294e+08 -2.643e+08  0.37%   271   70s
H 2924  1535                    -2.63294e+08 -2.643e+08  0.37%   271   70s
  3194  1618 -2.643e+08   42 1417 -2.633e+08 -2.643e+08  0.37%   286   75s
H 4060  1846                    -2.63294e+08 -2.643e+08  0.37%   243   77s
H 4109  1767                    -2.63295e+08 -2.643e+08  0.37%   240   77s
  5014  2241 -2.643e+08   52 1326 -2.633e+08 -2.643e+08  0.37%   209   80s
H 5290  2128                    -2.63295e+08 -2.643e+08  0.37%   212   84s
  5302  2162 -2.643e+08   56 1321 -2.633e+08 -2.643e+08  0.37%   212   85s
  6230  2484 -2.643e+08   67 1309 -2.633e+08 -2.643e+08  0.37%   212   90s
H 6336  2502                    -2.63296e+08 -2.643e+08  0.37%   218   92s
  6997  2963 -2.643e+08   84 1283 -2.633e+08 -2.643e+08  0.37%   218   95s
H 7166  2987                    -2.63297e+08 -2.643e+08  0.37%   223   96s
  7962  3439     cutoff   97      -2.633e+08 -2.643e+08  0.37%   232  100s
  9788  4271 -2.641e+08  157 1206 -2.633e+08 -2.643e+08  0.37%   230  105s
 12121  6032 -2.639e+08  202 1149 -2.633e+08 -2.643e+08  0.37%   216  110s
*15337  6728             920    -2.63492e+08 -2.643e+08  0.30%   201  114s
*15338  6136             920    -2.63502e+08 -2.643e+08  0.29%   201  114s
 15402  6524     cutoff  261      -2.635e+08 -2.643e+08  0.29%   201  116s
*15600  5538             958    -2.63515e+08 -2.643e+08  0.29%   202  116s
 17652  6777 -2.637e+08  278  947 -2.635e+08 -2.643e+08  0.29%   192  120s
 19377  7993 -2.637e+08  310  899 -2.635e+08 -2.643e+08  0.29%   192  125s
 20301  8493     cutoff  328      -2.635e+08 -2.643e+08  0.29%   192  130s
 23424 10479 -2.643e+08   32 1415 -2.635e+08 -2.643e+08  0.29%   181  136s
*25946 11144             655    -2.63524e+08 -2.643e+08  0.29%   176  139s
*25947 10691             655    -2.63531e+08 -2.643e+08  0.28%   176  139s
*25949 10645             655    -2.63533e+08 -2.643e+08  0.28%   176  139s
 26263 11412     cutoff  168      -2.635e+08 -2.643e+08  0.28%   176  141s
 29952 14473 -2.643e+08   79 1268 -2.635e+08 -2.643e+08  0.28%   164  146s
 34666 18191 -2.637e+08  282  516 -2.635e+08 -2.643e+08  0.28%   151  151s
*36776 18266             630    -2.63545e+08 -2.643e+08  0.28%   145  152s
 37157 19538 -2.641e+08  148 1113 -2.635e+08 -2.643e+08  0.28%   144  155s
H38144 19241                    -2.63551e+08 -2.643e+08  0.28%   141  155s
 41027 20821     cutoff   36      -2.636e+08 -2.643e+08  0.28%   140  161s
 41508 20933 -2.643e+08   48 1284 -2.636e+08 -2.643e+08  0.28%   150  183s
 41944 20847 -2.643e+08   60 1265 -2.636e+08 -2.643e+08  0.28%   157  195s
 43685 20547 infeasible  159      -2.636e+08 -2.643e+08  0.28%   185  207s
H44714 19199                    -2.63570e+08 -2.643e+08  0.27%   209  220s
H45329 19026                    -2.63573e+08 -2.643e+08  0.27%   220  220s
 45935 20503     cutoff   28      -2.636e+08 -2.643e+08  0.27%   235  235s
H46428 20123                    -2.63581e+08 -2.643e+08  0.26%   237  235s
H47119 20082                    -2.63582e+08 -2.643e+08  0.26%   239  235s
H48179 20031                    -2.63583e+08 -2.643e+08  0.26%   244  235s
 49065 20281 infeasible  108      -2.636e+08 -2.643e+08  0.26%   244  248s
 49962 21173     cutoff  121      -2.636e+08 -2.643e+08  0.26%   251  260s
 51683 22011 -2.637e+08  182  881 -2.636e+08 -2.643e+08  0.26%   256  272s
 53643 23102 infeasible   26      -2.636e+08 -2.642e+08  0.25%   264  284s
 55845 23970     cutoff  119      -2.636e+08 -2.642e+08  0.24%   269  295s
 57548 25588     cutoff  122      -2.636e+08 -2.642e+08  0.24%   275  306s
 60138 26749 -2.640e+08  138 1205 -2.636e+08 -2.642e+08  0.23%   274  316s
 62174 27359     cutoff  140      -2.636e+08 -2.642e+08  0.23%   276  323s
 63342 27319 infeasible  157      -2.636e+08 -2.642e+08  0.22%   277  332s
 63538 28649 infeasible  133      -2.636e+08 -2.642e+08  0.22%   281  344s
 65898 28928 infeasible   39      -2.636e+08 -2.642e+08  0.22%   283  353s
 66866 29822 infeasible  143      -2.636e+08 -2.641e+08  0.21%   290  363s
 68534 30516     cutoff  156      -2.636e+08 -2.641e+08  0.21%   293  374s
 70175 30646 infeasible  143      -2.636e+08 -2.641e+08  0.20%   296  384s
 71272 30810 infeasible  143      -2.636e+08 -2.641e+08  0.20%   303  394s
 72343 31585 -2.639e+08  156 1272 -2.636e+08 -2.641e+08  0.20%   310  405s
 74032 32643 infeasible  137      -2.636e+08 -2.641e+08  0.19%   312  416s
 76440 33183 -2.637e+08  167  978 -2.636e+08 -2.641e+08  0.19%   312  426s
 78198 34041 infeasible  122      -2.636e+08 -2.641e+08  0.18%   314  436s
 80179 35201 -2.639e+08  227 1128 -2.636e+08 -2.641e+08  0.18%   314  446s
 82451 36130     cutoff  251      -2.636e+08 -2.640e+08  0.17%   313  455s
 84350 37016 infeasible  150      -2.636e+08 -2.640e+08  0.17%   312  463s
 86066 37927     cutoff  161      -2.636e+08 -2.640e+08  0.17%   311  470s
 87717 38452     cutoff  257      -2.636e+08 -2.640e+08  0.17%   310  477s
 88998 39406 -2.638e+08  180  929 -2.636e+08 -2.640e+08  0.16%   311  484s
 90767 39685     cutoff  287      -2.636e+08 -2.640e+08  0.16%   309  491s
 91947 40305 -2.638e+08  223 1099 -2.636e+08 -2.640e+08  0.16%   311  499s
 93464 41184 -2.636e+08  273  722 -2.636e+08 -2.640e+08  0.16%   312  507s
 95299 41637 -2.639e+08  173 1088 -2.636e+08 -2.640e+08  0.15%   311  514s
 96483 42281 -2.637e+08  239  850 -2.636e+08 -2.640e+08  0.15%   312  522s
 98030 42757 -2.637e+08  181  971 -2.636e+08 -2.640e+08  0.15%   311  529s
 99456 43429 -2.636e+08  262  721 -2.636e+08 -2.640e+08  0.15%   312  537s
 101142 43815 infeasible  226      -2.636e+08 -2.640e+08  0.14%   312  545s
 102489 44746 -2.638e+08  143 1109 -2.636e+08 -2.640e+08  0.14%   312  553s
 104461 45465 -2.637e+08  240  847 -2.636e+08 -2.640e+08  0.14%   311  560s
 106143 45586     cutoff  196      -2.636e+08 -2.640e+08  0.14%   310  568s
 106754 47622 infeasible  191      -2.636e+08 -2.640e+08  0.14%   311  587s
 110675 48928 -2.636e+08  230  653 -2.636e+08 -2.639e+08  0.14%   309  597s
 113113 49481 -2.638e+08  153 1172 -2.636e+08 -2.639e+08  0.13%   307  605s
 114685 50065 -2.637e+08  193  953 -2.636e+08 -2.639e+08  0.13%   308  613s
 116190 50744 -2.638e+08  154  968 -2.636e+08 -2.639e+08  0.13%   308  622s
 117967 51631 -2.639e+08  160 1053 -2.636e+08 -2.639e+08  0.13%   308  630s
 119867 52025 -2.636e+08  212  627 -2.636e+08 -2.639e+08  0.13%   306  639s
 121027 52809 -2.636e+08  270  727 -2.636e+08 -2.639e+08  0.13%   306  646s
 122777 53564 infeasible  165      -2.636e+08 -2.639e+08  0.12%   306  654s
 124506 53966 infeasible  302      -2.636e+08 -2.639e+08  0.12%   305  663s
 125803 54351     cutoff  176      -2.636e+08 -2.639e+08  0.12%   306  671s
 127406 54907     cutoff  211      -2.636e+08 -2.639e+08  0.12%   307  679s
 129079 55767 -2.637e+08  202  903 -2.636e+08 -2.639e+08  0.12%   306  686s
 130882 56194 -2.637e+08  218  991 -2.636e+08 -2.639e+08  0.12%   305  693s
 132286 57051 -2.636e+08  197  711 -2.636e+08 -2.639e+08  0.12%   305  701s
 133921 57723 -2.636e+08  247  555 -2.636e+08 -2.639e+08  0.12%   304  709s
 135503 58338 -2.636e+08  225  575 -2.636e+08 -2.639e+08  0.12%   304  716s
 137150 59126     cutoff  124      -2.636e+08 -2.639e+08  0.12%   303  724s
 138937 59706     cutoff  154      -2.636e+08 -2.639e+08  0.12%   302  731s
 140373 60374 -2.636e+08  208  784 -2.636e+08 -2.639e+08  0.12%   302  738s
 142021 60947     cutoff  141      -2.636e+08 -2.639e+08  0.11%   302  745s
 143587 61608 -2.637e+08  178  952 -2.636e+08 -2.639e+08  0.11%   302  753s
 145182 62380 -2.636e+08  217  640 -2.636e+08 -2.639e+08  0.11%   301  760s
 146993 62940 infeasible  164      -2.636e+08 -2.639e+08  0.11%   300  767s
 148484 63660 -2.638e+08  173  953 -2.636e+08 -2.639e+08  0.11%   300  775s
 150179 64580 -2.637e+08  182  913 -2.636e+08 -2.639e+08  0.11%   299  782s
 152072 65274 -2.637e+08  164  897 -2.636e+08 -2.639e+08  0.11%   298  789s
 153720 65689     cutoff  214      -2.636e+08 -2.639e+08  0.11%   297  795s
 155048 66100 -2.637e+08  166  953 -2.636e+08 -2.639e+08  0.11%   297  802s
 156481 66865     cutoff  158      -2.636e+08 -2.639e+08  0.11%   297  809s
 158023 67262 -2.636e+08  219  771 -2.636e+08 -2.639e+08  0.11%   296  817s
 158773 67984 -2.637e+08  169  937 -2.636e+08 -2.639e+08  0.11%   296  825s
 160491 69033 -2.637e+08  164  934 -2.636e+08 -2.639e+08  0.11%   295  832s
 162493 69880     cutoff  189      -2.636e+08 -2.639e+08  0.11%   294  839s
 164422 70447 -2.636e+08  245  508 -2.636e+08 -2.639e+08  0.10%   293  846s
 166036 71330 -2.637e+08  214  873 -2.636e+08 -2.639e+08  0.10%   293  854s
 167832 72157     cutoff  242      -2.636e+08 -2.639e+08  0.10%   292  861s
 169539 73092 -2.638e+08  149 1135 -2.636e+08 -2.639e+08  0.10%   291  868s
 171574 73611 -2.637e+08  200  872 -2.636e+08 -2.639e+08  0.10%   290  874s
 172982 74390     cutoff  140      -2.636e+08 -2.638e+08  0.10%   290  880s
 174575 75080     cutoff  166      -2.636e+08 -2.638e+08  0.10%   289  887s

Cutting planes:
  Implied bound: 410
  Projected implied bound: 1
  MIR: 135
  Mixing: 13
  Flow cover: 451
  RLT: 17
  Relax-and-lift: 16

Explored 176228 nodes (50827874 simplex iterations) in 887.69 seconds (1391.38 work units)
Thread count was 16 (of 40 available processors)

Solution count 10: -2.63583e+08 -2.63582e+08 -2.63581e+08 ... -2.63524e+08

Optimal solution found (tolerance 1.00e-03)
Best objective -2.635832188729e+08, best bound -2.638455929199e+08, gap 0.0995%

User-callback calls 481379, time in user-callback 0.04 sec
[NUM-KAPPA] kappa_solver=5686546 kappa_exact=-1 is_mip=1
[NUM-EFIC] work=1391 root_gap=0 root_time=6
[pipeline] Tiempo de resolucion: 887.984405 s
[SOLVE] tiempo_solver_s=887.984418377999987 status=OPTIMAL gap=0.099541256131442 obj=-263583218.872909665107727 best_bound=-263845592.919927448034286 nodos=176228.000000000000000 iter=50827874.000000000000000 primal_integral=0.002766678735277
[VERIF ORIGINAL] etapa=solver_desescalado max_le=9.5367431640625e-07 (a1_restriccion_varphi32(170)) max_ge=0 () max_eq=8.28644260764122e-07 (a1_v3h_din(326)) max_lb=0 () max_ub=0 () max_int=0 () avg_viol=8.48742217726917e-09 p95_viol=2.3283064365387e-10 p99_viol=2.38418579101562e-07 max_viol_rel=5.0663948059082e-07 max_viol_relact=4.32058214805704e-12 viol_le_count=0 viol_ge_count=0 viol_eq_count=0 viol_lb_count=0 viol_ub_count=0 viol_int_count=0 missing_values=0 obj_original_recalc=-263583218.87291
[32m[success] Resultados guardados correctamente en /clusteruy/home/mathiasr/generator-aware-row-scaling/results-revision/final-variants/gurobi_simple_01pct/resultados/caso10e_role_hybrid.csv[0m
[32m[success] Archivo CSV generado correctamente[0m

[POST DEBUG] ===== INICIO POSTPROCESAMIENTO GLOBAL =====
[POST DEBUG] --- DESPUÉS DE AGENTES ---
[POST DEBUG] Agentes | g1 antes=152321.10012769 despues=152913.787359907 delta=592.687232216907
[POST DEBUG] Agentes | g2 antes=0 despues=0 delta=0
[POST DEBUG] Agentes | g antes=152321.10012769 despues=152321.10012769 delta=0
[POST DEBUG] Agentes | costoFalla antes=0 despues=0 delta=0
[POST DEBUG] --- DESPUÉS DE DESPACHO ---
[POST DEBUG] Despacho | g1 antes=152913.787359907 despues=152913.787359907 delta=0
[POST DEBUG] Despacho | g2 antes=0 despues=0 delta=0
[POST DEBUG] Despacho | g antes=152321.10012769 despues=152913.787359907 delta=592.687232216907
[POST DEBUG] Despacho | costoFalla antes=0 despues=0 delta=0
[POST DEBUG] --- TOTAL ANTES VS FINAL ---
[POST DEBUG] Final | g1 antes=152321.10012769 despues=152913.787359907 delta=592.687232216907
[POST DEBUG] Final | g2 antes=0 despues=0 delta=0
[POST DEBUG] Final | g antes=152321.10012769 despues=152913.787359907 delta=592.687232216907
[POST DEBUG] Final | costoFalla antes=0 despues=0 delta=0
[POST DEBUG] valorFOOriginal = -263583218.87291
[POST DEBUG] valorFOPostProcesado = -264531518.444457
[POST DEBUG] deltaFO = -948299.571546853
[POST DEBUG] ===== FIN POSTPROCESAMIENTO GLOBAL =====

[32m[success] Post-procesamiento completado. Nuevo valor F.O.: -264531518.444456517696381[0m
[VERIF ORIGINAL] etapa=postprocesado max_le=1406.61821288721 (a1_discretizacion_palmar_restriccion_3i(359)) max_ge=0 () max_eq=597507886.796014 (a1_g2h_def(99)) max_lb=0 () max_ub=0 () max_int=0 () avg_viol=588757.095548835 p95_viol=3.52527603260252 p99_viol=21122040.5044386 max_viol_rel=597507886.796014 max_viol_relact=0.932805571972703 viol_le_count=496 viol_ge_count=0 viol_eq_count=1018 viol_lb_count=0 viol_ub_count=0 viol_int_count=0 missing_values=0 obj_original_recalc=-264531518.444457
[32m[success] Resultados guardados correctamente en /clusteruy/home/mathiasr/generator-aware-row-scaling/results-revision/final-variants/gurobi_simple_01pct/resultados/caso10e_role_hybrid_postprocesado.csv[0m
> [32m[success] Saliendo del programa...[0m
[32m[success] SystemController destruido[0m
