LP Base has 23763 rows; 16561 cols; 57555 nonzeros
Coefficient ranges:
  Matrix  [7e-04, 1e+10]
  Cost    [2e-03, 1e+02]
  Bound   [1e+00, 1e+10]
  RHS     [5e+00, 9e+09]
WARNING: Problem has some excessively large column bounds
WARNING: Problem has some excessively large row bounds
WARNING:    Consider scaling the    bounds by 1e-5, or setting the user_bound_scale option to -14
Presolving model
23395 rows, 16543 cols, 57137 nonzeros 0s
Dependent equations search running on 2504 equations with time limit of 3.00s
Dependent equations search removed 0 rows and 0 nonzeros in 0.00s (limit = 3.00s)
22235 rows, 15447 cols, 54825 nonzeros 0s
Presolve reductions: rows 22235(-1528); columns 15447(-1114); nonzeros 54825(-2730) 
Solving the presolved LP
Using dual simplex solver
  Iteration        Objective     Infeasibilities num(sum)
          0    -4.0000000000e+03 Ph1: 3(1250); Du: 1(4) 0.2s
       8966    -1.5720790627e+07 Pr: 2569(3.14283e+09); Du: 0(3.25066e-07) 5.2s
      15478    -1.1887594005e+07 Pr: 4337(8.29914e+09) 10.3s
      19752    -1.1298263744e+07 Pr: 0(0) 15.0s

Performed postsolve
Solving the original LP from the solution after postsolve

Model name          : Base
Model status        : Optimal
Simplex   iterations: 19752
Objective value     : -1.1298263744e+07
P-D objective error :  2.4729176655e-15
HiGHS run time      :         15.09
