LP Base has 23763 rows; 16561 cols; 57555 nonzeros
Coefficient ranges:
  Matrix  [6e-04, 1e+10]
  Cost    [1e-04, 1e+02]
  Bound   [1e+00, 1e+10]
  RHS     [5e+00, 1e+10]
WARNING: Problem has some excessively large column bounds
WARNING: Problem has some excessively large row bounds
WARNING:    Consider scaling the    bounds by 1e-5, or setting the user_bound_scale option to -14
Presolving model
23395 rows, 16551 cols, 57161 nonzeros 0s
Dependent equations search running on 2504 equations with time limit of 3.00s
Dependent equations search removed 0 rows and 0 nonzeros in 0.00s (limit = 3.00s)
22216 rows, 15463 cols, 54803 nonzeros 0s
Presolve reductions: rows 22216(-1547); columns 15463(-1098); nonzeros 54803(-2752) 
Solving the presolved LP
Using dual simplex solver
  Iteration        Objective     Infeasibilities num(sum)
          0    -4.0000000000e+03 Ph1: 3(1500); Du: 1(4) 0.2s
       9011    -1.8428465383e+07 Pr: 2618(2.22092e+08); Du: 0(5.64415e-07) 5.2s
      16307    -1.7834940668e+07 Pr: 1041(2.9963e+06) 10.2s
      17886    -1.7794096388e+07 Pr: 0(0) 11.2s
      17886    -1.7794096388e+07 Pr: 0(0) 11.2s

Performed postsolve
Solving the original LP from the solution after postsolve

Model name          : Base
Model status        : Optimal
Simplex   iterations: 17886
Objective value     : -1.7794096388e+07
P-D objective error :  5.2338850378e-15
HiGHS run time      :         11.21
