LP Base has 23763 rows; 16561 cols; 57555 nonzeros
Coefficient ranges:
  Matrix  [6e-04, 1e+10]
  Cost    [1e-04, 1e+02]
  Bound   [1e+00, 1e+10]
  RHS     [5e+00, 1e+10]
WARNING: Problem has some excessively large column bounds
WARNING: Problem has some excessively large row bounds
WARNING:    Consider scaling the    bounds by 1e-5, or setting the user_bound_scale option to -14
Presolving model
23395 rows, 16551 cols, 57161 nonzeros 0s
Dependent equations search running on 2512 equations with time limit of 3.00s
Dependent equations search removed 0 rows and 0 nonzeros in 0.00s (limit = 3.00s)
22307 rows, 15471 cols, 54985 nonzeros 0s
Presolve reductions: rows 22307(-1456); columns 15471(-1090); nonzeros 54985(-2570) 
Solving the presolved LP
Using dual simplex solver
  Iteration        Objective     Infeasibilities num(sum)
          0    -2.0000000000e+03 Ph1: 3(1250); Du: 1(2) 0.2s
      12739    -3.0688856249e+06 Pr: 2268(9.75087e+08); Du: 0(9.20467e-08) 5.3s
      18283    -2.9962552911e+06 Pr: 0(0) 10.0s
      18283    -2.9962552911e+06 Pr: 0(0) 10.0s

Performed postsolve
Solving the original LP from the solution after postsolve

Model name          : Base
Model status        : Optimal
Simplex   iterations: 18283
Objective value     : -2.9962552911e+06
P-D objective error :  5.8280398909e-15
HiGHS run time      :         10.03
