LP Base has 23763 rows; 16561 cols; 57555 nonzeros
Coefficient ranges:
  Matrix  [7e-04, 1e+10]
  Cost    [4e-04, 1e+02]
  Bound   [1e+00, 1e+10]
  RHS     [5e+00, 1e+10]
WARNING: Problem has some excessively large column bounds
WARNING: Problem has some excessively large row bounds
WARNING:    Consider scaling the    bounds by 1e-5, or setting the user_bound_scale option to -14
Presolving model
23395 rows, 16551 cols, 57161 nonzeros 0s
Dependent equations search running on 2512 equations with time limit of 3.00s
Dependent equations search removed 0 rows and 0 nonzeros in 0.00s (limit = 3.00s)
22302 rows, 15471 cols, 54975 nonzeros 0s
Presolve reductions: rows 22302(-1461); columns 15471(-1090); nonzeros 54975(-2580) 
Solving the presolved LP
Using dual simplex solver
  Iteration        Objective     Infeasibilities num(sum)
          0    -2.0000000000e+03 Ph1: 3(1500); Du: 1(2) 0.2s
      11792    -1.6190776243e+06 Pr: 1632(8.82392e+08); Du: 0(2.12024e-08) 5.2s
      19042    -1.3159328168e+06 Pr: 0(0); Du: 103(0.227896) 10.2s
      19198    -1.3161150274e+06 Pr: 0(0) 10.4s
      19198    -1.3161150274e+06 Pr: 0(0) 10.4s

Performed postsolve
Solving the original LP from the solution after postsolve

Model name          : Base
Model status        : Optimal
Simplex   iterations: 19198
Objective value     : -1.3161150274e+06
P-D objective error :  1.2560429047e-14
HiGHS run time      :         10.42
