LP Base has 14400 rows; 10800 cols; 35590 nonzeros
Coefficient ranges:
  Matrix  [1e-03, 2e+09]
  Cost    [3e-03, 3e+03]
  Bound   [1e+00, 1e+10]
  RHS     [5e+00, 3e+09]
WARNING: Problem has some excessively large column bounds
WARNING: Problem has some excessively large row bounds
WARNING:    Consider scaling the    bounds by 1e-5, or setting the user_bound_scale option to -14
Presolving model
13672 rows, 10423 cols, 34453 nonzeros 0s
Dependent equations search running on 1784 equations with time limit of 3.00s
Dependent equations search removed 0 rows and 0 nonzeros in 0.00s (limit = 3.00s)
12897 rows, 9687 cols, 32911 nonzeros 0s
Presolve reductions: rows 12897(-1503); columns 9687(-1113); nonzeros 32911(-2679) 
Solving the presolved LP
Using dual simplex solver
  Iteration        Objective     Infeasibilities num(sum)
          0     0.0000000000e+00 Ph1: 0(0) 0.1s
      10709    -2.9139972188e+08 Pr: 1348(3.64182e+08); Du: 0(4.48043e-08) 5.2s
      12327    -2.9124295887e+08 Pr: 0(0); Du: 0(2.64984e-07) 6.4s
      12327    -2.9124295887e+08 Pr: 0(0); Du: 0(2.64984e-07) 6.4s
Using primal simplex solver
  Iteration        Objective     Infeasibilities num(sum)
      12327    -2.9124303065e+08 Pr: 0(0); Du: 6(0.0162851) 6.4s
      12333    -2.9124295889e+08 Pr: 0(0) 6.4s

Performed postsolve
Solving the original LP from the solution after postsolve

Model name          : Base
Model status        : Optimal
Simplex   iterations: 12333
Objective value     : -2.9124295889e+08
P-D objective error :  1.0232804408e-16
HiGHS run time      :          6.40
