LP Base has 23763 rows; 16561 cols; 57555 nonzeros
Coefficient ranges:
  Matrix  [3e-04, 1e+10]
  Cost    [5e-04, 1e+02]
  Bound   [1e+00, 1e+10]
  RHS     [5e+00, 1e+10]
WARNING: Problem has some excessively large column bounds
WARNING: Problem has some excessively large row bounds
WARNING:    Consider scaling the    bounds by 1e-5, or setting the user_bound_scale option to -14
Presolving model
23395 rows, 16543 cols, 57137 nonzeros 0s
Dependent equations search running on 2504 equations with time limit of 3.00s
Dependent equations search removed 0 rows and 0 nonzeros in 0.00s (limit = 3.00s)
22288 rows, 15447 cols, 54931 nonzeros 0s
Presolve reductions: rows 22288(-1475); columns 15447(-1114); nonzeros 54931(-2624) 
Solving the presolved LP
Using dual simplex solver
  Iteration        Objective     Infeasibilities num(sum)
          0    -2.0000000000e+03 Ph1: 3(1500); Du: 1(2) 0.2s
       8768    -2.3354071216e+06 Pr: 2640(3.75793e+09); Du: 0(9.97541e-07) 5.7s
      11505    -1.2497158855e+06 Pr: 4587(2.31435e+09); Du: 0(4.11532e-07) 11.0s
      16466    -5.0542106119e+05 Pr: 4234(5.68263e+08); Du: 0(1.71349e-07) 16.4s
      20107    -1.7802233885e+05 Pr: 2615(8.08213e+08) 21.5s
      22896    -5.1297703557e+04 Pr: 0(0); Du: 0(3.44024e-14) 26.1s
      22896    -5.1297703557e+04 Pr: 0(0); Du: 0(3.44024e-14) 26.1s

Performed postsolve
Solving the original LP from the solution after postsolve

Model name          : Base
Model status        : Optimal
Simplex   iterations: 22896
Objective value     : -5.1297703557e+04
P-D objective error :  4.6947881277e-13
HiGHS run time      :         26.15
