LP Base has 23763 rows; 16561 cols; 57555 nonzeros
Coefficient ranges:
  Matrix  [6e-04, 1e+10]
  Cost    [2e-04, 1e+02]
  Bound   [1e+00, 1e+10]
  RHS     [5e+00, 8e+09]
WARNING: Problem has some excessively large column bounds
WARNING: Problem has some excessively large row bounds
WARNING:    Consider scaling the    bounds by 1e-5, or setting the user_bound_scale option to -14
Presolving model
23395 rows, 16551 cols, 57161 nonzeros 0s
Dependent equations search running on 2512 equations with time limit of 3.00s
Dependent equations search removed 0 rows and 0 nonzeros in 0.00s (limit = 3.00s)
22307 rows, 15471 cols, 54985 nonzeros 0s
Presolve reductions: rows 22307(-1456); columns 15471(-1090); nonzeros 54985(-2570) 
Solving the presolved LP
Using dual simplex solver
  Iteration        Objective     Infeasibilities num(sum)
          0    -2.0000000000e+03 Ph1: 3(1500); Du: 1(2) 0.2s
       8845    -1.3391336612e+06 Pr: 973(4.3542e+08); Du: 0(3.72619e-06) 5.3s
      13348    -1.3371711572e+06 Pr: 876(2.85362e+09); Du: 0(2.35867e-06) 10.4s
      17386    -1.2778050344e+06 Pr: 66(616010) 15.5s
      17460    -1.2829767391e+06 Pr: 0(0) 15.6s
      17460    -1.2829767391e+06 Pr: 0(0) 15.6s

Performed postsolve
Solving the original LP from the solution after postsolve

Model name          : Base
Model status        : Optimal
Simplex   iterations: 17460
Objective value     : -1.2829767391e+06
P-D objective error :  4.6276591917e-15
HiGHS run time      :         15.65
