[32m[success] SystemController creado[0m
> Archivo LP guardado en: /home/mathiasr/Escritorio/generator-aware-row-scaling/results-revision/research-audit/identifiability-confirmatory/R1_S6_mixed/lp/mixed_S6_seed20260909_Base.lp
[PREPROC PHASES] metadata_s=7.372e-06 diagnostico_s=6.958e-06 aplicacion_s=1.1922e-05
Archivo LP guardado en: /home/mathiasr/Escritorio/generator-aware-row-scaling/results-revision/research-audit/identifiability-confirmatory/R1_S6_mixed/lp/mixed_S6_seed20260909_SAMat.lp
[PREPROC] modo plano: 43 filas tratadas como un unico bloque sin roles (kernel geomean por fila)
[PREPROC PHASES] metadata_s=9.85e-07 diagnostico_s=3.236e-06 aplicacion_s=5.583e-06
Archivo LP guardado en: /home/mathiasr/Escritorio/generator-aware-row-scaling/results-revision/research-audit/identifiability-confirmatory/R1_S6_mixed/lp/mixed_S6_seed20260909_FlatGM.lp
[PREPROC] modo plano: 43 filas tratadas como un unico bloque sin roles (kernel geomean por fila)
[PREPROC PHASES] metadata_s=4.33e-07 diagnostico_s=2.879e-06 aplicacion_s=5.718e-06
Archivo LP guardado en: /home/mathiasr/Escritorio/generator-aware-row-scaling/results-revision/research-audit/identifiability-confirmatory/R1_S6_mixed/lp/mixed_S6_seed20260909_FlatL2.lp
[PREPROC PHASES] metadata_s=7.392e-06 diagnostico_s=6.078e-06 aplicacion_s=6.955e-06
Archivo LP guardado en: /home/mathiasr/Escritorio/generator-aware-row-scaling/results-revision/research-audit/identifiability-confirmatory/R1_S6_mixed/lp/mixed_S6_seed20260909_RoleHybrid.lp
[PREPROC PHASES] metadata_s=7.193e-06 diagnostico_s=5.955e-06 aplicacion_s=1.1954e-05
Archivo LP guardado en: /home/mathiasr/Escritorio/generator-aware-row-scaling/results-revision/research-audit/identifiability-confirmatory/R1_S6_mixed/lp/mixed_S6_seed20260909_SAMatpermB.lp
Archivo LP guardado en: /home/mathiasr/Escritorio/generator-aware-row-scaling/results-revision/research-audit/identifiability-confirmatory/R1_S6_mixed/lp/mixed_S6_seed20260910_Base.lp
[PREPROC PHASES] metadata_s=7.39e-06 diagnostico_s=6.461e-06 aplicacion_s=6.976e-06
Archivo LP guardado en: /home/mathiasr/Escritorio/generator-aware-row-scaling/results-revision/research-audit/identifiability-confirmatory/R1_S6_mixed/lp/mixed_S6_seed20260910_SAMat.lp
[PREPROC] modo plano: 43 filas tratadas como un unico bloque sin roles (kernel geomean por fila)
[PREPROC PHASES] metadata_s=4.74e-07 diagnostico_s=3.01e-06 aplicacion_s=5.377e-06
Archivo LP guardado en: /home/mathiasr/Escritorio/generator-aware-row-scaling/results-revision/research-audit/identifiability-confirmatory/R1_S6_mixed/lp/mixed_S6_seed20260910_FlatGM.lp
[PREPROC] modo plano: 43 filas tratadas como un unico bloque sin roles (kernel geomean por fila)
[PREPROC PHASES] metadata_s=3.88e-07 diagnostico_s=2.916e-06 aplicacion_s=5.336e-06
Archivo LP guardado en: /home/mathiasr/Escritorio/generator-aware-row-scaling/results-revision/research-audit/identifiability-confirmatory/R1_S6_mixed/lp/mixed_S6_seed20260910_FlatL2.lp
[PREPROC PHASES] metadata_s=7.575e-06 diagnostico_s=6.214e-06 aplicacion_s=6.341e-06
Archivo LP guardado en: /home/mathiasr/Escritorio/generator-aware-row-scaling/results-revision/research-audit/identifiability-confirmatory/R1_S6_mixed/lp/mixed_S6_seed20260910_RoleHybrid.lp
[PREPROC PHASES] metadata_s=7.418e-06 diagnostico_s=6.332e-06 aplicacion_s=1.1614e-05
Archivo LP guardado en: /home/mathiasr/Escritorio/generator-aware-row-scaling/results-revision/research-audit/identifiability-confirmatory/R1_S6_mixed/lp/mixed_S6_seed20260910_SAMatpermB.lp
Archivo LP guardado en: /home/mathiasr/Escritorio/generator-aware-row-scaling/results-revision/research-audit/identifiability-confirmatory/R1_S6_mixed/lp/mixed_S6_seed20260911_Base.lp
[PREPROC PHASES] metadata_s=7.368e-06 diagnostico_s=6.556e-06 aplicacion_s=6.897e-06
Archivo LP guardado en: /home/mathiasr/Escritorio/generator-aware-row-scaling/results-revision/research-audit/identifiability-confirmatory/R1_S6_mixed/lp/mixed_S6_seed20260911_SAMat.lp
[PREPROC] modo plano: 43 filas tratadas como un unico bloque sin roles (kernel geomean por fila)
[PREPROC PHASES] metadata_s=3.94e-07 diagnostico_s=2.813e-06 aplicacion_s=5.304e-06
Archivo LP guardado en: /home/mathiasr/Escritorio/generator-aware-row-scaling/results-revision/research-audit/identifiability-confirmatory/R1_S6_mixed/lp/mixed_S6_seed20260911_FlatGM.lp
[PREPROC] modo plano: 43 filas tratadas como un unico bloque sin roles (kernel geomean por fila)
[PREPROC PHASES] metadata_s=3.75e-07 diagnostico_s=2.733e-06 aplicacion_s=5.884e-06
Archivo LP guardado en: /home/mathiasr/Escritorio/generator-aware-row-scaling/results-revision/research-audit/identifiability-confirmatory/R1_S6_mixed/lp/mixed_S6_seed20260911_FlatL2.lp
[PREPROC PHASES] metadata_s=7.493e-06 diagnostico_s=6.014e-06 aplicacion_s=6.618e-06
Archivo LP guardado en: /home/mathiasr/Escritorio/generator-aware-row-scaling/results-revision/research-audit/identifiability-confirmatory/R1_S6_mixed/lp/mixed_S6_seed20260911_RoleHybrid.lp
[PREPROC PHASES] metadata_s=7.528e-06 diagnostico_s=5.954e-06 aplicacion_s=1.1055e-05
Archivo LP guardado en: /home/mathiasr/Escritorio/generator-aware-row-scaling/results-revision/research-audit/identifiability-confirmatory/R1_S6_mixed/lp/mixed_S6_seed20260911_SAMatpermB.lp
Archivo LP guardado en: /home/mathiasr/Escritorio/generator-aware-row-scaling/results-revision/research-audit/identifiability-confirmatory/R1_S6_mixed/lp/mixed_S6_seed20260912_Base.lp
[PREPROC PHASES] metadata_s=7.294e-06 diagnostico_s=5.872e-06 aplicacion_s=7.482e-06
Archivo LP guardado en: /home/mathiasr/Escritorio/generator-aware-row-scaling/results-revision/research-audit/identifiability-confirmatory/R1_S6_mixed/lp/mixed_S6_seed20260912_SAMat.lp
[PREPROC] modo plano: 43 filas tratadas como un unico bloque sin roles (kernel geomean por fila)
[PREPROC PHASES] metadata_s=4.58e-07 diagnostico_s=3.052e-06 aplicacion_s=5.289e-06
Archivo LP guardado en: /home/mathiasr/Escritorio/generator-aware-row-scaling/results-revision/research-audit/identifiability-confirmatory/R1_S6_mixed/lp/mixed_S6_seed20260912_FlatGM.lp
[PREPROC] modo plano: 43 filas tratadas como un unico bloque sin roles (kernel geomean por fila)
[PREPROC PHASES] metadata_s=4.26e-07 diagnostico_s=2.916e-06 aplicacion_s=5.458e-06
Archivo LP guardado en: /home/mathiasr/Escritorio/generator-aware-row-scaling/results-revision/research-audit/identifiability-confirmatory/R1_S6_mixed/lp/mixed_S6_seed20260912_FlatL2.lp
[PREPROC PHASES] metadata_s=7.405e-06 diagnostico_s=5.726e-06 aplicacion_s=6.432e-06
Archivo LP guardado en: /home/mathiasr/Escritorio/generator-aware-row-scaling/results-revision/research-audit/identifiability-confirmatory/R1_S6_mixed/lp/mixed_S6_seed20260912_RoleHybrid.lp
[PREPROC PHASES] metadata_s=7.05e-06 diagnostico_s=5.785e-06 aplicacion_s=1.1659e-05
Archivo LP guardado en: /home/mathiasr/Escritorio/generator-aware-row-scaling/results-revision/research-audit/identifiability-confirmatory/R1_S6_mixed/lp/mixed_S6_seed20260912_SAMatpermB.lp
Archivo LP guardado en: /home/mathiasr/Escritorio/generator-aware-row-scaling/results-revision/research-audit/identifiability-confirmatory/R1_S6_mixed/lp/mixed_S6_seed20260913_Base.lp
[PREPROC PHASES] metadata_s=7.481e-06 diagnostico_s=6.45e-06 aplicacion_s=6.941e-06
Archivo LP guardado en: /home/mathiasr/Escritorio/generator-aware-row-scaling/results-revision/research-audit/identifiability-confirmatory/R1_S6_mixed/lp/mixed_S6_seed20260913_SAMat.lp
[PREPROC] modo plano: 43 filas tratadas como un unico bloque sin roles (kernel geomean por fila)
[PREPROC PHASES] metadata_s=3.46e-07 diagnostico_s=2.896e-06 aplicacion_s=5.242e-06
Archivo LP guardado en: /home/mathiasr/Escritorio/generator-aware-row-scaling/results-revision/research-audit/identifiability-confirmatory/R1_S6_mixed/lp/mixed_S6_seed20260913_FlatGM.lp
[PREPROC] modo plano: 43 filas tratadas como un unico bloque sin roles (kernel geomean por fila)
[PREPROC PHASES] metadata_s=3.93e-07 diagnostico_s=2.792e-06 aplicacion_s=5.508e-06
Archivo LP guardado en: /home/mathiasr/Escritorio/generator-aware-row-scaling/results-revision/research-audit/identifiability-confirmatory/R1_S6_mixed/lp/mixed_S6_seed20260913_FlatL2.lp
[PREPROC PHASES] metadata_s=7.667e-06 diagnostico_s=6.573e-06 aplicacion_s=6.309e-06
Archivo LP guardado en: /home/mathiasr/Escritorio/generator-aware-row-scaling/results-revision/research-audit/identifiability-confirmatory/R1_S6_mixed/lp/mixed_S6_seed20260913_RoleHybrid.lp
[PREPROC PHASES] metadata_s=7.622e-06 diagnostico_s=6.48e-06 aplicacion_s=1.1442e-05
Archivo LP guardado en: /home/mathiasr/Escritorio/generator-aware-row-scaling/results-revision/research-audit/identifiability-confirmatory/R1_S6_mixed/lp/mixed_S6_seed20260913_SAMatpermB.lp
Archivo LP guardado en: /home/mathiasr/Escritorio/generator-aware-row-scaling/results-revision/research-audit/identifiability-confirmatory/R1_S6_mixed/lp/mixed_S6_seed20260914_Base.lp
[PREPROC PHASES] metadata_s=7.255e-06 diagnostico_s=6.016e-06 aplicacion_s=7.855e-06
Archivo LP guardado en: /home/mathiasr/Escritorio/generator-aware-row-scaling/results-revision/research-audit/identifiability-confirmatory/R1_S6_mixed/lp/mixed_S6_seed20260914_SAMat.lp
[PREPROC] modo plano: 43 filas tratadas como un unico bloque sin roles (kernel geomean por fila)
[PREPROC PHASES] metadata_s=4.27e-07 diagnostico_s=3.018e-06 aplicacion_s=5.435e-06
Archivo LP guardado en: /home/mathiasr/Escritorio/generator-aware-row-scaling/results-revision/research-audit/identifiability-confirmatory/R1_S6_mixed/lp/mixed_S6_seed20260914_FlatGM.lp
[PREPROC] modo plano: 43 filas tratadas como un unico bloque sin roles (kernel geomean por fila)
[PREPROC PHASES] metadata_s=3.53e-07 diagnostico_s=2.81e-06 aplicacion_s=5.621e-06
Archivo LP guardado en: /home/mathiasr/Escritorio/generator-aware-row-scaling/results-revision/research-audit/identifiability-confirmatory/R1_S6_mixed/lp/mixed_S6_seed20260914_FlatL2.lp
[PREPROC PHASES] metadata_s=7.699e-06 diagnostico_s=5.967e-06 aplicacion_s=5.966e-06
Archivo LP guardado en: /home/mathiasr/Escritorio/generator-aware-row-scaling/results-revision/research-audit/identifiability-confirmatory/R1_S6_mixed/lp/mixed_S6_seed20260914_RoleHybrid.lp
[PREPROC PHASES] metadata_s=7.399e-06 diagnostico_s=5.76e-06 aplicacion_s=1.1433e-05
Archivo LP guardado en: /home/mathiasr/Escritorio/generator-aware-row-scaling/results-revision/research-audit/identifiability-confirmatory/R1_S6_mixed/lp/mixed_S6_seed20260914_SAMatpermB.lp
Archivo LP guardado en: /home/mathiasr/Escritorio/generator-aware-row-scaling/results-revision/research-audit/identifiability-confirmatory/R1_S6_mixed/lp/mixed_S6_seed20260915_Base.lp
[PREPROC PHASES] metadata_s=7.458e-06 diagnostico_s=6.234e-06 aplicacion_s=6.701e-06
Archivo LP guardado en: /home/mathiasr/Escritorio/generator-aware-row-scaling/results-revision/research-audit/identifiability-confirmatory/R1_S6_mixed/lp/mixed_S6_seed20260915_SAMat.lp
[PREPROC] modo plano: 43 filas tratadas como un unico bloque sin roles (kernel geomean por fila)
[PREPROC PHASES] metadata_s=3.36e-07 diagnostico_s=2.932e-06 aplicacion_s=5.121e-06
Archivo LP guardado en: /home/mathiasr/Escritorio/generator-aware-row-scaling/results-revision/research-audit/identifiability-confirmatory/R1_S6_mixed/lp/mixed_S6_seed20260915_FlatGM.lp
[PREPROC] modo plano: 43 filas tratadas como un unico bloque sin roles (kernel geomean por fila)
[PREPROC PHASES] metadata_s=3.52e-07 diagnostico_s=2.767e-06 aplicacion_s=5.258e-06
Archivo LP guardado en: /home/mathiasr/Escritorio/generator-aware-row-scaling/results-revision/research-audit/identifiability-confirmatory/R1_S6_mixed/lp/mixed_S6_seed20260915_FlatL2.lp
[PREPROC PHASES] metadata_s=7.414e-06 diagnostico_s=6.069e-06 aplicacion_s=5.932e-06
Archivo LP guardado en: /home/mathiasr/Escritorio/generator-aware-row-scaling/results-revision/research-audit/identifiability-confirmatory/R1_S6_mixed/lp/mixed_S6_seed20260915_RoleHybrid.lp
[PREPROC PHASES] metadata_s=7.046e-06 diagnostico_s=5.837e-06 aplicacion_s=1.0811e-05
Archivo LP guardado en: /home/mathiasr/Escritorio/generator-aware-row-scaling/results-revision/research-audit/identifiability-confirmatory/R1_S6_mixed/lp/mixed_S6_seed20260915_SAMatpermB.lp
Archivo LP guardado en: /home/mathiasr/Escritorio/generator-aware-row-scaling/results-revision/research-audit/identifiability-confirmatory/R1_S6_mixed/lp/mixed_S6_seed20260916_Base.lp
[PREPROC PHASES] metadata_s=7.361e-06 diagnostico_s=6.256e-06 aplicacion_s=6.658e-06
Archivo LP guardado en: /home/mathiasr/Escritorio/generator-aware-row-scaling/results-revision/research-audit/identifiability-confirmatory/R1_S6_mixed/lp/mixed_S6_seed20260916_SAMat.lp
[PREPROC] modo plano: 43 filas tratadas como un unico bloque sin roles (kernel geomean por fila)
[PREPROC PHASES] metadata_s=3.35e-07 diagnostico_s=2.92e-06 aplicacion_s=5.222e-06
Archivo LP guardado en: /home/mathiasr/Escritorio/generator-aware-row-scaling/results-revision/research-audit/identifiability-confirmatory/R1_S6_mixed/lp/mixed_S6_seed20260916_FlatGM.lp
[PREPROC] modo plano: 43 filas tratadas como un unico bloque sin roles (kernel geomean por fila)
[PREPROC PHASES] metadata_s=3.43e-07 diagnostico_s=2.855e-06 aplicacion_s=5.549e-06
Archivo LP guardado en: /home/mathiasr/Escritorio/generator-aware-row-scaling/results-revision/research-audit/identifiability-confirmatory/R1_S6_mixed/lp/mixed_S6_seed20260916_FlatL2.lp
[PREPROC PHASES] metadata_s=8.335e-06 diagnostico_s=6.337e-06 aplicacion_s=6.579e-06
Archivo LP guardado en: /home/mathiasr/Escritorio/generator-aware-row-scaling/results-revision/research-audit/identifiability-confirmatory/R1_S6_mixed/lp/mixed_S6_seed20260916_RoleHybrid.lp
[PREPROC PHASES] metadata_s=7.592e-06 diagnostico_s=6.216e-06 aplicacion_s=1.1254e-05
Archivo LP guardado en: /home/mathiasr/Escritorio/generator-aware-row-scaling/results-revision/research-audit/identifiability-confirmatory/R1_S6_mixed/lp/mixed_S6_seed20260916_SAMatpermB.lp
Archivo LP guardado en: /home/mathiasr/Escritorio/generator-aware-row-scaling/results-revision/research-audit/identifiability-confirmatory/R1_S6_mixed/lp/mixed_S6_seed20260917_Base.lp
[PREPROC PHASES] metadata_s=7.497e-06 diagnostico_s=6.136e-06 aplicacion_s=6.705e-06
Archivo LP guardado en: /home/mathiasr/Escritorio/generator-aware-row-scaling/results-revision/research-audit/identifiability-confirmatory/R1_S6_mixed/lp/mixed_S6_seed20260917_SAMat.lp
[PREPROC] modo plano: 43 filas tratadas como un unico bloque sin roles (kernel geomean por fila)
[PREPROC PHASES] metadata_s=3.61e-07 diagnostico_s=2.747e-06 aplicacion_s=5.341e-06
Archivo LP guardado en: /home/mathiasr/Escritorio/generator-aware-row-scaling/results-revision/research-audit/identifiability-confirmatory/R1_S6_mixed/lp/mixed_S6_seed20260917_FlatGM.lp
[PREPROC] modo plano: 43 filas tratadas como un unico bloque sin roles (kernel geomean por fila)
[PREPROC PHASES] metadata_s=3.5e-07 diagnostico_s=2.715e-06 aplicacion_s=5.408e-06
Archivo LP guardado en: /home/mathiasr/Escritorio/generator-aware-row-scaling/results-revision/research-audit/identifiability-confirmatory/R1_S6_mixed/lp/mixed_S6_seed20260917_FlatL2.lp
[PREPROC PHASES] metadata_s=7.573e-06 diagnostico_s=5.906e-06 aplicacion_s=6.088e-06
Archivo LP guardado en: /home/mathiasr/Escritorio/generator-aware-row-scaling/results-revision/research-audit/identifiability-confirmatory/R1_S6_mixed/lp/mixed_S6_seed20260917_RoleHybrid.lp
[PREPROC PHASES] metadata_s=7.185e-06 diagnostico_s=6.39e-06 aplicacion_s=1.1079e-05
Archivo LP guardado en: /home/mathiasr/Escritorio/generator-aware-row-scaling/results-revision/research-audit/identifiability-confirmatory/R1_S6_mixed/lp/mixed_S6_seed20260917_SAMatpermB.lp
Archivo LP guardado en: /home/mathiasr/Escritorio/generator-aware-row-scaling/results-revision/research-audit/identifiability-confirmatory/R1_S6_mixed/lp/mixed_S6_seed20260918_Base.lp
[PREPROC PHASES] metadata_s=7.429e-06 diagnostico_s=6.073e-06 aplicacion_s=7.467e-06
Archivo LP guardado en: /home/mathiasr/Escritorio/generator-aware-row-scaling/results-revision/research-audit/identifiability-confirmatory/R1_S6_mixed/lp/mixed_S6_seed20260918_SAMat.lp
[PREPROC] modo plano: 43 filas tratadas como un unico bloque sin roles (kernel geomean por fila)
[PREPROC PHASES] metadata_s=4.27e-07 diagnostico_s=2.896e-06 aplicacion_s=5.602e-06
Archivo LP guardado en: /home/mathiasr/Escritorio/generator-aware-row-scaling/results-revision/research-audit/identifiability-confirmatory/R1_S6_mixed/lp/mixed_S6_seed20260918_FlatGM.lp
[PREPROC] modo plano: 43 filas tratadas como un unico bloque sin roles (kernel geomean por fila)
[PREPROC PHASES] metadata_s=3.56e-07 diagnostico_s=2.768e-06 aplicacion_s=5.781e-06
Archivo LP guardado en: /home/mathiasr/Escritorio/generator-aware-row-scaling/results-revision/research-audit/identifiability-confirmatory/R1_S6_mixed/lp/mixed_S6_seed20260918_FlatL2.lp
[PREPROC PHASES] metadata_s=7.683e-06 diagnostico_s=5.863e-06 aplicacion_s=6.198e-06
Archivo LP guardado en: /home/mathiasr/Escritorio/generator-aware-row-scaling/results-revision/research-audit/identifiability-confirmatory/R1_S6_mixed/lp/mixed_S6_seed20260918_RoleHybrid.lp
[PREPROC PHASES] metadata_s=7.5e-06 diagnostico_s=5.68e-06 aplicacion_s=1.1405e-05
Archivo LP guardado en: /home/mathiasr/Escritorio/generator-aware-row-scaling/results-revision/research-audit/identifiability-confirmatory/R1_S6_mixed/lp/mixed_S6_seed20260918_SAMatpermB.lp
[32m[success] Benchmark sintético: 60 corridas (instancia × variante). CSV: /home/mathiasr/Escritorio/generator-aware-row-scaling/results-revision/research-audit/identifiability-confirmatory/R1_S6_mixed/metrics.csv[0m
> [32m[success] Saliendo del programa...[0m
[32m[success] SystemController destruido[0m
