[32m[success] SystemController creado[0m
> Archivo LP guardado en: /home/mathiasr/Escritorio/generator-aware-row-scaling/results-revision/research-audit/identifiability-final/R1_S3_mixed/lp/mixed_S3_seed20260909_Base.lp
[PREPROC PHASES] metadata_s=4.9266e-05 diagnostico_s=4.8664e-05 aplicacion_s=4.7871e-05
Archivo LP guardado en: /home/mathiasr/Escritorio/generator-aware-row-scaling/results-revision/research-audit/identifiability-final/R1_S3_mixed/lp/mixed_S3_seed20260909_SAMat.lp
[PREPROC] modo plano: 43 filas tratadas como un unico bloque sin roles (kernel geomean por fila)
[PREPROC PHASES] metadata_s=1.592e-06 diagnostico_s=3.3022e-05 aplicacion_s=2.978e-05
Archivo LP guardado en: /home/mathiasr/Escritorio/generator-aware-row-scaling/results-revision/research-audit/identifiability-final/R1_S3_mixed/lp/mixed_S3_seed20260909_FlatGM.lp
[PREPROC] modo plano: 43 filas tratadas como un unico bloque sin roles (kernel geomean por fila)
[PREPROC PHASES] metadata_s=1.448e-06 diagnostico_s=2.7227e-05 aplicacion_s=3.015e-05
Archivo LP guardado en: /home/mathiasr/Escritorio/generator-aware-row-scaling/results-revision/research-audit/identifiability-final/R1_S3_mixed/lp/mixed_S3_seed20260909_FlatL2.lp
[PREPROC PHASES] metadata_s=4.8968e-05 diagnostico_s=4.7202e-05 aplicacion_s=4.1721e-05
Archivo LP guardado en: /home/mathiasr/Escritorio/generator-aware-row-scaling/results-revision/research-audit/identifiability-final/R1_S3_mixed/lp/mixed_S3_seed20260909_RoleHybrid.lp
[PREPROC PHASES] metadata_s=4.9265e-05 diagnostico_s=4.6976e-05 aplicacion_s=5.4905e-05
Archivo LP guardado en: /home/mathiasr/Escritorio/generator-aware-row-scaling/results-revision/research-audit/identifiability-final/R1_S3_mixed/lp/mixed_S3_seed20260909_SAMatpermB.lp
Archivo LP guardado en: /home/mathiasr/Escritorio/generator-aware-row-scaling/results-revision/research-audit/identifiability-final/R1_S3_mixed/lp/mixed_S3_seed20260910_Base.lp
[PREPROC PHASES] metadata_s=4.9082e-05 diagnostico_s=4.7423e-05 aplicacion_s=4.3753e-05
Archivo LP guardado en: /home/mathiasr/Escritorio/generator-aware-row-scaling/results-revision/research-audit/identifiability-final/R1_S3_mixed/lp/mixed_S3_seed20260910_SAMat.lp
[PREPROC] modo plano: 43 filas tratadas como un unico bloque sin roles (kernel geomean por fila)
[PREPROC PHASES] metadata_s=1.427e-06 diagnostico_s=2.7988e-05 aplicacion_s=2.9034e-05
Archivo LP guardado en: /home/mathiasr/Escritorio/generator-aware-row-scaling/results-revision/research-audit/identifiability-final/R1_S3_mixed/lp/mixed_S3_seed20260910_FlatGM.lp
[PREPROC] modo plano: 43 filas tratadas como un unico bloque sin roles (kernel geomean por fila)
[PREPROC PHASES] metadata_s=1.392e-06 diagnostico_s=2.7751e-05 aplicacion_s=2.8643e-05
Archivo LP guardado en: /home/mathiasr/Escritorio/generator-aware-row-scaling/results-revision/research-audit/identifiability-final/R1_S3_mixed/lp/mixed_S3_seed20260910_FlatL2.lp
[PREPROC PHASES] metadata_s=4.9276e-05 diagnostico_s=4.6839e-05 aplicacion_s=3.9163e-05
Archivo LP guardado en: /home/mathiasr/Escritorio/generator-aware-row-scaling/results-revision/research-audit/identifiability-final/R1_S3_mixed/lp/mixed_S3_seed20260910_RoleHybrid.lp
[PREPROC PHASES] metadata_s=4.9091e-05 diagnostico_s=4.6684e-05 aplicacion_s=5.2623e-05
Archivo LP guardado en: /home/mathiasr/Escritorio/generator-aware-row-scaling/results-revision/research-audit/identifiability-final/R1_S3_mixed/lp/mixed_S3_seed20260910_SAMatpermB.lp
Archivo LP guardado en: /home/mathiasr/Escritorio/generator-aware-row-scaling/results-revision/research-audit/identifiability-final/R1_S3_mixed/lp/mixed_S3_seed20260911_Base.lp
[PREPROC PHASES] metadata_s=5.3754e-05 diagnostico_s=4.7173e-05 aplicacion_s=4.4684e-05
Archivo LP guardado en: /home/mathiasr/Escritorio/generator-aware-row-scaling/results-revision/research-audit/identifiability-final/R1_S3_mixed/lp/mixed_S3_seed20260911_SAMat.lp
[PREPROC] modo plano: 43 filas tratadas como un unico bloque sin roles (kernel geomean por fila)
[PREPROC PHASES] metadata_s=1.644e-06 diagnostico_s=2.8127e-05 aplicacion_s=2.9772e-05
Archivo LP guardado en: /home/mathiasr/Escritorio/generator-aware-row-scaling/results-revision/research-audit/identifiability-final/R1_S3_mixed/lp/mixed_S3_seed20260911_FlatGM.lp
[PREPROC] modo plano: 43 filas tratadas como un unico bloque sin roles (kernel geomean por fila)
[PREPROC PHASES] metadata_s=1.278e-06 diagnostico_s=2.7228e-05 aplicacion_s=2.9431e-05
Archivo LP guardado en: /home/mathiasr/Escritorio/generator-aware-row-scaling/results-revision/research-audit/identifiability-final/R1_S3_mixed/lp/mixed_S3_seed20260911_FlatL2.lp
[PREPROC PHASES] metadata_s=4.8914e-05 diagnostico_s=4.6958e-05 aplicacion_s=4.0401e-05
Archivo LP guardado en: /home/mathiasr/Escritorio/generator-aware-row-scaling/results-revision/research-audit/identifiability-final/R1_S3_mixed/lp/mixed_S3_seed20260911_RoleHybrid.lp
[PREPROC PHASES] metadata_s=4.8712e-05 diagnostico_s=4.6698e-05 aplicacion_s=6.495e-05
Archivo LP guardado en: /home/mathiasr/Escritorio/generator-aware-row-scaling/results-revision/research-audit/identifiability-final/R1_S3_mixed/lp/mixed_S3_seed20260911_SAMatpermB.lp
Archivo LP guardado en: /home/mathiasr/Escritorio/generator-aware-row-scaling/results-revision/research-audit/identifiability-final/R1_S3_mixed/lp/mixed_S3_seed20260912_Base.lp
[PREPROC PHASES] metadata_s=4.8999e-05 diagnostico_s=4.7829e-05 aplicacion_s=4.8703e-05
Archivo LP guardado en: /home/mathiasr/Escritorio/generator-aware-row-scaling/results-revision/research-audit/identifiability-final/R1_S3_mixed/lp/mixed_S3_seed20260912_SAMat.lp
[PREPROC] modo plano: 43 filas tratadas como un unico bloque sin roles (kernel geomean por fila)
[PREPROC PHASES] metadata_s=1.425e-06 diagnostico_s=2.789e-05 aplicacion_s=3.0313e-05
Archivo LP guardado en: /home/mathiasr/Escritorio/generator-aware-row-scaling/results-revision/research-audit/identifiability-final/R1_S3_mixed/lp/mixed_S3_seed20260912_FlatGM.lp
[PREPROC] modo plano: 43 filas tratadas como un unico bloque sin roles (kernel geomean por fila)
[PREPROC PHASES] metadata_s=1.47e-06 diagnostico_s=2.7902e-05 aplicacion_s=3.0759e-05
Archivo LP guardado en: /home/mathiasr/Escritorio/generator-aware-row-scaling/results-revision/research-audit/identifiability-final/R1_S3_mixed/lp/mixed_S3_seed20260912_FlatL2.lp
[PREPROC PHASES] metadata_s=4.8968e-05 diagnostico_s=4.9611e-05 aplicacion_s=4.4051e-05
Archivo LP guardado en: /home/mathiasr/Escritorio/generator-aware-row-scaling/results-revision/research-audit/identifiability-final/R1_S3_mixed/lp/mixed_S3_seed20260912_RoleHybrid.lp
[PREPROC PHASES] metadata_s=5.2947e-05 diagnostico_s=4.6785e-05 aplicacion_s=5.4869e-05
Archivo LP guardado en: /home/mathiasr/Escritorio/generator-aware-row-scaling/results-revision/research-audit/identifiability-final/R1_S3_mixed/lp/mixed_S3_seed20260912_SAMatpermB.lp
Archivo LP guardado en: /home/mathiasr/Escritorio/generator-aware-row-scaling/results-revision/research-audit/identifiability-final/R1_S3_mixed/lp/mixed_S3_seed20260913_Base.lp
[PREPROC PHASES] metadata_s=5.2463e-05 diagnostico_s=4.8201e-05 aplicacion_s=4.4254e-05
Archivo LP guardado en: /home/mathiasr/Escritorio/generator-aware-row-scaling/results-revision/research-audit/identifiability-final/R1_S3_mixed/lp/mixed_S3_seed20260913_SAMat.lp
[PREPROC] modo plano: 43 filas tratadas como un unico bloque sin roles (kernel geomean por fila)
[PREPROC PHASES] metadata_s=1.252e-06 diagnostico_s=2.8208e-05 aplicacion_s=3.2104e-05
Archivo LP guardado en: /home/mathiasr/Escritorio/generator-aware-row-scaling/results-revision/research-audit/identifiability-final/R1_S3_mixed/lp/mixed_S3_seed20260913_FlatGM.lp
[PREPROC] modo plano: 43 filas tratadas como un unico bloque sin roles (kernel geomean por fila)
[PREPROC PHASES] metadata_s=1.467e-06 diagnostico_s=2.8079e-05 aplicacion_s=2.9083e-05
Archivo LP guardado en: /home/mathiasr/Escritorio/generator-aware-row-scaling/results-revision/research-audit/identifiability-final/R1_S3_mixed/lp/mixed_S3_seed20260913_FlatL2.lp
[PREPROC PHASES] metadata_s=4.9057e-05 diagnostico_s=4.8005e-05 aplicacion_s=4.1765e-05
Archivo LP guardado en: /home/mathiasr/Escritorio/generator-aware-row-scaling/results-revision/research-audit/identifiability-final/R1_S3_mixed/lp/mixed_S3_seed20260913_RoleHybrid.lp
[PREPROC PHASES] metadata_s=4.8773e-05 diagnostico_s=4.7933e-05 aplicacion_s=5.42e-05
Archivo LP guardado en: /home/mathiasr/Escritorio/generator-aware-row-scaling/results-revision/research-audit/identifiability-final/R1_S3_mixed/lp/mixed_S3_seed20260913_SAMatpermB.lp
Archivo LP guardado en: /home/mathiasr/Escritorio/generator-aware-row-scaling/results-revision/research-audit/identifiability-final/R1_S3_mixed/lp/mixed_S3_seed20260914_Base.lp
[PREPROC PHASES] metadata_s=4.9445e-05 diagnostico_s=4.754e-05 aplicacion_s=4.333e-05
Archivo LP guardado en: /home/mathiasr/Escritorio/generator-aware-row-scaling/results-revision/research-audit/identifiability-final/R1_S3_mixed/lp/mixed_S3_seed20260914_SAMat.lp
[PREPROC] modo plano: 43 filas tratadas como un unico bloque sin roles (kernel geomean por fila)
[PREPROC PHASES] metadata_s=1.285e-06 diagnostico_s=2.7773e-05 aplicacion_s=2.7776e-05
Archivo LP guardado en: /home/mathiasr/Escritorio/generator-aware-row-scaling/results-revision/research-audit/identifiability-final/R1_S3_mixed/lp/mixed_S3_seed20260914_FlatGM.lp
[PREPROC] modo plano: 43 filas tratadas como un unico bloque sin roles (kernel geomean por fila)
[PREPROC PHASES] metadata_s=1.193e-06 diagnostico_s=2.7906e-05 aplicacion_s=2.7949e-05
Archivo LP guardado en: /home/mathiasr/Escritorio/generator-aware-row-scaling/results-revision/research-audit/identifiability-final/R1_S3_mixed/lp/mixed_S3_seed20260914_FlatL2.lp
[PREPROC PHASES] metadata_s=4.9039e-05 diagnostico_s=4.7136e-05 aplicacion_s=3.9197e-05
Archivo LP guardado en: /home/mathiasr/Escritorio/generator-aware-row-scaling/results-revision/research-audit/identifiability-final/R1_S3_mixed/lp/mixed_S3_seed20260914_RoleHybrid.lp
[PREPROC PHASES] metadata_s=4.9273e-05 diagnostico_s=4.6582e-05 aplicacion_s=5.1913e-05
Archivo LP guardado en: /home/mathiasr/Escritorio/generator-aware-row-scaling/results-revision/research-audit/identifiability-final/R1_S3_mixed/lp/mixed_S3_seed20260914_SAMatpermB.lp
Archivo LP guardado en: /home/mathiasr/Escritorio/generator-aware-row-scaling/results-revision/research-audit/identifiability-final/R1_S3_mixed/lp/mixed_S3_seed20260915_Base.lp
[PREPROC PHASES] metadata_s=4.8677e-05 diagnostico_s=4.8416e-05 aplicacion_s=4.53e-05
Archivo LP guardado en: /home/mathiasr/Escritorio/generator-aware-row-scaling/results-revision/research-audit/identifiability-final/R1_S3_mixed/lp/mixed_S3_seed20260915_SAMat.lp
[PREPROC] modo plano: 43 filas tratadas como un unico bloque sin roles (kernel geomean por fila)
[PREPROC PHASES] metadata_s=1.426e-06 diagnostico_s=2.7908e-05 aplicacion_s=3.0077e-05
Archivo LP guardado en: /home/mathiasr/Escritorio/generator-aware-row-scaling/results-revision/research-audit/identifiability-final/R1_S3_mixed/lp/mixed_S3_seed20260915_FlatGM.lp
[PREPROC] modo plano: 43 filas tratadas como un unico bloque sin roles (kernel geomean por fila)
[PREPROC PHASES] metadata_s=1.149e-06 diagnostico_s=2.8076e-05 aplicacion_s=3.0204e-05
Archivo LP guardado en: /home/mathiasr/Escritorio/generator-aware-row-scaling/results-revision/research-audit/identifiability-final/R1_S3_mixed/lp/mixed_S3_seed20260915_FlatL2.lp
[PREPROC PHASES] metadata_s=4.8982e-05 diagnostico_s=4.7767e-05 aplicacion_s=4.2424e-05
Archivo LP guardado en: /home/mathiasr/Escritorio/generator-aware-row-scaling/results-revision/research-audit/identifiability-final/R1_S3_mixed/lp/mixed_S3_seed20260915_RoleHybrid.lp
[PREPROC PHASES] metadata_s=4.8784e-05 diagnostico_s=4.7164e-05 aplicacion_s=5.4486e-05
Archivo LP guardado en: /home/mathiasr/Escritorio/generator-aware-row-scaling/results-revision/research-audit/identifiability-final/R1_S3_mixed/lp/mixed_S3_seed20260915_SAMatpermB.lp
Archivo LP guardado en: /home/mathiasr/Escritorio/generator-aware-row-scaling/results-revision/research-audit/identifiability-final/R1_S3_mixed/lp/mixed_S3_seed20260916_Base.lp
[PREPROC PHASES] metadata_s=4.9168e-05 diagnostico_s=4.7505e-05 aplicacion_s=4.4886e-05
Archivo LP guardado en: /home/mathiasr/Escritorio/generator-aware-row-scaling/results-revision/research-audit/identifiability-final/R1_S3_mixed/lp/mixed_S3_seed20260916_SAMat.lp
[PREPROC] modo plano: 43 filas tratadas como un unico bloque sin roles (kernel geomean por fila)
[PREPROC PHASES] metadata_s=1.44e-06 diagnostico_s=2.8545e-05 aplicacion_s=2.9391e-05
Archivo LP guardado en: /home/mathiasr/Escritorio/generator-aware-row-scaling/results-revision/research-audit/identifiability-final/R1_S3_mixed/lp/mixed_S3_seed20260916_FlatGM.lp
[PREPROC] modo plano: 43 filas tratadas como un unico bloque sin roles (kernel geomean por fila)
[PREPROC PHASES] metadata_s=1.349e-06 diagnostico_s=2.7915e-05 aplicacion_s=3.151e-05
Archivo LP guardado en: /home/mathiasr/Escritorio/generator-aware-row-scaling/results-revision/research-audit/identifiability-final/R1_S3_mixed/lp/mixed_S3_seed20260916_FlatL2.lp
[PREPROC PHASES] metadata_s=4.8507e-05 diagnostico_s=4.71e-05 aplicacion_s=4.2515e-05
Archivo LP guardado en: /home/mathiasr/Escritorio/generator-aware-row-scaling/results-revision/research-audit/identifiability-final/R1_S3_mixed/lp/mixed_S3_seed20260916_RoleHybrid.lp
[PREPROC PHASES] metadata_s=4.917e-05 diagnostico_s=4.6759e-05 aplicacion_s=5.3794e-05
Archivo LP guardado en: /home/mathiasr/Escritorio/generator-aware-row-scaling/results-revision/research-audit/identifiability-final/R1_S3_mixed/lp/mixed_S3_seed20260916_SAMatpermB.lp
Archivo LP guardado en: /home/mathiasr/Escritorio/generator-aware-row-scaling/results-revision/research-audit/identifiability-final/R1_S3_mixed/lp/mixed_S3_seed20260917_Base.lp
[PREPROC PHASES] metadata_s=4.8938e-05 diagnostico_s=4.8508e-05 aplicacion_s=4.4099e-05
Archivo LP guardado en: /home/mathiasr/Escritorio/generator-aware-row-scaling/results-revision/research-audit/identifiability-final/R1_S3_mixed/lp/mixed_S3_seed20260917_SAMat.lp
[PREPROC] modo plano: 43 filas tratadas como un unico bloque sin roles (kernel geomean por fila)
[PREPROC PHASES] metadata_s=1.465e-06 diagnostico_s=2.8409e-05 aplicacion_s=2.9661e-05
Archivo LP guardado en: /home/mathiasr/Escritorio/generator-aware-row-scaling/results-revision/research-audit/identifiability-final/R1_S3_mixed/lp/mixed_S3_seed20260917_FlatGM.lp
[PREPROC] modo plano: 43 filas tratadas como un unico bloque sin roles (kernel geomean por fila)
[PREPROC PHASES] metadata_s=1.187e-06 diagnostico_s=2.7262e-05 aplicacion_s=2.9626e-05
Archivo LP guardado en: /home/mathiasr/Escritorio/generator-aware-row-scaling/results-revision/research-audit/identifiability-final/R1_S3_mixed/lp/mixed_S3_seed20260917_FlatL2.lp
[PREPROC PHASES] metadata_s=4.8913e-05 diagnostico_s=4.842e-05 aplicacion_s=4.2338e-05
Archivo LP guardado en: /home/mathiasr/Escritorio/generator-aware-row-scaling/results-revision/research-audit/identifiability-final/R1_S3_mixed/lp/mixed_S3_seed20260917_RoleHybrid.lp
[PREPROC PHASES] metadata_s=5.0079e-05 diagnostico_s=4.7932e-05 aplicacion_s=5.5269e-05
Archivo LP guardado en: /home/mathiasr/Escritorio/generator-aware-row-scaling/results-revision/research-audit/identifiability-final/R1_S3_mixed/lp/mixed_S3_seed20260917_SAMatpermB.lp
Archivo LP guardado en: /home/mathiasr/Escritorio/generator-aware-row-scaling/results-revision/research-audit/identifiability-final/R1_S3_mixed/lp/mixed_S3_seed20260918_Base.lp
[PREPROC PHASES] metadata_s=4.9158e-05 diagnostico_s=4.8379e-05 aplicacion_s=4.4573e-05
Archivo LP guardado en: /home/mathiasr/Escritorio/generator-aware-row-scaling/results-revision/research-audit/identifiability-final/R1_S3_mixed/lp/mixed_S3_seed20260918_SAMat.lp
[PREPROC] modo plano: 43 filas tratadas como un unico bloque sin roles (kernel geomean por fila)
[PREPROC PHASES] metadata_s=1.266e-06 diagnostico_s=2.8224e-05 aplicacion_s=3.265e-05
Archivo LP guardado en: /home/mathiasr/Escritorio/generator-aware-row-scaling/results-revision/research-audit/identifiability-final/R1_S3_mixed/lp/mixed_S3_seed20260918_FlatGM.lp
[PREPROC] modo plano: 43 filas tratadas como un unico bloque sin roles (kernel geomean por fila)
[PREPROC PHASES] metadata_s=1.233e-06 diagnostico_s=2.7533e-05 aplicacion_s=3.0786e-05
Archivo LP guardado en: /home/mathiasr/Escritorio/generator-aware-row-scaling/results-revision/research-audit/identifiability-final/R1_S3_mixed/lp/mixed_S3_seed20260918_FlatL2.lp
[PREPROC PHASES] metadata_s=5.3002e-05 diagnostico_s=4.6971e-05 aplicacion_s=4.2054e-05
Archivo LP guardado en: /home/mathiasr/Escritorio/generator-aware-row-scaling/results-revision/research-audit/identifiability-final/R1_S3_mixed/lp/mixed_S3_seed20260918_RoleHybrid.lp
[PREPROC PHASES] metadata_s=4.9029e-05 diagnostico_s=4.8099e-05 aplicacion_s=5.4043e-05
Archivo LP guardado en: /home/mathiasr/Escritorio/generator-aware-row-scaling/results-revision/research-audit/identifiability-final/R1_S3_mixed/lp/mixed_S3_seed20260918_SAMatpermB.lp
[32m[success] Benchmark sintético: 60 corridas (instancia × variante). CSV: /home/mathiasr/Escritorio/generator-aware-row-scaling/results-revision/research-audit/identifiability-final/R1_S3_mixed/metrics.csv[0m
> [32m[success] Saliendo del programa...[0m
[32m[success] SystemController destruido[0m
