LP Base has 10080 rows; 6120 cols; 22679 nonzeros
Coefficient ranges:
  Matrix  [5e-04, 4e+09]
  Cost    [3e-03, 1e+02]
  Bound   [1e+00, 4e+09]
  RHS     [4e+01, 3e+09]
WARNING: Problem has some excessively large column bounds
WARNING: Problem has some excessively large row bounds
WARNING:    Consider scaling the    bounds by 1e-4, or setting the user_bound_scale option to -12
Presolving model
9720 rows, 6120 cols, 22319 nonzeros 0s
Dependent equations search running on 720 equations with time limit of 3.00s
Dependent equations search removed 0 rows and 0 nonzeros in 0.00s (limit = 3.00s)
9351 rows, 5760 cols, 21581 nonzeros 0s
Presolve reductions: rows 9351(-729); columns 5760(-360); nonzeros 21581(-1098) 
Solving the presolved LP
Using dual simplex solver
  Iteration        Objective     Infeasibilities num(sum)
          0     0.0000000000e+00 Ph1: 0(0) 0.0s
       5080     3.0035329876e+07 Pr: 0(0) 0.3s

Performed postsolve
Solving the original LP from the solution after postsolve

Model name          : Base
Model status        : Optimal
Simplex   iterations: 5080
Objective value     :  3.0035329876e+07
P-D objective error :  2.7720766554e-14
HiGHS run time      :          0.33
