LP Base has 23763 rows; 16561 cols; 57555 nonzeros
Coefficient ranges:
  Matrix  [5e-04, 8e+09]
  Cost    [3e-04, 1e+02]
  Bound   [1e+00, 1e+10]
  RHS     [5e+00, 7e+09]
WARNING: Problem has some excessively large column bounds
WARNING: Problem has some excessively large row bounds
WARNING:    Consider scaling the    bounds by 1e-5, or setting the user_bound_scale option to -14
Presolving model
23395 rows, 16551 cols, 57161 nonzeros 0s
Dependent equations search running on 2512 equations with time limit of 3.00s
Dependent equations search removed 0 rows and 0 nonzeros in 0.00s (limit = 3.00s)
22307 rows, 15471 cols, 54985 nonzeros 0s
Presolve reductions: rows 22307(-1456); columns 15471(-1090); nonzeros 54985(-2570) 
Solving the presolved LP
Using dual simplex solver
  Iteration        Objective     Infeasibilities num(sum)
          0    -2.0000000000e+03 Ph1: 3(1250); Du: 1(2) 0.1s
      10515    -1.6688823284e+06 Pr: 904(9.28637e+08); Du: 0(6.8983e-08) 5.3s
      15687    -1.6637656404e+06 Pr: 692(4.67303e+09); Du: 0(4.31236e-08) 10.6s
      16941    -1.6252708366e+06 Pr: 0(0); Du: 0(9.55859e-08) 11.4s
      16941    -1.6252708366e+06 Pr: 0(0); Du: 0(9.55859e-08) 11.4s
Using primal simplex solver
  Iteration        Objective     Infeasibilities num(sum)
      16941    -1.6252708366e+06 Pr: 0(0); Du: 1(4.894e-05) 11.4s
      16942    -1.6252708398e+06 Pr: 0(0) 11.4s

Performed postsolve
Solving the original LP from the solution after postsolve

Model name          : Base
Model status        : Optimal
Simplex   iterations: 16942
Objective value     : -1.6252708398e+06
P-D objective error :  2.2777779584e-14
HiGHS run time      :         11.47
