LP Base has 23763 rows; 16561 cols; 57555 nonzeros
Coefficient ranges:
  Matrix  [3e-04, 1e+10]
  Cost    [2e-04, 1e+02]
  Bound   [1e+00, 1e+10]
  RHS     [5e+00, 1e+10]
WARNING: Problem has some excessively large column bounds
WARNING: Problem has some excessively large row bounds
WARNING:    Consider scaling the    bounds by 1e-5, or setting the user_bound_scale option to -14
Presolving model
23395 rows, 16551 cols, 57161 nonzeros 0s
Dependent equations search running on 2512 equations with time limit of 3.00s
Dependent equations search removed 0 rows and 0 nonzeros in 0.00s (limit = 3.00s)
22270 rows, 15471 cols, 54911 nonzeros 0s
Presolve reductions: rows 22270(-1493); columns 15471(-1090); nonzeros 54911(-2644) 
Solving the presolved LP
Using dual simplex solver
  Iteration        Objective     Infeasibilities num(sum)
          0    -2.0000000000e+03 Ph1: 3(3500); Du: 1(2) 0.1s
      12284    -2.0582572490e+05 Pr: 3780(2.40145e+08) 5.5s
      17668     8.6313088455e+03 Pr: 4594(2.34627e+09); Du: 0(1.64873e-08) 10.8s
      21596     8.1427801601e+04 Pr: 1335(5.84244e+08); Du: 0(7.47327e-08) 15.8s
      23606     9.1273281466e+04 Pr: 0(0); Du: 0(6.39435e-08) 18.6s
      23606     9.1273281466e+04 Pr: 0(0); Du: 0(6.39435e-08) 18.6s
Using primal simplex solver
  Iteration        Objective     Infeasibilities num(sum)
      23606     9.1270322105e+04 Pr: 0(0); Du: 1(0.00838119) 18.7s
      23607     9.1273281233e+04 Pr: 0(0); Du: 0(3.50528e-13) 18.7s

Performed postsolve
Solving the original LP from the solution after postsolve

Model name          : Base
Model status        : Optimal
Simplex   iterations: 23607
Objective value     :  9.1273281233e+04
P-D objective error :  2.3914723974e-15
HiGHS run time      :         18.76
