LP Base has 23763 rows; 16561 cols; 57555 nonzeros
Coefficient ranges:
  Matrix  [5e-04, 4e+09]
  Cost    [1e-04, 1e+02]
  Bound   [1e+00, 1e+10]
  RHS     [5e+00, 4e+09]
WARNING: Problem has some excessively large column bounds
WARNING: Problem has some excessively large row bounds
WARNING:    Consider scaling the    bounds by 1e-5, or setting the user_bound_scale option to -14
Presolving model
23395 rows, 16553 cols, 57163 nonzeros 0s
Dependent equations search running on 2512 equations with time limit of 3.00s
Dependent equations search removed 0 rows and 0 nonzeros in 0.00s (limit = 3.00s)
22291 rows, 15473 cols, 54955 nonzeros 0s
Presolve reductions: rows 22291(-1472); columns 15473(-1088); nonzeros 54955(-2600) 
Solving the presolved LP
Using dual simplex solver
  Iteration        Objective     Infeasibilities num(sum)
          0    -2.0000000000e+03 Ph1: 3(1250); Du: 1(2) 0.1s
       8938    -1.7103521681e+06 Pr: 0(0) 1.3s
       8938    -1.7103521681e+06 Pr: 0(0) 1.3s

Performed postsolve
Solving the original LP from the solution after postsolve

Model name          : Base
Model status        : Optimal
Simplex   iterations: 8938
Objective value     : -1.7103521681e+06
P-D objective error :  5.2001734808e-14
HiGHS run time      :          1.38
