
Gurobi 13.0.2 (linux64) logging started Wed Sep  9 19:39:08 2026

Set parameter LogFile to value "results-revision/research-audit/exploration-failures/reruns/cardinality_s100_e9_Budget-dyadic_gurobi_p1.log"
Set parameter Threads to value 1
Set parameter Seed to value 100
Set parameter Presolve to value -1
Set parameter TimeLimit to value 10
Set parameter MIPGap to value 0
Set parameter MIPGapAbs to value 0
Set parameter FeasibilityTol to value 1e-06
Set parameter IntFeasTol to value 1e-06
Gurobi Optimizer version 13.0.2 build v13.0.2rc1 (linux64 - "Ubuntu 22.04.5 LTS")

CPU model: 13th Gen Intel(R) Core(TM) i7-13620H, instruction set [SSE2|AVX|AVX2]
Thread count: 16 physical cores, 16 logical processors, using up to 1 threads

Non-default parameters:
TimeLimit  10
IntFeasTol  1e-06
MIPGap  0
MIPGapAbs  0
LogToConsole  0
Seed  100
Threads  1

Academic license 2849920 - for non-commercial use only - registered to ma___@fing.edu.uy
Optimize a model with 1 rows, 12 columns and 12 nonzeros (Min)
Model fingerprint: 0xd535e142
Model has 12 linear objective coefficients
Variable types: 0 continuous, 12 integer (12 binary)
Coefficient statistics:
  Matrix range     [1e+05, 1e+05]
  Objective range  [3e+00, 3e+01]
  Bounds range     [1e+00, 1e+00]
  RHS range        [7e+05, 7e+05]

Found heuristic solution: objective -49.0000000
Presolve removed 1 rows and 12 columns
Presolve time: 0.00s
Presolve: All rows and columns removed

Explored 0 nodes (0 simplex iterations) in 0.00 seconds (0.00 work units)
Thread count was 1 (of 16 available processors)

Solution count 2: -158 -49 
No other solutions better than -158

Optimal solution found (tolerance 0.00e+00)
Warning: max constraint violation (1.2207e-05) exceeds tolerance
Best objective -1.580000000000e+02, best bound -1.580000000000e+02, gap 0.0000%
