Running HiGHS 1.15.1 (git hash: 04024d7): Copyright (c) 2026 under MIT licence terms
Includes third-party software components, see THIRD_PARTY_NOTICES.md for full details
MIP has 1 row; 12 cols; 12 nonzeros; 12 integer variables (12 binary)
Coefficient ranges:
  Matrix  [1e+05, 1e+05]
  Cost    [3e+00, 3e+01]
  Bound   [1e+00, 1e+00]
  RHS     [7e+05, 7e+05]

Presolve is switched off
Objective function is integral with scale 1

Solving MIP model with:
   1 row
   12 cols (12 binary, 0 integer, 0 implied int., 0 continuous, 0 domain fixed)
   12 nonzeros
   Thread count 1 (of 16 threads). Using 1 max workers. Parallel search off

Src: B => Branching; C => Central rounding; F => Feasibility pump; H => Heuristic;
     I => Shifting; J => Feasibility jump; L => Sub-MIP; P => Empty MIP; R => Randomized rounding;
     S => Solve LP; T => Evaluate node; U => Unbounded; X => User solution; Y => HiGHS solution;
     Z => ZI Round; l => Trivial lower; p => Trivial point; u => Trivial upper; z => Trivial zero

        Nodes      |    B&B Tree     |            Objective Bounds              |  Dynamic Constraints |       Work      
Src  Proc. InQueue |  Leaves   Expl. | BestBound       BestSol              Gap |   Cuts   InLp Confl. | LpIters     Time

 z       0       0         0   0.00%   -inf            0                  Large        0      0      0         0     0.0s
 J       0       0         0   0.00%   -inf            -30                Large        0      0      0         0     0.0s
 T       0       0         0   0.00%   -193            -158              22.15%        0      0      0         0     0.0s
         1       0         1 100.00%   -158            -158               0.00%        0      0      0         0     0.0s

Solving report
  Status            Optimal
  Primal bound      -157.999999998
  Dual bound        -157.999999998
  Gap               0%
  P-D integral      0.00100229782394
  Solution status   feasible
                    -157.999999998 (objective)
                    0 (bound viol.)
                    1.00000341341e-10 (int. viol.)
                    0 (row viol.)
  Timing            0.03
                    0.00 (Presolve)
                    0.03 (Solve)
                    0.00 (Postsolve)
  Max sub-MIP depth 0
  Nodes             1
  Repair LPs        0
  LP iterations     0
