Running HiGHS 1.15.1 (git hash: 04024d7): Copyright (c) 2026 under MIT licence terms
Includes third-party software components, see THIRD_PARTY_NOTICES.md for full details
MIP has 1 row; 12 cols; 12 nonzeros; 12 integer variables (12 binary)
Coefficient ranges:
  Matrix  [1e+09, 1e+09]
  Cost    [3e+00, 3e+01]
  Bound   [1e+00, 1e+00]
  RHS     [6e+09, 6e+09]
WARNING: Problem has some excessively large row bounds
WARNING:    Consider scaling the    bounds by 1e-4, or setting the user_bound_scale option to -13
Presolving model
0 rows, 0 cols, 0 nonzeros 0s
0 rows, 0 cols, 0 nonzeros 0s
Presolve reductions: rows 0(-1); columns 0(-12); nonzeros 0(-12) - Reduced to empty
Presolve: Optimal
WARNING: Solution with objective -158 has untransformed violations: bound = 0; integrality = 0; row = 0.1

Src: B => Branching; C => Central rounding; F => Feasibility pump; H => Heuristic;
     I => Shifting; J => Feasibility jump; L => Sub-MIP; P => Empty MIP; R => Randomized rounding;
     S => Solve LP; T => Evaluate node; U => Unbounded; X => User solution; Y => HiGHS solution;
     Z => ZI Round; l => Trivial lower; p => Trivial point; u => Trivial upper; z => Trivial zero

        Nodes      |    B&B Tree     |            Objective Bounds              |  Dynamic Constraints |       Work      
Src  Proc. InQueue |  Leaves   Expl. | BestBound       BestSol              Gap |   Cuts   InLp Confl. | LpIters     Time

         0       0         0   0.00%   -158            -158               0.00%        0      0      0         0     0.0s

Solving report
  Status            Optimal
  Primal bound      -158
  Dual bound        -158
  Gap               0%
  P-D integral      0
  Solution status   infeasible
                    -158 (objective)
                    0 (bound viol.)
                    0 (int. viol.)
                    0.10000038147 (row viol.)
  Timing            0.00
                    0.00 (Presolve)
                    0.00 (Solve)
                    0.00 (Postsolve)
  Max sub-MIP depth 0
  Nodes             0
  Repair LPs        1 (0 feasible; 0 iterations)
  LP iterations     0
ERROR:   MIP solver claims optimality, but with num/max/sum primal(1/0.1/0.1) infeasibilities
ERROR:   Setting model status to Solve error
