Running HiGHS 1.15.1 (git hash: 04024d7): Copyright (c) 2026 under MIT licence terms
Includes third-party software components, see THIRD_PARTY_NOTICES.md for full details
MIP has 3 rows; 12 cols; 36 nonzeros; 12 integer variables (12 binary)
Coefficient ranges:
  Matrix  [1e+00, 9e+00]
  Cost    [8e+00, 3e+01]
  Bound   [1e+00, 1e+00]
  RHS     [2e+01, 4e+01]

Presolve is switched off
Objective function is integral with scale 1

Solving MIP model with:
   3 rows
   12 cols (12 binary, 0 integer, 0 implied int., 0 continuous, 0 domain fixed)
   36 nonzeros
   Thread count 1 (of 16 threads). Using 1 max workers. Parallel search off

Src: B => Branching; C => Central rounding; F => Feasibility pump; H => Heuristic;
     I => Shifting; J => Feasibility jump; L => Sub-MIP; P => Empty MIP; R => Randomized rounding;
     S => Solve LP; T => Evaluate node; U => Unbounded; X => User solution; Y => HiGHS solution;
     Z => ZI Round; l => Trivial lower; p => Trivial point; u => Trivial upper; z => Trivial zero

        Nodes      |    B&B Tree     |            Objective Bounds              |  Dynamic Constraints |       Work      
Src  Proc. InQueue |  Leaves   Expl. | BestBound       BestSol              Gap |   Cuts   InLp Confl. | LpIters     Time

 z       0       0         0   0.00%   -inf            0                  Large        0      0      0         0     0.0s
 J       0       0         0   0.00%   -inf            -30                Large        0      0      0         0     0.0s
 S       0       0         0   0.00%   -198            -128              54.69%        0      0      0         0     0.0s
         0       0         0   0.00%   -141.890411     -128              10.85%        0      0      3         3     0.0s
 T       6       0         3  75.00%   -133.8571429    -131               2.18%      137      8     49        98     0.0s
         7       0         4 100.00%   -131            -131               0.00%      137      8     50       100     0.0s

Solving report
  Status            Optimal
  Primal bound      -131
  Dual bound        -131
  Gap               0%
  P-D integral      0.00148349406702
  Solution status   feasible
                    -131 (objective)
                    0 (bound viol.)
                    6.83897383169e-15 (int. viol.)
                    0 (row viol.)
  Timing            0.02
                    0.00 (Presolve)
                        MIP    time [calls] = 0.00 [1]
                        subMIP time [calls] = 0.00 [4]
                    0.02 (Solve)
                        MIP    time [calls] = 0.01 [1]
                        subMIP time [calls] = 0.01 [4]
                    0.00 (Postsolve)
                        MIP    time [calls] = 0.00 [1]
                        subMIP time [calls] = 0.00 [4]
  Max sub-MIP depth 2
  Nodes             7
  Repair LPs        0
  LP iterations     100
                    43 (strong br.)
                    21 (separation)
                    11 (heuristics)
