
Gurobi 13.0.2 (linux64) logging started Wed Sep  9 19:39:08 2026

Set parameter LogFile to value "results-revision/research-audit/exploration-failures/reruns/packing_s104_e9_Base_gurobi_p1.log"
Set parameter Threads to value 1
Set parameter Seed to value 104
Set parameter Presolve to value -1
Set parameter TimeLimit to value 10
Set parameter MIPGap to value 0
Set parameter MIPGapAbs to value 0
Set parameter FeasibilityTol to value 1e-06
Set parameter IntFeasTol to value 1e-06
Gurobi Optimizer version 13.0.2 build v13.0.2rc1 (linux64 - "Ubuntu 22.04.5 LTS")

CPU model: 13th Gen Intel(R) Core(TM) i7-13620H, instruction set [SSE2|AVX|AVX2]
Thread count: 16 physical cores, 16 logical processors, using up to 1 threads

Non-default parameters:
TimeLimit  10
IntFeasTol  1e-06
MIPGap  0
MIPGapAbs  0
LogToConsole  0
Seed  104
Threads  1

Academic license 2849920 - for non-commercial use only - registered to ma___@fing.edu.uy
Optimize a model with 3 rows, 12 columns and 36 nonzeros (Min)
Model fingerprint: 0xb7b1195a
Model has 12 linear objective coefficients
Variable types: 0 continuous, 12 integer (12 binary)
Coefficient statistics:
  Matrix range     [1e+09, 9e+09]
  Objective range  [8e+00, 3e+01]
  Bounds range     [1e+00, 1e+00]
  RHS range        [2e+10, 4e+10]
Warning: Model contains large matrix coefficients
Warning: Model contains large rhs
         Consider reformulating model or setting NumericFocus parameter
         to avoid numerical issues.

Found heuristic solution: objective 0.0000000
Presolve time: 0.00s
Presolved: 3 rows, 12 columns, 36 nonzeros
Variable types: 0 continuous, 12 integer (12 binary)
Found heuristic solution: objective -106.0000000

Root relaxation: objective -1.418904e+02, 3 iterations, 0.00 seconds (0.00 work units)

    Nodes    |    Current Node    |     Objective Bounds      |     Work
 Expl Unexpl |  Obj  Depth IntInf | Incumbent    BestBd   Gap | It/Node Time

     0     0 -141.89041    0    2 -106.00000 -141.89041  33.9%     -    0s
H    0     0                    -128.0000000 -141.89041  10.9%     -    0s
H    0     0                    -131.0000000 -141.89041  8.31%     -    0s
     0     0 -140.43636    0    3 -131.00000 -140.43636  7.20%     -    0s
     0     0 -138.00000    0    3 -131.00000 -138.00000  5.34%     -    0s
     0     0 -137.78571    0    5 -131.00000 -137.78571  5.18%     -    0s
     0     0 -137.16667    0    5 -131.00000 -137.16667  4.71%     -    0s
     0     0 -136.84615    0    5 -131.00000 -136.84615  4.46%     -    0s
     0     0 -135.53247    0    5 -131.00000 -135.53247  3.46%     -    0s
     0     0 -135.17391    0    6 -131.00000 -135.17391  3.19%     -    0s
     0     0 -135.08934    0    7 -131.00000 -135.08934  3.12%     -    0s
     0     0 -134.83333    0    7 -131.00000 -134.83333  2.93%     -    0s
     0     0 -133.80645    0    4 -131.00000 -133.80645  2.14%     -    0s
     0     0 -133.00000    0    5 -131.00000 -133.00000  1.53%     -    0s
     0     0 -132.36364    0    5 -131.00000 -132.36364  1.04%     -    0s
     0     0 -132.35714    0    6 -131.00000 -132.35714  1.04%     -    0s
     0     0 -132.28571    0    3 -131.00000 -132.28571  0.98%     -    0s
     0     0 -132.28571    0    5 -131.00000 -132.28571  0.98%     -    0s
     0     0 -132.28571    0    5 -131.00000 -132.28571  0.98%     -    0s
     0     0 -132.28571    0    5 -131.00000 -132.28571  0.98%     -    0s
     0     0     cutoff    0      -131.00000 -131.00000  0.00%     -    0s

Cutting planes:
  Cover: 2
  MIR: 4
  StrongCG: 1

Explored 1 nodes (39 simplex iterations) in 0.00 seconds (0.00 work units)
Thread count was 1 (of 16 available processors)

Solution count 4: -131 -128 -106 0 
No other solutions better than -131

Optimal solution found (tolerance 0.00e+00)
Best objective -1.310000000000e+02, best bound -1.310000000000e+02, gap 0.0000%
