
Gurobi 13.0.2 (linux64) logging started Wed Sep  9 19:39:08 2026

Set parameter LogFile to value "results-revision/research-audit/exploration-failures/reruns/packing_s104_e9_Base_gurobi_p0.log"
Set parameter Threads to value 1
Set parameter Seed to value 104
Set parameter Presolve to value 0
Set parameter TimeLimit to value 10
Set parameter MIPGap to value 0
Set parameter MIPGapAbs to value 0
Set parameter FeasibilityTol to value 1e-06
Set parameter IntFeasTol to value 1e-06
Gurobi Optimizer version 13.0.2 build v13.0.2rc1 (linux64 - "Ubuntu 22.04.5 LTS")

CPU model: 13th Gen Intel(R) Core(TM) i7-13620H, instruction set [SSE2|AVX|AVX2]
Thread count: 16 physical cores, 16 logical processors, using up to 1 threads

Non-default parameters:
TimeLimit  10
IntFeasTol  1e-06
MIPGap  0
MIPGapAbs  0
LogToConsole  0
Presolve  0
Seed  104
Threads  1

Academic license 2849920 - for non-commercial use only - registered to ma___@fing.edu.uy
Optimize a model with 3 rows, 12 columns and 36 nonzeros (Min)
Model fingerprint: 0xb7b1195a
Model has 12 linear objective coefficients
Variable types: 0 continuous, 12 integer (12 binary)
Coefficient statistics:
  Matrix range     [1e+09, 9e+09]
  Objective range  [8e+00, 3e+01]
  Bounds range     [1e+00, 1e+00]
  RHS range        [2e+10, 4e+10]
Warning: Model contains large matrix coefficients
Warning: Model contains large rhs
         Consider reformulating model or setting NumericFocus parameter
         to avoid numerical issues.

Found heuristic solution: objective 0.0000000
Variable types: 0 continuous, 12 integer (12 binary)

Root relaxation: objective -1.442055e+02, 3 iterations, 0.00 seconds (0.00 work units)

    Nodes    |    Current Node    |     Objective Bounds      |     Work
 Expl Unexpl |  Obj  Depth IntInf | Incumbent    BestBd   Gap | It/Node Time

     0     0 -144.20548    0    2    0.00000 -144.20548      -     -    0s
H    0     0                    -128.0000000 -144.20548  12.7%     -    0s
H    0     0                    -131.0000000 -144.20548  10.1%     -    0s
     0     0 -142.45902    0    3 -131.00000 -142.45902  8.75%     -    0s
     0     0 -142.31818    0    4 -131.00000 -142.31818  8.64%     -    0s
     0     0 -141.50000    0    4 -131.00000 -141.50000  8.02%     -    0s
     0     0 -140.80000    0    4 -131.00000 -140.80000  7.48%     -    0s
H    0     0                    -140.0000000 -140.80000  0.57%     -    0s
     0     0 -140.80000    0    4 -140.00000 -140.80000  0.57%     -    0s

Cutting planes:
  Cover: 4

Explored 1 nodes (10 simplex iterations) in 0.00 seconds (0.00 work units)
Thread count was 1 (of 16 available processors)

Solution count 4: -140 -131 -128 0 
No other solutions better than -140

Optimal solution found (tolerance 0.00e+00)
Best objective -1.399999999999e+02, best bound -1.399999999999e+02, gap 0.0000%
