
Gurobi 13.0.2 (linux64) logging started Wed Sep  9 19:39:08 2026

Set parameter LogFile to value "results-revision/research-audit/exploration-failures/reruns/packing_s104_e9_Lattice-normalized_gurobi_p0.log"
Set parameter Threads to value 1
Set parameter Seed to value 104
Set parameter Presolve to value 0
Set parameter TimeLimit to value 10
Set parameter MIPGap to value 0
Set parameter MIPGapAbs to value 0
Set parameter FeasibilityTol to value 1e-06
Set parameter IntFeasTol to value 1e-06
Gurobi Optimizer version 13.0.2 build v13.0.2rc1 (linux64 - "Ubuntu 22.04.5 LTS")

CPU model: 13th Gen Intel(R) Core(TM) i7-13620H, instruction set [SSE2|AVX|AVX2]
Thread count: 16 physical cores, 16 logical processors, using up to 1 threads

Non-default parameters:
TimeLimit  10
IntFeasTol  1e-06
MIPGap  0
MIPGapAbs  0
LogToConsole  0
Presolve  0
Seed  104
Threads  1

Academic license 2849920 - for non-commercial use only - registered to ma___@fing.edu.uy
Optimize a model with 3 rows, 12 columns and 36 nonzeros (Min)
Model fingerprint: 0x1dbb51c5
Model has 12 linear objective coefficients
Variable types: 0 continuous, 12 integer (12 binary)
Coefficient statistics:
  Matrix range     [1e+00, 9e+00]
  Objective range  [8e+00, 3e+01]
  Bounds range     [1e+00, 1e+00]
  RHS range        [2e+01, 4e+01]

Found heuristic solution: objective -106.0000000
Variable types: 0 continuous, 12 integer (12 binary)

Root relaxation: objective -1.418904e+02, 3 iterations, 0.00 seconds (0.00 work units)

    Nodes    |    Current Node    |     Objective Bounds      |     Work
 Expl Unexpl |  Obj  Depth IntInf | Incumbent    BestBd   Gap | It/Node Time

     0     0 -141.89041    0    2 -106.00000 -141.89041  33.9%     -    0s
H    0     0                    -128.0000000 -141.89041  10.9%     -    0s
H    0     0                    -131.0000000 -141.89041  8.31%     -    0s
     0     0 -140.43636    0    3 -131.00000 -140.43636  7.20%     -    0s
     0     0 -137.42857    0    3 -131.00000 -137.42857  4.91%     -    0s
     0     0 -135.58140    0    3 -131.00000 -135.58140  3.50%     -    0s
     0     0 -134.05045    0    4 -131.00000 -134.05045  2.33%     -    0s
     0     0 -133.97734    0    5 -131.00000 -133.97734  2.27%     -    0s
     0     0 -133.40426    0    6 -131.00000 -133.40426  1.84%     -    0s
     0     0 -132.99978    0    6 -131.00000 -132.99978  1.53%     -    0s
     0     0 -132.99091    0    6 -131.00000 -132.99091  1.52%     -    0s
     0     0 -132.92437    0    6 -131.00000 -132.92437  1.47%     -    0s
     0     0 -132.76250    0    6 -131.00000 -132.76250  1.35%     -    0s
     0     0 -132.67188    0    4 -131.00000 -132.67188  1.28%     -    0s
     0     0     cutoff    0      -131.00000 -131.00000  0.00%     -    0s

Cutting planes:
  Gomory: 1
  Cover: 2
  MIR: 4
  StrongCG: 1

Explored 1 nodes (33 simplex iterations) in 0.00 seconds (0.00 work units)
Thread count was 1 (of 16 available processors)

Solution count 3: -131 -128 -106 
No other solutions better than -131

Optimal solution found (tolerance 0.00e+00)
Best objective -1.310000000000e+02, best bound -1.310000000000e+02, gap 0.0000%
