[32m[success] SystemController creado[0m
> [32m[success] El programa se ha iniciado correctamente[0m
> > 
========== DEBUG CONSTRUCTOR RioNegroBoneteNoLineal ==========
volumenesBonete.size()         = 118
valoresBellman.size()          = 118
derivadasValoresBellman.size() = 118
volumenesBonete.front() = 1487
volumenesBonete.back()  = 10239.8139534883
==============================================================

[info] RioNegroNoLineal: activación de tramos de altura horaria
[32m[success] Se ha creado el agente 'Río Negro Bonete No Lineal' exitosamente[0m
> > [34m[info] Agregando agente Salto Grande[0m
[34m[info] Ingrese costo de agua de Salto Grande:[0m
[34m[info] Ingrese volumen inicial de Salto Grande:[0m
[34m[info] Ingrese aportes de Salto Grande en una sola línea (360 valores):[0m
[info] SaltoGrande: activación de tramos de altura horaria
[32m[success] Se ha creado el agente 'Salto Grande' exitosamente[0m
> > [34m[info] Agregando agente Unidad Térmica Simple[0m
[34m[info] Ingrese potencia máxima de la unidad térmica simple:[0m
[34m[info] Ingrese costo variable de la unidad térmica simple:[0m
[32m[success] Se ha creado el agente 'Unidad Térmica Simple' exitosamente[0m
> > [34m[info] Agregando agente Demanda Fija[0m
[34m[info] Ingrese demandas en una sola línea (360 valores):[0m
[32m[success] Se ha creado el agente 'Demanda Fija' exitosamente[0m
> > [34m[info] Creando despacho de mercado[0m
[34m[info] Modo: despacho de mercado con demanda total explícita[0m
[34m[info] Ingrese cantidad de tramos del despacho de mercado:[0m
[34m[info] Ingrese porcentajes acumulados de los tramos en una sola línea (4 valores):[0m
[34m[info] Ingrese costos marginales de los tramos en una sola línea (4 valores):[0m
[34m[info] Ingrese demanda total en una sola línea (360 valores):[0m
[32m[success] Se ha creado el despacho de mercado exitosamente[0m
> > [32m[success] Solver 'DummyLp' configurado | timeout=1800s | mipgap=0.0001[0m
> 
========== DEBUG RANGO BONETE ==========
volumenInicialBonete [m3] = 3816416000
v0 [hm3]                  = 3816.416
vRef1 [hm3]               = 3243.9536
vRef2 [hm3]               = 3816.416
vRef3 [hm3]               = 4388.8784
min volumen Bellman [hm3] = 1487
max volumen Bellman [hm3] = 10239.8139534883
========================================


========== DEBUG Bonete Bellman ==========
volumenesBonete.size()          = 118
valoresBellman.size()           = 118
derivadasValoresBellman.size()  = 118
v0 [hm3]       = 3816.416
i0             = 31
vCorte0 [hm3]  = 3806.12164579606
B0 = B(vCorte0)= 63439858.7621584
Corte 1:
  vRef1 [hm3]       = 3243.9536
  i1                = 23
  vCorte1 [hm3]     = 3207.63864042934
  B1                = 59793253.4794284
  q1 [costo/hm3]    = 9544.8504980291
  coef1 [costo/m3]  = 0.0095448504980291
  rhs1              = 34263036.5573294
Corte 2:
  vRef2 [hm3]       = 3816.416
  i2                = 31
  vCorte2 [hm3]     = 3806.12164579606
  B2                = 63439858.7621584
  q2 [costo/hm3]    = 3829.99727443511
  coef2 [costo/m3]  = 0.00382999727443511
  rhs2              = 14577435.5295674
Corte 3:
  vRef3 [hm3]       = 4388.8784
  i3                = 39
  vCorte3 [hm3]     = 4404.60465116279
  B3                = 65444678.3330183
  q3 [costo/hm3]    = 2869.67356962322
  coef3 [costo/m3]  = 0.00286967356962322
  rhs3              = 10634957.9812215
Variable final usada: a1_v1h(360)
Variable delta usada: a1_delta1h
Restriccion 1 esperada: a1_delta1h + (0.0095448504980291) * a1_v1h(360) >= 34263036.5573294
Restriccion 2 esperada: a1_delta1h + (0.00382999727443511) * a1_v1h(360) >= 14577435.5295674
Restriccion 3 esperada: a1_delta1h + (0.00286967356962322) * a1_v1h(360) >= 10634957.9812215
==========================================

[DEBUG Despacho] j=0 idGen=1 coefParticipacionDespacho=1
[DEBUG Despacho] j=1 idGen=2 coefParticipacionDespacho=0.5
[DEBUG Despacho] j=2 idGen=3 coefParticipacionDespacho=1

[DEBUG Despacho] Cantidad de generadores = 3
[DEBUG Despacho] j=0 puntero=0x5681f6ef8260 idGen=1 coefParticipacionDespacho=1
[DEBUG Despacho] j=1 puntero=0x5681f6ef35e0 idGen=2 coefParticipacionDespacho=0.5
[DEBUG Despacho] j=2 puntero=0x5681f6ef37f0 idGen=3 coefParticipacionDespacho=1
[PREPROC] modo plano: 23763 filas tratadas como un unico bloque sin roles (kernel geomean por fila)
[PREPROC PHASES] metadata_s=0.001045506 diagnostico_s=0.031754201 aplicacion_s=0.059218634

------------------------------------------------------------
  PREPROCESAMIENTO MIP - Diagnostico Numerico
------------------------------------------------------------
Rango de coeficientes (toda la matriz):
  max |coef| = 3.507e+08
  min |coef| = 9.335e-06
  proxy rango= 3.757e+13

Diagnostico por bloque:
Bloque              max|coef|      min|coef|      kappa_aprox   vars    alpha     beta      cols      disc_omit aux_omit  escalado
------------------------------------------------------------------------------------------------------------------------------
plano               3.507e+08      9.335e-06      3.76e+13      0       3.03e-02  1.00e+00  0         0         0         SI  (filas=18003, alpha_min=9.33e-06, alpha_max=3.82e+01)

Restriccion(es) global(es): 0 fila(s)
  acoplamiento balance = 0 fila(s)
  global no acoplante  = 0 fila(s)
  rho aprox (solo acoplamiento) = 0.000e+00
  gamma acoplamiento   = 1.000000
  gamma candidato      = 1.000000
  filas acop. escaladas= no
  filas normaliz. fisica= 0
  motivo gamma=1       = rho bajo; no se escala la fila de acoplamiento

ADVERTENCIAS:
  [!] Rango de coeficientes elevado (37569590573323). Riesgo de sensibilidad numerica.
  [!] Bloque 'plano' internamente mal escalado (kappa~37569590573323). Conviene comparar equilibrado interno por filas/columnas.
------------------------------------------------------------

------------------------------------------------------------
  COMPARACION NUMERICA ANTES / DESPUES
------------------------------------------------------------
Indicador                   antes           despues         despues/antes
----------------------------------------------------------------------------
rango global                1.677e+13       3.757e+13       2.241e+00
rho acoplamiento            0.000e+00       0.000e+00       0.000e+00
gamma aplicado              1.000000        1.000000        1.000000

Bloques locales:
Bloque              kappa antes     kappa despues   alpha       beta        filas       cols        disc_omit   aux_omit    escalado
------------------------------------------------------------------------------------------------------------------------------------
plano               1.677e+13       3.757e+13       3.029e-02   1.000e+00   18003       0           0           0           SI

Interpretacion: valores despues/antes menores que 1 indican mejora del proxy.
rho se calcula solo con filas de acoplamiento; las cotas de demanda sobre g quedan fuera.
El escalamiento local activo fue solo por fila: alpha_r = 1/sqrt(M_r*m_r).
------------------------------------------------------------

[PREPROC TIME] variante=matricial_plano tiempo_s=0.092243393 u=2 K=4 epsMin=1e-09 epsMax=1000000000
[32m[success] Preprocesamiento aplicado.[0m
> [pipeline] Preprocesamiento seleccionado: Ninguno
[pipeline] Modelo interno sin modificaciones de preprocesamiento.
Archivo LP guardado en: /home/mathiasr/Escritorio/generator-aware-row-scaling/results-revision/research-audit/fixed-basis-final-20260914/fresh/full/instance033/Flat-GM.lp
[32m[success] Se ha guardado el modelo exitosamente[0m
> [32m[success] Saliendo del programa...[0m
[32m[success] SystemController destruido[0m
