LP Base has 23763 rows; 16561 cols; 57555 nonzeros
Coefficient ranges:
  Matrix  [7e-04, 1e+10]
  Cost    [1e-04, 1e+02]
  Bound   [1e+00, 1e+10]
  RHS     [5e+00, 9e+09]
WARNING: Problem has some excessively large column bounds
WARNING: Problem has some excessively large row bounds
WARNING:    Consider scaling the    bounds by 1e-5, or setting the user_bound_scale option to -14
Presolving model
23395 rows, 16543 cols, 57137 nonzeros 0s
Dependent equations search running on 2504 equations with time limit of 3.00s
Dependent equations search removed 0 rows and 0 nonzeros in 0.00s (limit = 3.00s)
22291 rows, 15447 cols, 54937 nonzeros 0s
Presolve reductions: rows 22291(-1472); columns 15447(-1114); nonzeros 54937(-2618) 
Solving the presolved LP
Using dual simplex solver
  Iteration        Objective     Infeasibilities num(sum)
          0    -2.0000000000e+03 Ph1: 3(1250); Du: 1(2) 0.1s
       9732    -8.4009228273e+05 Pr: 1150(3.52499e+08); Du: 0(2.42759e-06) 5.1s
      14331    -8.3877399992e+05 Pr: 1106(1.60606e+09); Du: 0(1.02669e-06) 10.4s
      16798    -8.2742805429e+05 Pr: 0(0); Du: 0(9.85209e-08) 12.9s
      16798    -8.2742805429e+05 Pr: 0(0); Du: 0(9.85209e-08) 12.9s
Using primal simplex solver
  Iteration        Objective     Infeasibilities num(sum)
      16798    -8.2742805429e+05 Pr: 0(0); Du: 1(5.04427e-05) 12.9s
      16800    -8.2742805785e+05 Pr: 0(0) 12.9s

Performed postsolve
Solving the original LP from the solution after postsolve

Model name          : Base
Model status        : Optimal
Simplex   iterations: 16800
Objective value     : -8.2742805785e+05
P-D objective error :  1.0200410359e-14
HiGHS run time      :         12.96
