LP Base has 10080 rows; 6120 cols; 22679 nonzeros
Coefficient ranges:
  Matrix  [6e-04, 1e+10]
  Cost    [2e-03, 1e+02]
  Bound   [1e+00, 4e+09]
  RHS     [4e+01, 8e+09]
WARNING: Problem has some excessively large column bounds
WARNING: Problem has some excessively large row bounds
WARNING:    Consider scaling the    bounds by 1e-4, or setting the user_bound_scale option to -13
Presolving model
9720 rows, 6119 cols, 22318 nonzeros 0s
Dependent equations search running on 720 equations with time limit of 1.00s
Dependent equations search removed 0 rows and 0 nonzeros in 0.00s (limit = 1.00s)
9342 rows, 5759 cols, 21562 nonzeros 0s
Presolve reductions: rows 9342(-738); columns 5759(-361); nonzeros 21562(-1117) 
Solving the presolved LP
Using dual simplex solver
  Iteration        Objective     Infeasibilities num(sum)
          0     0.0000000000e+00 Ph1: 0(0) 0.1s
       6592    -6.8872605264e+06 Pr: 0(0) 2.0s

Performed postsolve
Solving the original LP from the solution after postsolve

Model name          : Base
Model status        : Optimal
Simplex   iterations: 6592
Objective value     : -6.8872605264e+06
P-D objective error :  1.6226872849e-15
HiGHS run time      :          2.04
