LP Base has 23763 rows; 16561 cols; 57555 nonzeros
Coefficient ranges:
  Matrix  [5e-04, 1e+10]
  Cost    [1e-03, 1e+02]
  Bound   [1e+00, 1e+10]
  RHS     [5e+00, 1e+10]
WARNING: Problem has some excessively large column bounds
WARNING: Problem has some excessively large row bounds
WARNING:    Consider scaling the    bounds by 1e-5, or setting the user_bound_scale option to -14
Presolving model
23395 rows, 16551 cols, 57161 nonzeros 0s
Dependent equations search running on 2504 equations with time limit of 3.00s
Dependent equations search removed 0 rows and 0 nonzeros in 0.00s (limit = 3.00s)
22280 rows, 15463 cols, 54931 nonzeros 0s
Presolve reductions: rows 22280(-1483); columns 15463(-1098); nonzeros 54931(-2624) 
Solving the presolved LP
Using dual simplex solver
  Iteration        Objective     Infeasibilities num(sum)
          0    -2.0000000000e+03 Ph1: 3(1250); Du: 1(2) 0.2s
       9567    -5.9367960744e+06 Pr: 3318(1.13411e+08); Du: 0(3.909e-07) 5.3s
      13955    -3.8003962180e+06 Pr: 7736(3.83596e+12); Du: 0(2.16394e-15) 10.5s
      17078    -2.5312496008e+06 Pr: 6422(3.89012e+11) 15.6s
      20247    -1.7700954996e+06 Pr: 1278(1.44849e+09) 20.6s
      21776    -1.6204102691e+06 Pr: 0(0); Du: 0(5.56329e-13) 22.8s
      21776    -1.6204102691e+06 Pr: 0(0); Du: 0(5.56329e-13) 22.8s

Performed postsolve
Solving the original LP from the solution after postsolve

Model name          : Base
Model status        : Optimal
Simplex   iterations: 21776
Objective value     : -1.6204102691e+06
P-D objective error :  0.0000000000e+00
HiGHS run time      :         22.90
