LP Base has 14400 rows; 10800 cols; 35590 nonzeros
Coefficient ranges:
  Matrix  [2e-03, 2e+09]
  Cost    [5e-03, 3e+03]
  Bound   [1e+00, 1e+10]
  RHS     [5e+00, 5e+09]
WARNING: Problem has some excessively large column bounds
WARNING: Problem has some excessively large row bounds
WARNING:    Consider scaling the    bounds by 1e-5, or setting the user_bound_scale option to -14
Presolving model
13672 rows, 10423 cols, 34453 nonzeros 0s
Dependent equations search running on 1784 equations with time limit of 3.00s
Dependent equations search removed 0 rows and 0 nonzeros in 0.00s (limit = 3.00s)
12590 rows, 9687 cols, 32297 nonzeros 0s
Presolve reductions: rows 12590(-1810); columns 9687(-1113); nonzeros 32297(-3293) 
Solving the presolved LP
Using dual simplex solver
  Iteration        Objective     Infeasibilities num(sum)
          0     0.0000000000e+00 Ph1: 0(0) 0.1s
      10601    -1.7254447903e+08 Pr: 0(0); Du: 0(1.72877e-07) 3.7s
      10601    -1.7254447903e+08 Pr: 0(0); Du: 0(1.72877e-07) 3.7s
Using primal simplex solver
  Iteration        Objective     Infeasibilities num(sum)
      10601    -1.7254451690e+08 Pr: 0(0); Du: 3(0.00911966) 3.7s
      10603    -1.7254447903e+08 Pr: 0(0) 3.7s

Performed postsolve
Solving the original LP from the solution after postsolve

Model name          : Base
Model status        : Optimal
Simplex   iterations: 10603
Objective value     : -1.7254447903e+08
P-D objective error :  5.1816764817e-16
HiGHS run time      :          3.73
