LP Base has 10080 rows; 6120 cols; 22679 nonzeros
Coefficient ranges:
  Matrix  [7e-04, 9e+09]
  Cost    [1e+00, 1e+02]
  Bound   [1e+00, 4e+09]
  RHS     [2e+01, 6e+09]
WARNING: Problem has some excessively large column bounds
WARNING: Problem has some excessively large row bounds
WARNING:    Consider scaling the    bounds by 1e-4, or setting the user_bound_scale option to -13
Presolving model
9713 rows, 6120 cols, 22305 nonzeros 0s
Dependent equations search running on 720 equations with time limit of 3.00s
Dependent equations search removed 0 rows and 0 nonzeros in 0.00s (limit = 3.00s)
9327 rows, 5760 cols, 21533 nonzeros 0s
Presolve reductions: rows 9327(-753); columns 5760(-360); nonzeros 21533(-1146) 
Solving the presolved LP
Using dual simplex solver
  Iteration        Objective     Infeasibilities num(sum)
          0     0.0000000000e+00 Pr: 1793(1.0255e+08) 0.1s
       6229     7.3097935314e+04 Pr: 0(0) 1.2s
       6229     7.3097935314e+04 Pr: 0(0) 1.2s

Performed postsolve
Solving the original LP from the solution after postsolve

Model name          : Base
Model status        : Optimal
Simplex   iterations: 6229
Objective value     :  7.3097935314e+04
P-D objective error :  3.6928017177e-14
HiGHS run time      :          1.24
