LP Base has 10080 rows; 6120 cols; 22679 nonzeros
Coefficient ranges:
  Matrix  [7e-04, 1e+10]
  Cost    [1e+00, 1e+02]
  Bound   [1e+00, 4e+09]
  RHS     [4e+01, 7e+09]
WARNING: Problem has some excessively large column bounds
WARNING: Problem has some excessively large row bounds
WARNING:    Consider scaling the    bounds by 1e-4, or setting the user_bound_scale option to -13
Presolving model
9720 rows, 6119 cols, 22318 nonzeros 0s
Dependent equations search running on 720 equations with time limit of 3.00s
Dependent equations search removed 0 rows and 0 nonzeros in 0.00s (limit = 3.00s)
9343 rows, 5759 cols, 21564 nonzeros 0s
Presolve reductions: rows 9343(-737); columns 5759(-361); nonzeros 21564(-1115) 
Solving the presolved LP
Using dual simplex solver
  Iteration        Objective     Infeasibilities num(sum)
          0     0.0000000000e+00 Pr: 1800(1.13282e+08) 0.0s
       4511     5.0410949318e+05 Pr: 0(0) 0.3s
       4511     5.0410949318e+05 Pr: 0(0) 0.3s

Performed postsolve
Solving the original LP from the solution after postsolve

Model name          : Base
Model status        : Optimal
Simplex   iterations: 4511
Objective value     :  5.0410949318e+05
P-D objective error :  1.2643547948e-14
HiGHS run time      :          0.34
