LP Base has 10080 rows; 6120 cols; 22679 nonzeros
Coefficient ranges:
  Matrix  [7e-04, 9e+09]
  Cost    [7e-03, 1e+02]
  Bound   [1e+00, 4e+09]
  RHS     [4e+01, 6e+09]
WARNING: Problem has some excessively large column bounds
WARNING: Problem has some excessively large row bounds
WARNING:    Consider scaling the    bounds by 1e-4, or setting the user_bound_scale option to -13
Presolving model
9720 rows, 6120 cols, 22319 nonzeros 0s
Dependent equations search running on 720 equations with time limit of 3.00s
Dependent equations search removed 0 rows and 0 nonzeros in 0.00s (limit = 3.00s)
9355 rows, 5760 cols, 21589 nonzeros 0s
Presolve reductions: rows 9355(-725); columns 5760(-360); nonzeros 21589(-1090) 
Solving the presolved LP
Using dual simplex solver
  Iteration        Objective     Infeasibilities num(sum)
          0     0.0000000000e+00 Ph1: 0(0) 0.0s
       7240     1.5687598073e+07 Pr: 0(0); Du: 0(2.81386e-13) 0.9s

Performed postsolve
Solving the original LP from the solution after postsolve

Model name          : Base
Model status        : Optimal
Simplex   iterations: 7240
Objective value     :  1.5687598073e+07
P-D objective error :  4.7493442430e-16
HiGHS run time      :          0.92
